Renesas Optimizing Linker (W3.07.00 )             10-Jan-2026 17:21:50

*** Options ***

-subcommand=DefaultBuild\RX220Mouse2.clnk
-library=DefaultBuild\RX220Mouse2.lib
-input=DefaultBuild\dbsct.obj
-input=DefaultBuild\intprg.obj
-input=DefaultBuild\resetprg.obj
-input=DefaultBuild\RX220Mouse2.obj
-input=DefaultBuild\sbrk.obj
-input=DefaultBuild\vecttbl.obj
-noprelink
-output=DefaultBuild\RX220Mouse2.abs
-list=DefaultBuild\RX220Mouse2.map
-show=symbol,total_size
-nooptimize
-start=B_1,R_1,B_2,R_2,B,R,SU,SI/04,PResetPRG/0FFFC0000,C_1,C_2,C,C$DSEC,C$BSEC,C$INIT,C$VTBL,C$VECT,D_1,D_2,D,P,PIntPRG,W_1,W_2,W,L/0FFFC0100,FIXEDVECT/0FFFFFFD0
-rom=D=R,D_1=R_1,D_2=R_2
-nologo
-end

*** Error information ***

*** Mapping List ***

SECTION                            START      END         SIZE   ALIGN
B_1
                                  00000004  000002b3       2b0   1
R_1
                                  000002b4  000002b4         1   1
B_2
                                  000002b6  0000074b       496   2
R_2
                                  0000074c  00000755         a   2
B
                                  00000758  00000b77       420   4
R
                                  00000b78  00000b87        10   4
SU
                                  00000b88  00000c87       100   4
SI
                                  00000c88  00000f87       300   4
PResetPRG
                                  fffc0000  fffc002b        2c   4
C_1
                                  fffc0100  fffc0100         0   1
C_2
                                  fffc0100  fffc117b      107c   2
C
                                  fffc117c  fffc11fb        80   4
C$DSEC
                                  fffc11fc  fffc121f        24   4
C$BSEC
                                  fffc1220  fffc1237        18   4
C$INIT
                                  fffc1238  fffc1238         0   1
C$VTBL
                                  fffc1238  fffc1238         0   1
C$VECT
                                  fffc1238  fffc1637       400   4
D_1
                                  fffc1638  fffc1638         1   1
D_2
                                  fffc163a  fffc1643         a   2
D
                                  fffc1644  fffc1653        10   4
P
                                  fffc1654  fffc6460      4e0d   4
PIntPRG
                                  fffc6461  fffc65a3       143   1
W_1
                                  fffc65a4  fffc65af         c   4
W_2
                                  fffc65b0  fffc65b0         0   2
W
                                  fffc65b0  fffc65b0         0   4
L
                                  fffc65b0  fffc6742       193   4
$ADDR_C_FFFFFF80
                                  ffffff80  ffffff83         4   1
$ADDR_C_FFFFFFA0
                                  ffffffa0  ffffffaf        10   1
FIXEDVECT
                                  ffffffd0  ffffffff        30   4

*** Total Section Size ***

RAMDATA SECTION:  00000f81 Byte(s)
ROMDATA SECTION:  00001736 Byte(s)
PROGRAM SECTION:  00004f7c Byte(s)

*** Symbol List ***

SECTION=
FILE=                               START        END    SIZE
  SYMBOL                            ADDR        SIZE    INFO      COUNTS  OPT

SECTION=B_1
FILE=DefaultBuild\RX220Mouse2.obj
                                  00000004  000002b3       2b0
  _LCD_DATA
                                  00000004        10   data ,g         * 
  _send_data
                                  00000014        32   data ,g         * 
  _receve_data
                                  00000046        32   data ,g         * 
  _receve_data_out
                                  00000078        32   data ,g         * 
  _mpu_init_state
                                  000000aa         1   data ,l         * 
  _mpu_req_pending
                                  000000ab         1   data ,l         * 
  _mpu_sample_ready
                                  000000ac         1   data ,l         * 
  _gspeed_index
                                  000000ad         1   data ,g         * 
  _head
                                  000000ae         1   data ,g         * 
  _head_change
                                  000000af         1   data ,g         * 
  _pos_x
                                  000000b0         1   data ,g         * 
  _pos_y
                                  000000b1         1   data ,g         * 
  _map
                                  000000b2       100   data ,g         * 
  _p_map
                                  000001b2       100   data ,g         * 
  _goal_x
                                  000002b2         1   data ,g         * 
  _goal_y
                                  000002b3         1   data ,g         * 

SECTION=R_1
FILE=DefaultBuild\RX220Mouse2.obj
                                  000002b4  000002b4         1
  _ccnt_playing
                                  000002b4         1   data ,l         * 

SECTION=B_2
FILE=DefaultBuild\RX220Mouse2.obj
                                  000002b6  0000074b       496
  _LCD_FLAG
                                  000002b6         2   data ,g         * 
  _LCD_PT
                                  000002b8         2   data ,g         * 
  _SENSOR_PT
                                  000002ba         2   data ,g         * 
  _Batt
                                  000002bc         2   data ,g         * 
  _mpu_acx
                                  000002be         2   data ,l         * 
  _mpu_acy
                                  000002c0         2   data ,l         * 
  _mpu_acz
                                  000002c2         2   data ,l         * 
  _mpu_tmp
                                  000002c4         2   data ,l         * 
  _mpu_gyx
                                  000002c6         2   data ,l         * 
  _mpu_gyy
                                  000002c8         2   data ,l         * 
  _mpu_gyz
                                  000002ca         2   data ,l         * 
  _mpu_gyx_raw
                                  000002cc         2   data ,l         * 
  _mpu_gyy_raw
                                  000002ce         2   data ,l         * 
  _mpu_gyz_raw
                                  000002d0         2   data ,l         * 
  _mpu_gyx_offset
                                  000002d2         2   data ,l         * 
  _mpu_gyy_offset
                                  000002d4         2   data ,l         * 
  _mpu_gyz_offset
                                  000002d6         2   data ,l         * 
  _R_PRE
                                  000002d8         2   data ,g         * 
  _L_PRE
                                  000002da         2   data ,g         * 
  _F_PRE
                                  000002dc         2   data ,g         * 
  _R_SEN
                                  000002de         2   data ,g         * 
  _L_SEN
                                  000002e0         2   data ,g         * 
  _F_SEN
                                  000002e2         2   data ,g         * 
  _R_SW
                                  000002e4         2   data ,g         * 
  _L_SW
                                  000002e6         2   data ,g         * 
  _F_SW
                                  000002e8         2   data ,g         * 
  _R_REF
                                  000002ea         2   data ,g         * 
  _L_REF
                                  000002ec         2   data ,g         * 
  _F_REF
                                  000002ee         2   data ,g         * 
  _R_LIM
                                  000002f0         2   data ,g         * 
  _L_LIM
                                  000002f2         2   data ,g         * 
  _F_LIM
                                  000002f4         2   data ,g         * 
  _F_LIM2
                                  000002f6         2   data ,g         * 
  _timerL
                                  000002f8         2   data ,g         * 
  _timerR
                                  000002fa         2   data ,g         * 
  _ldir
                                  000002fc         2   data ,g         * 
  _rdir
                                  000002fe         2   data ,g         * 
  _speed
                                  00000300         2   data ,g         * 
  _speed_now
                                  00000302         2   data ,g         * 
  _MotorTimer
                                  00000304         2   data ,g         * 
  _control_mode
                                  00000306         2   data ,g         * 
  _STEP
                                  00000308         2   data ,g         * 
  _GO_STEP
                                  0000030a         2   data ,g         * 
  _TURN_STEP
                                  0000030c         2   data ,g         * 
  _SLALOM_STEP_FORWARD
                                  0000030e         2   data ,g         * 
  _SLALOM_STEP_OUT
                                  00000310         2   data ,g         * 
  _SLALOM_INNER_SPEED
                                  00000312         2   data ,g         * 
  _BACK_STEP
                                  00000314         2   data ,g         * 
  _HALF_STEP
                                  00000316         2   data ,g         * 
  _GSPEEDvar
                                  00000318         2   data ,g         * 
  _slalom_step_forward_table
                                  0000031a        10   data ,l         * 
  _slalom_step_out_table
                                  0000032a        10   data ,l         * 
  _slalom_inner_speed_table
                                  0000033a        10   data ,l         * 
  _wall_sample_left
                                  0000034a       200   data ,g         * 
  _wall_sample_right
                                  0000054a       200   data ,g         * 
  _wall_sample_count
                                  0000074a         2   data ,g         * 

SECTION=R_2
FILE=DefaultBuild\RX220Mouse2.obj
                                  0000074c  00000755         a
  _wait_timer
                                  0000074c         2   data ,g         * 
  _ccnt_ms_left
                                  0000074e         2   data ,l         * 
  _ccnt_step_index
                                  00000750         2   data ,l         * 
  _stepf_r
                                  00000752         2   data ,g         * 
  _stepf_l
                                  00000754         2   data ,g         * 

SECTION=B
FILE=DefaultBuild\RX220Mouse2.obj
                                  00000758  00000777        20
  _send_data_num
                                  00000758         4   data ,g         * 
  _receve_num
                                  0000075c         4   data ,g         * 
  _stop_disen_flag
                                  00000760         4   data ,g         * 
  _receve_flag
                                  00000764         4   data ,g         * 
  _receve_fin_flag
                                  00000768         4   data ,g         * 
  _step_r
                                  0000076c         4   data ,g         * 
  _step_l
                                  00000770         4   data ,g         * 
  _num$1
                                  00000774         4   data ,l         * 
FILE=DefaultBuild\sbrk.obj
                                  00000778  00000b77       400
  _heap_area
                                  00000778       400   data ,l         * 

SECTION=R
FILE=DefaultBuild\RX220Mouse2.obj
                                  00000b78  00000b83         c
  _MODE
                                  00000b78         4   data ,g         * 
  _goal_choice_index
                                  00000b7c         4   data ,g         * 
  _n$2
                                  00000b80         4   data ,l         * 
FILE=DefaultBuild\sbrk.obj
                                  00000b84  00000b87         4
  _brk
                                  00000b84         4   data ,l         * 

SECTION=SU
FILE=DefaultBuild\resetprg.obj
                                  00000b88  00000c87       100

SECTION=SI
FILE=DefaultBuild\resetprg.obj
                                  00000c88  00000f87       300

SECTION=PResetPRG
FILE=DefaultBuild\resetprg.obj
                                  fffc0000  fffc002b        2c
  _PowerON_Reset_PC
                                  fffc0000        29   entry,g         * 

SECTION=C_2
FILE=DefaultBuild\RX220Mouse2.obj
                                  fffc0100  fffc117b      107c
  _AccTable
                                  fffc0100       fa0   data ,g         * 
  _GSSPEED
                                  fffc10a0        10   data ,l         * 
  _beep_data
                                  fffc10b0        4c   data ,l         * 
  _ccnt_melody
                                  fffc10fc        80   data ,l         * 

SECTION=C
FILE=DefaultBuild\dbsct.obj
                                  fffc117c  fffc11af        34
  __CTBL
                                  fffc117c        34   data ,g         * 
FILE=DefaultBuild\RX220Mouse2.obj
                                  fffc11b0  fffc11fb        4c
  _goal_choices
                                  fffc11b0        28   data ,l         * 
  _center_refs
                                  fffc11d8        24   data ,l         * 

SECTION=C$DSEC
FILE=DefaultBuild\dbsct.obj
                                  fffc11fc  fffc121f        24
  __DTBL
                                  fffc11fc        24   data ,g         * 

SECTION=C$BSEC
FILE=DefaultBuild\dbsct.obj
                                  fffc1220  fffc1237        18
  __BTBL
                                  fffc1220        18   data ,g         * 

SECTION=C$VECT
FILE=DefaultBuild\dbsct.obj
                                  fffc1238  fffc1637       400

SECTION=D_1
FILE=DefaultBuild\RX220Mouse2.obj
                                  fffc1638  fffc1638         1

SECTION=D_2
FILE=DefaultBuild\RX220Mouse2.obj
                                  fffc163a  fffc1643         a

SECTION=D
FILE=DefaultBuild\RX220Mouse2.obj
                                  fffc1644  fffc164f         c
FILE=DefaultBuild\sbrk.obj
                                  fffc1650  fffc1653         4

SECTION=P
FILE=DefaultBuild\RX220Mouse2.obj
                                  fffc1654  fffc63da      4d87
  _LCD_init
                                  fffc1654        6d   func ,g         * 
  _LCD
                                  fffc16c1        82   func ,g         * 
  _LCD_clear
                                  fffc1743        23   func ,g         * 
  _LCD_print
                                  fffc1766        2d   func ,g         * 
  _LCD_dec_out
                                  fffc1793        eb   func ,g         * 
  _LCD_com4
                                  fffc187e        44   func ,g         * 
  _LCD_com8
                                  fffc18c2        14   func ,g         * 
  _LCD_dat8
                                  fffc18d6        7d   func ,g         * 
  _LCD_wait
                                  fffc1953        18   func ,g         * 
  _init_riic0
                                  fffc196b       18a   func ,g         * 
  _int_iic0_eei
                                  fffc1af5        67   func ,g         * 
  _int_iic0_rxi
                                  fffc1b5c       139   func ,g         * 
  _int_iic0_txi
                                  fffc1c95        76   func ,g         * 
  _int_iic0_tei
                                  fffc1d0b       111   func ,g         * 
  _iic0_send
                                  fffc1e1c        f3   func ,g         * 
  _iic0_gets
                                  fffc1f0f        15   func ,g         * 
  _iic0_reqest_send
                                  fffc1f24       199   func ,g         * 
  _iic0_set_addr
                                  fffc20bd        59   func ,g         * 
  _iic0_receve
                                  fffc2116        6b   func ,g         * 
  _buzzer_set_tone
                                  fffc2181        40   func ,l         * 
  _ccnt_playback_tick
                                  fffc21c1        80   func ,l         * 
  _set_goal_choice_index
                                  fffc2241        4a   func ,l         * 
  _advance_goal_choice
                                  fffc228b        12   func ,l         * 
  _main
                                  fffc229d       186   func ,g         * 
  _IO_init
                                  fffc2423       3fc   func ,g         * 
  _load_param
                                  fffc281f       1f2   func ,g         * 
  _reset_wall_samples
                                  fffc2a11         a   func ,g         * 
  _log_wall_samples
                                  fffc2a1b        ab   func ,g         * 
  _update_wall_ref_from_log
                                  fffc2ac6        7c   func ,g         * 
  _timerc_200us
                                  fffc2b42       53a   func ,g         * 
  _int_mot_r
                                  fffc307c        22   func ,g         * 
  _int_mot_l
                                  fffc309e        22   func ,g         * 
  _pause
                                  fffc30c0        1c   func ,g         * 
  _WaitKeyOff
                                  fffc30dc        43   func ,g         * 
  _beep
                                  fffc311f        4a   func ,g         * 
  _ccnt
                                  fffc3169        3a   func ,g         * 
  _change_mode
                                  fffc31a3       16f   func ,g         * 
  _exec_mode
                                  fffc3312       123   func ,g         * 
  _modeB1
                                  fffc3435        9b   func ,g         * 
  _mode0
                                  fffc34d0        e6   func ,g         * 
  _mode1
                                  fffc35b6        de   func ,g         * 
  _mode2
                                  fffc3694        7f   func ,g         * 
  _mode3
                                  fffc3713        7d   func ,g         * 
  _mode4
                                  fffc3790        76   func ,g         * 
  _set_slalom_steps_for_speed
                                  fffc3806        58   func ,l         * 
  _store_slalom_steps_for_speed
                                  fffc385e        58   func ,l         * 
  _gspeed_index_for_value
                                  fffc38b6        31   func ,l         * 
  _update_gspeed_index
                                  fffc38e7        72   func ,l         * 
  _select_gspeed
                                  fffc3959        87   func ,l         * 
  _mode5
                                  fffc39e0        9a   func ,g         * 
  _mode6
                                  fffc3a7a        79   func ,g         * 
  _mode7
                                  fffc3af3        60   func ,g         * 
  _mode8
                                  fffc3b53        99   func ,g         * 
  _mode9
                                  fffc3bec        f8   func ,g         * 
  _render_center_ref_line
                                  fffc3ce4        45   func ,l         * 
  _mode10
                                  fffc3d29        99   func ,g         * 
  _mode11
                                  fffc3dc2        f3   func ,g         * 
  _mode12
                                  fffc3eb5       1a5   func ,g         * 
  _mode13
                                  fffc405a        84   func ,g         * 
  _mode14
                                  fffc40de        62   func ,g         * 
  _mode15
                                  fffc4140       137   func ,g         * 
  _lcd_signed_out
                                  fffc4277        73   func ,l         * 
  _mpu6050_init
                                  fffc42ea        15   func ,l         * 
  _mpu6050_poll
                                  fffc42ff       15d   func ,l         * 
  _mouse_search
                                  fffc445c       4cf   func ,g         * 
  _slalom_search
                                  fffc492b       3c8   func ,g         * 
  _com_go
                                  fffc4cf3        a9   func ,g         * 
  _com_stop
                                  fffc4d9c        4f   func ,g         * 
  _com_turn
                                  fffc4deb        fd   func ,g         * 
  _com_slalom_turn
                                  fffc4ee8       1c9   func ,g         * 
  _com_back
                                  fffc50b1        bd   func ,g         * 
  _com_go_half
                                  fffc516e        97   func ,g         * 
  _kbat_r
                                  fffc5205        11   func ,g         * 
  _kbat_lf_turn
                                  fffc5216        99   func ,g         * 
  _goal_kbat_turn
                                  fffc52af       11d   func ,g         * 
  _start_back_wall_contact
                                  fffc53cc         c   func ,l         * 
  _countdown
                                  fffc53d8        6c   func ,g         * 
  _finish
                                  fffc5444        30   func ,g         * 
  _map_writeDF
                                  fffc5474        77   func ,g         * 
  _map_DFread
                                  fffc54eb        8a   func ,g         * 
  _sensor_ref_writeDF
                                  fffc5575        3a   func ,g         * 
  _sensor_ref_readDF
                                  fffc55af        45   func ,g         * 
  _slalom_step_writeDF
                                  fffc55f4        84   func ,g         * 
  _slalom_step_readDF
                                  fffc5678        f2   func ,g         * 
  _goal_choice_writeDF
                                  fffc576a        3d   func ,g         * 
  _goal_choice_readDF
                                  fffc57a7        35   func ,g         * 
  _go_step_writeDF
                                  fffc57dc        28   func ,g         * 
  _go_step_readDF
                                  fffc5804        32   func ,g         * 
  _fcu_reset
                                  fffc5836        1f   func ,g         * 
  _fcu_tope
                                  fffc5855        22   func ,g         * 
  _fcu_toread
                                  fffc5877        1e   func ,g         * 
  _error_check
                                  fffc5895        6e   func ,g         * 
  _clear_flash
                                  fffc5903        32   func ,g         * 
  _wait_frdy
                                  fffc5935        30   func ,g         * 
  _DFlash_init
                                  fffc5965        84   func ,g         * 
  _DFlash_bread
                                  fffc59e9        44   func ,g         * 
  _DFlash_bprog
                                  fffc5a2d        65   func ,g         * 
  _get_wall_data
                                  fffc5a92        56   func ,g         * 
  _clear_map
                                  fffc5ae8        e6   func ,g         * 
  _make_map_data
                                  fffc5bce       199   func ,g         * 
  _make_potential
                                  fffc5d67       390   func ,g         * 
  _search_left_hand
                                  fffc60f7        5b   func ,g         * 
  _search_adachi
                                  fffc6152       289   func ,g         * 
FILE=DefaultBuild\sbrk.obj
                                  fffc63db  fffc6416        3c
  _sbrk
                                  fffc63db        3c   func ,g         * 
FILE=__initsct
                                  fffc6417  fffc6460        4a
  __INITSCT
                                  fffc6417         0   none ,g         * 
  loop1
                                  fffc6429         0   none ,l         * 
  next_loop1
                                  fffc6437         0   none ,l         * 
  loop3
                                  fffc6449         0   none ,l         * 
  next_loop3
                                  fffc645a         0   none ,l         * 

SECTION=PIntPRG
FILE=DefaultBuild\intprg.obj
                                  fffc6461  fffc65a3       143
  _Excep_SuperVisorInst
                                  fffc6461         2   func ,g         * 
  _Excep_UndefinedInst
                                  fffc6463         2   func ,g         * 
  _NonMaskableInterrupt
                                  fffc6465         2   func ,g         * 
  _Dummy
                                  fffc6467         2   func ,g         * 
  _Excep_BRK
                                  fffc6469         4   func ,g         * 
  _Excep_BSC_BUSERR
                                  fffc646d         2   func ,g         * 
  _Excep_FCU_FIFERR
                                  fffc646f         2   func ,g         * 
  _Excep_FCU_FRDYI
                                  fffc6471         2   func ,g         * 
  _Excep_ICU_SWINT
                                  fffc6473         2   func ,g         * 
  _Excep_CMT0_CMI0
                                  fffc6475         e   func ,g         * 
  _Excep_CMT1_CMI1
                                  fffc6483         2   func ,g         * 
  _Excep_CMT2_CMI2
                                  fffc6485         2   func ,g         * 
  _Excep_CMT3_CMI3
                                  fffc6487         2   func ,g         * 
  _Excep_CAC_FERRF
                                  fffc6489         2   func ,g         * 
  _Excep_CAC_MENDF
                                  fffc648b         2   func ,g         * 
  _Excep_CAC_OVFF
                                  fffc648d         2   func ,g         * 
  _Excep_RSPI0_SPEI0
                                  fffc648f         2   func ,g         * 
  _Excep_RSPI0_SPRI0
                                  fffc6491         2   func ,g         * 
  _Excep_RSPI0_SPTI0
                                  fffc6493         2   func ,g         * 
  _Excep_RSPI0_SPII0
                                  fffc6495         2   func ,g         * 
  _Excep_DOC_DOPCF
                                  fffc6497         2   func ,g         * 
  _Excep_CMPB_CMPB0
                                  fffc6499         1   func ,g         * 
  _Excep_CMPB_CMPB1
                                  fffc649a         1   func ,g         * 
  _Excep_RTC_CUP
                                  fffc649b         2   func ,g         * 
  _Excep_ICU_IRQ0
                                  fffc649d         2   func ,g         * 
  _Excep_ICU_IRQ1
                                  fffc649f         2   func ,g         * 
  _Excep_ICU_IRQ2
                                  fffc64a1         2   func ,g         * 
  _Excep_ICU_IRQ3
                                  fffc64a3         2   func ,g         * 
  _Excep_ICU_IRQ4
                                  fffc64a5         2   func ,g         * 
  _Excep_ICU_IRQ5
                                  fffc64a7         2   func ,g         * 
  _Excep_ICU_IRQ6
                                  fffc64a9         2   func ,g         * 
  _Excep_ICU_IRQ7
                                  fffc64ab         2   func ,g         * 
  _Excep_LVD_LVD1
                                  fffc64ad         2   func ,g         * 
  _Excep_LVD_LVD2
                                  fffc64af         2   func ,g         * 
  _Excep_CMPA_CMPA1
                                  fffc64b1         1   func ,g         * 
  _Excep_CMPA_CMPA2
                                  fffc64b2         1   func ,g         * 
  _Excep_RTC_ALM
                                  fffc64b3         2   func ,g         * 
  _Excep_RTC_PRD
                                  fffc64b5         2   func ,g         * 
  _Excep_S12AD_S12ADI0
                                  fffc64b7         2   func ,g         * 
  _Excep_S12AD_GBADI
                                  fffc64b9         2   func ,g         * 
  _Excep_ELC_ELSR18I
                                  fffc64bb         2   func ,g         * 
  _Excep_ELC_ELSR19I
                                  fffc64bd         1   func ,g         * 
  _Excep_MTU0_TGIA0
                                  fffc64be         2   func ,g         * 
  _Excep_MTU0_TGIB0
                                  fffc64c0         2   func ,g         * 
  _Excep_MTU0_TGIC0
                                  fffc64c2         2   func ,g         * 
  _Excep_MTU0_TGID0
                                  fffc64c4         2   func ,g         * 
  _Excep_MTU0_TCIV0
                                  fffc64c6         2   func ,g         * 
  _Excep_MTU0_TGIE0
                                  fffc64c8         2   func ,g         * 
  _Excep_MTU0_TGIF0
                                  fffc64ca         2   func ,g         * 
  _Excep_MTU1_TGIA1
                                  fffc64cc         2   func ,g         * 
  _Excep_MTU1_TGIB1
                                  fffc64ce         2   func ,g         * 
  _Excep_MTU1_TCIV1
                                  fffc64d0         2   func ,g         * 
  _Excep_MTU1_TCIU1
                                  fffc64d2         2   func ,g         * 
  _Excep_MTU2_TGIA2
                                  fffc64d4         2   func ,g         * 
  _Excep_MTU2_TGIB2
                                  fffc64d6         2   func ,g         * 
  _Excep_MTU2_TCIV2
                                  fffc64d8         2   func ,g         * 
  _Excep_MTU2_TCIU2
                                  fffc64da         2   func ,g         * 
  _Excep_MTU3_TGIA3
                                  fffc64dc         2   func ,g         * 
  _Excep_MTU3_TGIB3
                                  fffc64de         e   func ,g         * 
  _Excep_MTU3_TGIC3
                                  fffc64ec         2   func ,g         * 
  _Excep_MTU3_TGID3
                                  fffc64ee         2   func ,g         * 
  _Excep_MTU3_TCIV3
                                  fffc64f0         2   func ,g         * 
  _Excep_MTU4_TGIA4
                                  fffc64f2         2   func ,g         * 
  _Excep_MTU4_TGIB4
                                  fffc64f4         e   func ,g         * 
  _Excep_MTU4_TGIC4
                                  fffc6502         2   func ,g         * 
  _Excep_MTU4_TGID4
                                  fffc6504         2   func ,g         * 
  _Excep_MTU4_TCIV4
                                  fffc6506         2   func ,g         * 
  _Excep_MTU5_TGIU5
                                  fffc6508         2   func ,g         * 
  _Excep_MTU5_TGIV5
                                  fffc650a         2   func ,g         * 
  _Excep_MTU5_TGIW5
                                  fffc650c         2   func ,g         * 
  _Excep_POE_OEI1
                                  fffc650e         2   func ,g         * 
  _Excep_POE_OEI2
                                  fffc6510         2   func ,g         * 
  _Excep_TMR0_CMIA0
                                  fffc6512         2   func ,g         * 
  _Excep_TMR0_CMIB0
                                  fffc6514         2   func ,g         * 
  _Excep_TMR0_OVI0
                                  fffc6516         2   func ,g         * 
  _Excep_TMR1_CMIA1
                                  fffc6518         2   func ,g         * 
  _Excep_TMR1_CMIB1
                                  fffc651a         2   func ,g         * 
  _Excep_TMR1_OVI1
                                  fffc651c         2   func ,g         * 
  _Excep_TMR2_CMIA2
                                  fffc651e         2   func ,g         * 
  _Excep_TMR2_CMIB2
                                  fffc6520         2   func ,g         * 
  _Excep_TMR2_OVI2
                                  fffc6522         2   func ,g         * 
  _Excep_TMR3_CMIA3
                                  fffc6524         2   func ,g         * 
  _Excep_TMR3_CMIB3
                                  fffc6526         2   func ,g         * 
  _Excep_TMR3_OVI3
                                  fffc6528         2   func ,g         * 
  _Excep_DMAC_DMAC0I
                                  fffc652a         2   func ,g         * 
  _Excep_DMAC_DMAC1I
                                  fffc652c         2   func ,g         * 
  _Excep_DMAC_DMAC2I
                                  fffc652e         2   func ,g         * 
  _Excep_DMAC_DMAC3I
                                  fffc6530         2   func ,g         * 
  _Excep_SCI0_ERI0
                                  fffc6532         1   func ,g         * 
  _Excep_SCI0_RXI0
                                  fffc6533         1   func ,g         * 
  _Excep_SCI0_TXI0
                                  fffc6534         1   func ,g         * 
  _Excep_SCI0_TEI0
                                  fffc6535         1   func ,g         * 
  _Excep_SCI1_ERI1
                                  fffc6536         2   func ,g         * 
  _Excep_SCI1_RXI1
                                  fffc6538         2   func ,g         * 
  _Excep_SCI1_TXI1
                                  fffc653a         2   func ,g         * 
  _Excep_SCI1_TEI1
                                  fffc653c         2   func ,g         * 
  _Excep_SCI5_ERI5
                                  fffc653e         2   func ,g         * 
  _Excep_SCI5_RXI5
                                  fffc6540         2   func ,g         * 
  _Excep_SCI5_TXI5
                                  fffc6542         2   func ,g         * 
  _Excep_SCI5_TEI5
                                  fffc6544         2   func ,g         * 
  _Excep_SCI6_ERI6
                                  fffc6546         2   func ,g         * 
  _Excep_SCI6_RXI6
                                  fffc6548         2   func ,g         * 
  _Excep_SCI6_TXI6
                                  fffc654a         2   func ,g         * 
  _Excep_SCI6_TEI6
                                  fffc654c         2   func ,g         * 
  _Excep_SCI8_ERI8
                                  fffc654e         1   func ,g         * 
  _Excep_SCI8_RXI8
                                  fffc654f         1   func ,g         * 
  _Excep_SCI8_TXI8
                                  fffc6550         1   func ,g         * 
  _Excep_SCI8_TEI8
                                  fffc6551         1   func ,g         * 
  _Excep_SCI9_ERI9
                                  fffc6552         2   func ,g         * 
  _Excep_SCI9_RXI9
                                  fffc6554         2   func ,g         * 
  _Excep_SCI9_TXI9
                                  fffc6556         2   func ,g         * 
  _Excep_SCI9_TEI9
                                  fffc6558         2   func ,g         * 
  _Excep_SCI12_ERI12
                                  fffc655a         2   func ,g         * 
  _Excep_SCI12_RXI12
                                  fffc655c         2   func ,g         * 
  _Excep_SCI12_TXI12
                                  fffc655e         2   func ,g         * 
  _Excep_SCI12_TEI12
                                  fffc6560         2   func ,g         * 
  _Excep_SCI12_SCIX0
                                  fffc6562         2   func ,g         * 
  _Excep_SCI12_SCIX1
                                  fffc6564         2   func ,g         * 
  _Excep_SCI12_SCIX2
                                  fffc6566         2   func ,g         * 
  _Excep_SCI12_SCIX3
                                  fffc6568         2   func ,g         * 
  _Excep_RIIC0_EEI0
                                  fffc656a         e   func ,g         * 
  _Excep_RIIC0_RXI0
                                  fffc6578         e   func ,g         * 
  _Excep_RIIC0_TXI0
                                  fffc6586         e   func ,g         * 
  _Excep_RIIC0_TEI0
                                  fffc6594         e   func ,g         * 

SECTION=W_1
FILE=DefaultBuild\RX220Mouse2.obj
                                  fffc65a4  fffc65af         c

SECTION=L
FILE=DefaultBuild\RX220Mouse2.obj
                                  fffc65b0  fffc6742       193

SECTION=$ADDR_C_FFFFFF80
FILE=DefaultBuild\vecttbl.obj
                                  ffffff80  ffffff83         4
  __MDEreg
                                  ffffff80         4   data ,g         * 

SECTION=$ADDR_C_FFFFFFA0
FILE=DefaultBuild\vecttbl.obj
                                  ffffffa0  ffffffaf        10
  _id_code
                                  ffffffa0        10   data ,g         * 

SECTION=FIXEDVECT
FILE=DefaultBuild\vecttbl.obj
                                  ffffffd0  ffffffff        30
  _Fixed_Vectors
                                  ffffffd0        30   data ,g         * 

*** Unfilled Areas ***

AREA                                START    END

*** Delete Symbols ***

SYMBOL                                SIZE    INFO
