Renesas Optimizing Linker (W3.07.00 )             12-Jan-2026 02:42:21

*** Options ***

-subcommand=DefaultBuild\RX220Mouse2.clnk
-library=DefaultBuild\RX220Mouse2.lib
-input=DefaultBuild\dbsct.obj
-input=DefaultBuild\intprg.obj
-input=DefaultBuild\resetprg.obj
-input=DefaultBuild\RX220Mouse2.obj
-input=DefaultBuild\sbrk.obj
-input=DefaultBuild\vecttbl.obj
-noprelink
-output=DefaultBuild\RX220Mouse2.abs
-list=DefaultBuild\RX220Mouse2.map
-show=symbol,total_size
-nooptimize
-start=B_1,R_1,B_2,R_2,B,R,SU,SI/04,PResetPRG/0FFFC0000,C_1,C_2,C,C$DSEC,C$BSEC,C$INIT,C$VTBL,C$VECT,D_1,D_2,D,P,PIntPRG,W_1,W_2,W,L/0FFFC0100,FIXEDVECT/0FFFFFFD0
-rom=D=R,D_1=R_1,D_2=R_2
-nologo
-end

*** Error information ***

*** Mapping List ***

SECTION                            START      END         SIZE   ALIGN
B_1
                                  00000004  000002b5       2b2   1
R_1
                                  000002b6  000002b6         1   1
B_2
                                  000002b8  000007c3       50c   2
R_2
                                  000007c4  000007cd         a   2
B
                                  000007d0  00000bff       430   4
R
                                  00000c00  00000c0f        10   4
SU
                                  00000c10  00000d0f       100   4
SI
                                  00000d10  0000100f       300   4
PResetPRG
                                  fffc0000  fffc002b        2c   4
C_1
                                  fffc0100  fffc0100         0   1
C_2
                                  fffc0100  fffc117b      107c   2
C
                                  fffc117c  fffc11fb        80   4
C$DSEC
                                  fffc11fc  fffc121f        24   4
C$BSEC
                                  fffc1220  fffc1237        18   4
C$INIT
                                  fffc1238  fffc1238         0   1
C$VTBL
                                  fffc1238  fffc1238         0   1
C$VECT
                                  fffc1238  fffc1637       400   4
D_1
                                  fffc1638  fffc1638         1   1
D_2
                                  fffc163a  fffc1643         a   2
D
                                  fffc1644  fffc1653        10   4
P
                                  fffc1654  fffc6ab8      5465   4
PIntPRG
                                  fffc6ab9  fffc6bfb       143   1
W_1
                                  fffc6bfc  fffc6c07         c   4
W_2
                                  fffc6c08  fffc6c08         0   2
W
                                  fffc6c08  fffc6c08         0   4
L
                                  fffc6c08  fffc6d9a       193   4
$ADDR_C_FFFFFF80
                                  ffffff80  ffffff83         4   1
$ADDR_C_FFFFFFA0
                                  ffffffa0  ffffffaf        10   1
FIXEDVECT
                                  ffffffd0  ffffffff        30   4

*** Total Section Size ***

RAMDATA SECTION:  00001009 Byte(s)
ROMDATA SECTION:  00001736 Byte(s)
PROGRAM SECTION:  000055d4 Byte(s)

*** Symbol List ***

SECTION=
FILE=                               START        END    SIZE
  SYMBOL                            ADDR        SIZE    INFO      COUNTS  OPT

SECTION=B_1
FILE=DefaultBuild\RX220Mouse2.obj
                                  00000004  000002b5       2b2
  _LCD_DATA
                                  00000004        10   data ,g         * 
  _send_data
                                  00000014        32   data ,g         * 
  _receve_data
                                  00000046        32   data ,g         * 
  _receve_data_out
                                  00000078        32   data ,g         * 
  _mpu_init_state
                                  000000aa         1   data ,l         * 
  _mpu_req_pending
                                  000000ab         1   data ,l         * 
  _mpu_sample_ready
                                  000000ac         1   data ,l         * 
  _mpu_gyro_hist_index
                                  000000ad         1   data ,l         * 
  _mpu_gyro_hist_count
                                  000000ae         1   data ,l         * 
  _gspeed_index
                                  000000af         1   data ,g         * 
  _head
                                  000000b0         1   data ,g         * 
  _head_change
                                  000000b1         1   data ,g         * 
  _pos_x
                                  000000b2         1   data ,g         * 
  _pos_y
                                  000000b3         1   data ,g         * 
  _map
                                  000000b4       100   data ,g         * 
  _p_map
                                  000001b4       100   data ,g         * 
  _goal_x
                                  000002b4         1   data ,g         * 
  _goal_y
                                  000002b5         1   data ,g         * 

SECTION=R_1
FILE=DefaultBuild\RX220Mouse2.obj
                                  000002b6  000002b6         1
  _ccnt_playing
                                  000002b6         1   data ,l         * 

SECTION=B_2
FILE=DefaultBuild\RX220Mouse2.obj
                                  000002b8  000007c3       50c
  _LCD_FLAG
                                  000002b8         2   data ,g         * 
  _LCD_PT
                                  000002ba         2   data ,g         * 
  _SENSOR_PT
                                  000002bc         2   data ,g         * 
  _Batt
                                  000002be         2   data ,g         * 
  _mpu_acx
                                  000002c0         2   data ,l         * 
  _mpu_acy
                                  000002c2         2   data ,l         * 
  _mpu_acz
                                  000002c4         2   data ,l         * 
  _mpu_tmp
                                  000002c6         2   data ,l         * 
  _mpu_gyy
                                  000002c8         2   data ,l         * 
  _mpu_gyz
                                  000002ca         2   data ,l         * 
  _mpu_gyx_raw
                                  000002cc         2   data ,l         * 
  _mpu_gyy_raw
                                  000002ce         2   data ,l         * 
  _mpu_gyz_raw
                                  000002d0         2   data ,l         * 
  _mpu_gyx_offset
                                  000002d2         2   data ,l         * 
  _mpu_gyy_offset
                                  000002d4         2   data ,l         * 
  _mpu_gyz_offset
                                  000002d6         2   data ,l         * 
  _mpu_gyx_hist
                                  000002d8        28   data ,l         * 
  _mpu_gyy_hist
                                  00000300        28   data ,l         * 
  _mpu_gyz_hist
                                  00000328        28   data ,l         * 
  _R_PRE
                                  00000350         2   data ,g         * 
  _L_PRE
                                  00000352         2   data ,g         * 
  _F_PRE
                                  00000354         2   data ,g         * 
  _R_SEN
                                  00000356         2   data ,g         * 
  _L_SEN
                                  00000358         2   data ,g         * 
  _F_SEN
                                  0000035a         2   data ,g         * 
  _R_SW
                                  0000035c         2   data ,g         * 
  _L_SW
                                  0000035e         2   data ,g         * 
  _F_SW
                                  00000360         2   data ,g         * 
  _R_REF
                                  00000362         2   data ,g         * 
  _L_REF
                                  00000364         2   data ,g         * 
  _F_REF
                                  00000366         2   data ,g         * 
  _R_LIM
                                  00000368         2   data ,g         * 
  _L_LIM
                                  0000036a         2   data ,g         * 
  _F_LIM
                                  0000036c         2   data ,g         * 
  _F_LIM2
                                  0000036e         2   data ,g         * 
  _timerL
                                  00000370         2   data ,g         * 
  _timerR
                                  00000372         2   data ,g         * 
  _ldir
                                  00000374         2   data ,g         * 
  _rdir
                                  00000376         2   data ,g         * 
  _speed
                                  00000378         2   data ,g         * 
  _speed_now
                                  0000037a         2   data ,g         * 
  _MotorTimer
                                  0000037c         2   data ,g         * 
  _control_mode
                                  0000037e         2   data ,g         * 
  _STEP
                                  00000380         2   data ,g         * 
  _GO_STEP
                                  00000382         2   data ,g         * 
  _TURN_STEP
                                  00000384         2   data ,g         * 
  _SLALOM_STEP_FORWARD
                                  00000386         2   data ,g         * 
  _SLALOM_STEP_OUT
                                  00000388         2   data ,g         * 
  _SLALOM_INNER_SPEED
                                  0000038a         2   data ,g         * 
  _BACK_STEP
                                  0000038c         2   data ,g         * 
  _HALF_STEP
                                  0000038e         2   data ,g         * 
  _GSPEEDvar
                                  00000390         2   data ,g         * 
  _slalom_step_forward_table
                                  00000392        10   data ,l         * 
  _slalom_step_out_table
                                  000003a2        10   data ,l         * 
  _slalom_inner_speed_table
                                  000003b2        10   data ,l         * 
  _wall_sample_left
                                  000003c2       200   data ,g         * 
  _wall_sample_right
                                  000005c2       200   data ,g         * 
  _wall_sample_count
                                  000007c2         2   data ,g         * 

SECTION=R_2
FILE=DefaultBuild\RX220Mouse2.obj
                                  000007c4  000007cd         a
  _wait_timer
                                  000007c4         2   data ,g         * 
  _ccnt_ms_left
                                  000007c6         2   data ,l         * 
  _ccnt_step_index
                                  000007c8         2   data ,l         * 
  _stepf_r
                                  000007ca         2   data ,g         * 
  _stepf_l
                                  000007cc         2   data ,g         * 

SECTION=B
FILE=DefaultBuild\RX220Mouse2.obj
                                  000007d0  000007ff        30
  _send_data_num
                                  000007d0         4   data ,g         * 
  _receve_num
                                  000007d4         4   data ,g         * 
  _stop_disen_flag
                                  000007d8         4   data ,g         * 
  _receve_flag
                                  000007dc         4   data ,g         * 
  _receve_fin_flag
                                  000007e0         4   data ,g         * 
  _mpu_gyx
                                  000007e4         4   data ,l         * 
  _mpu_gyx_sum
                                  000007e8         4   data ,l         * 
  _mpu_gyy_sum
                                  000007ec         4   data ,l         * 
  _mpu_gyz_sum
                                  000007f0         4   data ,l         * 
  _step_r
                                  000007f4         4   data ,g         * 
  _step_l
                                  000007f8         4   data ,g         * 
  _num$1
                                  000007fc         4   data ,l         * 
FILE=DefaultBuild\sbrk.obj
                                  00000800  00000bff       400
  _heap_area
                                  00000800       400   data ,l         * 

SECTION=R
FILE=DefaultBuild\RX220Mouse2.obj
                                  00000c00  00000c0b         c
  _MODE
                                  00000c00         4   data ,g         * 
  _goal_choice_index
                                  00000c04         4   data ,g         * 
  _n$2
                                  00000c08         4   data ,l         * 
FILE=DefaultBuild\sbrk.obj
                                  00000c0c  00000c0f         4
  _brk
                                  00000c0c         4   data ,l         * 

SECTION=SU
FILE=DefaultBuild\resetprg.obj
                                  00000c10  00000d0f       100

SECTION=SI
FILE=DefaultBuild\resetprg.obj
                                  00000d10  0000100f       300

SECTION=PResetPRG
FILE=DefaultBuild\resetprg.obj
                                  fffc0000  fffc002b        2c
  _PowerON_Reset_PC
                                  fffc0000        29   entry,g         * 

SECTION=C_2
FILE=DefaultBuild\RX220Mouse2.obj
                                  fffc0100  fffc117b      107c
  _AccTable
                                  fffc0100       fa0   data ,g         * 
  _GSSPEED
                                  fffc10a0        10   data ,l         * 
  _beep_data
                                  fffc10b0        4c   data ,l         * 
  _ccnt_melody
                                  fffc10fc        80   data ,l         * 

SECTION=C
FILE=DefaultBuild\dbsct.obj
                                  fffc117c  fffc11af        34
  __CTBL
                                  fffc117c        34   data ,g         * 
FILE=DefaultBuild\RX220Mouse2.obj
                                  fffc11b0  fffc11fb        4c
  _goal_choices
                                  fffc11b0        28   data ,l         * 
  _center_refs
                                  fffc11d8        24   data ,l         * 

SECTION=C$DSEC
FILE=DefaultBuild\dbsct.obj
                                  fffc11fc  fffc121f        24
  __DTBL
                                  fffc11fc        24   data ,g         * 

SECTION=C$BSEC
FILE=DefaultBuild\dbsct.obj
                                  fffc1220  fffc1237        18
  __BTBL
                                  fffc1220        18   data ,g         * 

SECTION=C$VECT
FILE=DefaultBuild\dbsct.obj
                                  fffc1238  fffc1637       400

SECTION=D_1
FILE=DefaultBuild\RX220Mouse2.obj
                                  fffc1638  fffc1638         1

SECTION=D_2
FILE=DefaultBuild\RX220Mouse2.obj
                                  fffc163a  fffc1643         a

SECTION=D
FILE=DefaultBuild\RX220Mouse2.obj
                                  fffc1644  fffc164f         c
FILE=DefaultBuild\sbrk.obj
                                  fffc1650  fffc1653         4

SECTION=P
FILE=DefaultBuild\RX220Mouse2.obj
                                  fffc1654  fffc65fa      4fa7
  _LCD_init
                                  fffc1654        6d   func ,g         * 
  _LCD
                                  fffc16c1        82   func ,g         * 
  _LCD_clear
                                  fffc1743        23   func ,g         * 
  _LCD_print
                                  fffc1766        2d   func ,g         * 
  _LCD_dec_out
                                  fffc1793        eb   func ,g         * 
  _LCD_com4
                                  fffc187e        44   func ,g         * 
  _LCD_com8
                                  fffc18c2        14   func ,g         * 
  _LCD_dat8
                                  fffc18d6        7d   func ,g         * 
  _LCD_wait
                                  fffc1953        18   func ,g         * 
  _init_riic0
                                  fffc196b       18a   func ,g         * 
  _int_iic0_eei
                                  fffc1af5        67   func ,g         * 
  _int_iic0_rxi
                                  fffc1b5c       139   func ,g         * 
  _int_iic0_txi
                                  fffc1c95        76   func ,g         * 
  _int_iic0_tei
                                  fffc1d0b       111   func ,g         * 
  _iic0_send
                                  fffc1e1c        f3   func ,g         * 
  _iic0_gets
                                  fffc1f0f        15   func ,g         * 
  _iic0_reqest_send
                                  fffc1f24       199   func ,g         * 
  _iic0_set_addr
                                  fffc20bd        59   func ,g         * 
  _iic0_receve
                                  fffc2116        6b   func ,g         * 
  _buzzer_set_tone
                                  fffc2181        40   func ,l         * 
  _ccnt_playback_tick
                                  fffc21c1        80   func ,l         * 
  _set_goal_choice_index
                                  fffc2241        4a   func ,l         * 
  _advance_goal_choice
                                  fffc228b        12   func ,l         * 
  _main
                                  fffc229d       1d0   func ,g         * 
  _IO_init
                                  fffc246d       3fc   func ,g         * 
  _load_param
                                  fffc2869       1f2   func ,g         * 
  _reset_wall_samples
                                  fffc2a5b         a   func ,g         * 
  _log_wall_samples
                                  fffc2a65        ab   func ,g         * 
  _update_wall_ref_from_log
                                  fffc2b10        7c   func ,g         * 
  _timerc_200us
                                  fffc2b8c       53a   func ,g         * 
  _int_mot_r
                                  fffc30c6        22   func ,g         * 
  _int_mot_l
                                  fffc30e8        22   func ,g         * 
  _pause
                                  fffc310a        1c   func ,g         * 
  _WaitKeyOff
                                  fffc3126        43   func ,g         * 
  _beep
                                  fffc3169        4a   func ,g         * 
  _ccnt
                                  fffc31b3        3a   func ,g         * 
  _change_mode
                                  fffc31ed       16f   func ,g         * 
  _exec_mode
                                  fffc335c       123   func ,g         * 
  _modeB1
                                  fffc347f        9b   func ,g         * 
  _mode0
                                  fffc351a        e6   func ,g         * 
  _mode1
                                  fffc3600        de   func ,g         * 
  _mode2
                                  fffc36de        7f   func ,g         * 
  _mode3
                                  fffc375d        7d   func ,g         * 
  _mode4
                                  fffc37da        76   func ,g         * 
  _set_slalom_steps_for_speed
                                  fffc3850        58   func ,l         * 
  _store_slalom_steps_for_speed
                                  fffc38a8        58   func ,l         * 
  _gspeed_index_for_value
                                  fffc3900        31   func ,l         * 
  _update_gspeed_index
                                  fffc3931        72   func ,l         * 
  _select_gspeed
                                  fffc39a3        87   func ,l         * 
  _mode5
                                  fffc3a2a        9a   func ,g         * 
  _mode6
                                  fffc3ac4        79   func ,g         * 
  _mode7
                                  fffc3b3d        60   func ,g         * 
  _mode8
                                  fffc3b9d        99   func ,g         * 
  _mode9
                                  fffc3c36        f8   func ,g         * 
  _render_center_ref_line
                                  fffc3d2e        45   func ,l         * 
  _mode10
                                  fffc3d73        99   func ,g         * 
  _mode11
                                  fffc3e0c        f3   func ,g         * 
  _mode12
                                  fffc3eff       1a5   func ,g         * 
  _mode13
                                  fffc40a4        84   func ,g         * 
  _mode14
                                  fffc4128        c2   func ,g         * 
  _mode15
                                  fffc41ea       137   func ,g         * 
  _lcd_signed_out
                                  fffc4321        73   func ,l         * 
  _mpu6050_init
                                  fffc4394        15   func ,l         * 
  _mpu6050_poll
                                  fffc43a9       2d3   func ,l         * 
  _mouse_search
                                  fffc467c       4cf   func ,g         * 
  _slalom_search
                                  fffc4b4b       3c8   func ,g         * 
  _com_go
                                  fffc4f13        a9   func ,g         * 
  _com_stop
                                  fffc4fbc        4f   func ,g         * 
  _com_turn
                                  fffc500b        fd   func ,g         * 
  _com_slalom_turn
                                  fffc5108       1c9   func ,g         * 
  _com_back
                                  fffc52d1        bd   func ,g         * 
  _com_go_half
                                  fffc538e        97   func ,g         * 
  _kbat_r
                                  fffc5425        11   func ,g         * 
  _kbat_lf_turn
                                  fffc5436        99   func ,g         * 
  _goal_kbat_turn
                                  fffc54cf       11d   func ,g         * 
  _start_back_wall_contact
                                  fffc55ec         c   func ,l         * 
  _countdown
                                  fffc55f8        6c   func ,g         * 
  _finish
                                  fffc5664        30   func ,g         * 
  _map_writeDF
                                  fffc5694        77   func ,g         * 
  _map_DFread
                                  fffc570b        8a   func ,g         * 
  _sensor_ref_writeDF
                                  fffc5795        3a   func ,g         * 
  _sensor_ref_readDF
                                  fffc57cf        45   func ,g         * 
  _slalom_step_writeDF
                                  fffc5814        84   func ,g         * 
  _slalom_step_readDF
                                  fffc5898        f2   func ,g         * 
  _goal_choice_writeDF
                                  fffc598a        3d   func ,g         * 
  _goal_choice_readDF
                                  fffc59c7        35   func ,g         * 
  _go_step_writeDF
                                  fffc59fc        28   func ,g         * 
  _go_step_readDF
                                  fffc5a24        32   func ,g         * 
  _fcu_reset
                                  fffc5a56        1f   func ,g         * 
  _fcu_tope
                                  fffc5a75        22   func ,g         * 
  _fcu_toread
                                  fffc5a97        1e   func ,g         * 
  _error_check
                                  fffc5ab5        6e   func ,g         * 
  _clear_flash
                                  fffc5b23        32   func ,g         * 
  _wait_frdy
                                  fffc5b55        30   func ,g         * 
  _DFlash_init
                                  fffc5b85        84   func ,g         * 
  _DFlash_bread
                                  fffc5c09        44   func ,g         * 
  _DFlash_bprog
                                  fffc5c4d        65   func ,g         * 
  _get_wall_data
                                  fffc5cb2        56   func ,g         * 
  _clear_map
                                  fffc5d08        e6   func ,g         * 
  _make_map_data
                                  fffc5dee       199   func ,g         * 
  _make_potential
                                  fffc5f87       390   func ,g         * 
  _search_left_hand
                                  fffc6317        5b   func ,g         * 
  _search_adachi
                                  fffc6372       289   func ,g         * 
FILE=DefaultBuild\sbrk.obj
                                  fffc65fb  fffc6636        3c
  _sbrk
                                  fffc65fb        3c   func ,g         * 
FILE=__COM_DIVf
                                  fffc6637  fffc6808       1d2
  exception1
                                  fffc6637         0   none ,l         * 
  exception2
                                  fffc664b         0   none ,l         * 
  exception3
                                  fffc6659         0   none ,l         * 
  p1_normalize
                                  fffc6670         0   none ,l         * 
  p1_norm_chack1
                                  fffc6683         0   none ,l         * 
  p1_norm_chack2
                                  fffc668f         0   none ,l         * 
  p1_norm_loop
                                  fffc669b         0   none ,l         * 
  exception4
                                  fffc66c1         0   none ,l         * 
  p2_normalize
                                  fffc66c5         0   none ,l         * 
  p2_norm_chack1
                                  fffc66d8         0   none ,l         * 
  p2_norm_chack2
                                  fffc66e4         0   none ,l         * 
  p2_norm_loop
                                  fffc66f0         0   none ,l         * 
  return_zero
                                  fffc670a         0   none ,l         * 
  return_inf
                                  fffc6713         0   none ,l         * 
  return_NaN
                                  fffc671f         0   none ,l         * 
  __COM_DIVf
                                  fffc6728         0   none ,g         * 
  exception_return3
                                  fffc6756         0   none ,l         * 
  exception_return4
                                  fffc675b         0   none ,l         * 
  div_start
                                  fffc676c         0   none ,l         * 
  denormalize
                                  fffc67c3         0   none ,l         * 
  end_round_d
                                  fffc67de         0   none ,l         * 
  round_denormal
                                  fffc67e5         0   none ,l         * 
  end_denormal
                                  fffc67ed         0   none ,l         * 
  round1
                                  fffc67f6         0   none ,l         * 
FILE=__COM_ADDf_SUBf
                                  fffc6809  fffc6932       12a
  __COM_SUBf
                                  fffc6809         0   none ,g         * 
  __COM_ADDf
                                  fffc6810         0   none ,g         * 
  swap_end
                                  fffc6828         0   none ,l         * 
  y_normal
                                  fffc683f         0   none ,l         * 
  after_shift
                                  fffc6861         0   none ,l         * 
  round1
                                  fffc6869         0   none ,l         * 
  no_moving_up
                                  fffc6877         0   none ,l         * 
  set_return_value
                                  fffc6883         0   none ,l         * 
  add_ovf
                                  fffc6884         0   none ,l         * 
  subtract
                                  fffc6896         0   none ,l         * 
  next_8
                                  fffc68a9         0   none ,l         * 
  next_4
                                  fffc68b1         0   none ,l         * 
  next_2
                                  fffc68b9         0   none ,l         * 
  next_1
                                  fffc68c1         0   none ,l         * 
  next_0
                                  fffc68c9         0   none ,l         * 
  normalize
                                  fffc68c9         0   none ,l         * 
  zero_or_den
                                  fffc68d8         0   none ,l         * 
  inf_or_nan
                                  fffc68ef         0   none ,l         * 
  return_inf
                                  fffc68fb         0   none ,l         * 
  return_nan
                                  fffc6905         0   none ,l         * 
  denormal
                                  fffc690c         0   none ,l         * 
  return_den_sub_result
                                  fffc691e         0   none ,l         * 
  den_add
                                  fffc691f         0   none ,l         * 
  return_y_normal
                                  fffc6926         0   none ,l         * 
  return_y_pack
                                  fffc6928         0   none ,l         * 
  return_y_set_sign
                                  fffc692e         0   none ,l         * 
FILE=__COM_CMPLTf
                                  fffc6933  fffc6979        47
  __COM_CMPLTf
                                  fffc6933         0   none ,g         * 
  OPE_1
                                  fffc694c         0   none ,l         * 
  x_normalized
                                  fffc6952         0   none ,l         * 
  OPE_2
                                  fffc696b         0   none ,l         * 
  y_normalized
                                  fffc6971         0   none ,l         * 
  nan
                                  fffc6977         0   none ,l         * 
FILE=__COM_CONV32sf
                                  fffc697a  fffc69c7        4e
  __COM_CONV32sf
                                  fffc697a         0   none ,g         * 
  next_8
                                  fffc698b         0   none ,l         * 
  next_4
                                  fffc6993         0   none ,l         * 
  next_2
                                  fffc699b         0   none ,l         * 
  next_1
                                  fffc69a3         0   none ,l         * 
  next_0
                                  fffc69ab         0   none ,l         * 
  no_moving_up
                                  fffc69bb         0   none ,l         * 
  return
                                  fffc69c7         0   none ,l         * 
FILE=__COM_CONV32uf
                                  fffc69c8  fffc6a10        49
  __COM_CONV32uf
                                  fffc69c8         0   none ,g         * 
  next_8
                                  fffc69da         0   none ,l         * 
  next_4
                                  fffc69e2         0   none ,l         * 
  next_2
                                  fffc69ea         0   none ,l         * 
  next_1
                                  fffc69f2         0   none ,l         * 
  next_0
                                  fffc69fa         0   none ,l         * 
  no_moving_up
                                  fffc6a0a         0   none ,l         * 
  return
                                  fffc6a10         0   none ,l         * 
FILE=__COM_CONVf32
                                  fffc6a11  fffc6a6e        5e
  __COM_CONVf32u
                                  fffc6a11         0   none ,g         * 
  __COM_CONVf32s
                                  fffc6a33         0   none ,g         * 
  return_zero
                                  fffc6a55         0   none ,l         * 
  signed_exp_over30
                                  fffc6a58         0   none ,l         * 
  unsigned_exp_over30
                                  fffc6a61         0   none ,l         * 
  unsigned_fixed_overflow_number
                                  fffc6a68         0   none ,l         * 
FILE=__initsct
                                  fffc6a6f  fffc6ab8        4a
  __INITSCT
                                  fffc6a6f         0   none ,g         * 
  loop1
                                  fffc6a81         0   none ,l         * 
  next_loop1
                                  fffc6a8f         0   none ,l         * 
  loop3
                                  fffc6aa1         0   none ,l         * 
  next_loop3
                                  fffc6ab2         0   none ,l         * 

SECTION=PIntPRG
FILE=DefaultBuild\intprg.obj
                                  fffc6ab9  fffc6bfb       143
  _Excep_SuperVisorInst
                                  fffc6ab9         2   func ,g         * 
  _Excep_UndefinedInst
                                  fffc6abb         2   func ,g         * 
  _NonMaskableInterrupt
                                  fffc6abd         2   func ,g         * 
  _Dummy
                                  fffc6abf         2   func ,g         * 
  _Excep_BRK
                                  fffc6ac1         4   func ,g         * 
  _Excep_BSC_BUSERR
                                  fffc6ac5         2   func ,g         * 
  _Excep_FCU_FIFERR
                                  fffc6ac7         2   func ,g         * 
  _Excep_FCU_FRDYI
                                  fffc6ac9         2   func ,g         * 
  _Excep_ICU_SWINT
                                  fffc6acb         2   func ,g         * 
  _Excep_CMT0_CMI0
                                  fffc6acd         e   func ,g         * 
  _Excep_CMT1_CMI1
                                  fffc6adb         2   func ,g         * 
  _Excep_CMT2_CMI2
                                  fffc6add         2   func ,g         * 
  _Excep_CMT3_CMI3
                                  fffc6adf         2   func ,g         * 
  _Excep_CAC_FERRF
                                  fffc6ae1         2   func ,g         * 
  _Excep_CAC_MENDF
                                  fffc6ae3         2   func ,g         * 
  _Excep_CAC_OVFF
                                  fffc6ae5         2   func ,g         * 
  _Excep_RSPI0_SPEI0
                                  fffc6ae7         2   func ,g         * 
  _Excep_RSPI0_SPRI0
                                  fffc6ae9         2   func ,g         * 
  _Excep_RSPI0_SPTI0
                                  fffc6aeb         2   func ,g         * 
  _Excep_RSPI0_SPII0
                                  fffc6aed         2   func ,g         * 
  _Excep_DOC_DOPCF
                                  fffc6aef         2   func ,g         * 
  _Excep_CMPB_CMPB0
                                  fffc6af1         1   func ,g         * 
  _Excep_CMPB_CMPB1
                                  fffc6af2         1   func ,g         * 
  _Excep_RTC_CUP
                                  fffc6af3         2   func ,g         * 
  _Excep_ICU_IRQ0
                                  fffc6af5         2   func ,g         * 
  _Excep_ICU_IRQ1
                                  fffc6af7         2   func ,g         * 
  _Excep_ICU_IRQ2
                                  fffc6af9         2   func ,g         * 
  _Excep_ICU_IRQ3
                                  fffc6afb         2   func ,g         * 
  _Excep_ICU_IRQ4
                                  fffc6afd         2   func ,g         * 
  _Excep_ICU_IRQ5
                                  fffc6aff         2   func ,g         * 
  _Excep_ICU_IRQ6
                                  fffc6b01         2   func ,g         * 
  _Excep_ICU_IRQ7
                                  fffc6b03         2   func ,g         * 
  _Excep_LVD_LVD1
                                  fffc6b05         2   func ,g         * 
  _Excep_LVD_LVD2
                                  fffc6b07         2   func ,g         * 
  _Excep_CMPA_CMPA1
                                  fffc6b09         1   func ,g         * 
  _Excep_CMPA_CMPA2
                                  fffc6b0a         1   func ,g         * 
  _Excep_RTC_ALM
                                  fffc6b0b         2   func ,g         * 
  _Excep_RTC_PRD
                                  fffc6b0d         2   func ,g         * 
  _Excep_S12AD_S12ADI0
                                  fffc6b0f         2   func ,g         * 
  _Excep_S12AD_GBADI
                                  fffc6b11         2   func ,g         * 
  _Excep_ELC_ELSR18I
                                  fffc6b13         2   func ,g         * 
  _Excep_ELC_ELSR19I
                                  fffc6b15         1   func ,g         * 
  _Excep_MTU0_TGIA0
                                  fffc6b16         2   func ,g         * 
  _Excep_MTU0_TGIB0
                                  fffc6b18         2   func ,g         * 
  _Excep_MTU0_TGIC0
                                  fffc6b1a         2   func ,g         * 
  _Excep_MTU0_TGID0
                                  fffc6b1c         2   func ,g         * 
  _Excep_MTU0_TCIV0
                                  fffc6b1e         2   func ,g         * 
  _Excep_MTU0_TGIE0
                                  fffc6b20         2   func ,g         * 
  _Excep_MTU0_TGIF0
                                  fffc6b22         2   func ,g         * 
  _Excep_MTU1_TGIA1
                                  fffc6b24         2   func ,g         * 
  _Excep_MTU1_TGIB1
                                  fffc6b26         2   func ,g         * 
  _Excep_MTU1_TCIV1
                                  fffc6b28         2   func ,g         * 
  _Excep_MTU1_TCIU1
                                  fffc6b2a         2   func ,g         * 
  _Excep_MTU2_TGIA2
                                  fffc6b2c         2   func ,g         * 
  _Excep_MTU2_TGIB2
                                  fffc6b2e         2   func ,g         * 
  _Excep_MTU2_TCIV2
                                  fffc6b30         2   func ,g         * 
  _Excep_MTU2_TCIU2
                                  fffc6b32         2   func ,g         * 
  _Excep_MTU3_TGIA3
                                  fffc6b34         2   func ,g         * 
  _Excep_MTU3_TGIB3
                                  fffc6b36         e   func ,g         * 
  _Excep_MTU3_TGIC3
                                  fffc6b44         2   func ,g         * 
  _Excep_MTU3_TGID3
                                  fffc6b46         2   func ,g         * 
  _Excep_MTU3_TCIV3
                                  fffc6b48         2   func ,g         * 
  _Excep_MTU4_TGIA4
                                  fffc6b4a         2   func ,g         * 
  _Excep_MTU4_TGIB4
                                  fffc6b4c         e   func ,g         * 
  _Excep_MTU4_TGIC4
                                  fffc6b5a         2   func ,g         * 
  _Excep_MTU4_TGID4
                                  fffc6b5c         2   func ,g         * 
  _Excep_MTU4_TCIV4
                                  fffc6b5e         2   func ,g         * 
  _Excep_MTU5_TGIU5
                                  fffc6b60         2   func ,g         * 
  _Excep_MTU5_TGIV5
                                  fffc6b62         2   func ,g         * 
  _Excep_MTU5_TGIW5
                                  fffc6b64         2   func ,g         * 
  _Excep_POE_OEI1
                                  fffc6b66         2   func ,g         * 
  _Excep_POE_OEI2
                                  fffc6b68         2   func ,g         * 
  _Excep_TMR0_CMIA0
                                  fffc6b6a         2   func ,g         * 
  _Excep_TMR0_CMIB0
                                  fffc6b6c         2   func ,g         * 
  _Excep_TMR0_OVI0
                                  fffc6b6e         2   func ,g         * 
  _Excep_TMR1_CMIA1
                                  fffc6b70         2   func ,g         * 
  _Excep_TMR1_CMIB1
                                  fffc6b72         2   func ,g         * 
  _Excep_TMR1_OVI1
                                  fffc6b74         2   func ,g         * 
  _Excep_TMR2_CMIA2
                                  fffc6b76         2   func ,g         * 
  _Excep_TMR2_CMIB2
                                  fffc6b78         2   func ,g         * 
  _Excep_TMR2_OVI2
                                  fffc6b7a         2   func ,g         * 
  _Excep_TMR3_CMIA3
                                  fffc6b7c         2   func ,g         * 
  _Excep_TMR3_CMIB3
                                  fffc6b7e         2   func ,g         * 
  _Excep_TMR3_OVI3
                                  fffc6b80         2   func ,g         * 
  _Excep_DMAC_DMAC0I
                                  fffc6b82         2   func ,g         * 
  _Excep_DMAC_DMAC1I
                                  fffc6b84         2   func ,g         * 
  _Excep_DMAC_DMAC2I
                                  fffc6b86         2   func ,g         * 
  _Excep_DMAC_DMAC3I
                                  fffc6b88         2   func ,g         * 
  _Excep_SCI0_ERI0
                                  fffc6b8a         1   func ,g         * 
  _Excep_SCI0_RXI0
                                  fffc6b8b         1   func ,g         * 
  _Excep_SCI0_TXI0
                                  fffc6b8c         1   func ,g         * 
  _Excep_SCI0_TEI0
                                  fffc6b8d         1   func ,g         * 
  _Excep_SCI1_ERI1
                                  fffc6b8e         2   func ,g         * 
  _Excep_SCI1_RXI1
                                  fffc6b90         2   func ,g         * 
  _Excep_SCI1_TXI1
                                  fffc6b92         2   func ,g         * 
  _Excep_SCI1_TEI1
                                  fffc6b94         2   func ,g         * 
  _Excep_SCI5_ERI5
                                  fffc6b96         2   func ,g         * 
  _Excep_SCI5_RXI5
                                  fffc6b98         2   func ,g         * 
  _Excep_SCI5_TXI5
                                  fffc6b9a         2   func ,g         * 
  _Excep_SCI5_TEI5
                                  fffc6b9c         2   func ,g         * 
  _Excep_SCI6_ERI6
                                  fffc6b9e         2   func ,g         * 
  _Excep_SCI6_RXI6
                                  fffc6ba0         2   func ,g         * 
  _Excep_SCI6_TXI6
                                  fffc6ba2         2   func ,g         * 
  _Excep_SCI6_TEI6
                                  fffc6ba4         2   func ,g         * 
  _Excep_SCI8_ERI8
                                  fffc6ba6         1   func ,g         * 
  _Excep_SCI8_RXI8
                                  fffc6ba7         1   func ,g         * 
  _Excep_SCI8_TXI8
                                  fffc6ba8         1   func ,g         * 
  _Excep_SCI8_TEI8
                                  fffc6ba9         1   func ,g         * 
  _Excep_SCI9_ERI9
                                  fffc6baa         2   func ,g         * 
  _Excep_SCI9_RXI9
                                  fffc6bac         2   func ,g         * 
  _Excep_SCI9_TXI9
                                  fffc6bae         2   func ,g         * 
  _Excep_SCI9_TEI9
                                  fffc6bb0         2   func ,g         * 
  _Excep_SCI12_ERI12
                                  fffc6bb2         2   func ,g         * 
  _Excep_SCI12_RXI12
                                  fffc6bb4         2   func ,g         * 
  _Excep_SCI12_TXI12
                                  fffc6bb6         2   func ,g         * 
  _Excep_SCI12_TEI12
                                  fffc6bb8         2   func ,g         * 
  _Excep_SCI12_SCIX0
                                  fffc6bba         2   func ,g         * 
  _Excep_SCI12_SCIX1
                                  fffc6bbc         2   func ,g         * 
  _Excep_SCI12_SCIX2
                                  fffc6bbe         2   func ,g         * 
  _Excep_SCI12_SCIX3
                                  fffc6bc0         2   func ,g         * 
  _Excep_RIIC0_EEI0
                                  fffc6bc2         e   func ,g         * 
  _Excep_RIIC0_RXI0
                                  fffc6bd0         e   func ,g         * 
  _Excep_RIIC0_TXI0
                                  fffc6bde         e   func ,g         * 
  _Excep_RIIC0_TEI0
                                  fffc6bec         e   func ,g         * 

SECTION=W_1
FILE=DefaultBuild\RX220Mouse2.obj
                                  fffc6bfc  fffc6c07         c

SECTION=L
FILE=DefaultBuild\RX220Mouse2.obj
                                  fffc6c08  fffc6d9a       193

SECTION=$ADDR_C_FFFFFF80
FILE=DefaultBuild\vecttbl.obj
                                  ffffff80  ffffff83         4
  __MDEreg
                                  ffffff80         4   data ,g         * 

SECTION=$ADDR_C_FFFFFFA0
FILE=DefaultBuild\vecttbl.obj
                                  ffffffa0  ffffffaf        10
  _id_code
                                  ffffffa0        10   data ,g         * 

SECTION=FIXEDVECT
FILE=DefaultBuild\vecttbl.obj
                                  ffffffd0  ffffffff        30
  _Fixed_Vectors
                                  ffffffd0        30   data ,g         * 

*** Unfilled Areas ***

AREA                                START    END

*** Delete Symbols ***

SYMBOL                                SIZE    INFO
