Renesas Optimizing Linker (W3.07.00 )             07-Jan-2026 14:37:33

*** Options ***

-subcommand=DefaultBuild\RX220Mouse2.clnk
-library=DefaultBuild\RX220Mouse2.lib
-input=DefaultBuild\dbsct.obj
-input=DefaultBuild\intprg.obj
-input=DefaultBuild\resetprg.obj
-input=DefaultBuild\RX220Mouse2.obj
-input=DefaultBuild\sbrk.obj
-input=DefaultBuild\vecttbl.obj
-noprelink
-output=DefaultBuild\RX220Mouse2.abs
-list=DefaultBuild\RX220Mouse2.map
-show=symbol,total_size
-nooptimize
-start=B_1,R_1,B_2,R_2,B,R,SU,SI/04,PResetPRG/0FFFC0000,C_1,C_2,C,C$DSEC,C$BSEC,C$INIT,C$VTBL,C$VECT,D_1,D_2,D,P,PIntPRG,W_1,W_2,W,L/0FFFC0100,FIXEDVECT/0FFFFFFD0
-rom=D=R,D_1=R_1,D_2=R_2
-nologo
-end

*** Error information ***

*** Mapping List ***

SECTION                            START      END         SIZE   ALIGN
B_1
                                  00000004  0000021a       217   1
R_1
                                  0000021b  0000021b         1   1
B_2
                                  0000021c  00000683       468   2
R_2
                                  00000684  0000068d         a   2
B
                                  00000690  00000a97       408   4
R
                                  00000a98  00000aa3         c   4
SU
                                  00000aa4  00000ba3       100   4
SI
                                  00000ba4  00000ea3       300   4
PResetPRG
                                  fffc0000  fffc002b        2c   4
C_1
                                  fffc0100  fffc0100         0   1
C_2
                                  fffc0100  fffc117b      107c   2
C
                                  fffc117c  fffc11fb        80   4
C$DSEC
                                  fffc11fc  fffc121f        24   4
C$BSEC
                                  fffc1220  fffc1237        18   4
C$INIT
                                  fffc1238  fffc1238         0   1
C$VTBL
                                  fffc1238  fffc1238         0   1
C$VECT
                                  fffc1238  fffc1637       400   4
D_1
                                  fffc1638  fffc1638         1   1
D_2
                                  fffc163a  fffc1643         a   2
D
                                  fffc1644  fffc164f         c   4
P
                                  fffc1650  fffc53ab      3d5c   4
PIntPRG
                                  fffc53ac  fffc54bf       114   1
W_1
                                  fffc54c0  fffc54cb         c   4
W_2
                                  fffc54cc  fffc54cc         0   2
W
                                  fffc54cc  fffc54cc         0   4
L
                                  fffc54cc  fffc5626       15b   4
$ADDR_C_FFFFFF80
                                  ffffff80  ffffff83         4   1
$ADDR_C_FFFFFFA0
                                  ffffffa0  ffffffaf        10   1
FIXEDVECT
                                  ffffffd0  ffffffff        30   4

*** Total Section Size ***

RAMDATA SECTION:  00000e9e Byte(s)
ROMDATA SECTION:  000016fa Byte(s)
PROGRAM SECTION:  00003e9c Byte(s)

*** Symbol List ***

SECTION=
FILE=                               START        END    SIZE
  SYMBOL                            ADDR        SIZE    INFO      COUNTS  OPT

SECTION=B_1
FILE=DefaultBuild\RX220Mouse2.obj
                                  00000004  0000021a       217
  _LCD_DATA
                                  00000004        10   data ,g         * 
  _gspeed_index
                                  00000014         1   data ,g         * 
  _head
                                  00000015         1   data ,g         * 
  _head_change
                                  00000016         1   data ,g         * 
  _pos_x
                                  00000017         1   data ,g         * 
  _pos_y
                                  00000018         1   data ,g         * 
  _map
                                  00000019       100   data ,g         * 
  _p_map
                                  00000119       100   data ,g         * 
  _goal_x
                                  00000219         1   data ,g         * 
  _goal_y
                                  0000021a         1   data ,g         * 

SECTION=R_1
FILE=DefaultBuild\RX220Mouse2.obj
                                  0000021b  0000021b         1
  _ccnt_playing
                                  0000021b         1   data ,l         * 

SECTION=B_2
FILE=DefaultBuild\RX220Mouse2.obj
                                  0000021c  00000683       468
  _LCD_FLAG
                                  0000021c         2   data ,g         * 
  _LCD_PT
                                  0000021e         2   data ,g         * 
  _SENSOR_PT
                                  00000220         2   data ,g         * 
  _Batt
                                  00000222         2   data ,g         * 
  _R_PRE
                                  00000224         2   data ,g         * 
  _L_PRE
                                  00000226         2   data ,g         * 
  _F_PRE
                                  00000228         2   data ,g         * 
  _R_SEN
                                  0000022a         2   data ,g         * 
  _L_SEN
                                  0000022c         2   data ,g         * 
  _F_SEN
                                  0000022e         2   data ,g         * 
  _R_SW
                                  00000230         2   data ,g         * 
  _L_SW
                                  00000232         2   data ,g         * 
  _F_SW
                                  00000234         2   data ,g         * 
  _R_REF
                                  00000236         2   data ,g         * 
  _L_REF
                                  00000238         2   data ,g         * 
  _F_REF
                                  0000023a         2   data ,g         * 
  _R_LIM
                                  0000023c         2   data ,g         * 
  _L_LIM
                                  0000023e         2   data ,g         * 
  _F_LIM
                                  00000240         2   data ,g         * 
  _timerL
                                  00000242         2   data ,g         * 
  _timerR
                                  00000244         2   data ,g         * 
  _ldir
                                  00000246         2   data ,g         * 
  _rdir
                                  00000248         2   data ,g         * 
  _speed
                                  0000024a         2   data ,g         * 
  _speed_now
                                  0000024c         2   data ,g         * 
  _MotorTimer
                                  0000024e         2   data ,g         * 
  _control_mode
                                  00000250         2   data ,g         * 
  _STEP
                                  00000252         2   data ,g         * 
  _GO_STEP
                                  00000254         2   data ,g         * 
  _TURN_STEP
                                  00000256         2   data ,g         * 
  _SLALOM_STEP_IN
                                  00000258         2   data ,g         * 
  _SLALOM_STEP_OUT
                                  0000025a         2   data ,g         * 
  _BACK_STEP
                                  0000025c         2   data ,g         * 
  _HALF_STEP
                                  0000025e         2   data ,g         * 
  _GSPEEDvar
                                  00000260         2   data ,g         * 
  _slalom_step_in_table
                                  00000262        10   data ,l         * 
  _slalom_step_out_table
                                  00000272        10   data ,l         * 
  _wall_sample_left
                                  00000282       200   data ,g         * 
  _wall_sample_right
                                  00000482       200   data ,g         * 
  _wall_sample_count
                                  00000682         2   data ,g         * 

SECTION=R_2
FILE=DefaultBuild\RX220Mouse2.obj
                                  00000684  0000068d         a
  _wait_timer
                                  00000684         2   data ,g         * 
  _ccnt_ms_left
                                  00000686         2   data ,l         * 
  _ccnt_step_index
                                  00000688         2   data ,l         * 
  _stepf_r
                                  0000068a         2   data ,g         * 
  _stepf_l
                                  0000068c         2   data ,g         * 

SECTION=B
FILE=DefaultBuild\RX220Mouse2.obj
                                  00000690  00000697         8
  _step_r
                                  00000690         4   data ,g         * 
  _step_l
                                  00000694         4   data ,g         * 
FILE=DefaultBuild\sbrk.obj
                                  00000698  00000a97       400
  _heap_area
                                  00000698       400   data ,l         * 

SECTION=R
FILE=DefaultBuild\RX220Mouse2.obj
                                  00000a98  00000a9f         8
  _MODE
                                  00000a98         4   data ,g         * 
  _goal_choice_index
                                  00000a9c         4   data ,g         * 
FILE=DefaultBuild\sbrk.obj
                                  00000aa0  00000aa3         4
  _brk
                                  00000aa0         4   data ,l         * 

SECTION=SU
FILE=DefaultBuild\resetprg.obj
                                  00000aa4  00000ba3       100

SECTION=SI
FILE=DefaultBuild\resetprg.obj
                                  00000ba4  00000ea3       300

SECTION=PResetPRG
FILE=DefaultBuild\resetprg.obj
                                  fffc0000  fffc002b        2c
  _PowerON_Reset_PC
                                  fffc0000        29   entry,g         * 

SECTION=C_2
FILE=DefaultBuild\RX220Mouse2.obj
                                  fffc0100  fffc117b      107c
  _AccTable
                                  fffc0100       fa0   data ,g         * 
  _GSSPEED
                                  fffc10a0        10   data ,l         * 
  _beep_data
                                  fffc10b0        4c   data ,l         * 
  _ccnt_melody
                                  fffc10fc        80   data ,l         * 

SECTION=C
FILE=DefaultBuild\dbsct.obj
                                  fffc117c  fffc11af        34
  __CTBL
                                  fffc117c        34   data ,g         * 
FILE=DefaultBuild\RX220Mouse2.obj
                                  fffc11b0  fffc11fb        4c
  _goal_choices
                                  fffc11b0        28   data ,l         * 
  _center_refs
                                  fffc11d8        24   data ,l         * 

SECTION=C$DSEC
FILE=DefaultBuild\dbsct.obj
                                  fffc11fc  fffc121f        24
  __DTBL
                                  fffc11fc        24   data ,g         * 

SECTION=C$BSEC
FILE=DefaultBuild\dbsct.obj
                                  fffc1220  fffc1237        18
  __BTBL
                                  fffc1220        18   data ,g         * 

SECTION=C$VECT
FILE=DefaultBuild\dbsct.obj
                                  fffc1238  fffc1637       400

SECTION=D_1
FILE=DefaultBuild\RX220Mouse2.obj
                                  fffc1638  fffc1638         1

SECTION=D_2
FILE=DefaultBuild\RX220Mouse2.obj
                                  fffc163a  fffc1643         a

SECTION=D
FILE=DefaultBuild\RX220Mouse2.obj
                                  fffc1644  fffc164b         8
FILE=DefaultBuild\sbrk.obj
                                  fffc164c  fffc164f         4

SECTION=P
FILE=DefaultBuild\RX220Mouse2.obj
                                  fffc1650  fffc5325      3cd6
  _LCD_init
                                  fffc1650        6d   func ,g         * 
  _LCD
                                  fffc16bd        82   func ,g         * 
  _LCD_clear
                                  fffc173f        23   func ,g         * 
  _LCD_print
                                  fffc1762        2d   func ,g         * 
  _LCD_dec_out
                                  fffc178f        eb   func ,g         * 
  _LCD_com4
                                  fffc187a        44   func ,g         * 
  _LCD_com8
                                  fffc18be        14   func ,g         * 
  _LCD_dat8
                                  fffc18d2        7d   func ,g         * 
  _LCD_wait
                                  fffc194f        18   func ,g         * 
  _buzzer_set_tone
                                  fffc1967        40   func ,l         * 
  _ccnt_playback_tick
                                  fffc19a7        80   func ,l         * 
  _set_goal_choice_index
                                  fffc1a27        4a   func ,l         * 
  _advance_goal_choice
                                  fffc1a71        12   func ,l         * 
  _main
                                  fffc1a83       161   func ,g         * 
  _IO_init
                                  fffc1be4       3fc   func ,g         * 
  _load_param
                                  fffc1fe0       12d   func ,g         * 
  _reset_wall_samples
                                  fffc210d         a   func ,g         * 
  _log_wall_samples
                                  fffc2117        ab   func ,g         * 
  _update_wall_ref_from_log
                                  fffc21c2        7c   func ,g         * 
  _timerc_200us
                                  fffc223e       52c   func ,g         * 
  _int_mot_r
                                  fffc276a        22   func ,g         * 
  _int_mot_l
                                  fffc278c        22   func ,g         * 
  _pause
                                  fffc27ae        1c   func ,g         * 
  _WaitKeyOff
                                  fffc27ca        43   func ,g         * 
  _beep
                                  fffc280d        4a   func ,g         * 
  _ccnt
                                  fffc2857        3a   func ,g         * 
  _change_mode
                                  fffc2891       14b   func ,g         * 
  _exec_mode
                                  fffc29dc       101   func ,g         * 
  _modeB1
                                  fffc2add        9b   func ,g         * 
  _mode0
                                  fffc2b78        e6   func ,g         * 
  _mode1
                                  fffc2c5e        de   func ,g         * 
  _mode2
                                  fffc2d3c        7c   func ,g         * 
  _mode3
                                  fffc2db8        7d   func ,g         * 
  _mode4
                                  fffc2e35        76   func ,g         * 
  _set_slalom_steps_for_speed
                                  fffc2eab        45   func ,l         * 
  _store_slalom_steps_for_speed
                                  fffc2ef0        45   func ,l         * 
  _gspeed_index_for_value
                                  fffc2f35        31   func ,l         * 
  _update_gspeed_index
                                  fffc2f66        72   func ,l         * 
  _select_gspeed
                                  fffc2fd8        87   func ,l         * 
  _mode5
                                  fffc305f        9a   func ,g         * 
  _mode6
                                  fffc30f9        79   func ,g         * 
  _mode7
                                  fffc3172        60   func ,g         * 
  _mode8
                                  fffc31d2        96   func ,g         * 
  _mode9
                                  fffc3268        f8   func ,g         * 
  _render_center_ref_line
                                  fffc3360        45   func ,l         * 
  _mode10
                                  fffc33a5        99   func ,g         * 
  _mode11
                                  fffc343e        f3   func ,g         * 
  _mode12
                                  fffc3531       193   func ,g         * 
  _mode13
                                  fffc36c4        84   func ,g         * 
  _mouse_search
                                  fffc3748       3f5   func ,g         * 
  _slalom_search
                                  fffc3b3d       2fe   func ,g         * 
  _com_go
                                  fffc3e3b        a9   func ,g         * 
  _com_stop
                                  fffc3ee4        4f   func ,g         * 
  _com_turn
                                  fffc3f33        fd   func ,g         * 
  _com_slalom_turn
                                  fffc4030        fc   func ,g         * 
  _com_back
                                  fffc412c        bd   func ,g         * 
  _com_go_half
                                  fffc41e9        97   func ,g         * 
  _kbat_r
                                  fffc4280        11   func ,g         * 
  _kbat_lf_turn
                                  fffc4291        99   func ,g         * 
  _goal_kbat_turn
                                  fffc432a       11d   func ,g         * 
  _start_back_wall_contact
                                  fffc4447        14   func ,l         * 
  _countdown
                                  fffc445b        6c   func ,g         * 
  _finish
                                  fffc44c7        30   func ,g         * 
  _map_writeDF
                                  fffc44f7        77   func ,g         * 
  _map_DFread
                                  fffc456e        8a   func ,g         * 
  _sensor_ref_writeDF
                                  fffc45f8        3a   func ,g         * 
  _sensor_ref_readDF
                                  fffc4632        45   func ,g         * 
  _slalom_step_writeDF
                                  fffc4677        5f   func ,g         * 
  _slalom_step_readDF
                                  fffc46d6        ab   func ,g         * 
  _fcu_reset
                                  fffc4781        1f   func ,g         * 
  _fcu_tope
                                  fffc47a0        22   func ,g         * 
  _fcu_toread
                                  fffc47c2        1e   func ,g         * 
  _error_check
                                  fffc47e0        6e   func ,g         * 
  _clear_flash
                                  fffc484e        32   func ,g         * 
  _wait_frdy
                                  fffc4880        30   func ,g         * 
  _DFlash_init
                                  fffc48b0        84   func ,g         * 
  _DFlash_bread
                                  fffc4934        44   func ,g         * 
  _DFlash_bprog
                                  fffc4978        65   func ,g         * 
  _get_wall_data
                                  fffc49dd        56   func ,g         * 
  _clear_map
                                  fffc4a33        e6   func ,g         * 
  _make_map_data
                                  fffc4b19       199   func ,g         * 
  _make_potential
                                  fffc4cb2       390   func ,g         * 
  _search_left_hand
                                  fffc5042        5b   func ,g         * 
  _search_adachi
                                  fffc509d       289   func ,g         * 
FILE=DefaultBuild\sbrk.obj
                                  fffc5326  fffc5361        3c
  _sbrk
                                  fffc5326        3c   func ,g         * 
FILE=__initsct
                                  fffc5362  fffc53ab        4a
  __INITSCT
                                  fffc5362         0   none ,g         * 
  loop1
                                  fffc5374         0   none ,l         * 
  next_loop1
                                  fffc5382         0   none ,l         * 
  loop3
                                  fffc5394         0   none ,l         * 
  next_loop3
                                  fffc53a5         0   none ,l         * 

SECTION=PIntPRG
FILE=DefaultBuild\intprg.obj
                                  fffc53ac  fffc54bf       114
  _Excep_SuperVisorInst
                                  fffc53ac         2   func ,g         * 
  _Excep_UndefinedInst
                                  fffc53ae         2   func ,g         * 
  _NonMaskableInterrupt
                                  fffc53b0         2   func ,g         * 
  _Dummy
                                  fffc53b2         2   func ,g         * 
  _Excep_BRK
                                  fffc53b4         4   func ,g         * 
  _Excep_BSC_BUSERR
                                  fffc53b8         2   func ,g         * 
  _Excep_FCU_FIFERR
                                  fffc53ba         2   func ,g         * 
  _Excep_FCU_FRDYI
                                  fffc53bc         2   func ,g         * 
  _Excep_ICU_SWINT
                                  fffc53be         2   func ,g         * 
  _Excep_CMT0_CMI0
                                  fffc53c0         e   func ,g         * 
  _Excep_CMT1_CMI1
                                  fffc53ce         2   func ,g         * 
  _Excep_CMT2_CMI2
                                  fffc53d0         2   func ,g         * 
  _Excep_CMT3_CMI3
                                  fffc53d2         2   func ,g         * 
  _Excep_CAC_FERRF
                                  fffc53d4         2   func ,g         * 
  _Excep_CAC_MENDF
                                  fffc53d6         2   func ,g         * 
  _Excep_CAC_OVFF
                                  fffc53d8         2   func ,g         * 
  _Excep_RSPI0_SPEI0
                                  fffc53da         2   func ,g         * 
  _Excep_RSPI0_SPRI0
                                  fffc53dc         2   func ,g         * 
  _Excep_RSPI0_SPTI0
                                  fffc53de         2   func ,g         * 
  _Excep_RSPI0_SPII0
                                  fffc53e0         2   func ,g         * 
  _Excep_DOC_DOPCF
                                  fffc53e2         2   func ,g         * 
  _Excep_CMPB_CMPB0
                                  fffc53e4         1   func ,g         * 
  _Excep_CMPB_CMPB1
                                  fffc53e5         1   func ,g         * 
  _Excep_RTC_CUP
                                  fffc53e6         2   func ,g         * 
  _Excep_ICU_IRQ0
                                  fffc53e8         2   func ,g         * 
  _Excep_ICU_IRQ1
                                  fffc53ea         2   func ,g         * 
  _Excep_ICU_IRQ2
                                  fffc53ec         2   func ,g         * 
  _Excep_ICU_IRQ3
                                  fffc53ee         2   func ,g         * 
  _Excep_ICU_IRQ4
                                  fffc53f0         2   func ,g         * 
  _Excep_ICU_IRQ5
                                  fffc53f2         2   func ,g         * 
  _Excep_ICU_IRQ6
                                  fffc53f4         2   func ,g         * 
  _Excep_ICU_IRQ7
                                  fffc53f6         2   func ,g         * 
  _Excep_LVD_LVD1
                                  fffc53f8         2   func ,g         * 
  _Excep_LVD_LVD2
                                  fffc53fa         2   func ,g         * 
  _Excep_CMPA_CMPA1
                                  fffc53fc         1   func ,g         * 
  _Excep_CMPA_CMPA2
                                  fffc53fd         1   func ,g         * 
  _Excep_RTC_ALM
                                  fffc53fe         2   func ,g         * 
  _Excep_RTC_PRD
                                  fffc5400         2   func ,g         * 
  _Excep_S12AD_S12ADI0
                                  fffc5402         2   func ,g         * 
  _Excep_S12AD_GBADI
                                  fffc5404         2   func ,g         * 
  _Excep_ELC_ELSR18I
                                  fffc5406         2   func ,g         * 
  _Excep_ELC_ELSR19I
                                  fffc5408         1   func ,g         * 
  _Excep_MTU0_TGIA0
                                  fffc5409         2   func ,g         * 
  _Excep_MTU0_TGIB0
                                  fffc540b         2   func ,g         * 
  _Excep_MTU0_TGIC0
                                  fffc540d         2   func ,g         * 
  _Excep_MTU0_TGID0
                                  fffc540f         2   func ,g         * 
  _Excep_MTU0_TCIV0
                                  fffc5411         2   func ,g         * 
  _Excep_MTU0_TGIE0
                                  fffc5413         2   func ,g         * 
  _Excep_MTU0_TGIF0
                                  fffc5415         2   func ,g         * 
  _Excep_MTU1_TGIA1
                                  fffc5417         2   func ,g         * 
  _Excep_MTU1_TGIB1
                                  fffc5419         2   func ,g         * 
  _Excep_MTU1_TCIV1
                                  fffc541b         2   func ,g         * 
  _Excep_MTU1_TCIU1
                                  fffc541d         2   func ,g         * 
  _Excep_MTU2_TGIA2
                                  fffc541f         2   func ,g         * 
  _Excep_MTU2_TGIB2
                                  fffc5421         2   func ,g         * 
  _Excep_MTU2_TCIV2
                                  fffc5423         2   func ,g         * 
  _Excep_MTU2_TCIU2
                                  fffc5425         2   func ,g         * 
  _Excep_MTU3_TGIA3
                                  fffc5427         2   func ,g         * 
  _Excep_MTU3_TGIB3
                                  fffc5429         e   func ,g         * 
  _Excep_MTU3_TGIC3
                                  fffc5437         2   func ,g         * 
  _Excep_MTU3_TGID3
                                  fffc5439         2   func ,g         * 
  _Excep_MTU3_TCIV3
                                  fffc543b         2   func ,g         * 
  _Excep_MTU4_TGIA4
                                  fffc543d         2   func ,g         * 
  _Excep_MTU4_TGIB4
                                  fffc543f         e   func ,g         * 
  _Excep_MTU4_TGIC4
                                  fffc544d         2   func ,g         * 
  _Excep_MTU4_TGID4
                                  fffc544f         2   func ,g         * 
  _Excep_MTU4_TCIV4
                                  fffc5451         2   func ,g         * 
  _Excep_MTU5_TGIU5
                                  fffc5453         2   func ,g         * 
  _Excep_MTU5_TGIV5
                                  fffc5455         2   func ,g         * 
  _Excep_MTU5_TGIW5
                                  fffc5457         2   func ,g         * 
  _Excep_POE_OEI1
                                  fffc5459         2   func ,g         * 
  _Excep_POE_OEI2
                                  fffc545b         2   func ,g         * 
  _Excep_TMR0_CMIA0
                                  fffc545d         2   func ,g         * 
  _Excep_TMR0_CMIB0
                                  fffc545f         2   func ,g         * 
  _Excep_TMR0_OVI0
                                  fffc5461         2   func ,g         * 
  _Excep_TMR1_CMIA1
                                  fffc5463         2   func ,g         * 
  _Excep_TMR1_CMIB1
                                  fffc5465         2   func ,g         * 
  _Excep_TMR1_OVI1
                                  fffc5467         2   func ,g         * 
  _Excep_TMR2_CMIA2
                                  fffc5469         2   func ,g         * 
  _Excep_TMR2_CMIB2
                                  fffc546b         2   func ,g         * 
  _Excep_TMR2_OVI2
                                  fffc546d         2   func ,g         * 
  _Excep_TMR3_CMIA3
                                  fffc546f         2   func ,g         * 
  _Excep_TMR3_CMIB3
                                  fffc5471         2   func ,g         * 
  _Excep_TMR3_OVI3
                                  fffc5473         2   func ,g         * 
  _Excep_DMAC_DMAC0I
                                  fffc5475         2   func ,g         * 
  _Excep_DMAC_DMAC1I
                                  fffc5477         2   func ,g         * 
  _Excep_DMAC_DMAC2I
                                  fffc5479         2   func ,g         * 
  _Excep_DMAC_DMAC3I
                                  fffc547b         2   func ,g         * 
  _Excep_SCI0_ERI0
                                  fffc547d         1   func ,g         * 
  _Excep_SCI0_RXI0
                                  fffc547e         1   func ,g         * 
  _Excep_SCI0_TXI0
                                  fffc547f         1   func ,g         * 
  _Excep_SCI0_TEI0
                                  fffc5480         1   func ,g         * 
  _Excep_SCI1_ERI1
                                  fffc5481         2   func ,g         * 
  _Excep_SCI1_RXI1
                                  fffc5483         2   func ,g         * 
  _Excep_SCI1_TXI1
                                  fffc5485         2   func ,g         * 
  _Excep_SCI1_TEI1
                                  fffc5487         2   func ,g         * 
  _Excep_SCI5_ERI5
                                  fffc5489         2   func ,g         * 
  _Excep_SCI5_RXI5
                                  fffc548b         2   func ,g         * 
  _Excep_SCI5_TXI5
                                  fffc548d         2   func ,g         * 
  _Excep_SCI5_TEI5
                                  fffc548f         2   func ,g         * 
  _Excep_SCI6_ERI6
                                  fffc5491         2   func ,g         * 
  _Excep_SCI6_RXI6
                                  fffc5493         2   func ,g         * 
  _Excep_SCI6_TXI6
                                  fffc5495         2   func ,g         * 
  _Excep_SCI6_TEI6
                                  fffc5497         2   func ,g         * 
  _Excep_SCI8_ERI8
                                  fffc5499         1   func ,g         * 
  _Excep_SCI8_RXI8
                                  fffc549a         1   func ,g         * 
  _Excep_SCI8_TXI8
                                  fffc549b         1   func ,g         * 
  _Excep_SCI8_TEI8
                                  fffc549c         1   func ,g         * 
  _Excep_SCI9_ERI9
                                  fffc549d         2   func ,g         * 
  _Excep_SCI9_RXI9
                                  fffc549f         2   func ,g         * 
  _Excep_SCI9_TXI9
                                  fffc54a1         2   func ,g         * 
  _Excep_SCI9_TEI9
                                  fffc54a3         2   func ,g         * 
  _Excep_SCI12_ERI12
                                  fffc54a5         2   func ,g         * 
  _Excep_SCI12_RXI12
                                  fffc54a7         2   func ,g         * 
  _Excep_SCI12_TXI12
                                  fffc54a9         2   func ,g         * 
  _Excep_SCI12_TEI12
                                  fffc54ab         2   func ,g         * 
  _Excep_SCI12_SCIX0
                                  fffc54ad         2   func ,g         * 
  _Excep_SCI12_SCIX1
                                  fffc54af         2   func ,g         * 
  _Excep_SCI12_SCIX2
                                  fffc54b1         2   func ,g         * 
  _Excep_SCI12_SCIX3
                                  fffc54b3         2   func ,g         * 
  _Excep_RIIC0_EEI0
                                  fffc54b5         2   func ,g         * 
  _Excep_RIIC0_RXI0
                                  fffc54b7         2   func ,g         * 
  _Excep_RIIC0_TXI0
                                  fffc54b9         2   func ,g         * 
  _Excep_RIIC0_TEI0
                                  fffc54bb         2   func ,g         * 

SECTION=W_1
FILE=DefaultBuild\RX220Mouse2.obj
                                  fffc54c0  fffc54cb         c

SECTION=L
FILE=DefaultBuild\RX220Mouse2.obj
                                  fffc54cc  fffc5626       15b

SECTION=$ADDR_C_FFFFFF80
FILE=DefaultBuild\vecttbl.obj
                                  ffffff80  ffffff83         4
  __MDEreg
                                  ffffff80         4   data ,g         * 

SECTION=$ADDR_C_FFFFFFA0
FILE=DefaultBuild\vecttbl.obj
                                  ffffffa0  ffffffaf        10
  _id_code
                                  ffffffa0        10   data ,g         * 

SECTION=FIXEDVECT
FILE=DefaultBuild\vecttbl.obj
                                  ffffffd0  ffffffff        30
  _Fixed_Vectors
                                  ffffffd0        30   data ,g         * 

*** Unfilled Areas ***

AREA                                START    END

*** Delete Symbols ***

SYMBOL                                SIZE    INFO
