Renesas Optimizing Linker (W3.07.00 )             01-Dec-2025 19:54:15

*** Options ***

-subcommand=DefaultBuild\RX220Mouse2.clnk
-library=DefaultBuild\RX220Mouse2.lib
-input=DefaultBuild\dbsct.obj
-input=DefaultBuild\intprg.obj
-input=DefaultBuild\resetprg.obj
-input=DefaultBuild\RX220Mouse2.obj
-input=DefaultBuild\sbrk.obj
-input=DefaultBuild\vecttbl.obj
-noprelink
-output=DefaultBuild\RX220Mouse2.abs
-list=DefaultBuild\RX220Mouse2.map
-show=symbol,total_size
-nooptimize
-start=B_1,R_1,B_2,R_2,B,R,SU,SI/04,PResetPRG/0FFFC0000,C_1,C_2,C,C$DSEC,C$BSEC,C$INIT,C$VTBL,C$VECT,D_1,D_2,D,P,PIntPRG,W_1,W_2,W,L/0FFFC0100,FIXEDVECT/0FFFFFFD0
-rom=D=R,D_1=R_1,D_2=R_2
-nologo
-end

*** Error information ***

*** Mapping List ***

SECTION                            START      END         SIZE   ALIGN
B_1
                                  00000004  00000218       215   1
R_1
                                  00000219  00000219         0   1
B_2
                                  0000021a  00000657       43e   2
R_2
                                  00000658  0000065d         6   2
B
                                  00000660  00000a67       408   4
R
                                  00000a68  00000a6f         8   4
SU
                                  00000a70  00000b6f       100   4
SI
                                  00000b70  00000e6f       300   4
PResetPRG
                                  fffc0000  fffc002b        2c   4
C_1
                                  fffc0100  fffc0100         0   1
C_2
                                  fffc0100  fffc10fb       ffc   2
C
                                  fffc10fc  fffc112f        34   4
C$DSEC
                                  fffc1130  fffc1153        24   4
C$BSEC
                                  fffc1154  fffc116b        18   4
C$INIT
                                  fffc116c  fffc116c         0   1
C$VTBL
                                  fffc116c  fffc116c         0   1
C$VECT
                                  fffc116c  fffc156b       400   4
D_1
                                  fffc156c  fffc156c         0   1
D_2
                                  fffc156c  fffc1571         6   2
D
                                  fffc1574  fffc157b         8   4
P
                                  fffc157c  fffc3e38      28bd   4
PIntPRG
                                  fffc3e39  fffc3f4b       113   1
W_1
                                  fffc3f4c  fffc3f4c         0   4
W_2
                                  fffc3f4c  fffc3f4c         0   1
W
                                  fffc3f4c  fffc3f4c         0   1
L
                                  fffc3f4c  fffc400f        c4   4
$ADDR_C_FFFFFF80
                                  ffffff80  ffffff83         4   1
$ADDR_C_FFFFFFA0
                                  ffffffa0  ffffffaf        10   1
FIXEDVECT
                                  ffffffd0  ffffffff        30   4

*** Total Section Size ***

RAMDATA SECTION:  00000e69 Byte(s)
ROMDATA SECTION:  00001582 Byte(s)
PROGRAM SECTION:  000029fc Byte(s)

*** Symbol List ***

SECTION=
FILE=                               START        END    SIZE
  SYMBOL                            ADDR        SIZE    INFO      COUNTS  OPT

SECTION=B_1
FILE=DefaultBuild\RX220Mouse2.obj
                                  00000004  00000218       215
  _LCD_DATA
                                  00000004        10   data ,g         * 
  _gspeed_index
                                  00000014         1   data ,g         * 
  _head
                                  00000015         1   data ,g         * 
  _head_change
                                  00000016         1   data ,g         * 
  _pos_x
                                  00000017         1   data ,g         * 
  _pos_y
                                  00000018         1   data ,g         * 
  _map
                                  00000019       100   data ,g         * 
  _p_map
                                  00000119       100   data ,g         * 

SECTION=B_2
FILE=DefaultBuild\RX220Mouse2.obj
                                  0000021a  00000657       43e
  _LCD_FLAG
                                  0000021a         2   data ,g         * 
  _LCD_PT
                                  0000021c         2   data ,g         * 
  _SENSOR_PT
                                  0000021e         2   data ,g         * 
  _Batt
                                  00000220         2   data ,g         * 
  _R_PRE
                                  00000222         2   data ,g         * 
  _L_PRE
                                  00000224         2   data ,g         * 
  _F_PRE
                                  00000226         2   data ,g         * 
  _R_SEN
                                  00000228         2   data ,g         * 
  _L_SEN
                                  0000022a         2   data ,g         * 
  _F_SEN
                                  0000022c         2   data ,g         * 
  _R_SW
                                  0000022e         2   data ,g         * 
  _L_SW
                                  00000230         2   data ,g         * 
  _F_SW
                                  00000232         2   data ,g         * 
  _R_REF
                                  00000234         2   data ,g         * 
  _L_REF
                                  00000236         2   data ,g         * 
  _R_LIM
                                  00000238         2   data ,g         * 
  _L_LIM
                                  0000023a         2   data ,g         * 
  _F_LIM
                                  0000023c         2   data ,g         * 
  _timerL
                                  0000023e         2   data ,g         * 
  _timerR
                                  00000240         2   data ,g         * 
  _ldir
                                  00000242         2   data ,g         * 
  _rdir
                                  00000244         2   data ,g         * 
  _speed
                                  00000246         2   data ,g         * 
  _speed_now
                                  00000248         2   data ,g         * 
  _MotorTimer
                                  0000024a         2   data ,g         * 
  _control_mode
                                  0000024c         2   data ,g         * 
  _STEP
                                  0000024e         2   data ,g         * 
  _GO_STEP
                                  00000250         2   data ,g         * 
  _TURN_STEP
                                  00000252         2   data ,g         * 
  _GSPEEDvar
                                  00000254         2   data ,g         * 
  _wall_sample_left
                                  00000256       200   data ,g         * 
  _wall_sample_right
                                  00000456       200   data ,g         * 
  _wall_sample_count
                                  00000656         2   data ,g         * 

SECTION=R_2
FILE=DefaultBuild\RX220Mouse2.obj
                                  00000658  0000065d         6
  _wait_timer
                                  00000658         2   data ,g         * 
  _stepf_r
                                  0000065a         2   data ,g         * 
  _stepf_l
                                  0000065c         2   data ,g         * 

SECTION=B
FILE=DefaultBuild\RX220Mouse2.obj
                                  00000660  00000667         8
  _step_r
                                  00000660         4   data ,g         * 
  _step_l
                                  00000664         4   data ,g         * 
FILE=DefaultBuild\sbrk.obj
                                  00000668  00000a67       400
  _heap_area
                                  00000668       400   data ,l         * 

SECTION=R
FILE=DefaultBuild\RX220Mouse2.obj
                                  00000a68  00000a6b         4
  _MODE
                                  00000a68         4   data ,g         * 
FILE=DefaultBuild\sbrk.obj
                                  00000a6c  00000a6f         4
  _brk
                                  00000a6c         4   data ,l         * 

SECTION=SU
FILE=DefaultBuild\resetprg.obj
                                  00000a70  00000b6f       100

SECTION=SI
FILE=DefaultBuild\resetprg.obj
                                  00000b70  00000e6f       300

SECTION=PResetPRG
FILE=DefaultBuild\resetprg.obj
                                  fffc0000  fffc002b        2c
  _PowerON_Reset_PC
                                  fffc0000        29   entry,g         * 

SECTION=C_2
FILE=DefaultBuild\RX220Mouse2.obj
                                  fffc0100  fffc10fb       ffc
  _AccTable
                                  fffc0100       fa0   data ,g         * 
  _GSSPEED
                                  fffc10a0        10   data ,l         * 
  _beep_data
                                  fffc10b0        4c   data ,l         * 

SECTION=C
FILE=DefaultBuild\dbsct.obj
                                  fffc10fc  fffc112f        34
  __CTBL
                                  fffc10fc        34   data ,g         * 

SECTION=C$DSEC
FILE=DefaultBuild\dbsct.obj
                                  fffc1130  fffc1153        24
  __DTBL
                                  fffc1130        24   data ,g         * 

SECTION=C$BSEC
FILE=DefaultBuild\dbsct.obj
                                  fffc1154  fffc116b        18
  __BTBL
                                  fffc1154        18   data ,g         * 

SECTION=C$VECT
FILE=DefaultBuild\dbsct.obj
                                  fffc116c  fffc156b       400

SECTION=D_2
FILE=DefaultBuild\RX220Mouse2.obj
                                  fffc156c  fffc1571         6

SECTION=D
FILE=DefaultBuild\RX220Mouse2.obj
                                  fffc1574  fffc1577         4
FILE=DefaultBuild\sbrk.obj
                                  fffc1578  fffc157b         4

SECTION=P
FILE=DefaultBuild\RX220Mouse2.obj
                                  fffc157c  fffc3db2      2837
  _LCD_init
                                  fffc157c        6d   func ,g         * 
  _LCD
                                  fffc15e9        82   func ,g         * 
  _LCD_clear
                                  fffc166b        23   func ,g         * 
  _LCD_print
                                  fffc168e        2d   func ,g         * 
  _LCD_dec_out
                                  fffc16bb        eb   func ,g         * 
  _LCD_com4
                                  fffc17a6        44   func ,g         * 
  _LCD_com8
                                  fffc17ea        14   func ,g         * 
  _LCD_dat8
                                  fffc17fe        7d   func ,g         * 
  _LCD_wait
                                  fffc187b        18   func ,g         * 
  _main
                                  fffc1893       156   func ,g         * 
  _IO_init
                                  fffc19e9       3fc   func ,g         * 
  _load_param
                                  fffc1de5        66   func ,g         * 
  _reset_wall_samples
                                  fffc1e4b         a   func ,g         * 
  _log_wall_samples
                                  fffc1e55        ab   func ,g         * 
  _update_wall_ref_from_log
                                  fffc1f00        79   func ,g         * 
  _timerc_200us
                                  fffc1f79       503   func ,g         * 
  _int_mot_r
                                  fffc247c        22   func ,g         * 
  _int_mot_l
                                  fffc249e        22   func ,g         * 
  _pause
                                  fffc24c0        1c   func ,g         * 
  _WaitKeyOff
                                  fffc24dc        43   func ,g         * 
  _beep
                                  fffc251f        4a   func ,g         * 
  _change_mode
                                  fffc2569        df   func ,g         * 
  _exec_mode
                                  fffc2648        9b   func ,g         * 
  _modeB1
                                  fffc26e3        3a   func ,g         * 
  _mode0
                                  fffc271d        e3   func ,g         * 
  _mode1
                                  fffc2800        de   func ,g         * 
  _mode2
                                  fffc28de        7c   func ,g         * 
  _mode3
                                  fffc295a        7d   func ,g         * 
  _mode4
                                  fffc29d7        76   func ,g         * 
  _update_gspeed_index
                                  fffc2a4d        67   func ,l         * 
  _select_gspeed
                                  fffc2ab4        87   func ,l         * 
  _mode5
                                  fffc2b3b        7e   func ,g         * 
  _mode6
                                  fffc2bb9        68   func ,g         * 
  _mode7
                                  fffc2c21        54   func ,g         * 
  _mouse_search
                                  fffc2c75       2d8   func ,g         * 
  _com_go
                                  fffc2f4d        ae   func ,g         * 
  _com_stop
                                  fffc2ffb        4f   func ,g         * 
  _com_turn
                                  fffc304a        fd   func ,g         * 
  _countdown
                                  fffc3147        6c   func ,g         * 
  _finish
                                  fffc31b3        30   func ,g         * 
  _map_writeDF
                                  fffc31e3        77   func ,g         * 
  _map_DFread
                                  fffc325a        8a   func ,g         * 
  _fcu_reset
                                  fffc32e4        1f   func ,g         * 
  _fcu_tope
                                  fffc3303        22   func ,g         * 
  _fcu_toread
                                  fffc3325        1e   func ,g         * 
  _error_check
                                  fffc3343        6e   func ,g         * 
  _clear_flash
                                  fffc33b1        32   func ,g         * 
  _wait_frdy
                                  fffc33e3        30   func ,g         * 
  _DFlash_init
                                  fffc3413        84   func ,g         * 
  _DFlash_bread
                                  fffc3497        44   func ,g         * 
  _DFlash_bprog
                                  fffc34db        65   func ,g         * 
  _get_wall_data
                                  fffc3540        56   func ,g         * 
  _clear_map
                                  fffc3596        e6   func ,g         * 
  _make_map_data
                                  fffc367c       199   func ,g         * 
  _make_potential
                                  fffc3815       390   func ,g         * 
  _search_adachi
                                  fffc3ba5       20e   func ,g         * 
FILE=DefaultBuild\sbrk.obj
                                  fffc3db3  fffc3dee        3c
  _sbrk
                                  fffc3db3        3c   func ,g         * 
FILE=__initsct
                                  fffc3def  fffc3e38        4a
  __INITSCT
                                  fffc3def         0   none ,g         * 
  loop1
                                  fffc3e01         0   none ,l         * 
  next_loop1
                                  fffc3e0f         0   none ,l         * 
  loop3
                                  fffc3e21         0   none ,l         * 
  next_loop3
                                  fffc3e32         0   none ,l         * 

SECTION=PIntPRG
FILE=DefaultBuild\intprg.obj
                                  fffc3e39  fffc3f4b       113
  _Excep_SuperVisorInst
                                  fffc3e39         2   func ,g         * 
  _Excep_UndefinedInst
                                  fffc3e3b         2   func ,g         * 
  _NonMaskableInterrupt
                                  fffc3e3d         2   func ,g         * 
  _Dummy
                                  fffc3e3f         2   func ,g         * 
  _Excep_BRK
                                  fffc3e41         4   func ,g         * 
  _Excep_BSC_BUSERR
                                  fffc3e45         2   func ,g         * 
  _Excep_FCU_FIFERR
                                  fffc3e47         2   func ,g         * 
  _Excep_FCU_FRDYI
                                  fffc3e49         2   func ,g         * 
  _Excep_ICU_SWINT
                                  fffc3e4b         2   func ,g         * 
  _Excep_CMT0_CMI0
                                  fffc3e4d         e   func ,g         * 
  _Excep_CMT1_CMI1
                                  fffc3e5b         2   func ,g         * 
  _Excep_CMT2_CMI2
                                  fffc3e5d         2   func ,g         * 
  _Excep_CMT3_CMI3
                                  fffc3e5f         2   func ,g         * 
  _Excep_CAC_FERRF
                                  fffc3e61         2   func ,g         * 
  _Excep_CAC_MENDF
                                  fffc3e63         2   func ,g         * 
  _Excep_CAC_OVFF
                                  fffc3e65         2   func ,g         * 
  _Excep_RSPI0_SPEI0
                                  fffc3e67         2   func ,g         * 
  _Excep_RSPI0_SPRI0
                                  fffc3e69         2   func ,g         * 
  _Excep_RSPI0_SPTI0
                                  fffc3e6b         2   func ,g         * 
  _Excep_RSPI0_SPII0
                                  fffc3e6d         2   func ,g         * 
  _Excep_DOC_DOPCF
                                  fffc3e6f         2   func ,g         * 
  _Excep_CMPB_CMPB0
                                  fffc3e71         1   func ,g         * 
  _Excep_CMPB_CMPB1
                                  fffc3e72         1   func ,g         * 
  _Excep_RTC_CUP
                                  fffc3e73         2   func ,g         * 
  _Excep_ICU_IRQ0
                                  fffc3e75         2   func ,g         * 
  _Excep_ICU_IRQ1
                                  fffc3e77         2   func ,g         * 
  _Excep_ICU_IRQ2
                                  fffc3e79         2   func ,g         * 
  _Excep_ICU_IRQ3
                                  fffc3e7b         2   func ,g         * 
  _Excep_ICU_IRQ4
                                  fffc3e7d         2   func ,g         * 
  _Excep_ICU_IRQ5
                                  fffc3e7f         2   func ,g         * 
  _Excep_ICU_IRQ6
                                  fffc3e81         2   func ,g         * 
  _Excep_ICU_IRQ7
                                  fffc3e83         2   func ,g         * 
  _Excep_LVD_LVD1
                                  fffc3e85         2   func ,g         * 
  _Excep_LVD_LVD2
                                  fffc3e87         2   func ,g         * 
  _Excep_CMPA_CMPA1
                                  fffc3e89         1   func ,g         * 
  _Excep_CMPA_CMPA2
                                  fffc3e8a         1   func ,g         * 
  _Excep_RTC_ALM
                                  fffc3e8b         2   func ,g         * 
  _Excep_RTC_PRD
                                  fffc3e8d         2   func ,g         * 
  _Excep_S12AD_S12ADI0
                                  fffc3e8f         2   func ,g         * 
  _Excep_S12AD_GBADI
                                  fffc3e91         2   func ,g         * 
  _Excep_ELC_ELSR18I
                                  fffc3e93         2   func ,g         * 
  _Excep_ELC_ELSR19I
                                  fffc3e95         1   func ,g         * 
  _Excep_MTU0_TGIA0
                                  fffc3e96         2   func ,g         * 
  _Excep_MTU0_TGIB0
                                  fffc3e98         2   func ,g         * 
  _Excep_MTU0_TGIC0
                                  fffc3e9a         2   func ,g         * 
  _Excep_MTU0_TGID0
                                  fffc3e9c         2   func ,g         * 
  _Excep_MTU0_TCIV0
                                  fffc3e9e         2   func ,g         * 
  _Excep_MTU0_TGIE0
                                  fffc3ea0         2   func ,g         * 
  _Excep_MTU0_TGIF0
                                  fffc3ea2         2   func ,g         * 
  _Excep_MTU1_TGIA1
                                  fffc3ea4         2   func ,g         * 
  _Excep_MTU1_TGIB1
                                  fffc3ea6         2   func ,g         * 
  _Excep_MTU1_TCIV1
                                  fffc3ea8         2   func ,g         * 
  _Excep_MTU1_TCIU1
                                  fffc3eaa         2   func ,g         * 
  _Excep_MTU2_TGIA2
                                  fffc3eac         2   func ,g         * 
  _Excep_MTU2_TGIB2
                                  fffc3eae         2   func ,g         * 
  _Excep_MTU2_TCIV2
                                  fffc3eb0         2   func ,g         * 
  _Excep_MTU2_TCIU2
                                  fffc3eb2         2   func ,g         * 
  _Excep_MTU3_TGIA3
                                  fffc3eb4         2   func ,g         * 
  _Excep_MTU3_TGIB3
                                  fffc3eb6         e   func ,g         * 
  _Excep_MTU3_TGIC3
                                  fffc3ec4         2   func ,g         * 
  _Excep_MTU3_TGID3
                                  fffc3ec6         2   func ,g         * 
  _Excep_MTU3_TCIV3
                                  fffc3ec8         2   func ,g         * 
  _Excep_MTU4_TGIA4
                                  fffc3eca         2   func ,g         * 
  _Excep_MTU4_TGIB4
                                  fffc3ecc         e   func ,g         * 
  _Excep_MTU4_TGIC4
                                  fffc3eda         2   func ,g         * 
  _Excep_MTU4_TGID4
                                  fffc3edc         2   func ,g         * 
  _Excep_MTU4_TCIV4
                                  fffc3ede         2   func ,g         * 
  _Excep_MTU5_TGIU5
                                  fffc3ee0         2   func ,g         * 
  _Excep_MTU5_TGIV5
                                  fffc3ee2         2   func ,g         * 
  _Excep_MTU5_TGIW5
                                  fffc3ee4         2   func ,g         * 
  _Excep_POE_OEI1
                                  fffc3ee6         2   func ,g         * 
  _Excep_POE_OEI2
                                  fffc3ee8         2   func ,g         * 
  _Excep_TMR0_CMIA0
                                  fffc3eea         2   func ,g         * 
  _Excep_TMR0_CMIB0
                                  fffc3eec         2   func ,g         * 
  _Excep_TMR0_OVI0
                                  fffc3eee         2   func ,g         * 
  _Excep_TMR1_CMIA1
                                  fffc3ef0         2   func ,g         * 
  _Excep_TMR1_CMIB1
                                  fffc3ef2         2   func ,g         * 
  _Excep_TMR1_OVI1
                                  fffc3ef4         2   func ,g         * 
  _Excep_TMR2_CMIA2
                                  fffc3ef6         2   func ,g         * 
  _Excep_TMR2_CMIB2
                                  fffc3ef8         2   func ,g         * 
  _Excep_TMR2_OVI2
                                  fffc3efa         2   func ,g         * 
  _Excep_TMR3_CMIA3
                                  fffc3efc         2   func ,g         * 
  _Excep_TMR3_CMIB3
                                  fffc3efe         2   func ,g         * 
  _Excep_TMR3_OVI3
                                  fffc3f00         2   func ,g         * 
  _Excep_DMAC_DMAC0I
                                  fffc3f02         2   func ,g         * 
  _Excep_DMAC_DMAC1I
                                  fffc3f04         2   func ,g         * 
  _Excep_DMAC_DMAC2I
                                  fffc3f06         2   func ,g         * 
  _Excep_DMAC_DMAC3I
                                  fffc3f08         2   func ,g         * 
  _Excep_SCI0_ERI0
                                  fffc3f0a         1   func ,g         * 
  _Excep_SCI0_RXI0
                                  fffc3f0b         1   func ,g         * 
  _Excep_SCI0_TXI0
                                  fffc3f0c         1   func ,g         * 
  _Excep_SCI0_TEI0
                                  fffc3f0d         1   func ,g         * 
  _Excep_SCI1_ERI1
                                  fffc3f0e         2   func ,g         * 
  _Excep_SCI1_RXI1
                                  fffc3f10         2   func ,g         * 
  _Excep_SCI1_TXI1
                                  fffc3f12         2   func ,g         * 
  _Excep_SCI1_TEI1
                                  fffc3f14         2   func ,g         * 
  _Excep_SCI5_ERI5
                                  fffc3f16         2   func ,g         * 
  _Excep_SCI5_RXI5
                                  fffc3f18         2   func ,g         * 
  _Excep_SCI5_TXI5
                                  fffc3f1a         2   func ,g         * 
  _Excep_SCI5_TEI5
                                  fffc3f1c         2   func ,g         * 
  _Excep_SCI6_ERI6
                                  fffc3f1e         2   func ,g         * 
  _Excep_SCI6_RXI6
                                  fffc3f20         2   func ,g         * 
  _Excep_SCI6_TXI6
                                  fffc3f22         2   func ,g         * 
  _Excep_SCI6_TEI6
                                  fffc3f24         2   func ,g         * 
  _Excep_SCI8_ERI8
                                  fffc3f26         1   func ,g         * 
  _Excep_SCI8_RXI8
                                  fffc3f27         1   func ,g         * 
  _Excep_SCI8_TXI8
                                  fffc3f28         1   func ,g         * 
  _Excep_SCI8_TEI8
                                  fffc3f29         1   func ,g         * 
  _Excep_SCI9_ERI9
                                  fffc3f2a         2   func ,g         * 
  _Excep_SCI9_RXI9
                                  fffc3f2c         2   func ,g         * 
  _Excep_SCI9_TXI9
                                  fffc3f2e         2   func ,g         * 
  _Excep_SCI9_TEI9
                                  fffc3f30         2   func ,g         * 
  _Excep_SCI12_ERI12
                                  fffc3f32         2   func ,g         * 
  _Excep_SCI12_RXI12
                                  fffc3f34         2   func ,g         * 
  _Excep_SCI12_TXI12
                                  fffc3f36         2   func ,g         * 
  _Excep_SCI12_TEI12
                                  fffc3f38         2   func ,g         * 
  _Excep_SCI12_SCIX0
                                  fffc3f3a         2   func ,g         * 
  _Excep_SCI12_SCIX1
                                  fffc3f3c         2   func ,g         * 
  _Excep_SCI12_SCIX2
                                  fffc3f3e         2   func ,g         * 
  _Excep_SCI12_SCIX3
                                  fffc3f40         2   func ,g         * 
  _Excep_RIIC0_EEI0
                                  fffc3f42         2   func ,g         * 
  _Excep_RIIC0_RXI0
                                  fffc3f44         2   func ,g         * 
  _Excep_RIIC0_TXI0
                                  fffc3f46         2   func ,g         * 
  _Excep_RIIC0_TEI0
                                  fffc3f48         2   func ,g         * 

SECTION=L
FILE=DefaultBuild\RX220Mouse2.obj
                                  fffc3f4c  fffc400f        c4

SECTION=$ADDR_C_FFFFFF80
FILE=DefaultBuild\vecttbl.obj
                                  ffffff80  ffffff83         4
  __MDEreg
                                  ffffff80         4   data ,g         * 

SECTION=$ADDR_C_FFFFFFA0
FILE=DefaultBuild\vecttbl.obj
                                  ffffffa0  ffffffaf        10
  _id_code
                                  ffffffa0        10   data ,g         * 

SECTION=FIXEDVECT
FILE=DefaultBuild\vecttbl.obj
                                  ffffffd0  ffffffff        30
  _Fixed_Vectors
                                  ffffffd0        30   data ,g         * 

*** Unfilled Areas ***

AREA                                START    END

*** Delete Symbols ***

SYMBOL                                SIZE    INFO
