Renesas Optimizing Linker (W3.07.00 )             01-Dec-2025 16:32:05

*** Options ***

-subcommand=DefaultBuild\RX220Mouse2.clnk
-library=DefaultBuild\RX220Mouse2.lib
-input=DefaultBuild\dbsct.obj
-input=DefaultBuild\intprg.obj
-input=DefaultBuild\resetprg.obj
-input=DefaultBuild\RX220Mouse2.obj
-input=DefaultBuild\sbrk.obj
-input=DefaultBuild\vecttbl.obj
-noprelink
-output=DefaultBuild\RX220Mouse2.abs
-list=DefaultBuild\RX220Mouse2.map
-show=symbol,total_size
-nooptimize
-start=B_1,R_1,B_2,R_2,B,R,SU,SI/04,PResetPRG/0FFFC0000,C_1,C_2,C,C$DSEC,C$BSEC,C$INIT,C$VTBL,C$VECT,D_1,D_2,D,P,PIntPRG,W_1,W_2,W,L/0FFFC0100,FIXEDVECT/0FFFFFFD0
-rom=D=R,D_1=R_1,D_2=R_2
-nologo
-end

*** Error information ***

*** Mapping List ***

SECTION                            START      END         SIZE   ALIGN
B_1
                                  00000004  00000218       215   1
R_1
                                  00000219  00000219         0   1
B_2
                                  0000021a  00000255        3c   2
R_2
                                  00000256  00000277        22   2
B
                                  00000278  0000067f       408   4
R
                                  00000680  00000687         8   4
SU
                                  00000688  00000787       100   4
SI
                                  00000788  00000a87       300   4
PResetPRG
                                  fffc0000  fffc002b        2c   4
C_1
                                  fffc0100  fffc0100         0   1
C_2
                                  fffc0100  fffc10af       fb0   2
C
                                  fffc10b0  fffc10e3        34   4
C$DSEC
                                  fffc10e4  fffc1107        24   4
C$BSEC
                                  fffc1108  fffc111f        18   4
C$INIT
                                  fffc1120  fffc1120         0   1
C$VTBL
                                  fffc1120  fffc1120         0   1
C$VECT
                                  fffc1120  fffc151f       400   4
D_1
                                  fffc1520  fffc1520         0   1
D_2
                                  fffc1520  fffc1541        22   2
D
                                  fffc1544  fffc154b         8   4
P
                                  fffc154c  fffc3cb1      2766   4
PIntPRG
                                  fffc3cb2  fffc3dc3       112   1
W_1
                                  fffc3dc4  fffc3dc4         0   4
W_2
                                  fffc3dc4  fffc3dc4         0   1
W
                                  fffc3dc4  fffc3dc4         0   1
L
                                  fffc3dc4  fffc3e87        c4   4
$ADDR_C_FFFFFF80
                                  ffffff80  ffffff83         4   1
$ADDR_C_FFFFFFA0
                                  ffffffa0  ffffffaf        10   1
FIXEDVECT
                                  ffffffd0  ffffffff        30   4

*** Total Section Size ***

RAMDATA SECTION:  00000a83 Byte(s)
ROMDATA SECTION:  00001552 Byte(s)
PROGRAM SECTION:  000028a4 Byte(s)

*** Symbol List ***

SECTION=
FILE=                               START        END    SIZE
  SYMBOL                            ADDR        SIZE    INFO      COUNTS  OPT

SECTION=B_1
FILE=DefaultBuild\RX220Mouse2.obj
                                  00000004  00000218       215
  _LCD_DATA
                                  00000004        10   data ,g         * 
  _gspeed_index
                                  00000014         1   data ,g         * 
  _head
                                  00000015         1   data ,g         * 
  _head_change
                                  00000016         1   data ,g         * 
  _pos_x
                                  00000017         1   data ,g         * 
  _pos_y
                                  00000018         1   data ,g         * 
  _map
                                  00000019       100   data ,g         * 
  _p_map
                                  00000119       100   data ,g         * 

SECTION=B_2
FILE=DefaultBuild\RX220Mouse2.obj
                                  0000021a  00000255        3c
  _LCD_FLAG
                                  0000021a         2   data ,g         * 
  _LCD_PT
                                  0000021c         2   data ,g         * 
  _SENSOR_PT
                                  0000021e         2   data ,g         * 
  _Batt
                                  00000220         2   data ,g         * 
  _R_PRE
                                  00000222         2   data ,g         * 
  _L_PRE
                                  00000224         2   data ,g         * 
  _F_PRE
                                  00000226         2   data ,g         * 
  _R_SEN
                                  00000228         2   data ,g         * 
  _L_SEN
                                  0000022a         2   data ,g         * 
  _F_SEN
                                  0000022c         2   data ,g         * 
  _R_SW
                                  0000022e         2   data ,g         * 
  _L_SW
                                  00000230         2   data ,g         * 
  _F_SW
                                  00000232         2   data ,g         * 
  _R_REF
                                  00000234         2   data ,g         * 
  _L_REF
                                  00000236         2   data ,g         * 
  _R_LIM
                                  00000238         2   data ,g         * 
  _L_LIM
                                  0000023a         2   data ,g         * 
  _F_LIM
                                  0000023c         2   data ,g         * 
  _timerL
                                  0000023e         2   data ,g         * 
  _timerR
                                  00000240         2   data ,g         * 
  _ldir
                                  00000242         2   data ,g         * 
  _rdir
                                  00000244         2   data ,g         * 
  _speed
                                  00000246         2   data ,g         * 
  _speed_now
                                  00000248         2   data ,g         * 
  _MotorTimer
                                  0000024a         2   data ,g         * 
  _control_mode
                                  0000024c         2   data ,g         * 
  _STEP
                                  0000024e         2   data ,g         * 
  _GO_STEP
                                  00000250         2   data ,g         * 
  _TURN_STEP
                                  00000252         2   data ,g         * 
  _GSPEEDvar
                                  00000254         2   data ,g         * 

SECTION=R_2
FILE=DefaultBuild\RX220Mouse2.obj
                                  00000256  00000277        22
  _wait_timer
                                  00000256         2   data ,g         * 
  _beep_data
                                  00000258        1c   data ,g         * 
  _stepf_r
                                  00000274         2   data ,g         * 
  _stepf_l
                                  00000276         2   data ,g         * 

SECTION=B
FILE=DefaultBuild\RX220Mouse2.obj
                                  00000278  0000027f         8
  _step_r
                                  00000278         4   data ,g         * 
  _step_l
                                  0000027c         4   data ,g         * 
FILE=DefaultBuild\sbrk.obj
                                  00000280  0000067f       400
  _heap_area
                                  00000280       400   data ,l         * 

SECTION=R
FILE=DefaultBuild\RX220Mouse2.obj
                                  00000680  00000683         4
  _MODE
                                  00000680         4   data ,g         * 
FILE=DefaultBuild\sbrk.obj
                                  00000684  00000687         4
  _brk
                                  00000684         4   data ,l         * 

SECTION=SU
FILE=DefaultBuild\resetprg.obj
                                  00000688  00000787       100

SECTION=SI
FILE=DefaultBuild\resetprg.obj
                                  00000788  00000a87       300

SECTION=PResetPRG
FILE=DefaultBuild\resetprg.obj
                                  fffc0000  fffc002b        2c
  _PowerON_Reset_PC
                                  fffc0000        29   entry,g         * 

SECTION=C_2
FILE=DefaultBuild\RX220Mouse2.obj
                                  fffc0100  fffc10af       fb0
  _AccTable
                                  fffc0100       fa0   data ,g         * 
  _GSSPEED
                                  fffc10a0        10   data ,l         * 

SECTION=C
FILE=DefaultBuild\dbsct.obj
                                  fffc10b0  fffc10e3        34
  __CTBL
                                  fffc10b0        34   data ,g         * 

SECTION=C$DSEC
FILE=DefaultBuild\dbsct.obj
                                  fffc10e4  fffc1107        24
  __DTBL
                                  fffc10e4        24   data ,g         * 

SECTION=C$BSEC
FILE=DefaultBuild\dbsct.obj
                                  fffc1108  fffc111f        18
  __BTBL
                                  fffc1108        18   data ,g         * 

SECTION=C$VECT
FILE=DefaultBuild\dbsct.obj
                                  fffc1120  fffc151f       400

SECTION=D_2
FILE=DefaultBuild\RX220Mouse2.obj
                                  fffc1520  fffc1541        22

SECTION=D
FILE=DefaultBuild\RX220Mouse2.obj
                                  fffc1544  fffc1547         4
FILE=DefaultBuild\sbrk.obj
                                  fffc1548  fffc154b         4

SECTION=P
FILE=DefaultBuild\RX220Mouse2.obj
                                  fffc154c  fffc3c2b      26e0
  _LCD_init
                                  fffc154c        6d   func ,g         * 
  _LCD
                                  fffc15b9        82   func ,g         * 
  _LCD_clear
                                  fffc163b        23   func ,g         * 
  _LCD_print
                                  fffc165e        2d   func ,g         * 
  _LCD_dec_out
                                  fffc168b        eb   func ,g         * 
  _LCD_com4
                                  fffc1776        44   func ,g         * 
  _LCD_com8
                                  fffc17ba        14   func ,g         * 
  _LCD_dat8
                                  fffc17ce        7d   func ,g         * 
  _LCD_wait
                                  fffc184b        18   func ,g         * 
  _main
                                  fffc1863       154   func ,g         * 
  _IO_init
                                  fffc19b7       3fc   func ,g         * 
  _load_param
                                  fffc1db3        66   func ,g         * 
  _timerc_200us
                                  fffc1e19       503   func ,g         * 
  _int_mot_r
                                  fffc231c        22   func ,g         * 
  _int_mot_l
                                  fffc233e        22   func ,g         * 
  _pause
                                  fffc2360        1c   func ,g         * 
  _WaitKeyOff
                                  fffc237c        43   func ,g         * 
  _beep
                                  fffc23bf        2d   func ,g         * 
  _change_mode
                                  fffc23ec        df   func ,g         * 
  _exec_mode
                                  fffc24cb        9b   func ,g         * 
  _modeB1
                                  fffc2566        3a   func ,g         * 
  _mode0
                                  fffc25a0        e3   func ,g         * 
  _mode1
                                  fffc2683        de   func ,g         * 
  _mode2
                                  fffc2761        7c   func ,g         * 
  _mode3
                                  fffc27dd        7d   func ,g         * 
  _mode4
                                  fffc285a        76   func ,g         * 
  _update_gspeed_index
                                  fffc28d0        67   func ,l         * 
  _select_gspeed
                                  fffc2937        87   func ,l         * 
  _mode5
                                  fffc29be        7e   func ,g         * 
  _mode6
                                  fffc2a3c        68   func ,g         * 
  _mode7
                                  fffc2aa4        54   func ,g         * 
  _mouse_search
                                  fffc2af8       2d5   func ,g         * 
  _com_go
                                  fffc2dcd        ae   func ,g         * 
  _com_stop
                                  fffc2e7b        4f   func ,g         * 
  _com_turn
                                  fffc2eca        fd   func ,g         * 
  _countdown
                                  fffc2fc7        6b   func ,g         * 
  _finish
                                  fffc3032        2a   func ,g         * 
  _map_writeDF
                                  fffc305c        77   func ,g         * 
  _map_DFread
                                  fffc30d3        8a   func ,g         * 
  _fcu_reset
                                  fffc315d        1f   func ,g         * 
  _fcu_tope
                                  fffc317c        22   func ,g         * 
  _fcu_toread
                                  fffc319e        1e   func ,g         * 
  _error_check
                                  fffc31bc        6e   func ,g         * 
  _clear_flash
                                  fffc322a        32   func ,g         * 
  _wait_frdy
                                  fffc325c        30   func ,g         * 
  _DFlash_init
                                  fffc328c        84   func ,g         * 
  _DFlash_bread
                                  fffc3310        44   func ,g         * 
  _DFlash_bprog
                                  fffc3354        65   func ,g         * 
  _get_wall_data
                                  fffc33b9        56   func ,g         * 
  _clear_map
                                  fffc340f        e6   func ,g         * 
  _make_map_data
                                  fffc34f5       199   func ,g         * 
  _make_potential
                                  fffc368e       390   func ,g         * 
  _search_adachi
                                  fffc3a1e       20e   func ,g         * 
FILE=DefaultBuild\sbrk.obj
                                  fffc3c2c  fffc3c67        3c
  _sbrk
                                  fffc3c2c        3c   func ,g         * 
FILE=__initsct
                                  fffc3c68  fffc3cb1        4a
  __INITSCT
                                  fffc3c68         0   none ,g         * 
  loop1
                                  fffc3c7a         0   none ,l         * 
  next_loop1
                                  fffc3c88         0   none ,l         * 
  loop3
                                  fffc3c9a         0   none ,l         * 
  next_loop3
                                  fffc3cab         0   none ,l         * 

SECTION=PIntPRG
FILE=DefaultBuild\intprg.obj
                                  fffc3cb2  fffc3dc3       112
  _Excep_SuperVisorInst
                                  fffc3cb2         2   func ,g         * 
  _Excep_UndefinedInst
                                  fffc3cb4         2   func ,g         * 
  _NonMaskableInterrupt
                                  fffc3cb6         2   func ,g         * 
  _Dummy
                                  fffc3cb8         2   func ,g         * 
  _Excep_BRK
                                  fffc3cba         4   func ,g         * 
  _Excep_BSC_BUSERR
                                  fffc3cbe         2   func ,g         * 
  _Excep_FCU_FIFERR
                                  fffc3cc0         2   func ,g         * 
  _Excep_FCU_FRDYI
                                  fffc3cc2         2   func ,g         * 
  _Excep_ICU_SWINT
                                  fffc3cc4         2   func ,g         * 
  _Excep_CMT0_CMI0
                                  fffc3cc6         e   func ,g         * 
  _Excep_CMT1_CMI1
                                  fffc3cd4         2   func ,g         * 
  _Excep_CMT2_CMI2
                                  fffc3cd6         2   func ,g         * 
  _Excep_CMT3_CMI3
                                  fffc3cd8         2   func ,g         * 
  _Excep_CAC_FERRF
                                  fffc3cda         2   func ,g         * 
  _Excep_CAC_MENDF
                                  fffc3cdc         2   func ,g         * 
  _Excep_CAC_OVFF
                                  fffc3cde         2   func ,g         * 
  _Excep_RSPI0_SPEI0
                                  fffc3ce0         2   func ,g         * 
  _Excep_RSPI0_SPRI0
                                  fffc3ce2         2   func ,g         * 
  _Excep_RSPI0_SPTI0
                                  fffc3ce4         2   func ,g         * 
  _Excep_RSPI0_SPII0
                                  fffc3ce6         2   func ,g         * 
  _Excep_DOC_DOPCF
                                  fffc3ce8         2   func ,g         * 
  _Excep_CMPB_CMPB0
                                  fffc3cea         1   func ,g         * 
  _Excep_CMPB_CMPB1
                                  fffc3ceb         1   func ,g         * 
  _Excep_RTC_CUP
                                  fffc3cec         2   func ,g         * 
  _Excep_ICU_IRQ0
                                  fffc3cee         2   func ,g         * 
  _Excep_ICU_IRQ1
                                  fffc3cf0         2   func ,g         * 
  _Excep_ICU_IRQ2
                                  fffc3cf2         2   func ,g         * 
  _Excep_ICU_IRQ3
                                  fffc3cf4         2   func ,g         * 
  _Excep_ICU_IRQ4
                                  fffc3cf6         2   func ,g         * 
  _Excep_ICU_IRQ5
                                  fffc3cf8         2   func ,g         * 
  _Excep_ICU_IRQ6
                                  fffc3cfa         2   func ,g         * 
  _Excep_ICU_IRQ7
                                  fffc3cfc         2   func ,g         * 
  _Excep_LVD_LVD1
                                  fffc3cfe         2   func ,g         * 
  _Excep_LVD_LVD2
                                  fffc3d00         2   func ,g         * 
  _Excep_CMPA_CMPA1
                                  fffc3d02         1   func ,g         * 
  _Excep_CMPA_CMPA2
                                  fffc3d03         1   func ,g         * 
  _Excep_RTC_ALM
                                  fffc3d04         2   func ,g         * 
  _Excep_RTC_PRD
                                  fffc3d06         2   func ,g         * 
  _Excep_S12AD_S12ADI0
                                  fffc3d08         2   func ,g         * 
  _Excep_S12AD_GBADI
                                  fffc3d0a         2   func ,g         * 
  _Excep_ELC_ELSR18I
                                  fffc3d0c         2   func ,g         * 
  _Excep_ELC_ELSR19I
                                  fffc3d0e         1   func ,g         * 
  _Excep_MTU0_TGIA0
                                  fffc3d0f         2   func ,g         * 
  _Excep_MTU0_TGIB0
                                  fffc3d11         2   func ,g         * 
  _Excep_MTU0_TGIC0
                                  fffc3d13         2   func ,g         * 
  _Excep_MTU0_TGID0
                                  fffc3d15         2   func ,g         * 
  _Excep_MTU0_TCIV0
                                  fffc3d17         2   func ,g         * 
  _Excep_MTU0_TGIE0
                                  fffc3d19         2   func ,g         * 
  _Excep_MTU0_TGIF0
                                  fffc3d1b         2   func ,g         * 
  _Excep_MTU1_TGIA1
                                  fffc3d1d         2   func ,g         * 
  _Excep_MTU1_TGIB1
                                  fffc3d1f         2   func ,g         * 
  _Excep_MTU1_TCIV1
                                  fffc3d21         2   func ,g         * 
  _Excep_MTU1_TCIU1
                                  fffc3d23         2   func ,g         * 
  _Excep_MTU2_TGIA2
                                  fffc3d25         2   func ,g         * 
  _Excep_MTU2_TGIB2
                                  fffc3d27         2   func ,g         * 
  _Excep_MTU2_TCIV2
                                  fffc3d29         2   func ,g         * 
  _Excep_MTU2_TCIU2
                                  fffc3d2b         2   func ,g         * 
  _Excep_MTU3_TGIA3
                                  fffc3d2d         2   func ,g         * 
  _Excep_MTU3_TGIB3
                                  fffc3d2f         e   func ,g         * 
  _Excep_MTU3_TGIC3
                                  fffc3d3d         2   func ,g         * 
  _Excep_MTU3_TGID3
                                  fffc3d3f         2   func ,g         * 
  _Excep_MTU3_TCIV3
                                  fffc3d41         2   func ,g         * 
  _Excep_MTU4_TGIA4
                                  fffc3d43         2   func ,g         * 
  _Excep_MTU4_TGIB4
                                  fffc3d45         e   func ,g         * 
  _Excep_MTU4_TGIC4
                                  fffc3d53         2   func ,g         * 
  _Excep_MTU4_TGID4
                                  fffc3d55         2   func ,g         * 
  _Excep_MTU4_TCIV4
                                  fffc3d57         2   func ,g         * 
  _Excep_MTU5_TGIU5
                                  fffc3d59         2   func ,g         * 
  _Excep_MTU5_TGIV5
                                  fffc3d5b         2   func ,g         * 
  _Excep_MTU5_TGIW5
                                  fffc3d5d         2   func ,g         * 
  _Excep_POE_OEI1
                                  fffc3d5f         2   func ,g         * 
  _Excep_POE_OEI2
                                  fffc3d61         2   func ,g         * 
  _Excep_TMR0_CMIA0
                                  fffc3d63         2   func ,g         * 
  _Excep_TMR0_CMIB0
                                  fffc3d65         2   func ,g         * 
  _Excep_TMR0_OVI0
                                  fffc3d67         2   func ,g         * 
  _Excep_TMR1_CMIA1
                                  fffc3d69         2   func ,g         * 
  _Excep_TMR1_CMIB1
                                  fffc3d6b         2   func ,g         * 
  _Excep_TMR1_OVI1
                                  fffc3d6d         2   func ,g         * 
  _Excep_TMR2_CMIA2
                                  fffc3d6f         2   func ,g         * 
  _Excep_TMR2_CMIB2
                                  fffc3d71         2   func ,g         * 
  _Excep_TMR2_OVI2
                                  fffc3d73         2   func ,g         * 
  _Excep_TMR3_CMIA3
                                  fffc3d75         2   func ,g         * 
  _Excep_TMR3_CMIB3
                                  fffc3d77         2   func ,g         * 
  _Excep_TMR3_OVI3
                                  fffc3d79         2   func ,g         * 
  _Excep_DMAC_DMAC0I
                                  fffc3d7b         2   func ,g         * 
  _Excep_DMAC_DMAC1I
                                  fffc3d7d         2   func ,g         * 
  _Excep_DMAC_DMAC2I
                                  fffc3d7f         2   func ,g         * 
  _Excep_DMAC_DMAC3I
                                  fffc3d81         2   func ,g         * 
  _Excep_SCI0_ERI0
                                  fffc3d83         1   func ,g         * 
  _Excep_SCI0_RXI0
                                  fffc3d84         1   func ,g         * 
  _Excep_SCI0_TXI0
                                  fffc3d85         1   func ,g         * 
  _Excep_SCI0_TEI0
                                  fffc3d86         1   func ,g         * 
  _Excep_SCI1_ERI1
                                  fffc3d87         2   func ,g         * 
  _Excep_SCI1_RXI1
                                  fffc3d89         2   func ,g         * 
  _Excep_SCI1_TXI1
                                  fffc3d8b         2   func ,g         * 
  _Excep_SCI1_TEI1
                                  fffc3d8d         2   func ,g         * 
  _Excep_SCI5_ERI5
                                  fffc3d8f         2   func ,g         * 
  _Excep_SCI5_RXI5
                                  fffc3d91         2   func ,g         * 
  _Excep_SCI5_TXI5
                                  fffc3d93         2   func ,g         * 
  _Excep_SCI5_TEI5
                                  fffc3d95         2   func ,g         * 
  _Excep_SCI6_ERI6
                                  fffc3d97         2   func ,g         * 
  _Excep_SCI6_RXI6
                                  fffc3d99         2   func ,g         * 
  _Excep_SCI6_TXI6
                                  fffc3d9b         2   func ,g         * 
  _Excep_SCI6_TEI6
                                  fffc3d9d         2   func ,g         * 
  _Excep_SCI8_ERI8
                                  fffc3d9f         1   func ,g         * 
  _Excep_SCI8_RXI8
                                  fffc3da0         1   func ,g         * 
  _Excep_SCI8_TXI8
                                  fffc3da1         1   func ,g         * 
  _Excep_SCI8_TEI8
                                  fffc3da2         1   func ,g         * 
  _Excep_SCI9_ERI9
                                  fffc3da3         2   func ,g         * 
  _Excep_SCI9_RXI9
                                  fffc3da5         2   func ,g         * 
  _Excep_SCI9_TXI9
                                  fffc3da7         2   func ,g         * 
  _Excep_SCI9_TEI9
                                  fffc3da9         2   func ,g         * 
  _Excep_SCI12_ERI12
                                  fffc3dab         2   func ,g         * 
  _Excep_SCI12_RXI12
                                  fffc3dad         2   func ,g         * 
  _Excep_SCI12_TXI12
                                  fffc3daf         2   func ,g         * 
  _Excep_SCI12_TEI12
                                  fffc3db1         2   func ,g         * 
  _Excep_SCI12_SCIX0
                                  fffc3db3         2   func ,g         * 
  _Excep_SCI12_SCIX1
                                  fffc3db5         2   func ,g         * 
  _Excep_SCI12_SCIX2
                                  fffc3db7         2   func ,g         * 
  _Excep_SCI12_SCIX3
                                  fffc3db9         2   func ,g         * 
  _Excep_RIIC0_EEI0
                                  fffc3dbb         2   func ,g         * 
  _Excep_RIIC0_RXI0
                                  fffc3dbd         2   func ,g         * 
  _Excep_RIIC0_TXI0
                                  fffc3dbf         2   func ,g         * 
  _Excep_RIIC0_TEI0
                                  fffc3dc1         2   func ,g         * 

SECTION=L
FILE=DefaultBuild\RX220Mouse2.obj
                                  fffc3dc4  fffc3e87        c4

SECTION=$ADDR_C_FFFFFF80
FILE=DefaultBuild\vecttbl.obj
                                  ffffff80  ffffff83         4
  __MDEreg
                                  ffffff80         4   data ,g         * 

SECTION=$ADDR_C_FFFFFFA0
FILE=DefaultBuild\vecttbl.obj
                                  ffffffa0  ffffffaf        10
  _id_code
                                  ffffffa0        10   data ,g         * 

SECTION=FIXEDVECT
FILE=DefaultBuild\vecttbl.obj
                                  ffffffd0  ffffffff        30
  _Fixed_Vectors
                                  ffffffd0        30   data ,g         * 

*** Unfilled Areas ***

AREA                                START    END

*** Delete Symbols ***

SYMBOL                                SIZE    INFO
