Renesas Optimizing Linker (W3.07.00 )             23-Dec-2025 20:22:50

*** Options ***

-subcommand=DefaultBuild\RX220Mouse2.clnk
-library=DefaultBuild\RX220Mouse2.lib
-input=DefaultBuild\dbsct.obj
-input=DefaultBuild\intprg.obj
-input=DefaultBuild\resetprg.obj
-input=DefaultBuild\RX220Mouse2.obj
-input=DefaultBuild\sbrk.obj
-input=DefaultBuild\vecttbl.obj
-noprelink
-output=DefaultBuild\RX220Mouse2.abs
-list=DefaultBuild\RX220Mouse2.map
-show=symbol,total_size
-nooptimize
-start=B_1,R_1,B_2,R_2,B,R,SU,SI/04,PResetPRG/0FFFC0000,C_1,C_2,C,C$DSEC,C$BSEC,C$INIT,C$VTBL,C$VECT,D_1,D_2,D,P,PIntPRG,W_1,W_2,W,L/0FFFC0100,FIXEDVECT/0FFFFFFD0
-rom=D=R,D_1=R_1,D_2=R_2
-nologo
-end

*** Error information ***

*** Mapping List ***

SECTION                            START      END         SIZE   ALIGN
B_1
                                  00000004  0000021a       217   1
R_1
                                  0000021b  0000021b         1   1
B_2
                                  0000021c  00000661       446   2
R_2
                                  00000662  0000066b         a   2
B
                                  0000066c  00000a73       408   4
R
                                  00000a74  00000a7f         c   4
SU
                                  00000a80  00000b7f       100   4
SI
                                  00000b80  00000e7f       300   4
PResetPRG
                                  fffc0000  fffc002b        2c   4
C_1
                                  fffc0100  fffc0100         0   1
C_2
                                  fffc0100  fffc117b      107c   2
C
                                  fffc117c  fffc11fb        80   4
C$DSEC
                                  fffc11fc  fffc121f        24   4
C$BSEC
                                  fffc1220  fffc1237        18   4
C$INIT
                                  fffc1238  fffc1238         0   1
C$VTBL
                                  fffc1238  fffc1238         0   1
C$VECT
                                  fffc1238  fffc1637       400   4
D_1
                                  fffc1638  fffc1638         1   1
D_2
                                  fffc163a  fffc1643         a   2
D
                                  fffc1644  fffc164f         c   4
P
                                  fffc1650  fffc5012      39c3   4
PIntPRG
                                  fffc5013  fffc5123       111   1
W_1
                                  fffc5124  fffc512f         c   4
W_2
                                  fffc5130  fffc5130         0   2
W
                                  fffc5130  fffc5130         0   4
L
                                  fffc5130  fffc5279       14a   4
$ADDR_C_FFFFFF80
                                  ffffff80  ffffff83         4   1
$ADDR_C_FFFFFFA0
                                  ffffffa0  ffffffaf        10   1
FIXEDVECT
                                  ffffffd0  ffffffff        30   4

*** Total Section Size ***

RAMDATA SECTION:  00000e7c Byte(s)
ROMDATA SECTION:  000016e9 Byte(s)
PROGRAM SECTION:  00003b00 Byte(s)

*** Symbol List ***

SECTION=
FILE=                               START        END    SIZE
  SYMBOL                            ADDR        SIZE    INFO      COUNTS  OPT

SECTION=B_1
FILE=DefaultBuild\RX220Mouse2.obj
                                  00000004  0000021a       217
  _LCD_DATA
                                  00000004        10   data ,g         * 
  _gspeed_index
                                  00000014         1   data ,g         * 
  _head
                                  00000015         1   data ,g         * 
  _head_change
                                  00000016         1   data ,g         * 
  _pos_x
                                  00000017         1   data ,g         * 
  _pos_y
                                  00000018         1   data ,g         * 
  _map
                                  00000019       100   data ,g         * 
  _p_map
                                  00000119       100   data ,g         * 
  _goal_x
                                  00000219         1   data ,g         * 
  _goal_y
                                  0000021a         1   data ,g         * 

SECTION=R_1
FILE=DefaultBuild\RX220Mouse2.obj
                                  0000021b  0000021b         1
  _ccnt_playing
                                  0000021b         1   data ,l         * 

SECTION=B_2
FILE=DefaultBuild\RX220Mouse2.obj
                                  0000021c  00000661       446
  _LCD_FLAG
                                  0000021c         2   data ,g         * 
  _LCD_PT
                                  0000021e         2   data ,g         * 
  _SENSOR_PT
                                  00000220         2   data ,g         * 
  _Batt
                                  00000222         2   data ,g         * 
  _R_PRE
                                  00000224         2   data ,g         * 
  _L_PRE
                                  00000226         2   data ,g         * 
  _F_PRE
                                  00000228         2   data ,g         * 
  _R_SEN
                                  0000022a         2   data ,g         * 
  _L_SEN
                                  0000022c         2   data ,g         * 
  _F_SEN
                                  0000022e         2   data ,g         * 
  _R_SW
                                  00000230         2   data ,g         * 
  _L_SW
                                  00000232         2   data ,g         * 
  _F_SW
                                  00000234         2   data ,g         * 
  _R_REF
                                  00000236         2   data ,g         * 
  _L_REF
                                  00000238         2   data ,g         * 
  _F_REF
                                  0000023a         2   data ,g         * 
  _R_LIM
                                  0000023c         2   data ,g         * 
  _L_LIM
                                  0000023e         2   data ,g         * 
  _F_LIM
                                  00000240         2   data ,g         * 
  _timerL
                                  00000242         2   data ,g         * 
  _timerR
                                  00000244         2   data ,g         * 
  _ldir
                                  00000246         2   data ,g         * 
  _rdir
                                  00000248         2   data ,g         * 
  _speed
                                  0000024a         2   data ,g         * 
  _speed_now
                                  0000024c         2   data ,g         * 
  _MotorTimer
                                  0000024e         2   data ,g         * 
  _control_mode
                                  00000250         2   data ,g         * 
  _STEP
                                  00000252         2   data ,g         * 
  _GO_STEP
                                  00000254         2   data ,g         * 
  _TURN_STEP
                                  00000256         2   data ,g         * 
  _SLALOM_STEP
                                  00000258         2   data ,g         * 
  _BACK_STEP
                                  0000025a         2   data ,g         * 
  _HALF_STEP
                                  0000025c         2   data ,g         * 
  _GSPEEDvar
                                  0000025e         2   data ,g         * 
  _wall_sample_left
                                  00000260       200   data ,g         * 
  _wall_sample_right
                                  00000460       200   data ,g         * 
  _wall_sample_count
                                  00000660         2   data ,g         * 

SECTION=R_2
FILE=DefaultBuild\RX220Mouse2.obj
                                  00000662  0000066b         a
  _wait_timer
                                  00000662         2   data ,g         * 
  _ccnt_ms_left
                                  00000664         2   data ,l         * 
  _ccnt_step_index
                                  00000666         2   data ,l         * 
  _stepf_r
                                  00000668         2   data ,g         * 
  _stepf_l
                                  0000066a         2   data ,g         * 

SECTION=B
FILE=DefaultBuild\RX220Mouse2.obj
                                  0000066c  00000673         8
  _step_r
                                  0000066c         4   data ,g         * 
  _step_l
                                  00000670         4   data ,g         * 
FILE=DefaultBuild\sbrk.obj
                                  00000674  00000a73       400
  _heap_area
                                  00000674       400   data ,l         * 

SECTION=R
FILE=DefaultBuild\RX220Mouse2.obj
                                  00000a74  00000a7b         8
  _MODE
                                  00000a74         4   data ,g         * 
  _goal_choice_index
                                  00000a78         4   data ,g         * 
FILE=DefaultBuild\sbrk.obj
                                  00000a7c  00000a7f         4
  _brk
                                  00000a7c         4   data ,l         * 

SECTION=SU
FILE=DefaultBuild\resetprg.obj
                                  00000a80  00000b7f       100

SECTION=SI
FILE=DefaultBuild\resetprg.obj
                                  00000b80  00000e7f       300

SECTION=PResetPRG
FILE=DefaultBuild\resetprg.obj
                                  fffc0000  fffc002b        2c
  _PowerON_Reset_PC
                                  fffc0000        29   entry,g         * 

SECTION=C_2
FILE=DefaultBuild\RX220Mouse2.obj
                                  fffc0100  fffc117b      107c
  _AccTable
                                  fffc0100       fa0   data ,g         * 
  _GSSPEED
                                  fffc10a0        10   data ,l         * 
  _beep_data
                                  fffc10b0        4c   data ,l         * 
  _ccnt_melody
                                  fffc10fc        80   data ,l         * 

SECTION=C
FILE=DefaultBuild\dbsct.obj
                                  fffc117c  fffc11af        34
  __CTBL
                                  fffc117c        34   data ,g         * 
FILE=DefaultBuild\RX220Mouse2.obj
                                  fffc11b0  fffc11fb        4c
  _goal_choices
                                  fffc11b0        28   data ,l         * 
  _center_refs
                                  fffc11d8        24   data ,l         * 

SECTION=C$DSEC
FILE=DefaultBuild\dbsct.obj
                                  fffc11fc  fffc121f        24
  __DTBL
                                  fffc11fc        24   data ,g         * 

SECTION=C$BSEC
FILE=DefaultBuild\dbsct.obj
                                  fffc1220  fffc1237        18
  __BTBL
                                  fffc1220        18   data ,g         * 

SECTION=C$VECT
FILE=DefaultBuild\dbsct.obj
                                  fffc1238  fffc1637       400

SECTION=D_1
FILE=DefaultBuild\RX220Mouse2.obj
                                  fffc1638  fffc1638         1

SECTION=D_2
FILE=DefaultBuild\RX220Mouse2.obj
                                  fffc163a  fffc1643         a

SECTION=D
FILE=DefaultBuild\RX220Mouse2.obj
                                  fffc1644  fffc164b         8
FILE=DefaultBuild\sbrk.obj
                                  fffc164c  fffc164f         4

SECTION=P
FILE=DefaultBuild\RX220Mouse2.obj
                                  fffc1650  fffc4f8c      393d
  _LCD_init
                                  fffc1650        6d   func ,g         * 
  _LCD
                                  fffc16bd        82   func ,g         * 
  _LCD_clear
                                  fffc173f        23   func ,g         * 
  _LCD_print
                                  fffc1762        2d   func ,g         * 
  _LCD_dec_out
                                  fffc178f        eb   func ,g         * 
  _LCD_com4
                                  fffc187a        44   func ,g         * 
  _LCD_com8
                                  fffc18be        14   func ,g         * 
  _LCD_dat8
                                  fffc18d2        7d   func ,g         * 
  _LCD_wait
                                  fffc194f        2a   func ,g         * 
  _buzzer_set_tone
                                  fffc1979        40   func ,l         * 
  _ccnt_playback_tick
                                  fffc19b9        80   func ,l         * 
  _set_goal_choice_index
                                  fffc1a39        4a   func ,l         * 
  _advance_goal_choice
                                  fffc1a83        12   func ,l         * 
  _main
                                  fffc1a95       161   func ,g         * 
  _IO_init
                                  fffc1bf6       3fc   func ,g         * 
  _load_param
                                  fffc1ff2        95   func ,g         * 
  _reset_wall_samples
                                  fffc2087         a   func ,g         * 
  _log_wall_samples
                                  fffc2091        ab   func ,g         * 
  _update_wall_ref_from_log
                                  fffc213c        7c   func ,g         * 
  _timerc_200us
                                  fffc21b8       506   func ,g         * 
  _int_mot_r
                                  fffc26be        22   func ,g         * 
  _int_mot_l
                                  fffc26e0        22   func ,g         * 
  _pause
                                  fffc2702        1c   func ,g         * 
  _WaitKeyOff
                                  fffc271e        43   func ,g         * 
  _beep
                                  fffc2761        4a   func ,g         * 
  _ccnt
                                  fffc27ab        3a   func ,g         * 
  _change_mode
                                  fffc27e5       14b   func ,g         * 
  _exec_mode
                                  fffc2930       101   func ,g         * 
  _modeB1
                                  fffc2a31        9b   func ,g         * 
  _mode0
                                  fffc2acc        e6   func ,g         * 
  _mode1
                                  fffc2bb2        de   func ,g         * 
  _mode2
                                  fffc2c90        7c   func ,g         * 
  _mode3
                                  fffc2d0c        7d   func ,g         * 
  _mode4
                                  fffc2d89        76   func ,g         * 
  _update_gspeed_index
                                  fffc2dff        67   func ,l         * 
  _select_gspeed
                                  fffc2e66        87   func ,l         * 
  _mode5
                                  fffc2eed        9a   func ,g         * 
  _mode6
                                  fffc2f87        79   func ,g         * 
  _mode7
                                  fffc3000        60   func ,g         * 
  _mode8
                                  fffc3060        96   func ,g         * 
  _mode9
                                  fffc30f6        f8   func ,g         * 
  _render_center_ref_line
                                  fffc31ee        45   func ,l         * 
  _mode10
                                  fffc3233        99   func ,g         * 
  _mode11
                                  fffc32cc        f3   func ,g         * 
  _mode12
                                  fffc33bf        77   func ,g         * 
  _mode13
                                  fffc3436        b2   func ,g         * 
  _mouse_slalom_run
                                  fffc34e8       3c4   func ,g         * 
  _mouse_search
                                  fffc38ac       3f5   func ,g         * 
  _com_go
                                  fffc3ca1        a9   func ,g         * 
  _com_stop
                                  fffc3d4a        4f   func ,g         * 
  _exec_turn_step
                                  fffc3d99        e2   func ,l         * 
  _com_turn
                                  fffc3e7b        11   func ,g         * 
  _com_slalom_turn
                                  fffc3e8c        11   func ,g         * 
  _com_back
                                  fffc3e9d        bd   func ,g         * 
  _com_go_half
                                  fffc3f5a        97   func ,g         * 
  _kbat_r
                                  fffc3ff1        11   func ,g         * 
  _kbat_lf_turn
                                  fffc4002        99   func ,g         * 
  _goal_kbat_turn
                                  fffc409b       11d   func ,g         * 
  _start_back_wall_contact
                                  fffc41b8        14   func ,l         * 
  _countdown
                                  fffc41cc        6c   func ,g         * 
  _finish
                                  fffc4238        30   func ,g         * 
  _map_writeDF
                                  fffc4268        77   func ,g         * 
  _map_DFread
                                  fffc42df        8a   func ,g         * 
  _sensor_ref_writeDF
                                  fffc4369        3a   func ,g         * 
  _sensor_ref_readDF
                                  fffc43a3        45   func ,g         * 
  _fcu_reset
                                  fffc43e8        1f   func ,g         * 
  _fcu_tope
                                  fffc4407        22   func ,g         * 
  _fcu_toread
                                  fffc4429        1e   func ,g         * 
  _error_check
                                  fffc4447        6e   func ,g         * 
  _clear_flash
                                  fffc44b5        32   func ,g         * 
  _wait_frdy
                                  fffc44e7        30   func ,g         * 
  _DFlash_init
                                  fffc4517        84   func ,g         * 
  _DFlash_bread
                                  fffc459b        44   func ,g         * 
  _DFlash_bprog
                                  fffc45df        65   func ,g         * 
  _get_wall_data
                                  fffc4644        56   func ,g         * 
  _clear_map
                                  fffc469a        e6   func ,g         * 
  _make_map_data
                                  fffc4780       199   func ,g         * 
  _make_potential
                                  fffc4919       390   func ,g         * 
  _search_left_hand
                                  fffc4ca9        5b   func ,g         * 
  _search_adachi
                                  fffc4d04       289   func ,g         * 
FILE=DefaultBuild\sbrk.obj
                                  fffc4f8d  fffc4fc8        3c
  _sbrk
                                  fffc4f8d        3c   func ,g         * 
FILE=__initsct
                                  fffc4fc9  fffc5012        4a
  __INITSCT
                                  fffc4fc9         0   none ,g         * 
  loop1
                                  fffc4fdb         0   none ,l         * 
  next_loop1
                                  fffc4fe9         0   none ,l         * 
  loop3
                                  fffc4ffb         0   none ,l         * 
  next_loop3
                                  fffc500c         0   none ,l         * 

SECTION=PIntPRG
FILE=DefaultBuild\intprg.obj
                                  fffc5013  fffc5123       111
  _Excep_SuperVisorInst
                                  fffc5013         2   func ,g         * 
  _Excep_UndefinedInst
                                  fffc5015         2   func ,g         * 
  _NonMaskableInterrupt
                                  fffc5017         2   func ,g         * 
  _Dummy
                                  fffc5019         2   func ,g         * 
  _Excep_BRK
                                  fffc501b         4   func ,g         * 
  _Excep_BSC_BUSERR
                                  fffc501f         2   func ,g         * 
  _Excep_FCU_FIFERR
                                  fffc5021         2   func ,g         * 
  _Excep_FCU_FRDYI
                                  fffc5023         2   func ,g         * 
  _Excep_ICU_SWINT
                                  fffc5025         2   func ,g         * 
  _Excep_CMT0_CMI0
                                  fffc5027         e   func ,g         * 
  _Excep_CMT1_CMI1
                                  fffc5035         2   func ,g         * 
  _Excep_CMT2_CMI2
                                  fffc5037         2   func ,g         * 
  _Excep_CMT3_CMI3
                                  fffc5039         2   func ,g         * 
  _Excep_CAC_FERRF
                                  fffc503b         2   func ,g         * 
  _Excep_CAC_MENDF
                                  fffc503d         2   func ,g         * 
  _Excep_CAC_OVFF
                                  fffc503f         2   func ,g         * 
  _Excep_RSPI0_SPEI0
                                  fffc5041         2   func ,g         * 
  _Excep_RSPI0_SPRI0
                                  fffc5043         2   func ,g         * 
  _Excep_RSPI0_SPTI0
                                  fffc5045         2   func ,g         * 
  _Excep_RSPI0_SPII0
                                  fffc5047         2   func ,g         * 
  _Excep_DOC_DOPCF
                                  fffc5049         2   func ,g         * 
  _Excep_CMPB_CMPB0
                                  fffc504b         1   func ,g         * 
  _Excep_CMPB_CMPB1
                                  fffc504c         1   func ,g         * 
  _Excep_RTC_CUP
                                  fffc504d         2   func ,g         * 
  _Excep_ICU_IRQ0
                                  fffc504f         2   func ,g         * 
  _Excep_ICU_IRQ1
                                  fffc5051         2   func ,g         * 
  _Excep_ICU_IRQ2
                                  fffc5053         2   func ,g         * 
  _Excep_ICU_IRQ3
                                  fffc5055         2   func ,g         * 
  _Excep_ICU_IRQ4
                                  fffc5057         2   func ,g         * 
  _Excep_ICU_IRQ5
                                  fffc5059         2   func ,g         * 
  _Excep_ICU_IRQ6
                                  fffc505b         2   func ,g         * 
  _Excep_ICU_IRQ7
                                  fffc505d         2   func ,g         * 
  _Excep_LVD_LVD1
                                  fffc505f         2   func ,g         * 
  _Excep_LVD_LVD2
                                  fffc5061         2   func ,g         * 
  _Excep_CMPA_CMPA1
                                  fffc5063         1   func ,g         * 
  _Excep_CMPA_CMPA2
                                  fffc5064         1   func ,g         * 
  _Excep_RTC_ALM
                                  fffc5065         2   func ,g         * 
  _Excep_RTC_PRD
                                  fffc5067         2   func ,g         * 
  _Excep_S12AD_S12ADI0
                                  fffc5069         2   func ,g         * 
  _Excep_S12AD_GBADI
                                  fffc506b         2   func ,g         * 
  _Excep_ELC_ELSR18I
                                  fffc506d         2   func ,g         * 
  _Excep_ELC_ELSR19I
                                  fffc506f         1   func ,g         * 
  _Excep_MTU0_TGIA0
                                  fffc5070         2   func ,g         * 
  _Excep_MTU0_TGIB0
                                  fffc5072         2   func ,g         * 
  _Excep_MTU0_TGIC0
                                  fffc5074         2   func ,g         * 
  _Excep_MTU0_TGID0
                                  fffc5076         2   func ,g         * 
  _Excep_MTU0_TCIV0
                                  fffc5078         2   func ,g         * 
  _Excep_MTU0_TGIE0
                                  fffc507a         2   func ,g         * 
  _Excep_MTU0_TGIF0
                                  fffc507c         2   func ,g         * 
  _Excep_MTU1_TGIA1
                                  fffc507e         2   func ,g         * 
  _Excep_MTU1_TGIB1
                                  fffc5080         2   func ,g         * 
  _Excep_MTU1_TCIV1
                                  fffc5082         2   func ,g         * 
  _Excep_MTU1_TCIU1
                                  fffc5084         2   func ,g         * 
  _Excep_MTU2_TGIA2
                                  fffc5086         2   func ,g         * 
  _Excep_MTU2_TGIB2
                                  fffc5088         2   func ,g         * 
  _Excep_MTU2_TCIV2
                                  fffc508a         2   func ,g         * 
  _Excep_MTU2_TCIU2
                                  fffc508c         2   func ,g         * 
  _Excep_MTU3_TGIA3
                                  fffc508e         2   func ,g         * 
  _Excep_MTU3_TGIB3
                                  fffc5090         e   func ,g         * 
  _Excep_MTU3_TGIC3
                                  fffc509e         2   func ,g         * 
  _Excep_MTU3_TGID3
                                  fffc50a0         2   func ,g         * 
  _Excep_MTU3_TCIV3
                                  fffc50a2         2   func ,g         * 
  _Excep_MTU4_TGIA4
                                  fffc50a4         2   func ,g         * 
  _Excep_MTU4_TGIB4
                                  fffc50a6         e   func ,g         * 
  _Excep_MTU4_TGIC4
                                  fffc50b4         2   func ,g         * 
  _Excep_MTU4_TGID4
                                  fffc50b6         2   func ,g         * 
  _Excep_MTU4_TCIV4
                                  fffc50b8         2   func ,g         * 
  _Excep_MTU5_TGIU5
                                  fffc50ba         2   func ,g         * 
  _Excep_MTU5_TGIV5
                                  fffc50bc         2   func ,g         * 
  _Excep_MTU5_TGIW5
                                  fffc50be         2   func ,g         * 
  _Excep_POE_OEI1
                                  fffc50c0         2   func ,g         * 
  _Excep_POE_OEI2
                                  fffc50c2         2   func ,g         * 
  _Excep_TMR0_CMIA0
                                  fffc50c4         2   func ,g         * 
  _Excep_TMR0_CMIB0
                                  fffc50c6         2   func ,g         * 
  _Excep_TMR0_OVI0
                                  fffc50c8         2   func ,g         * 
  _Excep_TMR1_CMIA1
                                  fffc50ca         2   func ,g         * 
  _Excep_TMR1_CMIB1
                                  fffc50cc         2   func ,g         * 
  _Excep_TMR1_OVI1
                                  fffc50ce         2   func ,g         * 
  _Excep_TMR2_CMIA2
                                  fffc50d0         2   func ,g         * 
  _Excep_TMR2_CMIB2
                                  fffc50d2         2   func ,g         * 
  _Excep_TMR2_OVI2
                                  fffc50d4         2   func ,g         * 
  _Excep_TMR3_CMIA3
                                  fffc50d6         2   func ,g         * 
  _Excep_TMR3_CMIB3
                                  fffc50d8         2   func ,g         * 
  _Excep_TMR3_OVI3
                                  fffc50da         2   func ,g         * 
  _Excep_DMAC_DMAC0I
                                  fffc50dc         2   func ,g         * 
  _Excep_DMAC_DMAC1I
                                  fffc50de         2   func ,g         * 
  _Excep_DMAC_DMAC2I
                                  fffc50e0         2   func ,g         * 
  _Excep_DMAC_DMAC3I
                                  fffc50e2         2   func ,g         * 
  _Excep_SCI0_ERI0
                                  fffc50e4         1   func ,g         * 
  _Excep_SCI0_RXI0
                                  fffc50e5         1   func ,g         * 
  _Excep_SCI0_TXI0
                                  fffc50e6         1   func ,g         * 
  _Excep_SCI0_TEI0
                                  fffc50e7         1   func ,g         * 
  _Excep_SCI1_ERI1
                                  fffc50e8         2   func ,g         * 
  _Excep_SCI1_RXI1
                                  fffc50ea         2   func ,g         * 
  _Excep_SCI1_TXI1
                                  fffc50ec         2   func ,g         * 
  _Excep_SCI1_TEI1
                                  fffc50ee         2   func ,g         * 
  _Excep_SCI5_ERI5
                                  fffc50f0         2   func ,g         * 
  _Excep_SCI5_RXI5
                                  fffc50f2         2   func ,g         * 
  _Excep_SCI5_TXI5
                                  fffc50f4         2   func ,g         * 
  _Excep_SCI5_TEI5
                                  fffc50f6         2   func ,g         * 
  _Excep_SCI6_ERI6
                                  fffc50f8         2   func ,g         * 
  _Excep_SCI6_RXI6
                                  fffc50fa         2   func ,g         * 
  _Excep_SCI6_TXI6
                                  fffc50fc         2   func ,g         * 
  _Excep_SCI6_TEI6
                                  fffc50fe         2   func ,g         * 
  _Excep_SCI8_ERI8
                                  fffc5100         1   func ,g         * 
  _Excep_SCI8_RXI8
                                  fffc5101         1   func ,g         * 
  _Excep_SCI8_TXI8
                                  fffc5102         1   func ,g         * 
  _Excep_SCI8_TEI8
                                  fffc5103         1   func ,g         * 
  _Excep_SCI9_ERI9
                                  fffc5104         2   func ,g         * 
  _Excep_SCI9_RXI9
                                  fffc5106         2   func ,g         * 
  _Excep_SCI9_TXI9
                                  fffc5108         2   func ,g         * 
  _Excep_SCI9_TEI9
                                  fffc510a         2   func ,g         * 
  _Excep_SCI12_ERI12
                                  fffc510c         2   func ,g         * 
  _Excep_SCI12_RXI12
                                  fffc510e         2   func ,g         * 
  _Excep_SCI12_TXI12
                                  fffc5110         2   func ,g         * 
  _Excep_SCI12_TEI12
                                  fffc5112         2   func ,g         * 
  _Excep_SCI12_SCIX0
                                  fffc5114         2   func ,g         * 
  _Excep_SCI12_SCIX1
                                  fffc5116         2   func ,g         * 
  _Excep_SCI12_SCIX2
                                  fffc5118         2   func ,g         * 
  _Excep_SCI12_SCIX3
                                  fffc511a         2   func ,g         * 
  _Excep_RIIC0_EEI0
                                  fffc511c         2   func ,g         * 
  _Excep_RIIC0_RXI0
                                  fffc511e         2   func ,g         * 
  _Excep_RIIC0_TXI0
                                  fffc5120         2   func ,g         * 
  _Excep_RIIC0_TEI0
                                  fffc5122         2   func ,g         * 

SECTION=W_1
FILE=DefaultBuild\RX220Mouse2.obj
                                  fffc5124  fffc512f         c

SECTION=L
FILE=DefaultBuild\RX220Mouse2.obj
                                  fffc5130  fffc5279       14a

SECTION=$ADDR_C_FFFFFF80
FILE=DefaultBuild\vecttbl.obj
                                  ffffff80  ffffff83         4
  __MDEreg
                                  ffffff80         4   data ,g         * 

SECTION=$ADDR_C_FFFFFFA0
FILE=DefaultBuild\vecttbl.obj
                                  ffffffa0  ffffffaf        10
  _id_code
                                  ffffffa0        10   data ,g         * 

SECTION=FIXEDVECT
FILE=DefaultBuild\vecttbl.obj
                                  ffffffd0  ffffffff        30
  _Fixed_Vectors
                                  ffffffd0        30   data ,g         * 

*** Unfilled Areas ***

AREA                                START    END

*** Delete Symbols ***

SYMBOL                                SIZE    INFO
