Renesas Optimizing Linker (W3.07.00 )             25-Dec-2025 17:35:16

*** Options ***

-subcommand=DefaultBuild\RX220Mouse2.clnk
-library=DefaultBuild\RX220Mouse2.lib
-input=DefaultBuild\dbsct.obj
-input=DefaultBuild\intprg.obj
-input=DefaultBuild\resetprg.obj
-input=DefaultBuild\RX220Mouse2.obj
-input=DefaultBuild\sbrk.obj
-input=DefaultBuild\vecttbl.obj
-noprelink
-output=DefaultBuild\RX220Mouse2.abs
-list=DefaultBuild\RX220Mouse2.map
-show=symbol,total_size
-nooptimize
-start=B_1,R_1,B_2,R_2,B,R,SU,SI/04,PResetPRG/0FFFC0000,C_1,C_2,C,C$DSEC,C$BSEC,C$INIT,C$VTBL,C$VECT,D_1,D_2,D,P,PIntPRG,W_1,W_2,W,L/0FFFC0100,FIXEDVECT/0FFFFFFD0
-rom=D=R,D_1=R_1,D_2=R_2
-nologo
-end

*** Error information ***

*** Mapping List ***

SECTION                            START      END         SIZE   ALIGN
B_1
                                  00000004  0000021a       217   1
R_1
                                  0000021b  0000021d         3   1
B_2
                                  0000021e  00000665       448   2
R_2
                                  00000666  0000066f         a   2
B
                                  00000670  00000a77       408   4
R
                                  00000a78  00000a83         c   4
SU
                                  00000a84  00000b83       100   4
SI
                                  00000b84  00000e83       300   4
PResetPRG
                                  fffc0000  fffc002b        2c   4
C_1
                                  fffc0100  fffc0100         0   1
C_2
                                  fffc0100  fffc117b      107c   2
C
                                  fffc117c  fffc11fb        80   4
C$DSEC
                                  fffc11fc  fffc121f        24   4
C$BSEC
                                  fffc1220  fffc1237        18   4
C$INIT
                                  fffc1238  fffc1238         0   1
C$VTBL
                                  fffc1238  fffc1238         0   1
C$VECT
                                  fffc1238  fffc1637       400   4
D_1
                                  fffc1638  fffc163a         3   1
D_2
                                  fffc163c  fffc1645         a   2
D
                                  fffc1648  fffc1653         c   4
P
                                  fffc1654  fffc5347      3cf4   4
PIntPRG
                                  fffc5348  fffc545b       114   1
W_1
                                  fffc545c  fffc5467         c   4
W_2
                                  fffc5468  fffc5468         0   2
W
                                  fffc5468  fffc5468         0   4
L
                                  fffc5468  fffc55d3       16c   4
$ADDR_C_FFFFFF80
                                  ffffff80  ffffff83         4   1
$ADDR_C_FFFFFFA0
                                  ffffffa0  ffffffaf        10   1
FIXEDVECT
                                  ffffffd0  ffffffff        30   4

*** Total Section Size ***

RAMDATA SECTION:  00000e80 Byte(s)
ROMDATA SECTION:  0000170d Byte(s)
PROGRAM SECTION:  00003e34 Byte(s)

*** Symbol List ***

SECTION=
FILE=                               START        END    SIZE
  SYMBOL                            ADDR        SIZE    INFO      COUNTS  OPT

SECTION=B_1
FILE=DefaultBuild\RX220Mouse2.obj
                                  00000004  0000021a       217
  _LCD_DATA
                                  00000004        10   data ,g         * 
  _gspeed_index
                                  00000014         1   data ,g         * 
  _head
                                  00000015         1   data ,g         * 
  _head_change
                                  00000016         1   data ,g         * 
  _pos_x
                                  00000017         1   data ,g         * 
  _pos_y
                                  00000018         1   data ,g         * 
  _map
                                  00000019       100   data ,g         * 
  _p_map
                                  00000119       100   data ,g         * 
  _goal_x
                                  00000219         1   data ,g         * 
  _goal_y
                                  0000021a         1   data ,g         * 

SECTION=R_1
FILE=DefaultBuild\RX220Mouse2.obj
                                  0000021b  0000021d         3
  _ccnt_playing
                                  0000021b         1   data ,l         * 
  _motor_enable_l
                                  0000021c         1   data ,g         * 
  _motor_enable_r
                                  0000021d         1   data ,g         * 

SECTION=B_2
FILE=DefaultBuild\RX220Mouse2.obj
                                  0000021e  00000665       448
  _LCD_FLAG
                                  0000021e         2   data ,g         * 
  _LCD_PT
                                  00000220         2   data ,g         * 
  _SENSOR_PT
                                  00000222         2   data ,g         * 
  _Batt
                                  00000224         2   data ,g         * 
  _R_PRE
                                  00000226         2   data ,g         * 
  _L_PRE
                                  00000228         2   data ,g         * 
  _F_PRE
                                  0000022a         2   data ,g         * 
  _R_SEN
                                  0000022c         2   data ,g         * 
  _L_SEN
                                  0000022e         2   data ,g         * 
  _F_SEN
                                  00000230         2   data ,g         * 
  _R_SW
                                  00000232         2   data ,g         * 
  _L_SW
                                  00000234         2   data ,g         * 
  _F_SW
                                  00000236         2   data ,g         * 
  _R_REF
                                  00000238         2   data ,g         * 
  _L_REF
                                  0000023a         2   data ,g         * 
  _F_REF
                                  0000023c         2   data ,g         * 
  _R_LIM
                                  0000023e         2   data ,g         * 
  _L_LIM
                                  00000240         2   data ,g         * 
  _F_LIM
                                  00000242         2   data ,g         * 
  _timerL
                                  00000244         2   data ,g         * 
  _timerR
                                  00000246         2   data ,g         * 
  _ldir
                                  00000248         2   data ,g         * 
  _rdir
                                  0000024a         2   data ,g         * 
  _speed
                                  0000024c         2   data ,g         * 
  _speed_now
                                  0000024e         2   data ,g         * 
  _MotorTimer
                                  00000250         2   data ,g         * 
  _control_mode
                                  00000252         2   data ,g         * 
  _STEP
                                  00000254         2   data ,g         * 
  _GO_STEP
                                  00000256         2   data ,g         * 
  _TURN_STEP
                                  00000258         2   data ,g         * 
  _SLALOM_STEP_LEFT
                                  0000025a         2   data ,g         * 
  _SLALOM_STEP_RIGHT
                                  0000025c         2   data ,g         * 
  _BACK_STEP
                                  0000025e         2   data ,g         * 
  _HALF_STEP
                                  00000260         2   data ,g         * 
  _GSPEEDvar
                                  00000262         2   data ,g         * 
  _wall_sample_left
                                  00000264       200   data ,g         * 
  _wall_sample_right
                                  00000464       200   data ,g         * 
  _wall_sample_count
                                  00000664         2   data ,g         * 

SECTION=R_2
FILE=DefaultBuild\RX220Mouse2.obj
                                  00000666  0000066f         a
  _wait_timer
                                  00000666         2   data ,g         * 
  _ccnt_ms_left
                                  00000668         2   data ,l         * 
  _ccnt_step_index
                                  0000066a         2   data ,l         * 
  _stepf_r
                                  0000066c         2   data ,g         * 
  _stepf_l
                                  0000066e         2   data ,g         * 

SECTION=B
FILE=DefaultBuild\RX220Mouse2.obj
                                  00000670  00000677         8
  _step_r
                                  00000670         4   data ,g         * 
  _step_l
                                  00000674         4   data ,g         * 
FILE=DefaultBuild\sbrk.obj
                                  00000678  00000a77       400
  _heap_area
                                  00000678       400   data ,l         * 

SECTION=R
FILE=DefaultBuild\RX220Mouse2.obj
                                  00000a78  00000a7f         8
  _MODE
                                  00000a78         4   data ,g         * 
  _goal_choice_index
                                  00000a7c         4   data ,g         * 
FILE=DefaultBuild\sbrk.obj
                                  00000a80  00000a83         4
  _brk
                                  00000a80         4   data ,l         * 

SECTION=SU
FILE=DefaultBuild\resetprg.obj
                                  00000a84  00000b83       100

SECTION=SI
FILE=DefaultBuild\resetprg.obj
                                  00000b84  00000e83       300

SECTION=PResetPRG
FILE=DefaultBuild\resetprg.obj
                                  fffc0000  fffc002b        2c
  _PowerON_Reset_PC
                                  fffc0000        29   entry,g         * 

SECTION=C_2
FILE=DefaultBuild\RX220Mouse2.obj
                                  fffc0100  fffc117b      107c
  _AccTable
                                  fffc0100       fa0   data ,g         * 
  _GSSPEED
                                  fffc10a0        10   data ,l         * 
  _beep_data
                                  fffc10b0        4c   data ,l         * 
  _ccnt_melody
                                  fffc10fc        80   data ,l         * 

SECTION=C
FILE=DefaultBuild\dbsct.obj
                                  fffc117c  fffc11af        34
  __CTBL
                                  fffc117c        34   data ,g         * 
FILE=DefaultBuild\RX220Mouse2.obj
                                  fffc11b0  fffc11fb        4c
  _goal_choices
                                  fffc11b0        28   data ,l         * 
  _center_refs
                                  fffc11d8        24   data ,l         * 

SECTION=C$DSEC
FILE=DefaultBuild\dbsct.obj
                                  fffc11fc  fffc121f        24
  __DTBL
                                  fffc11fc        24   data ,g         * 

SECTION=C$BSEC
FILE=DefaultBuild\dbsct.obj
                                  fffc1220  fffc1237        18
  __BTBL
                                  fffc1220        18   data ,g         * 

SECTION=C$VECT
FILE=DefaultBuild\dbsct.obj
                                  fffc1238  fffc1637       400

SECTION=D_1
FILE=DefaultBuild\RX220Mouse2.obj
                                  fffc1638  fffc163a         3

SECTION=D_2
FILE=DefaultBuild\RX220Mouse2.obj
                                  fffc163c  fffc1645         a

SECTION=D
FILE=DefaultBuild\RX220Mouse2.obj
                                  fffc1648  fffc164f         8
FILE=DefaultBuild\sbrk.obj
                                  fffc1650  fffc1653         4

SECTION=P
FILE=DefaultBuild\RX220Mouse2.obj
                                  fffc1654  fffc52c1      3c6e
  _LCD_init
                                  fffc1654        6d   func ,g         * 
  _LCD
                                  fffc16c1        82   func ,g         * 
  _LCD_clear
                                  fffc1743        23   func ,g         * 
  _LCD_print
                                  fffc1766        2d   func ,g         * 
  _LCD_dec_out
                                  fffc1793        eb   func ,g         * 
  _LCD_com4
                                  fffc187e        44   func ,g         * 
  _LCD_com8
                                  fffc18c2        14   func ,g         * 
  _LCD_dat8
                                  fffc18d6        7d   func ,g         * 
  _LCD_wait
                                  fffc1953        2a   func ,g         * 
  _buzzer_set_tone
                                  fffc197d        40   func ,l         * 
  _ccnt_playback_tick
                                  fffc19bd        80   func ,l         * 
  _set_goal_choice_index
                                  fffc1a3d        4a   func ,l         * 
  _advance_goal_choice
                                  fffc1a87        12   func ,l         * 
  _main
                                  fffc1a99       161   func ,g         * 
  _IO_init
                                  fffc1bfa       3fc   func ,g         * 
  _load_param
                                  fffc1ff6        a3   func ,g         * 
  _reset_wall_samples
                                  fffc2099         a   func ,g         * 
  _log_wall_samples
                                  fffc20a3        ab   func ,g         * 
  _update_wall_ref_from_log
                                  fffc214e        7c   func ,g         * 
  _timerc_200us
                                  fffc21ca       536   func ,g         * 
  _int_mot_r
                                  fffc2700        22   func ,g         * 
  _int_mot_l
                                  fffc2722        22   func ,g         * 
  _pause
                                  fffc2744        1c   func ,g         * 
  _WaitKeyOff
                                  fffc2760        43   func ,g         * 
  _beep
                                  fffc27a3        4a   func ,g         * 
  _ccnt
                                  fffc27ed        3a   func ,g         * 
  _change_mode
                                  fffc2827       14b   func ,g         * 
  _exec_mode
                                  fffc2972       101   func ,g         * 
  _modeB1
                                  fffc2a73        9b   func ,g         * 
  _mode0
                                  fffc2b0e        e6   func ,g         * 
  _mode1
                                  fffc2bf4        de   func ,g         * 
  _mode2
                                  fffc2cd2        7c   func ,g         * 
  _mode3
                                  fffc2d4e        7d   func ,g         * 
  _mode4
                                  fffc2dcb        76   func ,g         * 
  _update_gspeed_index
                                  fffc2e41        67   func ,l         * 
  _select_gspeed
                                  fffc2ea8        87   func ,l         * 
  _mode5
                                  fffc2f2f        9a   func ,g         * 
  _mode6
                                  fffc2fc9        79   func ,g         * 
  _mode7
                                  fffc3042        60   func ,g         * 
  _mode8
                                  fffc30a2        96   func ,g         * 
  _mode9
                                  fffc3138        f8   func ,g         * 
  _render_center_ref_line
                                  fffc3230        45   func ,l         * 
  _mode10
                                  fffc3275        99   func ,g         * 
  _mode11
                                  fffc330e        f3   func ,g         * 
  _mode12
                                  fffc3401        77   func ,g         * 
  _mode13
                                  fffc3478       161   func ,g         * 
  _mouse_slalom_run
                                  fffc35d9       3c4   func ,g         * 
  _mouse_search
                                  fffc399d       3f5   func ,g         * 
  _com_go
                                  fffc3d92        a9   func ,g         * 
  _com_stop
                                  fffc3e3b        4f   func ,g         * 
  _exec_turn_step
                                  fffc3e8a        e2   func ,l         * 
  _update_slalom_motor_enable
                                  fffc3f6c        69   func ,l         * 
  _exec_slalom_turn_per_motor
                                  fffc3fd5       1d3   func ,l         * 
  _com_turn
                                  fffc41a8        11   func ,g         * 
  _com_slalom_turn
                                  fffc41b9        19   func ,g         * 
  _com_back
                                  fffc41d2        bd   func ,g         * 
  _com_go_half
                                  fffc428f        97   func ,g         * 
  _kbat_r
                                  fffc4326        11   func ,g         * 
  _kbat_lf_turn
                                  fffc4337        99   func ,g         * 
  _goal_kbat_turn
                                  fffc43d0       11d   func ,g         * 
  _start_back_wall_contact
                                  fffc44ed        14   func ,l         * 
  _countdown
                                  fffc4501        6c   func ,g         * 
  _finish
                                  fffc456d        30   func ,g         * 
  _map_writeDF
                                  fffc459d        77   func ,g         * 
  _map_DFread
                                  fffc4614        8a   func ,g         * 
  _sensor_ref_writeDF
                                  fffc469e        3a   func ,g         * 
  _sensor_ref_readDF
                                  fffc46d8        45   func ,g         * 
  _fcu_reset
                                  fffc471d        1f   func ,g         * 
  _fcu_tope
                                  fffc473c        22   func ,g         * 
  _fcu_toread
                                  fffc475e        1e   func ,g         * 
  _error_check
                                  fffc477c        6e   func ,g         * 
  _clear_flash
                                  fffc47ea        32   func ,g         * 
  _wait_frdy
                                  fffc481c        30   func ,g         * 
  _DFlash_init
                                  fffc484c        84   func ,g         * 
  _DFlash_bread
                                  fffc48d0        44   func ,g         * 
  _DFlash_bprog
                                  fffc4914        65   func ,g         * 
  _get_wall_data
                                  fffc4979        56   func ,g         * 
  _clear_map
                                  fffc49cf        e6   func ,g         * 
  _make_map_data
                                  fffc4ab5       199   func ,g         * 
  _make_potential
                                  fffc4c4e       390   func ,g         * 
  _search_left_hand
                                  fffc4fde        5b   func ,g         * 
  _search_adachi
                                  fffc5039       289   func ,g         * 
FILE=DefaultBuild\sbrk.obj
                                  fffc52c2  fffc52fd        3c
  _sbrk
                                  fffc52c2        3c   func ,g         * 
FILE=__initsct
                                  fffc52fe  fffc5347        4a
  __INITSCT
                                  fffc52fe         0   none ,g         * 
  loop1
                                  fffc5310         0   none ,l         * 
  next_loop1
                                  fffc531e         0   none ,l         * 
  loop3
                                  fffc5330         0   none ,l         * 
  next_loop3
                                  fffc5341         0   none ,l         * 

SECTION=PIntPRG
FILE=DefaultBuild\intprg.obj
                                  fffc5348  fffc545b       114
  _Excep_SuperVisorInst
                                  fffc5348         2   func ,g         * 
  _Excep_UndefinedInst
                                  fffc534a         2   func ,g         * 
  _NonMaskableInterrupt
                                  fffc534c         2   func ,g         * 
  _Dummy
                                  fffc534e         2   func ,g         * 
  _Excep_BRK
                                  fffc5350         4   func ,g         * 
  _Excep_BSC_BUSERR
                                  fffc5354         2   func ,g         * 
  _Excep_FCU_FIFERR
                                  fffc5356         2   func ,g         * 
  _Excep_FCU_FRDYI
                                  fffc5358         2   func ,g         * 
  _Excep_ICU_SWINT
                                  fffc535a         2   func ,g         * 
  _Excep_CMT0_CMI0
                                  fffc535c         e   func ,g         * 
  _Excep_CMT1_CMI1
                                  fffc536a         2   func ,g         * 
  _Excep_CMT2_CMI2
                                  fffc536c         2   func ,g         * 
  _Excep_CMT3_CMI3
                                  fffc536e         2   func ,g         * 
  _Excep_CAC_FERRF
                                  fffc5370         2   func ,g         * 
  _Excep_CAC_MENDF
                                  fffc5372         2   func ,g         * 
  _Excep_CAC_OVFF
                                  fffc5374         2   func ,g         * 
  _Excep_RSPI0_SPEI0
                                  fffc5376         2   func ,g         * 
  _Excep_RSPI0_SPRI0
                                  fffc5378         2   func ,g         * 
  _Excep_RSPI0_SPTI0
                                  fffc537a         2   func ,g         * 
  _Excep_RSPI0_SPII0
                                  fffc537c         2   func ,g         * 
  _Excep_DOC_DOPCF
                                  fffc537e         2   func ,g         * 
  _Excep_CMPB_CMPB0
                                  fffc5380         1   func ,g         * 
  _Excep_CMPB_CMPB1
                                  fffc5381         1   func ,g         * 
  _Excep_RTC_CUP
                                  fffc5382         2   func ,g         * 
  _Excep_ICU_IRQ0
                                  fffc5384         2   func ,g         * 
  _Excep_ICU_IRQ1
                                  fffc5386         2   func ,g         * 
  _Excep_ICU_IRQ2
                                  fffc5388         2   func ,g         * 
  _Excep_ICU_IRQ3
                                  fffc538a         2   func ,g         * 
  _Excep_ICU_IRQ4
                                  fffc538c         2   func ,g         * 
  _Excep_ICU_IRQ5
                                  fffc538e         2   func ,g         * 
  _Excep_ICU_IRQ6
                                  fffc5390         2   func ,g         * 
  _Excep_ICU_IRQ7
                                  fffc5392         2   func ,g         * 
  _Excep_LVD_LVD1
                                  fffc5394         2   func ,g         * 
  _Excep_LVD_LVD2
                                  fffc5396         2   func ,g         * 
  _Excep_CMPA_CMPA1
                                  fffc5398         1   func ,g         * 
  _Excep_CMPA_CMPA2
                                  fffc5399         1   func ,g         * 
  _Excep_RTC_ALM
                                  fffc539a         2   func ,g         * 
  _Excep_RTC_PRD
                                  fffc539c         2   func ,g         * 
  _Excep_S12AD_S12ADI0
                                  fffc539e         2   func ,g         * 
  _Excep_S12AD_GBADI
                                  fffc53a0         2   func ,g         * 
  _Excep_ELC_ELSR18I
                                  fffc53a2         2   func ,g         * 
  _Excep_ELC_ELSR19I
                                  fffc53a4         1   func ,g         * 
  _Excep_MTU0_TGIA0
                                  fffc53a5         2   func ,g         * 
  _Excep_MTU0_TGIB0
                                  fffc53a7         2   func ,g         * 
  _Excep_MTU0_TGIC0
                                  fffc53a9         2   func ,g         * 
  _Excep_MTU0_TGID0
                                  fffc53ab         2   func ,g         * 
  _Excep_MTU0_TCIV0
                                  fffc53ad         2   func ,g         * 
  _Excep_MTU0_TGIE0
                                  fffc53af         2   func ,g         * 
  _Excep_MTU0_TGIF0
                                  fffc53b1         2   func ,g         * 
  _Excep_MTU1_TGIA1
                                  fffc53b3         2   func ,g         * 
  _Excep_MTU1_TGIB1
                                  fffc53b5         2   func ,g         * 
  _Excep_MTU1_TCIV1
                                  fffc53b7         2   func ,g         * 
  _Excep_MTU1_TCIU1
                                  fffc53b9         2   func ,g         * 
  _Excep_MTU2_TGIA2
                                  fffc53bb         2   func ,g         * 
  _Excep_MTU2_TGIB2
                                  fffc53bd         2   func ,g         * 
  _Excep_MTU2_TCIV2
                                  fffc53bf         2   func ,g         * 
  _Excep_MTU2_TCIU2
                                  fffc53c1         2   func ,g         * 
  _Excep_MTU3_TGIA3
                                  fffc53c3         2   func ,g         * 
  _Excep_MTU3_TGIB3
                                  fffc53c5         e   func ,g         * 
  _Excep_MTU3_TGIC3
                                  fffc53d3         2   func ,g         * 
  _Excep_MTU3_TGID3
                                  fffc53d5         2   func ,g         * 
  _Excep_MTU3_TCIV3
                                  fffc53d7         2   func ,g         * 
  _Excep_MTU4_TGIA4
                                  fffc53d9         2   func ,g         * 
  _Excep_MTU4_TGIB4
                                  fffc53db         e   func ,g         * 
  _Excep_MTU4_TGIC4
                                  fffc53e9         2   func ,g         * 
  _Excep_MTU4_TGID4
                                  fffc53eb         2   func ,g         * 
  _Excep_MTU4_TCIV4
                                  fffc53ed         2   func ,g         * 
  _Excep_MTU5_TGIU5
                                  fffc53ef         2   func ,g         * 
  _Excep_MTU5_TGIV5
                                  fffc53f1         2   func ,g         * 
  _Excep_MTU5_TGIW5
                                  fffc53f3         2   func ,g         * 
  _Excep_POE_OEI1
                                  fffc53f5         2   func ,g         * 
  _Excep_POE_OEI2
                                  fffc53f7         2   func ,g         * 
  _Excep_TMR0_CMIA0
                                  fffc53f9         2   func ,g         * 
  _Excep_TMR0_CMIB0
                                  fffc53fb         2   func ,g         * 
  _Excep_TMR0_OVI0
                                  fffc53fd         2   func ,g         * 
  _Excep_TMR1_CMIA1
                                  fffc53ff         2   func ,g         * 
  _Excep_TMR1_CMIB1
                                  fffc5401         2   func ,g         * 
  _Excep_TMR1_OVI1
                                  fffc5403         2   func ,g         * 
  _Excep_TMR2_CMIA2
                                  fffc5405         2   func ,g         * 
  _Excep_TMR2_CMIB2
                                  fffc5407         2   func ,g         * 
  _Excep_TMR2_OVI2
                                  fffc5409         2   func ,g         * 
  _Excep_TMR3_CMIA3
                                  fffc540b         2   func ,g         * 
  _Excep_TMR3_CMIB3
                                  fffc540d         2   func ,g         * 
  _Excep_TMR3_OVI3
                                  fffc540f         2   func ,g         * 
  _Excep_DMAC_DMAC0I
                                  fffc5411         2   func ,g         * 
  _Excep_DMAC_DMAC1I
                                  fffc5413         2   func ,g         * 
  _Excep_DMAC_DMAC2I
                                  fffc5415         2   func ,g         * 
  _Excep_DMAC_DMAC3I
                                  fffc5417         2   func ,g         * 
  _Excep_SCI0_ERI0
                                  fffc5419         1   func ,g         * 
  _Excep_SCI0_RXI0
                                  fffc541a         1   func ,g         * 
  _Excep_SCI0_TXI0
                                  fffc541b         1   func ,g         * 
  _Excep_SCI0_TEI0
                                  fffc541c         1   func ,g         * 
  _Excep_SCI1_ERI1
                                  fffc541d         2   func ,g         * 
  _Excep_SCI1_RXI1
                                  fffc541f         2   func ,g         * 
  _Excep_SCI1_TXI1
                                  fffc5421         2   func ,g         * 
  _Excep_SCI1_TEI1
                                  fffc5423         2   func ,g         * 
  _Excep_SCI5_ERI5
                                  fffc5425         2   func ,g         * 
  _Excep_SCI5_RXI5
                                  fffc5427         2   func ,g         * 
  _Excep_SCI5_TXI5
                                  fffc5429         2   func ,g         * 
  _Excep_SCI5_TEI5
                                  fffc542b         2   func ,g         * 
  _Excep_SCI6_ERI6
                                  fffc542d         2   func ,g         * 
  _Excep_SCI6_RXI6
                                  fffc542f         2   func ,g         * 
  _Excep_SCI6_TXI6
                                  fffc5431         2   func ,g         * 
  _Excep_SCI6_TEI6
                                  fffc5433         2   func ,g         * 
  _Excep_SCI8_ERI8
                                  fffc5435         1   func ,g         * 
  _Excep_SCI8_RXI8
                                  fffc5436         1   func ,g         * 
  _Excep_SCI8_TXI8
                                  fffc5437         1   func ,g         * 
  _Excep_SCI8_TEI8
                                  fffc5438         1   func ,g         * 
  _Excep_SCI9_ERI9
                                  fffc5439         2   func ,g         * 
  _Excep_SCI9_RXI9
                                  fffc543b         2   func ,g         * 
  _Excep_SCI9_TXI9
                                  fffc543d         2   func ,g         * 
  _Excep_SCI9_TEI9
                                  fffc543f         2   func ,g         * 
  _Excep_SCI12_ERI12
                                  fffc5441         2   func ,g         * 
  _Excep_SCI12_RXI12
                                  fffc5443         2   func ,g         * 
  _Excep_SCI12_TXI12
                                  fffc5445         2   func ,g         * 
  _Excep_SCI12_TEI12
                                  fffc5447         2   func ,g         * 
  _Excep_SCI12_SCIX0
                                  fffc5449         2   func ,g         * 
  _Excep_SCI12_SCIX1
                                  fffc544b         2   func ,g         * 
  _Excep_SCI12_SCIX2
                                  fffc544d         2   func ,g         * 
  _Excep_SCI12_SCIX3
                                  fffc544f         2   func ,g         * 
  _Excep_RIIC0_EEI0
                                  fffc5451         2   func ,g         * 
  _Excep_RIIC0_RXI0
                                  fffc5453         2   func ,g         * 
  _Excep_RIIC0_TXI0
                                  fffc5455         2   func ,g         * 
  _Excep_RIIC0_TEI0
                                  fffc5457         2   func ,g         * 

SECTION=W_1
FILE=DefaultBuild\RX220Mouse2.obj
                                  fffc545c  fffc5467         c

SECTION=L
FILE=DefaultBuild\RX220Mouse2.obj
                                  fffc5468  fffc55d3       16c

SECTION=$ADDR_C_FFFFFF80
FILE=DefaultBuild\vecttbl.obj
                                  ffffff80  ffffff83         4
  __MDEreg
                                  ffffff80         4   data ,g         * 

SECTION=$ADDR_C_FFFFFFA0
FILE=DefaultBuild\vecttbl.obj
                                  ffffffa0  ffffffaf        10
  _id_code
                                  ffffffa0        10   data ,g         * 

SECTION=FIXEDVECT
FILE=DefaultBuild\vecttbl.obj
                                  ffffffd0  ffffffff        30
  _Fixed_Vectors
                                  ffffffd0        30   data ,g         * 

*** Unfilled Areas ***

AREA                                START    END

*** Delete Symbols ***

SYMBOL                                SIZE    INFO
