Renesas Optimizing Linker (W3.07.00 )             09-Jan-2026 16:21:38

*** Options ***

-subcommand=DefaultBuild\RX220Mouse2.clnk
-library=DefaultBuild\RX220Mouse2.lib
-input=DefaultBuild\dbsct.obj
-input=DefaultBuild\intprg.obj
-input=DefaultBuild\resetprg.obj
-input=DefaultBuild\RX220Mouse2.obj
-input=DefaultBuild\sbrk.obj
-input=DefaultBuild\vecttbl.obj
-noprelink
-output=DefaultBuild\RX220Mouse2.abs
-list=DefaultBuild\RX220Mouse2.map
-show=symbol,total_size
-nooptimize
-start=B_1,R_1,B_2,R_2,B,R,SU,SI/04,PResetPRG/0FFFC0000,C_1,C_2,C,C$DSEC,C$BSEC,C$INIT,C$VTBL,C$VECT,D_1,D_2,D,P,PIntPRG,W_1,W_2,W,L/0FFFC0100,FIXEDVECT/0FFFFFFD0
-rom=D=R,D_1=R_1,D_2=R_2
-nologo
-end

*** Error information ***

*** Mapping List ***

SECTION                            START      END         SIZE   ALIGN
B_1
                                  00000004  0000021a       217   1
R_1
                                  0000021b  0000021b         1   1
B_2
                                  0000021c  00000697       47c   2
R_2
                                  00000698  000006a1         a   2
B
                                  000006a4  00000aab       408   4
R
                                  00000aac  00000ab7         c   4
SU
                                  00000ab8  00000bb7       100   4
SI
                                  00000bb8  00000eb7       300   4
PResetPRG
                                  fffc0000  fffc002b        2c   4
C_1
                                  fffc0100  fffc0100         0   1
C_2
                                  fffc0100  fffc117b      107c   2
C
                                  fffc117c  fffc11fb        80   4
C$DSEC
                                  fffc11fc  fffc121f        24   4
C$BSEC
                                  fffc1220  fffc1237        18   4
C$INIT
                                  fffc1238  fffc1238         0   1
C$VTBL
                                  fffc1238  fffc1238         0   1
C$VECT
                                  fffc1238  fffc1637       400   4
D_1
                                  fffc1638  fffc1638         1   1
D_2
                                  fffc163a  fffc1643         a   2
D
                                  fffc1644  fffc164f         c   4
P
                                  fffc1650  fffc57c5      4176   4
PIntPRG
                                  fffc57c6  fffc58d7       112   1
W_1
                                  fffc58d8  fffc58e3         c   4
W_2
                                  fffc58e4  fffc58e4         0   2
W
                                  fffc58e4  fffc58e4         0   4
L
                                  fffc58e4  fffc5a3e       15b   4
$ADDR_C_FFFFFF80
                                  ffffff80  ffffff83         4   1
$ADDR_C_FFFFFFA0
                                  ffffffa0  ffffffaf        10   1
FIXEDVECT
                                  ffffffd0  ffffffff        30   4

*** Total Section Size ***

RAMDATA SECTION:  00000eb2 Byte(s)
ROMDATA SECTION:  000016fa Byte(s)
PROGRAM SECTION:  000042b4 Byte(s)

*** Symbol List ***

SECTION=
FILE=                               START        END    SIZE
  SYMBOL                            ADDR        SIZE    INFO      COUNTS  OPT

SECTION=B_1
FILE=DefaultBuild\RX220Mouse2.obj
                                  00000004  0000021a       217
  _LCD_DATA
                                  00000004        10   data ,g         * 
  _gspeed_index
                                  00000014         1   data ,g         * 
  _head
                                  00000015         1   data ,g         * 
  _head_change
                                  00000016         1   data ,g         * 
  _pos_x
                                  00000017         1   data ,g         * 
  _pos_y
                                  00000018         1   data ,g         * 
  _map
                                  00000019       100   data ,g         * 
  _p_map
                                  00000119       100   data ,g         * 
  _goal_x
                                  00000219         1   data ,g         * 
  _goal_y
                                  0000021a         1   data ,g         * 

SECTION=R_1
FILE=DefaultBuild\RX220Mouse2.obj
                                  0000021b  0000021b         1
  _ccnt_playing
                                  0000021b         1   data ,l         * 

SECTION=B_2
FILE=DefaultBuild\RX220Mouse2.obj
                                  0000021c  00000697       47c
  _LCD_FLAG
                                  0000021c         2   data ,g         * 
  _LCD_PT
                                  0000021e         2   data ,g         * 
  _SENSOR_PT
                                  00000220         2   data ,g         * 
  _Batt
                                  00000222         2   data ,g         * 
  _R_PRE
                                  00000224         2   data ,g         * 
  _L_PRE
                                  00000226         2   data ,g         * 
  _F_PRE
                                  00000228         2   data ,g         * 
  _R_SEN
                                  0000022a         2   data ,g         * 
  _L_SEN
                                  0000022c         2   data ,g         * 
  _F_SEN
                                  0000022e         2   data ,g         * 
  _R_SW
                                  00000230         2   data ,g         * 
  _L_SW
                                  00000232         2   data ,g         * 
  _F_SW
                                  00000234         2   data ,g         * 
  _R_REF
                                  00000236         2   data ,g         * 
  _L_REF
                                  00000238         2   data ,g         * 
  _F_REF
                                  0000023a         2   data ,g         * 
  _R_LIM
                                  0000023c         2   data ,g         * 
  _L_LIM
                                  0000023e         2   data ,g         * 
  _F_LIM
                                  00000240         2   data ,g         * 
  _F_LIM2
                                  00000242         2   data ,g         * 
  _timerL
                                  00000244         2   data ,g         * 
  _timerR
                                  00000246         2   data ,g         * 
  _ldir
                                  00000248         2   data ,g         * 
  _rdir
                                  0000024a         2   data ,g         * 
  _speed
                                  0000024c         2   data ,g         * 
  _speed_now
                                  0000024e         2   data ,g         * 
  _MotorTimer
                                  00000250         2   data ,g         * 
  _control_mode
                                  00000252         2   data ,g         * 
  _STEP
                                  00000254         2   data ,g         * 
  _GO_STEP
                                  00000256         2   data ,g         * 
  _TURN_STEP
                                  00000258         2   data ,g         * 
  _SLALOM_STEP_FORWARD
                                  0000025a         2   data ,g         * 
  _SLALOM_STEP_OUT
                                  0000025c         2   data ,g         * 
  _SLALOM_INNER_SPEED
                                  0000025e         2   data ,g         * 
  _BACK_STEP
                                  00000260         2   data ,g         * 
  _HALF_STEP
                                  00000262         2   data ,g         * 
  _GSPEEDvar
                                  00000264         2   data ,g         * 
  _slalom_step_forward_table
                                  00000266        10   data ,l         * 
  _slalom_step_out_table
                                  00000276        10   data ,l         * 
  _slalom_inner_speed_table
                                  00000286        10   data ,l         * 
  _wall_sample_left
                                  00000296       200   data ,g         * 
  _wall_sample_right
                                  00000496       200   data ,g         * 
  _wall_sample_count
                                  00000696         2   data ,g         * 

SECTION=R_2
FILE=DefaultBuild\RX220Mouse2.obj
                                  00000698  000006a1         a
  _wait_timer
                                  00000698         2   data ,g         * 
  _ccnt_ms_left
                                  0000069a         2   data ,l         * 
  _ccnt_step_index
                                  0000069c         2   data ,l         * 
  _stepf_r
                                  0000069e         2   data ,g         * 
  _stepf_l
                                  000006a0         2   data ,g         * 

SECTION=B
FILE=DefaultBuild\RX220Mouse2.obj
                                  000006a4  000006ab         8
  _step_r
                                  000006a4         4   data ,g         * 
  _step_l
                                  000006a8         4   data ,g         * 
FILE=DefaultBuild\sbrk.obj
                                  000006ac  00000aab       400
  _heap_area
                                  000006ac       400   data ,l         * 

SECTION=R
FILE=DefaultBuild\RX220Mouse2.obj
                                  00000aac  00000ab3         8
  _MODE
                                  00000aac         4   data ,g         * 
  _goal_choice_index
                                  00000ab0         4   data ,g         * 
FILE=DefaultBuild\sbrk.obj
                                  00000ab4  00000ab7         4
  _brk
                                  00000ab4         4   data ,l         * 

SECTION=SU
FILE=DefaultBuild\resetprg.obj
                                  00000ab8  00000bb7       100

SECTION=SI
FILE=DefaultBuild\resetprg.obj
                                  00000bb8  00000eb7       300

SECTION=PResetPRG
FILE=DefaultBuild\resetprg.obj
                                  fffc0000  fffc002b        2c
  _PowerON_Reset_PC
                                  fffc0000        29   entry,g         * 

SECTION=C_2
FILE=DefaultBuild\RX220Mouse2.obj
                                  fffc0100  fffc117b      107c
  _AccTable
                                  fffc0100       fa0   data ,g         * 
  _GSSPEED
                                  fffc10a0        10   data ,l         * 
  _beep_data
                                  fffc10b0        4c   data ,l         * 
  _ccnt_melody
                                  fffc10fc        80   data ,l         * 

SECTION=C
FILE=DefaultBuild\dbsct.obj
                                  fffc117c  fffc11af        34
  __CTBL
                                  fffc117c        34   data ,g         * 
FILE=DefaultBuild\RX220Mouse2.obj
                                  fffc11b0  fffc11fb        4c
  _goal_choices
                                  fffc11b0        28   data ,l         * 
  _center_refs
                                  fffc11d8        24   data ,l         * 

SECTION=C$DSEC
FILE=DefaultBuild\dbsct.obj
                                  fffc11fc  fffc121f        24
  __DTBL
                                  fffc11fc        24   data ,g         * 

SECTION=C$BSEC
FILE=DefaultBuild\dbsct.obj
                                  fffc1220  fffc1237        18
  __BTBL
                                  fffc1220        18   data ,g         * 

SECTION=C$VECT
FILE=DefaultBuild\dbsct.obj
                                  fffc1238  fffc1637       400

SECTION=D_1
FILE=DefaultBuild\RX220Mouse2.obj
                                  fffc1638  fffc1638         1

SECTION=D_2
FILE=DefaultBuild\RX220Mouse2.obj
                                  fffc163a  fffc1643         a

SECTION=D
FILE=DefaultBuild\RX220Mouse2.obj
                                  fffc1644  fffc164b         8
FILE=DefaultBuild\sbrk.obj
                                  fffc164c  fffc164f         4

SECTION=P
FILE=DefaultBuild\RX220Mouse2.obj
                                  fffc1650  fffc573f      40f0
  _LCD_init
                                  fffc1650        6d   func ,g         * 
  _LCD
                                  fffc16bd        82   func ,g         * 
  _LCD_clear
                                  fffc173f        23   func ,g         * 
  _LCD_print
                                  fffc1762        2d   func ,g         * 
  _LCD_dec_out
                                  fffc178f        eb   func ,g         * 
  _LCD_com4
                                  fffc187a        44   func ,g         * 
  _LCD_com8
                                  fffc18be        14   func ,g         * 
  _LCD_dat8
                                  fffc18d2        7d   func ,g         * 
  _LCD_wait
                                  fffc194f        18   func ,g         * 
  _buzzer_set_tone
                                  fffc1967        40   func ,l         * 
  _ccnt_playback_tick
                                  fffc19a7        80   func ,l         * 
  _set_goal_choice_index
                                  fffc1a27        4a   func ,l         * 
  _advance_goal_choice
                                  fffc1a71        12   func ,l         * 
  _main
                                  fffc1a83       161   func ,g         * 
  _IO_init
                                  fffc1be4       3fc   func ,g         * 
  _load_param
                                  fffc1fe0       1ef   func ,g         * 
  _reset_wall_samples
                                  fffc21cf         a   func ,g         * 
  _log_wall_samples
                                  fffc21d9        ab   func ,g         * 
  _update_wall_ref_from_log
                                  fffc2284        7c   func ,g         * 
  _timerc_200us
                                  fffc2300       53a   func ,g         * 
  _int_mot_r
                                  fffc283a        22   func ,g         * 
  _int_mot_l
                                  fffc285c        22   func ,g         * 
  _pause
                                  fffc287e        1c   func ,g         * 
  _WaitKeyOff
                                  fffc289a        43   func ,g         * 
  _beep
                                  fffc28dd        4a   func ,g         * 
  _ccnt
                                  fffc2927        3a   func ,g         * 
  _change_mode
                                  fffc2961       14b   func ,g         * 
  _exec_mode
                                  fffc2aac       101   func ,g         * 
  _modeB1
                                  fffc2bad        9b   func ,g         * 
  _mode0
                                  fffc2c48        e6   func ,g         * 
  _mode1
                                  fffc2d2e        de   func ,g         * 
  _mode2
                                  fffc2e0c        7c   func ,g         * 
  _mode3
                                  fffc2e88        7d   func ,g         * 
  _mode4
                                  fffc2f05        76   func ,g         * 
  _set_slalom_steps_for_speed
                                  fffc2f7b        58   func ,l         * 
  _store_slalom_steps_for_speed
                                  fffc2fd3        58   func ,l         * 
  _gspeed_index_for_value
                                  fffc302b        31   func ,l         * 
  _update_gspeed_index
                                  fffc305c        72   func ,l         * 
  _select_gspeed
                                  fffc30ce        87   func ,l         * 
  _mode5
                                  fffc3155        9a   func ,g         * 
  _mode6
                                  fffc31ef        79   func ,g         * 
  _mode7
                                  fffc3268        60   func ,g         * 
  _mode8
                                  fffc32c8        99   func ,g         * 
  _mode9
                                  fffc3361        f8   func ,g         * 
  _render_center_ref_line
                                  fffc3459        45   func ,l         * 
  _mode10
                                  fffc349e        99   func ,g         * 
  _mode11
                                  fffc3537        f3   func ,g         * 
  _mode12
                                  fffc362a       1a5   func ,g         * 
  _mode13
                                  fffc37cf        84   func ,g         * 
  _mouse_search
                                  fffc3853       4a3   func ,g         * 
  _slalom_search
                                  fffc3cf6       3c6   func ,g         * 
  _com_go
                                  fffc40bc        a9   func ,g         * 
  _com_stop
                                  fffc4165        4f   func ,g         * 
  _com_turn
                                  fffc41b4        fd   func ,g         * 
  _com_slalom_turn
                                  fffc42b1       1bf   func ,g         * 
  _com_back
                                  fffc4470        bd   func ,g         * 
  _com_go_half
                                  fffc452d        97   func ,g         * 
  _kbat_r
                                  fffc45c4        11   func ,g         * 
  _kbat_lf_turn
                                  fffc45d5        99   func ,g         * 
  _goal_kbat_turn
                                  fffc466e       11d   func ,g         * 
  _start_back_wall_contact
                                  fffc478b         c   func ,l         * 
  _countdown
                                  fffc4797        6c   func ,g         * 
  _finish
                                  fffc4803        30   func ,g         * 
  _map_writeDF
                                  fffc4833        77   func ,g         * 
  _map_DFread
                                  fffc48aa        8a   func ,g         * 
  _sensor_ref_writeDF
                                  fffc4934        3a   func ,g         * 
  _sensor_ref_readDF
                                  fffc496e        45   func ,g         * 
  _slalom_step_writeDF
                                  fffc49b3        84   func ,g         * 
  _slalom_step_readDF
                                  fffc4a37        f2   func ,g         * 
  _goal_choice_writeDF
                                  fffc4b29        3d   func ,g         * 
  _goal_choice_readDF
                                  fffc4b66        35   func ,g         * 
  _fcu_reset
                                  fffc4b9b        1f   func ,g         * 
  _fcu_tope
                                  fffc4bba        22   func ,g         * 
  _fcu_toread
                                  fffc4bdc        1e   func ,g         * 
  _error_check
                                  fffc4bfa        6e   func ,g         * 
  _clear_flash
                                  fffc4c68        32   func ,g         * 
  _wait_frdy
                                  fffc4c9a        30   func ,g         * 
  _DFlash_init
                                  fffc4cca        84   func ,g         * 
  _DFlash_bread
                                  fffc4d4e        44   func ,g         * 
  _DFlash_bprog
                                  fffc4d92        65   func ,g         * 
  _get_wall_data
                                  fffc4df7        56   func ,g         * 
  _clear_map
                                  fffc4e4d        e6   func ,g         * 
  _make_map_data
                                  fffc4f33       199   func ,g         * 
  _make_potential
                                  fffc50cc       390   func ,g         * 
  _search_left_hand
                                  fffc545c        5b   func ,g         * 
  _search_adachi
                                  fffc54b7       289   func ,g         * 
FILE=DefaultBuild\sbrk.obj
                                  fffc5740  fffc577b        3c
  _sbrk
                                  fffc5740        3c   func ,g         * 
FILE=__initsct
                                  fffc577c  fffc57c5        4a
  __INITSCT
                                  fffc577c         0   none ,g         * 
  loop1
                                  fffc578e         0   none ,l         * 
  next_loop1
                                  fffc579c         0   none ,l         * 
  loop3
                                  fffc57ae         0   none ,l         * 
  next_loop3
                                  fffc57bf         0   none ,l         * 

SECTION=PIntPRG
FILE=DefaultBuild\intprg.obj
                                  fffc57c6  fffc58d7       112
  _Excep_SuperVisorInst
                                  fffc57c6         2   func ,g         * 
  _Excep_UndefinedInst
                                  fffc57c8         2   func ,g         * 
  _NonMaskableInterrupt
                                  fffc57ca         2   func ,g         * 
  _Dummy
                                  fffc57cc         2   func ,g         * 
  _Excep_BRK
                                  fffc57ce         4   func ,g         * 
  _Excep_BSC_BUSERR
                                  fffc57d2         2   func ,g         * 
  _Excep_FCU_FIFERR
                                  fffc57d4         2   func ,g         * 
  _Excep_FCU_FRDYI
                                  fffc57d6         2   func ,g         * 
  _Excep_ICU_SWINT
                                  fffc57d8         2   func ,g         * 
  _Excep_CMT0_CMI0
                                  fffc57da         e   func ,g         * 
  _Excep_CMT1_CMI1
                                  fffc57e8         2   func ,g         * 
  _Excep_CMT2_CMI2
                                  fffc57ea         2   func ,g         * 
  _Excep_CMT3_CMI3
                                  fffc57ec         2   func ,g         * 
  _Excep_CAC_FERRF
                                  fffc57ee         2   func ,g         * 
  _Excep_CAC_MENDF
                                  fffc57f0         2   func ,g         * 
  _Excep_CAC_OVFF
                                  fffc57f2         2   func ,g         * 
  _Excep_RSPI0_SPEI0
                                  fffc57f4         2   func ,g         * 
  _Excep_RSPI0_SPRI0
                                  fffc57f6         2   func ,g         * 
  _Excep_RSPI0_SPTI0
                                  fffc57f8         2   func ,g         * 
  _Excep_RSPI0_SPII0
                                  fffc57fa         2   func ,g         * 
  _Excep_DOC_DOPCF
                                  fffc57fc         2   func ,g         * 
  _Excep_CMPB_CMPB0
                                  fffc57fe         1   func ,g         * 
  _Excep_CMPB_CMPB1
                                  fffc57ff         1   func ,g         * 
  _Excep_RTC_CUP
                                  fffc5800         2   func ,g         * 
  _Excep_ICU_IRQ0
                                  fffc5802         2   func ,g         * 
  _Excep_ICU_IRQ1
                                  fffc5804         2   func ,g         * 
  _Excep_ICU_IRQ2
                                  fffc5806         2   func ,g         * 
  _Excep_ICU_IRQ3
                                  fffc5808         2   func ,g         * 
  _Excep_ICU_IRQ4
                                  fffc580a         2   func ,g         * 
  _Excep_ICU_IRQ5
                                  fffc580c         2   func ,g         * 
  _Excep_ICU_IRQ6
                                  fffc580e         2   func ,g         * 
  _Excep_ICU_IRQ7
                                  fffc5810         2   func ,g         * 
  _Excep_LVD_LVD1
                                  fffc5812         2   func ,g         * 
  _Excep_LVD_LVD2
                                  fffc5814         2   func ,g         * 
  _Excep_CMPA_CMPA1
                                  fffc5816         1   func ,g         * 
  _Excep_CMPA_CMPA2
                                  fffc5817         1   func ,g         * 
  _Excep_RTC_ALM
                                  fffc5818         2   func ,g         * 
  _Excep_RTC_PRD
                                  fffc581a         2   func ,g         * 
  _Excep_S12AD_S12ADI0
                                  fffc581c         2   func ,g         * 
  _Excep_S12AD_GBADI
                                  fffc581e         2   func ,g         * 
  _Excep_ELC_ELSR18I
                                  fffc5820         2   func ,g         * 
  _Excep_ELC_ELSR19I
                                  fffc5822         1   func ,g         * 
  _Excep_MTU0_TGIA0
                                  fffc5823         2   func ,g         * 
  _Excep_MTU0_TGIB0
                                  fffc5825         2   func ,g         * 
  _Excep_MTU0_TGIC0
                                  fffc5827         2   func ,g         * 
  _Excep_MTU0_TGID0
                                  fffc5829         2   func ,g         * 
  _Excep_MTU0_TCIV0
                                  fffc582b         2   func ,g         * 
  _Excep_MTU0_TGIE0
                                  fffc582d         2   func ,g         * 
  _Excep_MTU0_TGIF0
                                  fffc582f         2   func ,g         * 
  _Excep_MTU1_TGIA1
                                  fffc5831         2   func ,g         * 
  _Excep_MTU1_TGIB1
                                  fffc5833         2   func ,g         * 
  _Excep_MTU1_TCIV1
                                  fffc5835         2   func ,g         * 
  _Excep_MTU1_TCIU1
                                  fffc5837         2   func ,g         * 
  _Excep_MTU2_TGIA2
                                  fffc5839         2   func ,g         * 
  _Excep_MTU2_TGIB2
                                  fffc583b         2   func ,g         * 
  _Excep_MTU2_TCIV2
                                  fffc583d         2   func ,g         * 
  _Excep_MTU2_TCIU2
                                  fffc583f         2   func ,g         * 
  _Excep_MTU3_TGIA3
                                  fffc5841         2   func ,g         * 
  _Excep_MTU3_TGIB3
                                  fffc5843         e   func ,g         * 
  _Excep_MTU3_TGIC3
                                  fffc5851         2   func ,g         * 
  _Excep_MTU3_TGID3
                                  fffc5853         2   func ,g         * 
  _Excep_MTU3_TCIV3
                                  fffc5855         2   func ,g         * 
  _Excep_MTU4_TGIA4
                                  fffc5857         2   func ,g         * 
  _Excep_MTU4_TGIB4
                                  fffc5859         e   func ,g         * 
  _Excep_MTU4_TGIC4
                                  fffc5867         2   func ,g         * 
  _Excep_MTU4_TGID4
                                  fffc5869         2   func ,g         * 
  _Excep_MTU4_TCIV4
                                  fffc586b         2   func ,g         * 
  _Excep_MTU5_TGIU5
                                  fffc586d         2   func ,g         * 
  _Excep_MTU5_TGIV5
                                  fffc586f         2   func ,g         * 
  _Excep_MTU5_TGIW5
                                  fffc5871         2   func ,g         * 
  _Excep_POE_OEI1
                                  fffc5873         2   func ,g         * 
  _Excep_POE_OEI2
                                  fffc5875         2   func ,g         * 
  _Excep_TMR0_CMIA0
                                  fffc5877         2   func ,g         * 
  _Excep_TMR0_CMIB0
                                  fffc5879         2   func ,g         * 
  _Excep_TMR0_OVI0
                                  fffc587b         2   func ,g         * 
  _Excep_TMR1_CMIA1
                                  fffc587d         2   func ,g         * 
  _Excep_TMR1_CMIB1
                                  fffc587f         2   func ,g         * 
  _Excep_TMR1_OVI1
                                  fffc5881         2   func ,g         * 
  _Excep_TMR2_CMIA2
                                  fffc5883         2   func ,g         * 
  _Excep_TMR2_CMIB2
                                  fffc5885         2   func ,g         * 
  _Excep_TMR2_OVI2
                                  fffc5887         2   func ,g         * 
  _Excep_TMR3_CMIA3
                                  fffc5889         2   func ,g         * 
  _Excep_TMR3_CMIB3
                                  fffc588b         2   func ,g         * 
  _Excep_TMR3_OVI3
                                  fffc588d         2   func ,g         * 
  _Excep_DMAC_DMAC0I
                                  fffc588f         2   func ,g         * 
  _Excep_DMAC_DMAC1I
                                  fffc5891         2   func ,g         * 
  _Excep_DMAC_DMAC2I
                                  fffc5893         2   func ,g         * 
  _Excep_DMAC_DMAC3I
                                  fffc5895         2   func ,g         * 
  _Excep_SCI0_ERI0
                                  fffc5897         1   func ,g         * 
  _Excep_SCI0_RXI0
                                  fffc5898         1   func ,g         * 
  _Excep_SCI0_TXI0
                                  fffc5899         1   func ,g         * 
  _Excep_SCI0_TEI0
                                  fffc589a         1   func ,g         * 
  _Excep_SCI1_ERI1
                                  fffc589b         2   func ,g         * 
  _Excep_SCI1_RXI1
                                  fffc589d         2   func ,g         * 
  _Excep_SCI1_TXI1
                                  fffc589f         2   func ,g         * 
  _Excep_SCI1_TEI1
                                  fffc58a1         2   func ,g         * 
  _Excep_SCI5_ERI5
                                  fffc58a3         2   func ,g         * 
  _Excep_SCI5_RXI5
                                  fffc58a5         2   func ,g         * 
  _Excep_SCI5_TXI5
                                  fffc58a7         2   func ,g         * 
  _Excep_SCI5_TEI5
                                  fffc58a9         2   func ,g         * 
  _Excep_SCI6_ERI6
                                  fffc58ab         2   func ,g         * 
  _Excep_SCI6_RXI6
                                  fffc58ad         2   func ,g         * 
  _Excep_SCI6_TXI6
                                  fffc58af         2   func ,g         * 
  _Excep_SCI6_TEI6
                                  fffc58b1         2   func ,g         * 
  _Excep_SCI8_ERI8
                                  fffc58b3         1   func ,g         * 
  _Excep_SCI8_RXI8
                                  fffc58b4         1   func ,g         * 
  _Excep_SCI8_TXI8
                                  fffc58b5         1   func ,g         * 
  _Excep_SCI8_TEI8
                                  fffc58b6         1   func ,g         * 
  _Excep_SCI9_ERI9
                                  fffc58b7         2   func ,g         * 
  _Excep_SCI9_RXI9
                                  fffc58b9         2   func ,g         * 
  _Excep_SCI9_TXI9
                                  fffc58bb         2   func ,g         * 
  _Excep_SCI9_TEI9
                                  fffc58bd         2   func ,g         * 
  _Excep_SCI12_ERI12
                                  fffc58bf         2   func ,g         * 
  _Excep_SCI12_RXI12
                                  fffc58c1         2   func ,g         * 
  _Excep_SCI12_TXI12
                                  fffc58c3         2   func ,g         * 
  _Excep_SCI12_TEI12
                                  fffc58c5         2   func ,g         * 
  _Excep_SCI12_SCIX0
                                  fffc58c7         2   func ,g         * 
  _Excep_SCI12_SCIX1
                                  fffc58c9         2   func ,g         * 
  _Excep_SCI12_SCIX2
                                  fffc58cb         2   func ,g         * 
  _Excep_SCI12_SCIX3
                                  fffc58cd         2   func ,g         * 
  _Excep_RIIC0_EEI0
                                  fffc58cf         2   func ,g         * 
  _Excep_RIIC0_RXI0
                                  fffc58d1         2   func ,g         * 
  _Excep_RIIC0_TXI0
                                  fffc58d3         2   func ,g         * 
  _Excep_RIIC0_TEI0
                                  fffc58d5         2   func ,g         * 

SECTION=W_1
FILE=DefaultBuild\RX220Mouse2.obj
                                  fffc58d8  fffc58e3         c

SECTION=L
FILE=DefaultBuild\RX220Mouse2.obj
                                  fffc58e4  fffc5a3e       15b

SECTION=$ADDR_C_FFFFFF80
FILE=DefaultBuild\vecttbl.obj
                                  ffffff80  ffffff83         4
  __MDEreg
                                  ffffff80         4   data ,g         * 

SECTION=$ADDR_C_FFFFFFA0
FILE=DefaultBuild\vecttbl.obj
                                  ffffffa0  ffffffaf        10
  _id_code
                                  ffffffa0        10   data ,g         * 

SECTION=FIXEDVECT
FILE=DefaultBuild\vecttbl.obj
                                  ffffffd0  ffffffff        30
  _Fixed_Vectors
                                  ffffffd0        30   data ,g         * 

*** Unfilled Areas ***

AREA                                START    END

*** Delete Symbols ***

SYMBOL                                SIZE    INFO
