Renesas Optimizing Linker (W3.07.00 )             01-Dec-2025 21:05:11

*** Options ***

-subcommand=DefaultBuild\RX220Mouse2.clnk
-library=DefaultBuild\RX220Mouse2.lib
-input=DefaultBuild\dbsct.obj
-input=DefaultBuild\intprg.obj
-input=DefaultBuild\resetprg.obj
-input=DefaultBuild\RX220Mouse2.obj
-input=DefaultBuild\sbrk.obj
-input=DefaultBuild\vecttbl.obj
-noprelink
-output=DefaultBuild\RX220Mouse2.abs
-list=DefaultBuild\RX220Mouse2.map
-show=symbol,total_size
-nooptimize
-start=B_1,R_1,B_2,R_2,B,R,SU,SI/04,PResetPRG/0FFFC0000,C_1,C_2,C,C$DSEC,C$BSEC,C$INIT,C$VTBL,C$VECT,D_1,D_2,D,P,PIntPRG,W_1,W_2,W,L/0FFFC0100,FIXEDVECT/0FFFFFFD0
-rom=D=R,D_1=R_1,D_2=R_2
-nologo
-end

*** Error information ***

*** Mapping List ***

SECTION                            START      END         SIZE   ALIGN
B_1
                                  00000004  0000021a       217   1
R_1
                                  0000021b  0000021b         1   1
B_2
                                  0000021c  00000667       44c   2
R_2
                                  00000668  00000671         a   2
B
                                  00000674  00000a7b       408   4
R
                                  00000a7c  00000a83         8   4
SU
                                  00000a84  00000b83       100   4
SI
                                  00000b84  00000e83       300   4
PResetPRG
                                  fffc0000  fffc002b        2c   4
C_1
                                  fffc0100  fffc0100         0   1
C_2
                                  fffc0100  fffc117b      107c   2
C
                                  fffc117c  fffc11af        34   4
C$DSEC
                                  fffc11b0  fffc11d3        24   4
C$BSEC
                                  fffc11d4  fffc11eb        18   4
C$INIT
                                  fffc11ec  fffc11ec         0   1
C$VTBL
                                  fffc11ec  fffc11ec         0   1
C$VECT
                                  fffc11ec  fffc15eb       400   4
D_1
                                  fffc15ec  fffc15ec         1   1
D_2
                                  fffc15ee  fffc15f7         a   2
D
                                  fffc15f8  fffc15ff         8   4
P
                                  fffc1600  fffc4222      2c23   4
PIntPRG
                                  fffc4223  fffc4333       111   1
W_1
                                  fffc4334  fffc4334         0   4
W_2
                                  fffc4334  fffc4334         0   1
W
                                  fffc4334  fffc4334         0   1
L
                                  fffc4334  fffc43f7        c4   4
$ADDR_C_FFFFFF80
                                  ffffff80  ffffff83         4   1
$ADDR_C_FFFFFFA0
                                  ffffffa0  ffffffaf        10   1
FIXEDVECT
                                  ffffffd0  ffffffff        30   4

*** Total Section Size ***

RAMDATA SECTION:  00000e7e Byte(s)
ROMDATA SECTION:  00001607 Byte(s)
PROGRAM SECTION:  00002d60 Byte(s)

*** Symbol List ***

SECTION=
FILE=                               START        END    SIZE
  SYMBOL                            ADDR        SIZE    INFO      COUNTS  OPT

SECTION=B_1
FILE=DefaultBuild\RX220Mouse2.obj
                                  00000004  0000021a       217
  _LCD_DATA
                                  00000004        10   data ,g         * 
  _front_stop_enabled
                                  00000014         1   data ,g         * 
  _front_stop_triggered
                                  00000015         1   data ,g         * 
  _gspeed_index
                                  00000016         1   data ,g         * 
  _head
                                  00000017         1   data ,g         * 
  _head_change
                                  00000018         1   data ,g         * 
  _pos_x
                                  00000019         1   data ,g         * 
  _pos_y
                                  0000001a         1   data ,g         * 
  _map
                                  0000001b       100   data ,g         * 
  _p_map
                                  0000011b       100   data ,g         * 

SECTION=R_1
FILE=DefaultBuild\RX220Mouse2.obj
                                  0000021b  0000021b         1
  _ccnt_playing
                                  0000021b         1   data ,l         * 

SECTION=B_2
FILE=DefaultBuild\RX220Mouse2.obj
                                  0000021c  00000667       44c
  _LCD_FLAG
                                  0000021c         2   data ,g         * 
  _LCD_PT
                                  0000021e         2   data ,g         * 
  _SENSOR_PT
                                  00000220         2   data ,g         * 
  _Batt
                                  00000222         2   data ,g         * 
  _R_PRE
                                  00000224         2   data ,g         * 
  _L_PRE
                                  00000226         2   data ,g         * 
  _F_PRE
                                  00000228         2   data ,g         * 
  _R_SEN
                                  0000022a         2   data ,g         * 
  _L_SEN
                                  0000022c         2   data ,g         * 
  _F_SEN
                                  0000022e         2   data ,g         * 
  _R_SW
                                  00000230         2   data ,g         * 
  _L_SW
                                  00000232         2   data ,g         * 
  _F_SW
                                  00000234         2   data ,g         * 
  _R_REF
                                  00000236         2   data ,g         * 
  _L_REF
                                  00000238         2   data ,g         * 
  _R_LIM
                                  0000023a         2   data ,g         * 
  _L_LIM
                                  0000023c         2   data ,g         * 
  _F_LIM
                                  0000023e         2   data ,g         * 
  _front_center_samples
                                  00000240         a   data ,g         * 
  _front_center_sample_count
                                  0000024a         2   data ,g         * 
  _F_CENTER_MEDIAN
                                  0000024c         2   data ,g         * 
  _timerL
                                  0000024e         2   data ,g         * 
  _timerR
                                  00000250         2   data ,g         * 
  _ldir
                                  00000252         2   data ,g         * 
  _rdir
                                  00000254         2   data ,g         * 
  _speed
                                  00000256         2   data ,g         * 
  _speed_now
                                  00000258         2   data ,g         * 
  _MotorTimer
                                  0000025a         2   data ,g         * 
  _control_mode
                                  0000025c         2   data ,g         * 
  _STEP
                                  0000025e         2   data ,g         * 
  _GO_STEP
                                  00000260         2   data ,g         * 
  _TURN_STEP
                                  00000262         2   data ,g         * 
  _GSPEEDvar
                                  00000264         2   data ,g         * 
  _wall_sample_left
                                  00000266       200   data ,g         * 
  _wall_sample_right
                                  00000466       200   data ,g         * 
  _wall_sample_count
                                  00000666         2   data ,g         * 

SECTION=R_2
FILE=DefaultBuild\RX220Mouse2.obj
                                  00000668  00000671         a
  _wait_timer
                                  00000668         2   data ,g         * 
  _ccnt_ms_left
                                  0000066a         2   data ,l         * 
  _ccnt_step_index
                                  0000066c         2   data ,l         * 
  _stepf_r
                                  0000066e         2   data ,g         * 
  _stepf_l
                                  00000670         2   data ,g         * 

SECTION=B
FILE=DefaultBuild\RX220Mouse2.obj
                                  00000674  0000067b         8
  _step_r
                                  00000674         4   data ,g         * 
  _step_l
                                  00000678         4   data ,g         * 
FILE=DefaultBuild\sbrk.obj
                                  0000067c  00000a7b       400
  _heap_area
                                  0000067c       400   data ,l         * 

SECTION=R
FILE=DefaultBuild\RX220Mouse2.obj
                                  00000a7c  00000a7f         4
  _MODE
                                  00000a7c         4   data ,g         * 
FILE=DefaultBuild\sbrk.obj
                                  00000a80  00000a83         4
  _brk
                                  00000a80         4   data ,l         * 

SECTION=SU
FILE=DefaultBuild\resetprg.obj
                                  00000a84  00000b83       100

SECTION=SI
FILE=DefaultBuild\resetprg.obj
                                  00000b84  00000e83       300

SECTION=PResetPRG
FILE=DefaultBuild\resetprg.obj
                                  fffc0000  fffc002b        2c
  _PowerON_Reset_PC
                                  fffc0000        29   entry,g         * 

SECTION=C_2
FILE=DefaultBuild\RX220Mouse2.obj
                                  fffc0100  fffc117b      107c
  _AccTable
                                  fffc0100       fa0   data ,g         * 
  _GSSPEED
                                  fffc10a0        10   data ,l         * 
  _beep_data
                                  fffc10b0        4c   data ,l         * 
  _ccnt_melody
                                  fffc10fc        80   data ,l         * 

SECTION=C
FILE=DefaultBuild\dbsct.obj
                                  fffc117c  fffc11af        34
  __CTBL
                                  fffc117c        34   data ,g         * 

SECTION=C$DSEC
FILE=DefaultBuild\dbsct.obj
                                  fffc11b0  fffc11d3        24
  __DTBL
                                  fffc11b0        24   data ,g         * 

SECTION=C$BSEC
FILE=DefaultBuild\dbsct.obj
                                  fffc11d4  fffc11eb        18
  __BTBL
                                  fffc11d4        18   data ,g         * 

SECTION=C$VECT
FILE=DefaultBuild\dbsct.obj
                                  fffc11ec  fffc15eb       400

SECTION=D_1
FILE=DefaultBuild\RX220Mouse2.obj
                                  fffc15ec  fffc15ec         1

SECTION=D_2
FILE=DefaultBuild\RX220Mouse2.obj
                                  fffc15ee  fffc15f7         a

SECTION=D
FILE=DefaultBuild\RX220Mouse2.obj
                                  fffc15f8  fffc15fb         4
FILE=DefaultBuild\sbrk.obj
                                  fffc15fc  fffc15ff         4

SECTION=P
FILE=DefaultBuild\RX220Mouse2.obj
                                  fffc1600  fffc419c      2b9d
  _LCD_init
                                  fffc1600        6d   func ,g         * 
  _LCD
                                  fffc166d        82   func ,g         * 
  _LCD_clear
                                  fffc16ef        23   func ,g         * 
  _LCD_print
                                  fffc1712        2d   func ,g         * 
  _LCD_dec_out
                                  fffc173f        eb   func ,g         * 
  _LCD_com4
                                  fffc182a        44   func ,g         * 
  _LCD_com8
                                  fffc186e        14   func ,g         * 
  _LCD_dat8
                                  fffc1882        7d   func ,g         * 
  _LCD_wait
                                  fffc18ff        18   func ,g         * 
  _buzzer_set_tone
                                  fffc1917        40   func ,l         * 
  _ccnt_playback_tick
                                  fffc1957        80   func ,l         * 
  _main
                                  fffc19d7       156   func ,g         * 
  _IO_init
                                  fffc1b2d       3fc   func ,g         * 
  _load_param
                                  fffc1f29        66   func ,g         * 
  _reset_wall_samples
                                  fffc1f8f         a   func ,g         * 
  _log_wall_samples
                                  fffc1f99        ab   func ,g         * 
  _update_wall_ref_from_log
                                  fffc2044        79   func ,g         * 
  _median_front_samples
                                  fffc20bd        ad   func ,l         * 
  _reset_front_center_log
                                  fffc216a        1c   func ,g         * 
  _log_front_center_value
                                  fffc2186        d4   func ,g         * 
  _timerc_200us
                                  fffc225a       560   func ,g         * 
  _int_mot_r
                                  fffc27ba        22   func ,g         * 
  _int_mot_l
                                  fffc27dc        22   func ,g         * 
  _pause
                                  fffc27fe        1c   func ,g         * 
  _WaitKeyOff
                                  fffc281a        43   func ,g         * 
  _beep
                                  fffc285d        4a   func ,g         * 
  _ccnt
                                  fffc28a7        3a   func ,g         * 
  _change_mode
                                  fffc28e1        df   func ,g         * 
  _exec_mode
                                  fffc29c0        9b   func ,g         * 
  _modeB1
                                  fffc2a5b        3a   func ,g         * 
  _mode0
                                  fffc2a95        e3   func ,g         * 
  _mode1
                                  fffc2b78        de   func ,g         * 
  _mode2
                                  fffc2c56        7c   func ,g         * 
  _mode3
                                  fffc2cd2        7d   func ,g         * 
  _mode4
                                  fffc2d4f        76   func ,g         * 
  _update_gspeed_index
                                  fffc2dc5        67   func ,l         * 
  _select_gspeed
                                  fffc2e2c        87   func ,l         * 
  _mode5
                                  fffc2eb3        88   func ,g         * 
  _mode6
                                  fffc2f3b        6d   func ,g         * 
  _mode7
                                  fffc2fa8        54   func ,g         * 
  _mouse_search
                                  fffc2ffc       2d8   func ,g         * 
  _com_go
                                  fffc32d4       105   func ,g         * 
  _com_stop
                                  fffc33d9        5b   func ,g         * 
  _com_turn
                                  fffc3434        fd   func ,g         * 
  _countdown
                                  fffc3531        6c   func ,g         * 
  _finish
                                  fffc359d        30   func ,g         * 
  _map_writeDF
                                  fffc35cd        77   func ,g         * 
  _map_DFread
                                  fffc3644        8a   func ,g         * 
  _fcu_reset
                                  fffc36ce        1f   func ,g         * 
  _fcu_tope
                                  fffc36ed        22   func ,g         * 
  _fcu_toread
                                  fffc370f        1e   func ,g         * 
  _error_check
                                  fffc372d        6e   func ,g         * 
  _clear_flash
                                  fffc379b        32   func ,g         * 
  _wait_frdy
                                  fffc37cd        30   func ,g         * 
  _DFlash_init
                                  fffc37fd        84   func ,g         * 
  _DFlash_bread
                                  fffc3881        44   func ,g         * 
  _DFlash_bprog
                                  fffc38c5        65   func ,g         * 
  _get_wall_data
                                  fffc392a        56   func ,g         * 
  _clear_map
                                  fffc3980        e6   func ,g         * 
  _make_map_data
                                  fffc3a66       199   func ,g         * 
  _make_potential
                                  fffc3bff       390   func ,g         * 
  _search_adachi
                                  fffc3f8f       20e   func ,g         * 
FILE=DefaultBuild\sbrk.obj
                                  fffc419d  fffc41d8        3c
  _sbrk
                                  fffc419d        3c   func ,g         * 
FILE=__initsct
                                  fffc41d9  fffc4222        4a
  __INITSCT
                                  fffc41d9         0   none ,g         * 
  loop1
                                  fffc41eb         0   none ,l         * 
  next_loop1
                                  fffc41f9         0   none ,l         * 
  loop3
                                  fffc420b         0   none ,l         * 
  next_loop3
                                  fffc421c         0   none ,l         * 

SECTION=PIntPRG
FILE=DefaultBuild\intprg.obj
                                  fffc4223  fffc4333       111
  _Excep_SuperVisorInst
                                  fffc4223         2   func ,g         * 
  _Excep_UndefinedInst
                                  fffc4225         2   func ,g         * 
  _NonMaskableInterrupt
                                  fffc4227         2   func ,g         * 
  _Dummy
                                  fffc4229         2   func ,g         * 
  _Excep_BRK
                                  fffc422b         4   func ,g         * 
  _Excep_BSC_BUSERR
                                  fffc422f         2   func ,g         * 
  _Excep_FCU_FIFERR
                                  fffc4231         2   func ,g         * 
  _Excep_FCU_FRDYI
                                  fffc4233         2   func ,g         * 
  _Excep_ICU_SWINT
                                  fffc4235         2   func ,g         * 
  _Excep_CMT0_CMI0
                                  fffc4237         e   func ,g         * 
  _Excep_CMT1_CMI1
                                  fffc4245         2   func ,g         * 
  _Excep_CMT2_CMI2
                                  fffc4247         2   func ,g         * 
  _Excep_CMT3_CMI3
                                  fffc4249         2   func ,g         * 
  _Excep_CAC_FERRF
                                  fffc424b         2   func ,g         * 
  _Excep_CAC_MENDF
                                  fffc424d         2   func ,g         * 
  _Excep_CAC_OVFF
                                  fffc424f         2   func ,g         * 
  _Excep_RSPI0_SPEI0
                                  fffc4251         2   func ,g         * 
  _Excep_RSPI0_SPRI0
                                  fffc4253         2   func ,g         * 
  _Excep_RSPI0_SPTI0
                                  fffc4255         2   func ,g         * 
  _Excep_RSPI0_SPII0
                                  fffc4257         2   func ,g         * 
  _Excep_DOC_DOPCF
                                  fffc4259         2   func ,g         * 
  _Excep_CMPB_CMPB0
                                  fffc425b         1   func ,g         * 
  _Excep_CMPB_CMPB1
                                  fffc425c         1   func ,g         * 
  _Excep_RTC_CUP
                                  fffc425d         2   func ,g         * 
  _Excep_ICU_IRQ0
                                  fffc425f         2   func ,g         * 
  _Excep_ICU_IRQ1
                                  fffc4261         2   func ,g         * 
  _Excep_ICU_IRQ2
                                  fffc4263         2   func ,g         * 
  _Excep_ICU_IRQ3
                                  fffc4265         2   func ,g         * 
  _Excep_ICU_IRQ4
                                  fffc4267         2   func ,g         * 
  _Excep_ICU_IRQ5
                                  fffc4269         2   func ,g         * 
  _Excep_ICU_IRQ6
                                  fffc426b         2   func ,g         * 
  _Excep_ICU_IRQ7
                                  fffc426d         2   func ,g         * 
  _Excep_LVD_LVD1
                                  fffc426f         2   func ,g         * 
  _Excep_LVD_LVD2
                                  fffc4271         2   func ,g         * 
  _Excep_CMPA_CMPA1
                                  fffc4273         1   func ,g         * 
  _Excep_CMPA_CMPA2
                                  fffc4274         1   func ,g         * 
  _Excep_RTC_ALM
                                  fffc4275         2   func ,g         * 
  _Excep_RTC_PRD
                                  fffc4277         2   func ,g         * 
  _Excep_S12AD_S12ADI0
                                  fffc4279         2   func ,g         * 
  _Excep_S12AD_GBADI
                                  fffc427b         2   func ,g         * 
  _Excep_ELC_ELSR18I
                                  fffc427d         2   func ,g         * 
  _Excep_ELC_ELSR19I
                                  fffc427f         1   func ,g         * 
  _Excep_MTU0_TGIA0
                                  fffc4280         2   func ,g         * 
  _Excep_MTU0_TGIB0
                                  fffc4282         2   func ,g         * 
  _Excep_MTU0_TGIC0
                                  fffc4284         2   func ,g         * 
  _Excep_MTU0_TGID0
                                  fffc4286         2   func ,g         * 
  _Excep_MTU0_TCIV0
                                  fffc4288         2   func ,g         * 
  _Excep_MTU0_TGIE0
                                  fffc428a         2   func ,g         * 
  _Excep_MTU0_TGIF0
                                  fffc428c         2   func ,g         * 
  _Excep_MTU1_TGIA1
                                  fffc428e         2   func ,g         * 
  _Excep_MTU1_TGIB1
                                  fffc4290         2   func ,g         * 
  _Excep_MTU1_TCIV1
                                  fffc4292         2   func ,g         * 
  _Excep_MTU1_TCIU1
                                  fffc4294         2   func ,g         * 
  _Excep_MTU2_TGIA2
                                  fffc4296         2   func ,g         * 
  _Excep_MTU2_TGIB2
                                  fffc4298         2   func ,g         * 
  _Excep_MTU2_TCIV2
                                  fffc429a         2   func ,g         * 
  _Excep_MTU2_TCIU2
                                  fffc429c         2   func ,g         * 
  _Excep_MTU3_TGIA3
                                  fffc429e         2   func ,g         * 
  _Excep_MTU3_TGIB3
                                  fffc42a0         e   func ,g         * 
  _Excep_MTU3_TGIC3
                                  fffc42ae         2   func ,g         * 
  _Excep_MTU3_TGID3
                                  fffc42b0         2   func ,g         * 
  _Excep_MTU3_TCIV3
                                  fffc42b2         2   func ,g         * 
  _Excep_MTU4_TGIA4
                                  fffc42b4         2   func ,g         * 
  _Excep_MTU4_TGIB4
                                  fffc42b6         e   func ,g         * 
  _Excep_MTU4_TGIC4
                                  fffc42c4         2   func ,g         * 
  _Excep_MTU4_TGID4
                                  fffc42c6         2   func ,g         * 
  _Excep_MTU4_TCIV4
                                  fffc42c8         2   func ,g         * 
  _Excep_MTU5_TGIU5
                                  fffc42ca         2   func ,g         * 
  _Excep_MTU5_TGIV5
                                  fffc42cc         2   func ,g         * 
  _Excep_MTU5_TGIW5
                                  fffc42ce         2   func ,g         * 
  _Excep_POE_OEI1
                                  fffc42d0         2   func ,g         * 
  _Excep_POE_OEI2
                                  fffc42d2         2   func ,g         * 
  _Excep_TMR0_CMIA0
                                  fffc42d4         2   func ,g         * 
  _Excep_TMR0_CMIB0
                                  fffc42d6         2   func ,g         * 
  _Excep_TMR0_OVI0
                                  fffc42d8         2   func ,g         * 
  _Excep_TMR1_CMIA1
                                  fffc42da         2   func ,g         * 
  _Excep_TMR1_CMIB1
                                  fffc42dc         2   func ,g         * 
  _Excep_TMR1_OVI1
                                  fffc42de         2   func ,g         * 
  _Excep_TMR2_CMIA2
                                  fffc42e0         2   func ,g         * 
  _Excep_TMR2_CMIB2
                                  fffc42e2         2   func ,g         * 
  _Excep_TMR2_OVI2
                                  fffc42e4         2   func ,g         * 
  _Excep_TMR3_CMIA3
                                  fffc42e6         2   func ,g         * 
  _Excep_TMR3_CMIB3
                                  fffc42e8         2   func ,g         * 
  _Excep_TMR3_OVI3
                                  fffc42ea         2   func ,g         * 
  _Excep_DMAC_DMAC0I
                                  fffc42ec         2   func ,g         * 
  _Excep_DMAC_DMAC1I
                                  fffc42ee         2   func ,g         * 
  _Excep_DMAC_DMAC2I
                                  fffc42f0         2   func ,g         * 
  _Excep_DMAC_DMAC3I
                                  fffc42f2         2   func ,g         * 
  _Excep_SCI0_ERI0
                                  fffc42f4         1   func ,g         * 
  _Excep_SCI0_RXI0
                                  fffc42f5         1   func ,g         * 
  _Excep_SCI0_TXI0
                                  fffc42f6         1   func ,g         * 
  _Excep_SCI0_TEI0
                                  fffc42f7         1   func ,g         * 
  _Excep_SCI1_ERI1
                                  fffc42f8         2   func ,g         * 
  _Excep_SCI1_RXI1
                                  fffc42fa         2   func ,g         * 
  _Excep_SCI1_TXI1
                                  fffc42fc         2   func ,g         * 
  _Excep_SCI1_TEI1
                                  fffc42fe         2   func ,g         * 
  _Excep_SCI5_ERI5
                                  fffc4300         2   func ,g         * 
  _Excep_SCI5_RXI5
                                  fffc4302         2   func ,g         * 
  _Excep_SCI5_TXI5
                                  fffc4304         2   func ,g         * 
  _Excep_SCI5_TEI5
                                  fffc4306         2   func ,g         * 
  _Excep_SCI6_ERI6
                                  fffc4308         2   func ,g         * 
  _Excep_SCI6_RXI6
                                  fffc430a         2   func ,g         * 
  _Excep_SCI6_TXI6
                                  fffc430c         2   func ,g         * 
  _Excep_SCI6_TEI6
                                  fffc430e         2   func ,g         * 
  _Excep_SCI8_ERI8
                                  fffc4310         1   func ,g         * 
  _Excep_SCI8_RXI8
                                  fffc4311         1   func ,g         * 
  _Excep_SCI8_TXI8
                                  fffc4312         1   func ,g         * 
  _Excep_SCI8_TEI8
                                  fffc4313         1   func ,g         * 
  _Excep_SCI9_ERI9
                                  fffc4314         2   func ,g         * 
  _Excep_SCI9_RXI9
                                  fffc4316         2   func ,g         * 
  _Excep_SCI9_TXI9
                                  fffc4318         2   func ,g         * 
  _Excep_SCI9_TEI9
                                  fffc431a         2   func ,g         * 
  _Excep_SCI12_ERI12
                                  fffc431c         2   func ,g         * 
  _Excep_SCI12_RXI12
                                  fffc431e         2   func ,g         * 
  _Excep_SCI12_TXI12
                                  fffc4320         2   func ,g         * 
  _Excep_SCI12_TEI12
                                  fffc4322         2   func ,g         * 
  _Excep_SCI12_SCIX0
                                  fffc4324         2   func ,g         * 
  _Excep_SCI12_SCIX1
                                  fffc4326         2   func ,g         * 
  _Excep_SCI12_SCIX2
                                  fffc4328         2   func ,g         * 
  _Excep_SCI12_SCIX3
                                  fffc432a         2   func ,g         * 
  _Excep_RIIC0_EEI0
                                  fffc432c         2   func ,g         * 
  _Excep_RIIC0_RXI0
                                  fffc432e         2   func ,g         * 
  _Excep_RIIC0_TXI0
                                  fffc4330         2   func ,g         * 
  _Excep_RIIC0_TEI0
                                  fffc4332         2   func ,g         * 

SECTION=L
FILE=DefaultBuild\RX220Mouse2.obj
                                  fffc4334  fffc43f7        c4

SECTION=$ADDR_C_FFFFFF80
FILE=DefaultBuild\vecttbl.obj
                                  ffffff80  ffffff83         4
  __MDEreg
                                  ffffff80         4   data ,g         * 

SECTION=$ADDR_C_FFFFFFA0
FILE=DefaultBuild\vecttbl.obj
                                  ffffffa0  ffffffaf        10
  _id_code
                                  ffffffa0        10   data ,g         * 

SECTION=FIXEDVECT
FILE=DefaultBuild\vecttbl.obj
                                  ffffffd0  ffffffff        30
  _Fixed_Vectors
                                  ffffffd0        30   data ,g         * 

*** Unfilled Areas ***

AREA                                START    END

*** Delete Symbols ***

SYMBOL                                SIZE    INFO
