Renesas Optimizing Linker (W3.07.00 )             07-Jan-2026 13:03:54

*** Options ***

-subcommand=DefaultBuild\RX220Mouse2.clnk
-library=DefaultBuild\RX220Mouse2.lib
-input=DefaultBuild\dbsct.obj
-input=DefaultBuild\intprg.obj
-input=DefaultBuild\resetprg.obj
-input=DefaultBuild\RX220Mouse2.obj
-input=DefaultBuild\sbrk.obj
-input=DefaultBuild\vecttbl.obj
-noprelink
-output=DefaultBuild\RX220Mouse2.abs
-list=DefaultBuild\RX220Mouse2.map
-show=symbol,total_size
-nooptimize
-start=B_1,R_1,B_2,R_2,B,R,SU,SI/04,PResetPRG/0FFFC0000,C_1,C_2,C,C$DSEC,C$BSEC,C$INIT,C$VTBL,C$VECT,D_1,D_2,D,P,PIntPRG,W_1,W_2,W,L/0FFFC0100,FIXEDVECT/0FFFFFFD0
-rom=D=R,D_1=R_1,D_2=R_2
-nologo
-end

*** Error information ***

*** Mapping List ***

SECTION                            START      END         SIZE   ALIGN
B_1
                                  00000004  0000021a       217   1
R_1
                                  0000021b  0000021b         1   1
B_2
                                  0000021c  00000683       468   2
R_2
                                  00000684  0000068d         a   2
B
                                  00000690  00000a97       408   4
R
                                  00000a98  00000aa3         c   4
SU
                                  00000aa4  00000ba3       100   4
SI
                                  00000ba4  00000ea3       300   4
PResetPRG
                                  fffc0000  fffc002b        2c   4
C_1
                                  fffc0100  fffc0100         0   1
C_2
                                  fffc0100  fffc117b      107c   2
C
                                  fffc117c  fffc11fb        80   4
C$DSEC
                                  fffc11fc  fffc121f        24   4
C$BSEC
                                  fffc1220  fffc1237        18   4
C$INIT
                                  fffc1238  fffc1238         0   1
C$VTBL
                                  fffc1238  fffc1238         0   1
C$VECT
                                  fffc1238  fffc1637       400   4
D_1
                                  fffc1638  fffc1638         1   1
D_2
                                  fffc163a  fffc1643         a   2
D
                                  fffc1644  fffc164f         c   4
P
                                  fffc1650  fffc52c6      3c77   4
PIntPRG
                                  fffc52c7  fffc53d7       111   1
W_1
                                  fffc53d8  fffc53e3         c   4
W_2
                                  fffc53e4  fffc53e4         0   2
W
                                  fffc53e4  fffc53e4         0   4
L
                                  fffc53e4  fffc5534       151   4
$ADDR_C_FFFFFF80
                                  ffffff80  ffffff83         4   1
$ADDR_C_FFFFFFA0
                                  ffffffa0  ffffffaf        10   1
FIXEDVECT
                                  ffffffd0  ffffffff        30   4

*** Total Section Size ***

RAMDATA SECTION:  00000e9e Byte(s)
ROMDATA SECTION:  000016f0 Byte(s)
PROGRAM SECTION:  00003db4 Byte(s)

*** Symbol List ***

SECTION=
FILE=                               START        END    SIZE
  SYMBOL                            ADDR        SIZE    INFO      COUNTS  OPT

SECTION=B_1
FILE=DefaultBuild\RX220Mouse2.obj
                                  00000004  0000021a       217
  _LCD_DATA
                                  00000004        10   data ,g         * 
  _gspeed_index
                                  00000014         1   data ,g         * 
  _head
                                  00000015         1   data ,g         * 
  _head_change
                                  00000016         1   data ,g         * 
  _pos_x
                                  00000017         1   data ,g         * 
  _pos_y
                                  00000018         1   data ,g         * 
  _map
                                  00000019       100   data ,g         * 
  _p_map
                                  00000119       100   data ,g         * 
  _goal_x
                                  00000219         1   data ,g         * 
  _goal_y
                                  0000021a         1   data ,g         * 

SECTION=R_1
FILE=DefaultBuild\RX220Mouse2.obj
                                  0000021b  0000021b         1
  _ccnt_playing
                                  0000021b         1   data ,l         * 

SECTION=B_2
FILE=DefaultBuild\RX220Mouse2.obj
                                  0000021c  00000683       468
  _LCD_FLAG
                                  0000021c         2   data ,g         * 
  _LCD_PT
                                  0000021e         2   data ,g         * 
  _SENSOR_PT
                                  00000220         2   data ,g         * 
  _Batt
                                  00000222         2   data ,g         * 
  _R_PRE
                                  00000224         2   data ,g         * 
  _L_PRE
                                  00000226         2   data ,g         * 
  _F_PRE
                                  00000228         2   data ,g         * 
  _R_SEN
                                  0000022a         2   data ,g         * 
  _L_SEN
                                  0000022c         2   data ,g         * 
  _F_SEN
                                  0000022e         2   data ,g         * 
  _R_SW
                                  00000230         2   data ,g         * 
  _L_SW
                                  00000232         2   data ,g         * 
  _F_SW
                                  00000234         2   data ,g         * 
  _R_REF
                                  00000236         2   data ,g         * 
  _L_REF
                                  00000238         2   data ,g         * 
  _F_REF
                                  0000023a         2   data ,g         * 
  _R_LIM
                                  0000023c         2   data ,g         * 
  _L_LIM
                                  0000023e         2   data ,g         * 
  _F_LIM
                                  00000240         2   data ,g         * 
  _timerL
                                  00000242         2   data ,g         * 
  _timerR
                                  00000244         2   data ,g         * 
  _ldir
                                  00000246         2   data ,g         * 
  _rdir
                                  00000248         2   data ,g         * 
  _speed
                                  0000024a         2   data ,g         * 
  _speed_now
                                  0000024c         2   data ,g         * 
  _MotorTimer
                                  0000024e         2   data ,g         * 
  _control_mode
                                  00000250         2   data ,g         * 
  _STEP
                                  00000252         2   data ,g         * 
  _GO_STEP
                                  00000254         2   data ,g         * 
  _TURN_STEP
                                  00000256         2   data ,g         * 
  _SLALOM_STEP_IN
                                  00000258         2   data ,g         * 
  _SLALOM_STEP_OUT
                                  0000025a         2   data ,g         * 
  _BACK_STEP
                                  0000025c         2   data ,g         * 
  _HALF_STEP
                                  0000025e         2   data ,g         * 
  _GSPEEDvar
                                  00000260         2   data ,g         * 
  _slalom_step_in_table
                                  00000262        10   data ,l         * 
  _slalom_step_out_table
                                  00000272        10   data ,l         * 
  _wall_sample_left
                                  00000282       200   data ,g         * 
  _wall_sample_right
                                  00000482       200   data ,g         * 
  _wall_sample_count
                                  00000682         2   data ,g         * 

SECTION=R_2
FILE=DefaultBuild\RX220Mouse2.obj
                                  00000684  0000068d         a
  _wait_timer
                                  00000684         2   data ,g         * 
  _ccnt_ms_left
                                  00000686         2   data ,l         * 
  _ccnt_step_index
                                  00000688         2   data ,l         * 
  _stepf_r
                                  0000068a         2   data ,g         * 
  _stepf_l
                                  0000068c         2   data ,g         * 

SECTION=B
FILE=DefaultBuild\RX220Mouse2.obj
                                  00000690  00000697         8
  _step_r
                                  00000690         4   data ,g         * 
  _step_l
                                  00000694         4   data ,g         * 
FILE=DefaultBuild\sbrk.obj
                                  00000698  00000a97       400
  _heap_area
                                  00000698       400   data ,l         * 

SECTION=R
FILE=DefaultBuild\RX220Mouse2.obj
                                  00000a98  00000a9f         8
  _MODE
                                  00000a98         4   data ,g         * 
  _goal_choice_index
                                  00000a9c         4   data ,g         * 
FILE=DefaultBuild\sbrk.obj
                                  00000aa0  00000aa3         4
  _brk
                                  00000aa0         4   data ,l         * 

SECTION=SU
FILE=DefaultBuild\resetprg.obj
                                  00000aa4  00000ba3       100

SECTION=SI
FILE=DefaultBuild\resetprg.obj
                                  00000ba4  00000ea3       300

SECTION=PResetPRG
FILE=DefaultBuild\resetprg.obj
                                  fffc0000  fffc002b        2c
  _PowerON_Reset_PC
                                  fffc0000        29   entry,g         * 

SECTION=C_2
FILE=DefaultBuild\RX220Mouse2.obj
                                  fffc0100  fffc117b      107c
  _AccTable
                                  fffc0100       fa0   data ,g         * 
  _GSSPEED
                                  fffc10a0        10   data ,l         * 
  _beep_data
                                  fffc10b0        4c   data ,l         * 
  _ccnt_melody
                                  fffc10fc        80   data ,l         * 

SECTION=C
FILE=DefaultBuild\dbsct.obj
                                  fffc117c  fffc11af        34
  __CTBL
                                  fffc117c        34   data ,g         * 
FILE=DefaultBuild\RX220Mouse2.obj
                                  fffc11b0  fffc11fb        4c
  _goal_choices
                                  fffc11b0        28   data ,l         * 
  _center_refs
                                  fffc11d8        24   data ,l         * 

SECTION=C$DSEC
FILE=DefaultBuild\dbsct.obj
                                  fffc11fc  fffc121f        24
  __DTBL
                                  fffc11fc        24   data ,g         * 

SECTION=C$BSEC
FILE=DefaultBuild\dbsct.obj
                                  fffc1220  fffc1237        18
  __BTBL
                                  fffc1220        18   data ,g         * 

SECTION=C$VECT
FILE=DefaultBuild\dbsct.obj
                                  fffc1238  fffc1637       400

SECTION=D_1
FILE=DefaultBuild\RX220Mouse2.obj
                                  fffc1638  fffc1638         1

SECTION=D_2
FILE=DefaultBuild\RX220Mouse2.obj
                                  fffc163a  fffc1643         a

SECTION=D
FILE=DefaultBuild\RX220Mouse2.obj
                                  fffc1644  fffc164b         8
FILE=DefaultBuild\sbrk.obj
                                  fffc164c  fffc164f         4

SECTION=P
FILE=DefaultBuild\RX220Mouse2.obj
                                  fffc1650  fffc5240      3bf1
  _LCD_init
                                  fffc1650        6d   func ,g         * 
  _LCD
                                  fffc16bd        82   func ,g         * 
  _LCD_clear
                                  fffc173f        23   func ,g         * 
  _LCD_print
                                  fffc1762        2d   func ,g         * 
  _LCD_dec_out
                                  fffc178f        eb   func ,g         * 
  _LCD_com4
                                  fffc187a        44   func ,g         * 
  _LCD_com8
                                  fffc18be        14   func ,g         * 
  _LCD_dat8
                                  fffc18d2        7d   func ,g         * 
  _LCD_wait
                                  fffc194f        18   func ,g         * 
  _buzzer_set_tone
                                  fffc1967        40   func ,l         * 
  _ccnt_playback_tick
                                  fffc19a7        80   func ,l         * 
  _set_goal_choice_index
                                  fffc1a27        4a   func ,l         * 
  _advance_goal_choice
                                  fffc1a71        12   func ,l         * 
  _main
                                  fffc1a83       161   func ,g         * 
  _IO_init
                                  fffc1be4       3fc   func ,g         * 
  _load_param
                                  fffc1fe0        e2   func ,g         * 
  _reset_wall_samples
                                  fffc20c2         a   func ,g         * 
  _log_wall_samples
                                  fffc20cc        ab   func ,g         * 
  _update_wall_ref_from_log
                                  fffc2177        7c   func ,g         * 
  _timerc_200us
                                  fffc21f3       52c   func ,g         * 
  _int_mot_r
                                  fffc271f        22   func ,g         * 
  _int_mot_l
                                  fffc2741        22   func ,g         * 
  _pause
                                  fffc2763        1c   func ,g         * 
  _WaitKeyOff
                                  fffc277f        43   func ,g         * 
  _beep
                                  fffc27c2        4a   func ,g         * 
  _ccnt
                                  fffc280c        3a   func ,g         * 
  _change_mode
                                  fffc2846       14b   func ,g         * 
  _exec_mode
                                  fffc2991       101   func ,g         * 
  _modeB1
                                  fffc2a92        9b   func ,g         * 
  _mode0
                                  fffc2b2d        e6   func ,g         * 
  _mode1
                                  fffc2c13        de   func ,g         * 
  _mode2
                                  fffc2cf1        7c   func ,g         * 
  _mode3
                                  fffc2d6d        7d   func ,g         * 
  _mode4
                                  fffc2dea        76   func ,g         * 
  _set_slalom_steps_for_speed
                                  fffc2e60        45   func ,l         * 
  _store_slalom_steps_for_speed
                                  fffc2ea5        45   func ,l         * 
  _update_gspeed_index
                                  fffc2eea        72   func ,l         * 
  _select_gspeed
                                  fffc2f5c        87   func ,l         * 
  _mode5
                                  fffc2fe3        9a   func ,g         * 
  _mode6
                                  fffc307d        79   func ,g         * 
  _mode7
                                  fffc30f6        60   func ,g         * 
  _mode8
                                  fffc3156        96   func ,g         * 
  _mode9
                                  fffc31ec        f8   func ,g         * 
  _render_center_ref_line
                                  fffc32e4        45   func ,l         * 
  _mode10
                                  fffc3329        99   func ,g         * 
  _mode11
                                  fffc33c2        f3   func ,g         * 
  _mode12
                                  fffc34b5       135   func ,g         * 
  _mode13
                                  fffc35ea        79   func ,g         * 
  _mouse_search
                                  fffc3663       3f5   func ,g         * 
  _slalom_search
                                  fffc3a58       2fe   func ,g         * 
  _com_go
                                  fffc3d56        a9   func ,g         * 
  _com_stop
                                  fffc3dff        4f   func ,g         * 
  _com_turn
                                  fffc3e4e        fd   func ,g         * 
  _com_slalom_turn
                                  fffc3f4b        fc   func ,g         * 
  _com_back
                                  fffc4047        bd   func ,g         * 
  _com_go_half
                                  fffc4104        97   func ,g         * 
  _kbat_r
                                  fffc419b        11   func ,g         * 
  _kbat_lf_turn
                                  fffc41ac        99   func ,g         * 
  _goal_kbat_turn
                                  fffc4245       11d   func ,g         * 
  _start_back_wall_contact
                                  fffc4362        14   func ,l         * 
  _countdown
                                  fffc4376        6c   func ,g         * 
  _finish
                                  fffc43e2        30   func ,g         * 
  _map_writeDF
                                  fffc4412        77   func ,g         * 
  _map_DFread
                                  fffc4489        8a   func ,g         * 
  _sensor_ref_writeDF
                                  fffc4513        3a   func ,g         * 
  _sensor_ref_readDF
                                  fffc454d        45   func ,g         * 
  _slalom_step_writeDF
                                  fffc4592        5f   func ,g         * 
  _slalom_step_readDF
                                  fffc45f1        ab   func ,g         * 
  _fcu_reset
                                  fffc469c        1f   func ,g         * 
  _fcu_tope
                                  fffc46bb        22   func ,g         * 
  _fcu_toread
                                  fffc46dd        1e   func ,g         * 
  _error_check
                                  fffc46fb        6e   func ,g         * 
  _clear_flash
                                  fffc4769        32   func ,g         * 
  _wait_frdy
                                  fffc479b        30   func ,g         * 
  _DFlash_init
                                  fffc47cb        84   func ,g         * 
  _DFlash_bread
                                  fffc484f        44   func ,g         * 
  _DFlash_bprog
                                  fffc4893        65   func ,g         * 
  _get_wall_data
                                  fffc48f8        56   func ,g         * 
  _clear_map
                                  fffc494e        e6   func ,g         * 
  _make_map_data
                                  fffc4a34       199   func ,g         * 
  _make_potential
                                  fffc4bcd       390   func ,g         * 
  _search_left_hand
                                  fffc4f5d        5b   func ,g         * 
  _search_adachi
                                  fffc4fb8       289   func ,g         * 
FILE=DefaultBuild\sbrk.obj
                                  fffc5241  fffc527c        3c
  _sbrk
                                  fffc5241        3c   func ,g         * 
FILE=__initsct
                                  fffc527d  fffc52c6        4a
  __INITSCT
                                  fffc527d         0   none ,g         * 
  loop1
                                  fffc528f         0   none ,l         * 
  next_loop1
                                  fffc529d         0   none ,l         * 
  loop3
                                  fffc52af         0   none ,l         * 
  next_loop3
                                  fffc52c0         0   none ,l         * 

SECTION=PIntPRG
FILE=DefaultBuild\intprg.obj
                                  fffc52c7  fffc53d7       111
  _Excep_SuperVisorInst
                                  fffc52c7         2   func ,g         * 
  _Excep_UndefinedInst
                                  fffc52c9         2   func ,g         * 
  _NonMaskableInterrupt
                                  fffc52cb         2   func ,g         * 
  _Dummy
                                  fffc52cd         2   func ,g         * 
  _Excep_BRK
                                  fffc52cf         4   func ,g         * 
  _Excep_BSC_BUSERR
                                  fffc52d3         2   func ,g         * 
  _Excep_FCU_FIFERR
                                  fffc52d5         2   func ,g         * 
  _Excep_FCU_FRDYI
                                  fffc52d7         2   func ,g         * 
  _Excep_ICU_SWINT
                                  fffc52d9         2   func ,g         * 
  _Excep_CMT0_CMI0
                                  fffc52db         e   func ,g         * 
  _Excep_CMT1_CMI1
                                  fffc52e9         2   func ,g         * 
  _Excep_CMT2_CMI2
                                  fffc52eb         2   func ,g         * 
  _Excep_CMT3_CMI3
                                  fffc52ed         2   func ,g         * 
  _Excep_CAC_FERRF
                                  fffc52ef         2   func ,g         * 
  _Excep_CAC_MENDF
                                  fffc52f1         2   func ,g         * 
  _Excep_CAC_OVFF
                                  fffc52f3         2   func ,g         * 
  _Excep_RSPI0_SPEI0
                                  fffc52f5         2   func ,g         * 
  _Excep_RSPI0_SPRI0
                                  fffc52f7         2   func ,g         * 
  _Excep_RSPI0_SPTI0
                                  fffc52f9         2   func ,g         * 
  _Excep_RSPI0_SPII0
                                  fffc52fb         2   func ,g         * 
  _Excep_DOC_DOPCF
                                  fffc52fd         2   func ,g         * 
  _Excep_CMPB_CMPB0
                                  fffc52ff         1   func ,g         * 
  _Excep_CMPB_CMPB1
                                  fffc5300         1   func ,g         * 
  _Excep_RTC_CUP
                                  fffc5301         2   func ,g         * 
  _Excep_ICU_IRQ0
                                  fffc5303         2   func ,g         * 
  _Excep_ICU_IRQ1
                                  fffc5305         2   func ,g         * 
  _Excep_ICU_IRQ2
                                  fffc5307         2   func ,g         * 
  _Excep_ICU_IRQ3
                                  fffc5309         2   func ,g         * 
  _Excep_ICU_IRQ4
                                  fffc530b         2   func ,g         * 
  _Excep_ICU_IRQ5
                                  fffc530d         2   func ,g         * 
  _Excep_ICU_IRQ6
                                  fffc530f         2   func ,g         * 
  _Excep_ICU_IRQ7
                                  fffc5311         2   func ,g         * 
  _Excep_LVD_LVD1
                                  fffc5313         2   func ,g         * 
  _Excep_LVD_LVD2
                                  fffc5315         2   func ,g         * 
  _Excep_CMPA_CMPA1
                                  fffc5317         1   func ,g         * 
  _Excep_CMPA_CMPA2
                                  fffc5318         1   func ,g         * 
  _Excep_RTC_ALM
                                  fffc5319         2   func ,g         * 
  _Excep_RTC_PRD
                                  fffc531b         2   func ,g         * 
  _Excep_S12AD_S12ADI0
                                  fffc531d         2   func ,g         * 
  _Excep_S12AD_GBADI
                                  fffc531f         2   func ,g         * 
  _Excep_ELC_ELSR18I
                                  fffc5321         2   func ,g         * 
  _Excep_ELC_ELSR19I
                                  fffc5323         1   func ,g         * 
  _Excep_MTU0_TGIA0
                                  fffc5324         2   func ,g         * 
  _Excep_MTU0_TGIB0
                                  fffc5326         2   func ,g         * 
  _Excep_MTU0_TGIC0
                                  fffc5328         2   func ,g         * 
  _Excep_MTU0_TGID0
                                  fffc532a         2   func ,g         * 
  _Excep_MTU0_TCIV0
                                  fffc532c         2   func ,g         * 
  _Excep_MTU0_TGIE0
                                  fffc532e         2   func ,g         * 
  _Excep_MTU0_TGIF0
                                  fffc5330         2   func ,g         * 
  _Excep_MTU1_TGIA1
                                  fffc5332         2   func ,g         * 
  _Excep_MTU1_TGIB1
                                  fffc5334         2   func ,g         * 
  _Excep_MTU1_TCIV1
                                  fffc5336         2   func ,g         * 
  _Excep_MTU1_TCIU1
                                  fffc5338         2   func ,g         * 
  _Excep_MTU2_TGIA2
                                  fffc533a         2   func ,g         * 
  _Excep_MTU2_TGIB2
                                  fffc533c         2   func ,g         * 
  _Excep_MTU2_TCIV2
                                  fffc533e         2   func ,g         * 
  _Excep_MTU2_TCIU2
                                  fffc5340         2   func ,g         * 
  _Excep_MTU3_TGIA3
                                  fffc5342         2   func ,g         * 
  _Excep_MTU3_TGIB3
                                  fffc5344         e   func ,g         * 
  _Excep_MTU3_TGIC3
                                  fffc5352         2   func ,g         * 
  _Excep_MTU3_TGID3
                                  fffc5354         2   func ,g         * 
  _Excep_MTU3_TCIV3
                                  fffc5356         2   func ,g         * 
  _Excep_MTU4_TGIA4
                                  fffc5358         2   func ,g         * 
  _Excep_MTU4_TGIB4
                                  fffc535a         e   func ,g         * 
  _Excep_MTU4_TGIC4
                                  fffc5368         2   func ,g         * 
  _Excep_MTU4_TGID4
                                  fffc536a         2   func ,g         * 
  _Excep_MTU4_TCIV4
                                  fffc536c         2   func ,g         * 
  _Excep_MTU5_TGIU5
                                  fffc536e         2   func ,g         * 
  _Excep_MTU5_TGIV5
                                  fffc5370         2   func ,g         * 
  _Excep_MTU5_TGIW5
                                  fffc5372         2   func ,g         * 
  _Excep_POE_OEI1
                                  fffc5374         2   func ,g         * 
  _Excep_POE_OEI2
                                  fffc5376         2   func ,g         * 
  _Excep_TMR0_CMIA0
                                  fffc5378         2   func ,g         * 
  _Excep_TMR0_CMIB0
                                  fffc537a         2   func ,g         * 
  _Excep_TMR0_OVI0
                                  fffc537c         2   func ,g         * 
  _Excep_TMR1_CMIA1
                                  fffc537e         2   func ,g         * 
  _Excep_TMR1_CMIB1
                                  fffc5380         2   func ,g         * 
  _Excep_TMR1_OVI1
                                  fffc5382         2   func ,g         * 
  _Excep_TMR2_CMIA2
                                  fffc5384         2   func ,g         * 
  _Excep_TMR2_CMIB2
                                  fffc5386         2   func ,g         * 
  _Excep_TMR2_OVI2
                                  fffc5388         2   func ,g         * 
  _Excep_TMR3_CMIA3
                                  fffc538a         2   func ,g         * 
  _Excep_TMR3_CMIB3
                                  fffc538c         2   func ,g         * 
  _Excep_TMR3_OVI3
                                  fffc538e         2   func ,g         * 
  _Excep_DMAC_DMAC0I
                                  fffc5390         2   func ,g         * 
  _Excep_DMAC_DMAC1I
                                  fffc5392         2   func ,g         * 
  _Excep_DMAC_DMAC2I
                                  fffc5394         2   func ,g         * 
  _Excep_DMAC_DMAC3I
                                  fffc5396         2   func ,g         * 
  _Excep_SCI0_ERI0
                                  fffc5398         1   func ,g         * 
  _Excep_SCI0_RXI0
                                  fffc5399         1   func ,g         * 
  _Excep_SCI0_TXI0
                                  fffc539a         1   func ,g         * 
  _Excep_SCI0_TEI0
                                  fffc539b         1   func ,g         * 
  _Excep_SCI1_ERI1
                                  fffc539c         2   func ,g         * 
  _Excep_SCI1_RXI1
                                  fffc539e         2   func ,g         * 
  _Excep_SCI1_TXI1
                                  fffc53a0         2   func ,g         * 
  _Excep_SCI1_TEI1
                                  fffc53a2         2   func ,g         * 
  _Excep_SCI5_ERI5
                                  fffc53a4         2   func ,g         * 
  _Excep_SCI5_RXI5
                                  fffc53a6         2   func ,g         * 
  _Excep_SCI5_TXI5
                                  fffc53a8         2   func ,g         * 
  _Excep_SCI5_TEI5
                                  fffc53aa         2   func ,g         * 
  _Excep_SCI6_ERI6
                                  fffc53ac         2   func ,g         * 
  _Excep_SCI6_RXI6
                                  fffc53ae         2   func ,g         * 
  _Excep_SCI6_TXI6
                                  fffc53b0         2   func ,g         * 
  _Excep_SCI6_TEI6
                                  fffc53b2         2   func ,g         * 
  _Excep_SCI8_ERI8
                                  fffc53b4         1   func ,g         * 
  _Excep_SCI8_RXI8
                                  fffc53b5         1   func ,g         * 
  _Excep_SCI8_TXI8
                                  fffc53b6         1   func ,g         * 
  _Excep_SCI8_TEI8
                                  fffc53b7         1   func ,g         * 
  _Excep_SCI9_ERI9
                                  fffc53b8         2   func ,g         * 
  _Excep_SCI9_RXI9
                                  fffc53ba         2   func ,g         * 
  _Excep_SCI9_TXI9
                                  fffc53bc         2   func ,g         * 
  _Excep_SCI9_TEI9
                                  fffc53be         2   func ,g         * 
  _Excep_SCI12_ERI12
                                  fffc53c0         2   func ,g         * 
  _Excep_SCI12_RXI12
                                  fffc53c2         2   func ,g         * 
  _Excep_SCI12_TXI12
                                  fffc53c4         2   func ,g         * 
  _Excep_SCI12_TEI12
                                  fffc53c6         2   func ,g         * 
  _Excep_SCI12_SCIX0
                                  fffc53c8         2   func ,g         * 
  _Excep_SCI12_SCIX1
                                  fffc53ca         2   func ,g         * 
  _Excep_SCI12_SCIX2
                                  fffc53cc         2   func ,g         * 
  _Excep_SCI12_SCIX3
                                  fffc53ce         2   func ,g         * 
  _Excep_RIIC0_EEI0
                                  fffc53d0         2   func ,g         * 
  _Excep_RIIC0_RXI0
                                  fffc53d2         2   func ,g         * 
  _Excep_RIIC0_TXI0
                                  fffc53d4         2   func ,g         * 
  _Excep_RIIC0_TEI0
                                  fffc53d6         2   func ,g         * 

SECTION=W_1
FILE=DefaultBuild\RX220Mouse2.obj
                                  fffc53d8  fffc53e3         c

SECTION=L
FILE=DefaultBuild\RX220Mouse2.obj
                                  fffc53e4  fffc5534       151

SECTION=$ADDR_C_FFFFFF80
FILE=DefaultBuild\vecttbl.obj
                                  ffffff80  ffffff83         4
  __MDEreg
                                  ffffff80         4   data ,g         * 

SECTION=$ADDR_C_FFFFFFA0
FILE=DefaultBuild\vecttbl.obj
                                  ffffffa0  ffffffaf        10
  _id_code
                                  ffffffa0        10   data ,g         * 

SECTION=FIXEDVECT
FILE=DefaultBuild\vecttbl.obj
                                  ffffffd0  ffffffff        30
  _Fixed_Vectors
                                  ffffffd0        30   data ,g         * 

*** Unfilled Areas ***

AREA                                START    END

*** Delete Symbols ***

SYMBOL                                SIZE    INFO
