Renesas Optimizing Linker (W3.07.00 )             07-Jan-2026 18:04:38

*** Options ***

-subcommand=DefaultBuild\RX220Mouse2.clnk
-library=DefaultBuild\RX220Mouse2.lib
-input=DefaultBuild\dbsct.obj
-input=DefaultBuild\intprg.obj
-input=DefaultBuild\resetprg.obj
-input=DefaultBuild\RX220Mouse2.obj
-input=DefaultBuild\sbrk.obj
-input=DefaultBuild\vecttbl.obj
-noprelink
-output=DefaultBuild\RX220Mouse2.abs
-list=DefaultBuild\RX220Mouse2.map
-show=symbol,total_size
-nooptimize
-start=B_1,R_1,B_2,R_2,B,R,SU,SI/04,PResetPRG/0FFFC0000,C_1,C_2,C,C$DSEC,C$BSEC,C$INIT,C$VTBL,C$VECT,D_1,D_2,D,P,PIntPRG,W_1,W_2,W,L/0FFFC0100,FIXEDVECT/0FFFFFFD0
-rom=D=R,D_1=R_1,D_2=R_2
-nologo
-end

*** Error information ***

*** Mapping List ***

SECTION                            START      END         SIZE   ALIGN
B_1
                                  00000004  0000021a       217   1
R_1
                                  0000021b  0000021b         1   1
B_2
                                  0000021c  00000695       47a   2
R_2
                                  00000696  0000069f         a   2
B
                                  000006a0  00000aa7       408   4
R
                                  00000aa8  00000ab3         c   4
SU
                                  00000ab4  00000bb3       100   4
SI
                                  00000bb4  00000eb3       300   4
PResetPRG
                                  fffc0000  fffc002b        2c   4
C_1
                                  fffc0100  fffc0100         0   1
C_2
                                  fffc0100  fffc117b      107c   2
C
                                  fffc117c  fffc11fb        80   4
C$DSEC
                                  fffc11fc  fffc121f        24   4
C$BSEC
                                  fffc1220  fffc1237        18   4
C$INIT
                                  fffc1238  fffc1238         0   1
C$VTBL
                                  fffc1238  fffc1238         0   1
C$VECT
                                  fffc1238  fffc1637       400   4
D_1
                                  fffc1638  fffc1638         1   1
D_2
                                  fffc163a  fffc1643         a   2
D
                                  fffc1644  fffc164f         c   4
P
                                  fffc1650  fffc5521      3ed2   4
PIntPRG
                                  fffc5522  fffc5633       112   1
W_1
                                  fffc5634  fffc563f         c   4
W_2
                                  fffc5640  fffc5640         0   2
W
                                  fffc5640  fffc5640         0   4
L
                                  fffc5640  fffc579a       15b   4
$ADDR_C_FFFFFF80
                                  ffffff80  ffffff83         4   1
$ADDR_C_FFFFFFA0
                                  ffffffa0  ffffffaf        10   1
FIXEDVECT
                                  ffffffd0  ffffffff        30   4

*** Total Section Size ***

RAMDATA SECTION:  00000eb0 Byte(s)
ROMDATA SECTION:  000016fa Byte(s)
PROGRAM SECTION:  00004010 Byte(s)

*** Symbol List ***

SECTION=
FILE=                               START        END    SIZE
  SYMBOL                            ADDR        SIZE    INFO      COUNTS  OPT

SECTION=B_1
FILE=DefaultBuild\RX220Mouse2.obj
                                  00000004  0000021a       217
  _LCD_DATA
                                  00000004        10   data ,g         * 
  _gspeed_index
                                  00000014         1   data ,g         * 
  _head
                                  00000015         1   data ,g         * 
  _head_change
                                  00000016         1   data ,g         * 
  _pos_x
                                  00000017         1   data ,g         * 
  _pos_y
                                  00000018         1   data ,g         * 
  _map
                                  00000019       100   data ,g         * 
  _p_map
                                  00000119       100   data ,g         * 
  _goal_x
                                  00000219         1   data ,g         * 
  _goal_y
                                  0000021a         1   data ,g         * 

SECTION=R_1
FILE=DefaultBuild\RX220Mouse2.obj
                                  0000021b  0000021b         1
  _ccnt_playing
                                  0000021b         1   data ,l         * 

SECTION=B_2
FILE=DefaultBuild\RX220Mouse2.obj
                                  0000021c  00000695       47a
  _LCD_FLAG
                                  0000021c         2   data ,g         * 
  _LCD_PT
                                  0000021e         2   data ,g         * 
  _SENSOR_PT
                                  00000220         2   data ,g         * 
  _Batt
                                  00000222         2   data ,g         * 
  _R_PRE
                                  00000224         2   data ,g         * 
  _L_PRE
                                  00000226         2   data ,g         * 
  _F_PRE
                                  00000228         2   data ,g         * 
  _R_SEN
                                  0000022a         2   data ,g         * 
  _L_SEN
                                  0000022c         2   data ,g         * 
  _F_SEN
                                  0000022e         2   data ,g         * 
  _R_SW
                                  00000230         2   data ,g         * 
  _L_SW
                                  00000232         2   data ,g         * 
  _F_SW
                                  00000234         2   data ,g         * 
  _R_REF
                                  00000236         2   data ,g         * 
  _L_REF
                                  00000238         2   data ,g         * 
  _F_REF
                                  0000023a         2   data ,g         * 
  _R_LIM
                                  0000023c         2   data ,g         * 
  _L_LIM
                                  0000023e         2   data ,g         * 
  _F_LIM
                                  00000240         2   data ,g         * 
  _timerL
                                  00000242         2   data ,g         * 
  _timerR
                                  00000244         2   data ,g         * 
  _ldir
                                  00000246         2   data ,g         * 
  _rdir
                                  00000248         2   data ,g         * 
  _speed
                                  0000024a         2   data ,g         * 
  _speed_now
                                  0000024c         2   data ,g         * 
  _MotorTimer
                                  0000024e         2   data ,g         * 
  _control_mode
                                  00000250         2   data ,g         * 
  _STEP
                                  00000252         2   data ,g         * 
  _GO_STEP
                                  00000254         2   data ,g         * 
  _TURN_STEP
                                  00000256         2   data ,g         * 
  _SLALOM_STEP_IN
                                  00000258         2   data ,g         * 
  _SLALOM_STEP_OUT
                                  0000025a         2   data ,g         * 
  _SLALOM_INNER_SPEED
                                  0000025c         2   data ,g         * 
  _BACK_STEP
                                  0000025e         2   data ,g         * 
  _HALF_STEP
                                  00000260         2   data ,g         * 
  _GSPEEDvar
                                  00000262         2   data ,g         * 
  _slalom_step_in_table
                                  00000264        10   data ,l         * 
  _slalom_step_out_table
                                  00000274        10   data ,l         * 
  _slalom_inner_speed_table
                                  00000284        10   data ,l         * 
  _wall_sample_left
                                  00000294       200   data ,g         * 
  _wall_sample_right
                                  00000494       200   data ,g         * 
  _wall_sample_count
                                  00000694         2   data ,g         * 

SECTION=R_2
FILE=DefaultBuild\RX220Mouse2.obj
                                  00000696  0000069f         a
  _wait_timer
                                  00000696         2   data ,g         * 
  _ccnt_ms_left
                                  00000698         2   data ,l         * 
  _ccnt_step_index
                                  0000069a         2   data ,l         * 
  _stepf_r
                                  0000069c         2   data ,g         * 
  _stepf_l
                                  0000069e         2   data ,g         * 

SECTION=B
FILE=DefaultBuild\RX220Mouse2.obj
                                  000006a0  000006a7         8
  _step_r
                                  000006a0         4   data ,g         * 
  _step_l
                                  000006a4         4   data ,g         * 
FILE=DefaultBuild\sbrk.obj
                                  000006a8  00000aa7       400
  _heap_area
                                  000006a8       400   data ,l         * 

SECTION=R
FILE=DefaultBuild\RX220Mouse2.obj
                                  00000aa8  00000aaf         8
  _MODE
                                  00000aa8         4   data ,g         * 
  _goal_choice_index
                                  00000aac         4   data ,g         * 
FILE=DefaultBuild\sbrk.obj
                                  00000ab0  00000ab3         4
  _brk
                                  00000ab0         4   data ,l         * 

SECTION=SU
FILE=DefaultBuild\resetprg.obj
                                  00000ab4  00000bb3       100

SECTION=SI
FILE=DefaultBuild\resetprg.obj
                                  00000bb4  00000eb3       300

SECTION=PResetPRG
FILE=DefaultBuild\resetprg.obj
                                  fffc0000  fffc002b        2c
  _PowerON_Reset_PC
                                  fffc0000        29   entry,g         * 

SECTION=C_2
FILE=DefaultBuild\RX220Mouse2.obj
                                  fffc0100  fffc117b      107c
  _AccTable
                                  fffc0100       fa0   data ,g         * 
  _GSSPEED
                                  fffc10a0        10   data ,l         * 
  _beep_data
                                  fffc10b0        4c   data ,l         * 
  _ccnt_melody
                                  fffc10fc        80   data ,l         * 

SECTION=C
FILE=DefaultBuild\dbsct.obj
                                  fffc117c  fffc11af        34
  __CTBL
                                  fffc117c        34   data ,g         * 
FILE=DefaultBuild\RX220Mouse2.obj
                                  fffc11b0  fffc11fb        4c
  _goal_choices
                                  fffc11b0        28   data ,l         * 
  _center_refs
                                  fffc11d8        24   data ,l         * 

SECTION=C$DSEC
FILE=DefaultBuild\dbsct.obj
                                  fffc11fc  fffc121f        24
  __DTBL
                                  fffc11fc        24   data ,g         * 

SECTION=C$BSEC
FILE=DefaultBuild\dbsct.obj
                                  fffc1220  fffc1237        18
  __BTBL
                                  fffc1220        18   data ,g         * 

SECTION=C$VECT
FILE=DefaultBuild\dbsct.obj
                                  fffc1238  fffc1637       400

SECTION=D_1
FILE=DefaultBuild\RX220Mouse2.obj
                                  fffc1638  fffc1638         1

SECTION=D_2
FILE=DefaultBuild\RX220Mouse2.obj
                                  fffc163a  fffc1643         a

SECTION=D
FILE=DefaultBuild\RX220Mouse2.obj
                                  fffc1644  fffc164b         8
FILE=DefaultBuild\sbrk.obj
                                  fffc164c  fffc164f         4

SECTION=P
FILE=DefaultBuild\RX220Mouse2.obj
                                  fffc1650  fffc549b      3e4c
  _LCD_init
                                  fffc1650        6d   func ,g         * 
  _LCD
                                  fffc16bd        82   func ,g         * 
  _LCD_clear
                                  fffc173f        23   func ,g         * 
  _LCD_print
                                  fffc1762        2d   func ,g         * 
  _LCD_dec_out
                                  fffc178f        eb   func ,g         * 
  _LCD_com4
                                  fffc187a        44   func ,g         * 
  _LCD_com8
                                  fffc18be        14   func ,g         * 
  _LCD_dat8
                                  fffc18d2        7d   func ,g         * 
  _LCD_wait
                                  fffc194f        18   func ,g         * 
  _buzzer_set_tone
                                  fffc1967        40   func ,l         * 
  _ccnt_playback_tick
                                  fffc19a7        80   func ,l         * 
  _set_goal_choice_index
                                  fffc1a27        4a   func ,l         * 
  _advance_goal_choice
                                  fffc1a71        12   func ,l         * 
  _main
                                  fffc1a83       161   func ,g         * 
  _IO_init
                                  fffc1be4       3fc   func ,g         * 
  _load_param
                                  fffc1fe0       1c2   func ,g         * 
  _reset_wall_samples
                                  fffc21a2         a   func ,g         * 
  _log_wall_samples
                                  fffc21ac        ab   func ,g         * 
  _update_wall_ref_from_log
                                  fffc2257        7c   func ,g         * 
  _timerc_200us
                                  fffc22d3       53a   func ,g         * 
  _int_mot_r
                                  fffc280d        22   func ,g         * 
  _int_mot_l
                                  fffc282f        22   func ,g         * 
  _pause
                                  fffc2851        1c   func ,g         * 
  _WaitKeyOff
                                  fffc286d        43   func ,g         * 
  _beep
                                  fffc28b0        4a   func ,g         * 
  _ccnt
                                  fffc28fa        3a   func ,g         * 
  _change_mode
                                  fffc2934       14b   func ,g         * 
  _exec_mode
                                  fffc2a7f       101   func ,g         * 
  _modeB1
                                  fffc2b80        9b   func ,g         * 
  _mode0
                                  fffc2c1b        e6   func ,g         * 
  _mode1
                                  fffc2d01        de   func ,g         * 
  _mode2
                                  fffc2ddf        7c   func ,g         * 
  _mode3
                                  fffc2e5b        7d   func ,g         * 
  _mode4
                                  fffc2ed8        76   func ,g         * 
  _set_slalom_steps_for_speed
                                  fffc2f4e        58   func ,l         * 
  _store_slalom_steps_for_speed
                                  fffc2fa6        58   func ,l         * 
  _gspeed_index_for_value
                                  fffc2ffe        31   func ,l         * 
  _update_gspeed_index
                                  fffc302f        72   func ,l         * 
  _select_gspeed
                                  fffc30a1        87   func ,l         * 
  _mode5
                                  fffc3128        9a   func ,g         * 
  _mode6
                                  fffc31c2        79   func ,g         * 
  _mode7
                                  fffc323b        60   func ,g         * 
  _mode8
                                  fffc329b        96   func ,g         * 
  _mode9
                                  fffc3331        f8   func ,g         * 
  _render_center_ref_line
                                  fffc3429        45   func ,l         * 
  _mode10
                                  fffc346e        99   func ,g         * 
  _mode11
                                  fffc3507        f3   func ,g         * 
  _mode12
                                  fffc35fa       193   func ,g         * 
  _mode13
                                  fffc378d        84   func ,g         * 
  _mouse_search
                                  fffc3811       3f5   func ,g         * 
  _slalom_search
                                  fffc3c06       2fe   func ,g         * 
  _com_go
                                  fffc3f04        a9   func ,g         * 
  _com_stop
                                  fffc3fad        4f   func ,g         * 
  _com_turn
                                  fffc3ffc        fd   func ,g         * 
  _com_slalom_turn
                                  fffc40f9       13d   func ,g         * 
  _com_back
                                  fffc4236        bd   func ,g         * 
  _com_go_half
                                  fffc42f3        97   func ,g         * 
  _kbat_r
                                  fffc438a        11   func ,g         * 
  _kbat_lf_turn
                                  fffc439b        99   func ,g         * 
  _goal_kbat_turn
                                  fffc4434       11d   func ,g         * 
  _start_back_wall_contact
                                  fffc4551        14   func ,l         * 
  _countdown
                                  fffc4565        6c   func ,g         * 
  _finish
                                  fffc45d1        30   func ,g         * 
  _map_writeDF
                                  fffc4601        77   func ,g         * 
  _map_DFread
                                  fffc4678        8a   func ,g         * 
  _sensor_ref_writeDF
                                  fffc4702        3a   func ,g         * 
  _sensor_ref_readDF
                                  fffc473c        45   func ,g         * 
  _slalom_step_writeDF
                                  fffc4781        84   func ,g         * 
  _slalom_step_readDF
                                  fffc4805        f2   func ,g         * 
  _fcu_reset
                                  fffc48f7        1f   func ,g         * 
  _fcu_tope
                                  fffc4916        22   func ,g         * 
  _fcu_toread
                                  fffc4938        1e   func ,g         * 
  _error_check
                                  fffc4956        6e   func ,g         * 
  _clear_flash
                                  fffc49c4        32   func ,g         * 
  _wait_frdy
                                  fffc49f6        30   func ,g         * 
  _DFlash_init
                                  fffc4a26        84   func ,g         * 
  _DFlash_bread
                                  fffc4aaa        44   func ,g         * 
  _DFlash_bprog
                                  fffc4aee        65   func ,g         * 
  _get_wall_data
                                  fffc4b53        56   func ,g         * 
  _clear_map
                                  fffc4ba9        e6   func ,g         * 
  _make_map_data
                                  fffc4c8f       199   func ,g         * 
  _make_potential
                                  fffc4e28       390   func ,g         * 
  _search_left_hand
                                  fffc51b8        5b   func ,g         * 
  _search_adachi
                                  fffc5213       289   func ,g         * 
FILE=DefaultBuild\sbrk.obj
                                  fffc549c  fffc54d7        3c
  _sbrk
                                  fffc549c        3c   func ,g         * 
FILE=__initsct
                                  fffc54d8  fffc5521        4a
  __INITSCT
                                  fffc54d8         0   none ,g         * 
  loop1
                                  fffc54ea         0   none ,l         * 
  next_loop1
                                  fffc54f8         0   none ,l         * 
  loop3
                                  fffc550a         0   none ,l         * 
  next_loop3
                                  fffc551b         0   none ,l         * 

SECTION=PIntPRG
FILE=DefaultBuild\intprg.obj
                                  fffc5522  fffc5633       112
  _Excep_SuperVisorInst
                                  fffc5522         2   func ,g         * 
  _Excep_UndefinedInst
                                  fffc5524         2   func ,g         * 
  _NonMaskableInterrupt
                                  fffc5526         2   func ,g         * 
  _Dummy
                                  fffc5528         2   func ,g         * 
  _Excep_BRK
                                  fffc552a         4   func ,g         * 
  _Excep_BSC_BUSERR
                                  fffc552e         2   func ,g         * 
  _Excep_FCU_FIFERR
                                  fffc5530         2   func ,g         * 
  _Excep_FCU_FRDYI
                                  fffc5532         2   func ,g         * 
  _Excep_ICU_SWINT
                                  fffc5534         2   func ,g         * 
  _Excep_CMT0_CMI0
                                  fffc5536         e   func ,g         * 
  _Excep_CMT1_CMI1
                                  fffc5544         2   func ,g         * 
  _Excep_CMT2_CMI2
                                  fffc5546         2   func ,g         * 
  _Excep_CMT3_CMI3
                                  fffc5548         2   func ,g         * 
  _Excep_CAC_FERRF
                                  fffc554a         2   func ,g         * 
  _Excep_CAC_MENDF
                                  fffc554c         2   func ,g         * 
  _Excep_CAC_OVFF
                                  fffc554e         2   func ,g         * 
  _Excep_RSPI0_SPEI0
                                  fffc5550         2   func ,g         * 
  _Excep_RSPI0_SPRI0
                                  fffc5552         2   func ,g         * 
  _Excep_RSPI0_SPTI0
                                  fffc5554         2   func ,g         * 
  _Excep_RSPI0_SPII0
                                  fffc5556         2   func ,g         * 
  _Excep_DOC_DOPCF
                                  fffc5558         2   func ,g         * 
  _Excep_CMPB_CMPB0
                                  fffc555a         1   func ,g         * 
  _Excep_CMPB_CMPB1
                                  fffc555b         1   func ,g         * 
  _Excep_RTC_CUP
                                  fffc555c         2   func ,g         * 
  _Excep_ICU_IRQ0
                                  fffc555e         2   func ,g         * 
  _Excep_ICU_IRQ1
                                  fffc5560         2   func ,g         * 
  _Excep_ICU_IRQ2
                                  fffc5562         2   func ,g         * 
  _Excep_ICU_IRQ3
                                  fffc5564         2   func ,g         * 
  _Excep_ICU_IRQ4
                                  fffc5566         2   func ,g         * 
  _Excep_ICU_IRQ5
                                  fffc5568         2   func ,g         * 
  _Excep_ICU_IRQ6
                                  fffc556a         2   func ,g         * 
  _Excep_ICU_IRQ7
                                  fffc556c         2   func ,g         * 
  _Excep_LVD_LVD1
                                  fffc556e         2   func ,g         * 
  _Excep_LVD_LVD2
                                  fffc5570         2   func ,g         * 
  _Excep_CMPA_CMPA1
                                  fffc5572         1   func ,g         * 
  _Excep_CMPA_CMPA2
                                  fffc5573         1   func ,g         * 
  _Excep_RTC_ALM
                                  fffc5574         2   func ,g         * 
  _Excep_RTC_PRD
                                  fffc5576         2   func ,g         * 
  _Excep_S12AD_S12ADI0
                                  fffc5578         2   func ,g         * 
  _Excep_S12AD_GBADI
                                  fffc557a         2   func ,g         * 
  _Excep_ELC_ELSR18I
                                  fffc557c         2   func ,g         * 
  _Excep_ELC_ELSR19I
                                  fffc557e         1   func ,g         * 
  _Excep_MTU0_TGIA0
                                  fffc557f         2   func ,g         * 
  _Excep_MTU0_TGIB0
                                  fffc5581         2   func ,g         * 
  _Excep_MTU0_TGIC0
                                  fffc5583         2   func ,g         * 
  _Excep_MTU0_TGID0
                                  fffc5585         2   func ,g         * 
  _Excep_MTU0_TCIV0
                                  fffc5587         2   func ,g         * 
  _Excep_MTU0_TGIE0
                                  fffc5589         2   func ,g         * 
  _Excep_MTU0_TGIF0
                                  fffc558b         2   func ,g         * 
  _Excep_MTU1_TGIA1
                                  fffc558d         2   func ,g         * 
  _Excep_MTU1_TGIB1
                                  fffc558f         2   func ,g         * 
  _Excep_MTU1_TCIV1
                                  fffc5591         2   func ,g         * 
  _Excep_MTU1_TCIU1
                                  fffc5593         2   func ,g         * 
  _Excep_MTU2_TGIA2
                                  fffc5595         2   func ,g         * 
  _Excep_MTU2_TGIB2
                                  fffc5597         2   func ,g         * 
  _Excep_MTU2_TCIV2
                                  fffc5599         2   func ,g         * 
  _Excep_MTU2_TCIU2
                                  fffc559b         2   func ,g         * 
  _Excep_MTU3_TGIA3
                                  fffc559d         2   func ,g         * 
  _Excep_MTU3_TGIB3
                                  fffc559f         e   func ,g         * 
  _Excep_MTU3_TGIC3
                                  fffc55ad         2   func ,g         * 
  _Excep_MTU3_TGID3
                                  fffc55af         2   func ,g         * 
  _Excep_MTU3_TCIV3
                                  fffc55b1         2   func ,g         * 
  _Excep_MTU4_TGIA4
                                  fffc55b3         2   func ,g         * 
  _Excep_MTU4_TGIB4
                                  fffc55b5         e   func ,g         * 
  _Excep_MTU4_TGIC4
                                  fffc55c3         2   func ,g         * 
  _Excep_MTU4_TGID4
                                  fffc55c5         2   func ,g         * 
  _Excep_MTU4_TCIV4
                                  fffc55c7         2   func ,g         * 
  _Excep_MTU5_TGIU5
                                  fffc55c9         2   func ,g         * 
  _Excep_MTU5_TGIV5
                                  fffc55cb         2   func ,g         * 
  _Excep_MTU5_TGIW5
                                  fffc55cd         2   func ,g         * 
  _Excep_POE_OEI1
                                  fffc55cf         2   func ,g         * 
  _Excep_POE_OEI2
                                  fffc55d1         2   func ,g         * 
  _Excep_TMR0_CMIA0
                                  fffc55d3         2   func ,g         * 
  _Excep_TMR0_CMIB0
                                  fffc55d5         2   func ,g         * 
  _Excep_TMR0_OVI0
                                  fffc55d7         2   func ,g         * 
  _Excep_TMR1_CMIA1
                                  fffc55d9         2   func ,g         * 
  _Excep_TMR1_CMIB1
                                  fffc55db         2   func ,g         * 
  _Excep_TMR1_OVI1
                                  fffc55dd         2   func ,g         * 
  _Excep_TMR2_CMIA2
                                  fffc55df         2   func ,g         * 
  _Excep_TMR2_CMIB2
                                  fffc55e1         2   func ,g         * 
  _Excep_TMR2_OVI2
                                  fffc55e3         2   func ,g         * 
  _Excep_TMR3_CMIA3
                                  fffc55e5         2   func ,g         * 
  _Excep_TMR3_CMIB3
                                  fffc55e7         2   func ,g         * 
  _Excep_TMR3_OVI3
                                  fffc55e9         2   func ,g         * 
  _Excep_DMAC_DMAC0I
                                  fffc55eb         2   func ,g         * 
  _Excep_DMAC_DMAC1I
                                  fffc55ed         2   func ,g         * 
  _Excep_DMAC_DMAC2I
                                  fffc55ef         2   func ,g         * 
  _Excep_DMAC_DMAC3I
                                  fffc55f1         2   func ,g         * 
  _Excep_SCI0_ERI0
                                  fffc55f3         1   func ,g         * 
  _Excep_SCI0_RXI0
                                  fffc55f4         1   func ,g         * 
  _Excep_SCI0_TXI0
                                  fffc55f5         1   func ,g         * 
  _Excep_SCI0_TEI0
                                  fffc55f6         1   func ,g         * 
  _Excep_SCI1_ERI1
                                  fffc55f7         2   func ,g         * 
  _Excep_SCI1_RXI1
                                  fffc55f9         2   func ,g         * 
  _Excep_SCI1_TXI1
                                  fffc55fb         2   func ,g         * 
  _Excep_SCI1_TEI1
                                  fffc55fd         2   func ,g         * 
  _Excep_SCI5_ERI5
                                  fffc55ff         2   func ,g         * 
  _Excep_SCI5_RXI5
                                  fffc5601         2   func ,g         * 
  _Excep_SCI5_TXI5
                                  fffc5603         2   func ,g         * 
  _Excep_SCI5_TEI5
                                  fffc5605         2   func ,g         * 
  _Excep_SCI6_ERI6
                                  fffc5607         2   func ,g         * 
  _Excep_SCI6_RXI6
                                  fffc5609         2   func ,g         * 
  _Excep_SCI6_TXI6
                                  fffc560b         2   func ,g         * 
  _Excep_SCI6_TEI6
                                  fffc560d         2   func ,g         * 
  _Excep_SCI8_ERI8
                                  fffc560f         1   func ,g         * 
  _Excep_SCI8_RXI8
                                  fffc5610         1   func ,g         * 
  _Excep_SCI8_TXI8
                                  fffc5611         1   func ,g         * 
  _Excep_SCI8_TEI8
                                  fffc5612         1   func ,g         * 
  _Excep_SCI9_ERI9
                                  fffc5613         2   func ,g         * 
  _Excep_SCI9_RXI9
                                  fffc5615         2   func ,g         * 
  _Excep_SCI9_TXI9
                                  fffc5617         2   func ,g         * 
  _Excep_SCI9_TEI9
                                  fffc5619         2   func ,g         * 
  _Excep_SCI12_ERI12
                                  fffc561b         2   func ,g         * 
  _Excep_SCI12_RXI12
                                  fffc561d         2   func ,g         * 
  _Excep_SCI12_TXI12
                                  fffc561f         2   func ,g         * 
  _Excep_SCI12_TEI12
                                  fffc5621         2   func ,g         * 
  _Excep_SCI12_SCIX0
                                  fffc5623         2   func ,g         * 
  _Excep_SCI12_SCIX1
                                  fffc5625         2   func ,g         * 
  _Excep_SCI12_SCIX2
                                  fffc5627         2   func ,g         * 
  _Excep_SCI12_SCIX3
                                  fffc5629         2   func ,g         * 
  _Excep_RIIC0_EEI0
                                  fffc562b         2   func ,g         * 
  _Excep_RIIC0_RXI0
                                  fffc562d         2   func ,g         * 
  _Excep_RIIC0_TXI0
                                  fffc562f         2   func ,g         * 
  _Excep_RIIC0_TEI0
                                  fffc5631         2   func ,g         * 

SECTION=W_1
FILE=DefaultBuild\RX220Mouse2.obj
                                  fffc5634  fffc563f         c

SECTION=L
FILE=DefaultBuild\RX220Mouse2.obj
                                  fffc5640  fffc579a       15b

SECTION=$ADDR_C_FFFFFF80
FILE=DefaultBuild\vecttbl.obj
                                  ffffff80  ffffff83         4
  __MDEreg
                                  ffffff80         4   data ,g         * 

SECTION=$ADDR_C_FFFFFFA0
FILE=DefaultBuild\vecttbl.obj
                                  ffffffa0  ffffffaf        10
  _id_code
                                  ffffffa0        10   data ,g         * 

SECTION=FIXEDVECT
FILE=DefaultBuild\vecttbl.obj
                                  ffffffd0  ffffffff        30
  _Fixed_Vectors
                                  ffffffd0        30   data ,g         * 

*** Unfilled Areas ***

AREA                                START    END

*** Delete Symbols ***

SYMBOL                                SIZE    INFO
