Renesas Optimizing Linker (W3.07.00 )             01-Dec-2025 21:12:14

*** Options ***

-subcommand=DefaultBuild\RX220Mouse2.clnk
-library=DefaultBuild\RX220Mouse2.lib
-input=DefaultBuild\dbsct.obj
-input=DefaultBuild\intprg.obj
-input=DefaultBuild\resetprg.obj
-input=DefaultBuild\RX220Mouse2.obj
-input=DefaultBuild\sbrk.obj
-input=DefaultBuild\vecttbl.obj
-noprelink
-output=DefaultBuild\RX220Mouse2.abs
-list=DefaultBuild\RX220Mouse2.map
-show=symbol,total_size
-nooptimize
-start=B_1,R_1,B_2,R_2,B,R,SU,SI/04,PResetPRG/0FFFC0000,C_1,C_2,C,C$DSEC,C$BSEC,C$INIT,C$VTBL,C$VECT,D_1,D_2,D,P,PIntPRG,W_1,W_2,W,L/0FFFC0100,FIXEDVECT/0FFFFFFD0
-rom=D=R,D_1=R_1,D_2=R_2
-nologo
-end

*** Error information ***

*** Mapping List ***

SECTION                            START      END         SIZE   ALIGN
B_1
                                  00000004  00000218       215   1
R_1
                                  00000219  00000219         1   1
B_2
                                  0000021a  00000657       43e   2
R_2
                                  00000658  00000661         a   2
B
                                  00000664  00000a6b       408   4
R
                                  00000a6c  00000a73         8   4
SU
                                  00000a74  00000b73       100   4
SI
                                  00000b74  00000e73       300   4
PResetPRG
                                  fffc0000  fffc002b        2c   4
C_1
                                  fffc0100  fffc0100         0   1
C_2
                                  fffc0100  fffc117b      107c   2
C
                                  fffc117c  fffc11af        34   4
C$DSEC
                                  fffc11b0  fffc11d3        24   4
C$BSEC
                                  fffc11d4  fffc11eb        18   4
C$INIT
                                  fffc11ec  fffc11ec         0   1
C$VTBL
                                  fffc11ec  fffc11ec         0   1
C$VECT
                                  fffc11ec  fffc15eb       400   4
D_1
                                  fffc15ec  fffc15ec         1   1
D_2
                                  fffc15ee  fffc15f7         a   2
D
                                  fffc15f8  fffc15ff         8   4
P
                                  fffc1600  fffc3fc5      29c6   4
PIntPRG
                                  fffc3fc6  fffc40d7       112   1
W_1
                                  fffc40d8  fffc40d8         0   4
W_2
                                  fffc40d8  fffc40d8         0   1
W
                                  fffc40d8  fffc40d8         0   1
L
                                  fffc40d8  fffc419b        c4   4
$ADDR_C_FFFFFF80
                                  ffffff80  ffffff83         4   1
$ADDR_C_FFFFFFA0
                                  ffffffa0  ffffffaf        10   1
FIXEDVECT
                                  ffffffd0  ffffffff        30   4

*** Total Section Size ***

RAMDATA SECTION:  00000e6e Byte(s)
ROMDATA SECTION:  00001607 Byte(s)
PROGRAM SECTION:  00002b04 Byte(s)

*** Symbol List ***

SECTION=
FILE=                               START        END    SIZE
  SYMBOL                            ADDR        SIZE    INFO      COUNTS  OPT

SECTION=B_1
FILE=DefaultBuild\RX220Mouse2.obj
                                  00000004  00000218       215
  _LCD_DATA
                                  00000004        10   data ,g         * 
  _gspeed_index
                                  00000014         1   data ,g         * 
  _head
                                  00000015         1   data ,g         * 
  _head_change
                                  00000016         1   data ,g         * 
  _pos_x
                                  00000017         1   data ,g         * 
  _pos_y
                                  00000018         1   data ,g         * 
  _map
                                  00000019       100   data ,g         * 
  _p_map
                                  00000119       100   data ,g         * 

SECTION=R_1
FILE=DefaultBuild\RX220Mouse2.obj
                                  00000219  00000219         1
  _ccnt_playing
                                  00000219         1   data ,l         * 

SECTION=B_2
FILE=DefaultBuild\RX220Mouse2.obj
                                  0000021a  00000657       43e
  _LCD_FLAG
                                  0000021a         2   data ,g         * 
  _LCD_PT
                                  0000021c         2   data ,g         * 
  _SENSOR_PT
                                  0000021e         2   data ,g         * 
  _Batt
                                  00000220         2   data ,g         * 
  _R_PRE
                                  00000222         2   data ,g         * 
  _L_PRE
                                  00000224         2   data ,g         * 
  _F_PRE
                                  00000226         2   data ,g         * 
  _R_SEN
                                  00000228         2   data ,g         * 
  _L_SEN
                                  0000022a         2   data ,g         * 
  _F_SEN
                                  0000022c         2   data ,g         * 
  _R_SW
                                  0000022e         2   data ,g         * 
  _L_SW
                                  00000230         2   data ,g         * 
  _F_SW
                                  00000232         2   data ,g         * 
  _R_REF
                                  00000234         2   data ,g         * 
  _L_REF
                                  00000236         2   data ,g         * 
  _R_LIM
                                  00000238         2   data ,g         * 
  _L_LIM
                                  0000023a         2   data ,g         * 
  _F_LIM
                                  0000023c         2   data ,g         * 
  _timerL
                                  0000023e         2   data ,g         * 
  _timerR
                                  00000240         2   data ,g         * 
  _ldir
                                  00000242         2   data ,g         * 
  _rdir
                                  00000244         2   data ,g         * 
  _speed
                                  00000246         2   data ,g         * 
  _speed_now
                                  00000248         2   data ,g         * 
  _MotorTimer
                                  0000024a         2   data ,g         * 
  _control_mode
                                  0000024c         2   data ,g         * 
  _STEP
                                  0000024e         2   data ,g         * 
  _GO_STEP
                                  00000250         2   data ,g         * 
  _TURN_STEP
                                  00000252         2   data ,g         * 
  _GSPEEDvar
                                  00000254         2   data ,g         * 
  _wall_sample_left
                                  00000256       200   data ,g         * 
  _wall_sample_right
                                  00000456       200   data ,g         * 
  _wall_sample_count
                                  00000656         2   data ,g         * 

SECTION=R_2
FILE=DefaultBuild\RX220Mouse2.obj
                                  00000658  00000661         a
  _wait_timer
                                  00000658         2   data ,g         * 
  _ccnt_ms_left
                                  0000065a         2   data ,l         * 
  _ccnt_step_index
                                  0000065c         2   data ,l         * 
  _stepf_r
                                  0000065e         2   data ,g         * 
  _stepf_l
                                  00000660         2   data ,g         * 

SECTION=B
FILE=DefaultBuild\RX220Mouse2.obj
                                  00000664  0000066b         8
  _step_r
                                  00000664         4   data ,g         * 
  _step_l
                                  00000668         4   data ,g         * 
FILE=DefaultBuild\sbrk.obj
                                  0000066c  00000a6b       400
  _heap_area
                                  0000066c       400   data ,l         * 

SECTION=R
FILE=DefaultBuild\RX220Mouse2.obj
                                  00000a6c  00000a6f         4
  _MODE
                                  00000a6c         4   data ,g         * 
FILE=DefaultBuild\sbrk.obj
                                  00000a70  00000a73         4
  _brk
                                  00000a70         4   data ,l         * 

SECTION=SU
FILE=DefaultBuild\resetprg.obj
                                  00000a74  00000b73       100

SECTION=SI
FILE=DefaultBuild\resetprg.obj
                                  00000b74  00000e73       300

SECTION=PResetPRG
FILE=DefaultBuild\resetprg.obj
                                  fffc0000  fffc002b        2c
  _PowerON_Reset_PC
                                  fffc0000        29   entry,g         * 

SECTION=C_2
FILE=DefaultBuild\RX220Mouse2.obj
                                  fffc0100  fffc117b      107c
  _AccTable
                                  fffc0100       fa0   data ,g         * 
  _GSSPEED
                                  fffc10a0        10   data ,l         * 
  _beep_data
                                  fffc10b0        4c   data ,l         * 
  _ccnt_melody
                                  fffc10fc        80   data ,l         * 

SECTION=C
FILE=DefaultBuild\dbsct.obj
                                  fffc117c  fffc11af        34
  __CTBL
                                  fffc117c        34   data ,g         * 

SECTION=C$DSEC
FILE=DefaultBuild\dbsct.obj
                                  fffc11b0  fffc11d3        24
  __DTBL
                                  fffc11b0        24   data ,g         * 

SECTION=C$BSEC
FILE=DefaultBuild\dbsct.obj
                                  fffc11d4  fffc11eb        18
  __BTBL
                                  fffc11d4        18   data ,g         * 

SECTION=C$VECT
FILE=DefaultBuild\dbsct.obj
                                  fffc11ec  fffc15eb       400

SECTION=D_1
FILE=DefaultBuild\RX220Mouse2.obj
                                  fffc15ec  fffc15ec         1

SECTION=D_2
FILE=DefaultBuild\RX220Mouse2.obj
                                  fffc15ee  fffc15f7         a

SECTION=D
FILE=DefaultBuild\RX220Mouse2.obj
                                  fffc15f8  fffc15fb         4
FILE=DefaultBuild\sbrk.obj
                                  fffc15fc  fffc15ff         4

SECTION=P
FILE=DefaultBuild\RX220Mouse2.obj
                                  fffc1600  fffc3f3f      2940
  _LCD_init
                                  fffc1600        6d   func ,g         * 
  _LCD
                                  fffc166d        82   func ,g         * 
  _LCD_clear
                                  fffc16ef        23   func ,g         * 
  _LCD_print
                                  fffc1712        2d   func ,g         * 
  _LCD_dec_out
                                  fffc173f        eb   func ,g         * 
  _LCD_com4
                                  fffc182a        44   func ,g         * 
  _LCD_com8
                                  fffc186e        14   func ,g         * 
  _LCD_dat8
                                  fffc1882        7d   func ,g         * 
  _LCD_wait
                                  fffc18ff        18   func ,g         * 
  _buzzer_set_tone
                                  fffc1917        40   func ,l         * 
  _ccnt_playback_tick
                                  fffc1957        80   func ,l         * 
  _main
                                  fffc19d7       156   func ,g         * 
  _IO_init
                                  fffc1b2d       3fc   func ,g         * 
  _load_param
                                  fffc1f29        66   func ,g         * 
  _reset_wall_samples
                                  fffc1f8f         a   func ,g         * 
  _log_wall_samples
                                  fffc1f99        ab   func ,g         * 
  _update_wall_ref_from_log
                                  fffc2044        79   func ,g         * 
  _timerc_200us
                                  fffc20bd       506   func ,g         * 
  _int_mot_r
                                  fffc25c3        22   func ,g         * 
  _int_mot_l
                                  fffc25e5        22   func ,g         * 
  _pause
                                  fffc2607        1c   func ,g         * 
  _WaitKeyOff
                                  fffc2623        43   func ,g         * 
  _beep
                                  fffc2666        4a   func ,g         * 
  _ccnt
                                  fffc26b0        3a   func ,g         * 
  _change_mode
                                  fffc26ea        df   func ,g         * 
  _exec_mode
                                  fffc27c9        9b   func ,g         * 
  _modeB1
                                  fffc2864        3a   func ,g         * 
  _mode0
                                  fffc289e        e3   func ,g         * 
  _mode1
                                  fffc2981        de   func ,g         * 
  _mode2
                                  fffc2a5f        7c   func ,g         * 
  _mode3
                                  fffc2adb        7d   func ,g         * 
  _mode4
                                  fffc2b58        76   func ,g         * 
  _update_gspeed_index
                                  fffc2bce        67   func ,l         * 
  _select_gspeed
                                  fffc2c35        87   func ,l         * 
  _mode5
                                  fffc2cbc        88   func ,g         * 
  _mode6
                                  fffc2d44        6d   func ,g         * 
  _mode7
                                  fffc2db1        54   func ,g         * 
  _mouse_search
                                  fffc2e05       2d5   func ,g         * 
  _com_go
                                  fffc30da        ae   func ,g         * 
  _com_stop
                                  fffc3188        4f   func ,g         * 
  _com_turn
                                  fffc31d7        fd   func ,g         * 
  _countdown
                                  fffc32d4        6c   func ,g         * 
  _finish
                                  fffc3340        30   func ,g         * 
  _map_writeDF
                                  fffc3370        77   func ,g         * 
  _map_DFread
                                  fffc33e7        8a   func ,g         * 
  _fcu_reset
                                  fffc3471        1f   func ,g         * 
  _fcu_tope
                                  fffc3490        22   func ,g         * 
  _fcu_toread
                                  fffc34b2        1e   func ,g         * 
  _error_check
                                  fffc34d0        6e   func ,g         * 
  _clear_flash
                                  fffc353e        32   func ,g         * 
  _wait_frdy
                                  fffc3570        30   func ,g         * 
  _DFlash_init
                                  fffc35a0        84   func ,g         * 
  _DFlash_bread
                                  fffc3624        44   func ,g         * 
  _DFlash_bprog
                                  fffc3668        65   func ,g         * 
  _get_wall_data
                                  fffc36cd        56   func ,g         * 
  _clear_map
                                  fffc3723        e6   func ,g         * 
  _make_map_data
                                  fffc3809       199   func ,g         * 
  _make_potential
                                  fffc39a2       390   func ,g         * 
  _search_adachi
                                  fffc3d32       20e   func ,g         * 
FILE=DefaultBuild\sbrk.obj
                                  fffc3f40  fffc3f7b        3c
  _sbrk
                                  fffc3f40        3c   func ,g         * 
FILE=__initsct
                                  fffc3f7c  fffc3fc5        4a
  __INITSCT
                                  fffc3f7c         0   none ,g         * 
  loop1
                                  fffc3f8e         0   none ,l         * 
  next_loop1
                                  fffc3f9c         0   none ,l         * 
  loop3
                                  fffc3fae         0   none ,l         * 
  next_loop3
                                  fffc3fbf         0   none ,l         * 

SECTION=PIntPRG
FILE=DefaultBuild\intprg.obj
                                  fffc3fc6  fffc40d7       112
  _Excep_SuperVisorInst
                                  fffc3fc6         2   func ,g         * 
  _Excep_UndefinedInst
                                  fffc3fc8         2   func ,g         * 
  _NonMaskableInterrupt
                                  fffc3fca         2   func ,g         * 
  _Dummy
                                  fffc3fcc         2   func ,g         * 
  _Excep_BRK
                                  fffc3fce         4   func ,g         * 
  _Excep_BSC_BUSERR
                                  fffc3fd2         2   func ,g         * 
  _Excep_FCU_FIFERR
                                  fffc3fd4         2   func ,g         * 
  _Excep_FCU_FRDYI
                                  fffc3fd6         2   func ,g         * 
  _Excep_ICU_SWINT
                                  fffc3fd8         2   func ,g         * 
  _Excep_CMT0_CMI0
                                  fffc3fda         e   func ,g         * 
  _Excep_CMT1_CMI1
                                  fffc3fe8         2   func ,g         * 
  _Excep_CMT2_CMI2
                                  fffc3fea         2   func ,g         * 
  _Excep_CMT3_CMI3
                                  fffc3fec         2   func ,g         * 
  _Excep_CAC_FERRF
                                  fffc3fee         2   func ,g         * 
  _Excep_CAC_MENDF
                                  fffc3ff0         2   func ,g         * 
  _Excep_CAC_OVFF
                                  fffc3ff2         2   func ,g         * 
  _Excep_RSPI0_SPEI0
                                  fffc3ff4         2   func ,g         * 
  _Excep_RSPI0_SPRI0
                                  fffc3ff6         2   func ,g         * 
  _Excep_RSPI0_SPTI0
                                  fffc3ff8         2   func ,g         * 
  _Excep_RSPI0_SPII0
                                  fffc3ffa         2   func ,g         * 
  _Excep_DOC_DOPCF
                                  fffc3ffc         2   func ,g         * 
  _Excep_CMPB_CMPB0
                                  fffc3ffe         1   func ,g         * 
  _Excep_CMPB_CMPB1
                                  fffc3fff         1   func ,g         * 
  _Excep_RTC_CUP
                                  fffc4000         2   func ,g         * 
  _Excep_ICU_IRQ0
                                  fffc4002         2   func ,g         * 
  _Excep_ICU_IRQ1
                                  fffc4004         2   func ,g         * 
  _Excep_ICU_IRQ2
                                  fffc4006         2   func ,g         * 
  _Excep_ICU_IRQ3
                                  fffc4008         2   func ,g         * 
  _Excep_ICU_IRQ4
                                  fffc400a         2   func ,g         * 
  _Excep_ICU_IRQ5
                                  fffc400c         2   func ,g         * 
  _Excep_ICU_IRQ6
                                  fffc400e         2   func ,g         * 
  _Excep_ICU_IRQ7
                                  fffc4010         2   func ,g         * 
  _Excep_LVD_LVD1
                                  fffc4012         2   func ,g         * 
  _Excep_LVD_LVD2
                                  fffc4014         2   func ,g         * 
  _Excep_CMPA_CMPA1
                                  fffc4016         1   func ,g         * 
  _Excep_CMPA_CMPA2
                                  fffc4017         1   func ,g         * 
  _Excep_RTC_ALM
                                  fffc4018         2   func ,g         * 
  _Excep_RTC_PRD
                                  fffc401a         2   func ,g         * 
  _Excep_S12AD_S12ADI0
                                  fffc401c         2   func ,g         * 
  _Excep_S12AD_GBADI
                                  fffc401e         2   func ,g         * 
  _Excep_ELC_ELSR18I
                                  fffc4020         2   func ,g         * 
  _Excep_ELC_ELSR19I
                                  fffc4022         1   func ,g         * 
  _Excep_MTU0_TGIA0
                                  fffc4023         2   func ,g         * 
  _Excep_MTU0_TGIB0
                                  fffc4025         2   func ,g         * 
  _Excep_MTU0_TGIC0
                                  fffc4027         2   func ,g         * 
  _Excep_MTU0_TGID0
                                  fffc4029         2   func ,g         * 
  _Excep_MTU0_TCIV0
                                  fffc402b         2   func ,g         * 
  _Excep_MTU0_TGIE0
                                  fffc402d         2   func ,g         * 
  _Excep_MTU0_TGIF0
                                  fffc402f         2   func ,g         * 
  _Excep_MTU1_TGIA1
                                  fffc4031         2   func ,g         * 
  _Excep_MTU1_TGIB1
                                  fffc4033         2   func ,g         * 
  _Excep_MTU1_TCIV1
                                  fffc4035         2   func ,g         * 
  _Excep_MTU1_TCIU1
                                  fffc4037         2   func ,g         * 
  _Excep_MTU2_TGIA2
                                  fffc4039         2   func ,g         * 
  _Excep_MTU2_TGIB2
                                  fffc403b         2   func ,g         * 
  _Excep_MTU2_TCIV2
                                  fffc403d         2   func ,g         * 
  _Excep_MTU2_TCIU2
                                  fffc403f         2   func ,g         * 
  _Excep_MTU3_TGIA3
                                  fffc4041         2   func ,g         * 
  _Excep_MTU3_TGIB3
                                  fffc4043         e   func ,g         * 
  _Excep_MTU3_TGIC3
                                  fffc4051         2   func ,g         * 
  _Excep_MTU3_TGID3
                                  fffc4053         2   func ,g         * 
  _Excep_MTU3_TCIV3
                                  fffc4055         2   func ,g         * 
  _Excep_MTU4_TGIA4
                                  fffc4057         2   func ,g         * 
  _Excep_MTU4_TGIB4
                                  fffc4059         e   func ,g         * 
  _Excep_MTU4_TGIC4
                                  fffc4067         2   func ,g         * 
  _Excep_MTU4_TGID4
                                  fffc4069         2   func ,g         * 
  _Excep_MTU4_TCIV4
                                  fffc406b         2   func ,g         * 
  _Excep_MTU5_TGIU5
                                  fffc406d         2   func ,g         * 
  _Excep_MTU5_TGIV5
                                  fffc406f         2   func ,g         * 
  _Excep_MTU5_TGIW5
                                  fffc4071         2   func ,g         * 
  _Excep_POE_OEI1
                                  fffc4073         2   func ,g         * 
  _Excep_POE_OEI2
                                  fffc4075         2   func ,g         * 
  _Excep_TMR0_CMIA0
                                  fffc4077         2   func ,g         * 
  _Excep_TMR0_CMIB0
                                  fffc4079         2   func ,g         * 
  _Excep_TMR0_OVI0
                                  fffc407b         2   func ,g         * 
  _Excep_TMR1_CMIA1
                                  fffc407d         2   func ,g         * 
  _Excep_TMR1_CMIB1
                                  fffc407f         2   func ,g         * 
  _Excep_TMR1_OVI1
                                  fffc4081         2   func ,g         * 
  _Excep_TMR2_CMIA2
                                  fffc4083         2   func ,g         * 
  _Excep_TMR2_CMIB2
                                  fffc4085         2   func ,g         * 
  _Excep_TMR2_OVI2
                                  fffc4087         2   func ,g         * 
  _Excep_TMR3_CMIA3
                                  fffc4089         2   func ,g         * 
  _Excep_TMR3_CMIB3
                                  fffc408b         2   func ,g         * 
  _Excep_TMR3_OVI3
                                  fffc408d         2   func ,g         * 
  _Excep_DMAC_DMAC0I
                                  fffc408f         2   func ,g         * 
  _Excep_DMAC_DMAC1I
                                  fffc4091         2   func ,g         * 
  _Excep_DMAC_DMAC2I
                                  fffc4093         2   func ,g         * 
  _Excep_DMAC_DMAC3I
                                  fffc4095         2   func ,g         * 
  _Excep_SCI0_ERI0
                                  fffc4097         1   func ,g         * 
  _Excep_SCI0_RXI0
                                  fffc4098         1   func ,g         * 
  _Excep_SCI0_TXI0
                                  fffc4099         1   func ,g         * 
  _Excep_SCI0_TEI0
                                  fffc409a         1   func ,g         * 
  _Excep_SCI1_ERI1
                                  fffc409b         2   func ,g         * 
  _Excep_SCI1_RXI1
                                  fffc409d         2   func ,g         * 
  _Excep_SCI1_TXI1
                                  fffc409f         2   func ,g         * 
  _Excep_SCI1_TEI1
                                  fffc40a1         2   func ,g         * 
  _Excep_SCI5_ERI5
                                  fffc40a3         2   func ,g         * 
  _Excep_SCI5_RXI5
                                  fffc40a5         2   func ,g         * 
  _Excep_SCI5_TXI5
                                  fffc40a7         2   func ,g         * 
  _Excep_SCI5_TEI5
                                  fffc40a9         2   func ,g         * 
  _Excep_SCI6_ERI6
                                  fffc40ab         2   func ,g         * 
  _Excep_SCI6_RXI6
                                  fffc40ad         2   func ,g         * 
  _Excep_SCI6_TXI6
                                  fffc40af         2   func ,g         * 
  _Excep_SCI6_TEI6
                                  fffc40b1         2   func ,g         * 
  _Excep_SCI8_ERI8
                                  fffc40b3         1   func ,g         * 
  _Excep_SCI8_RXI8
                                  fffc40b4         1   func ,g         * 
  _Excep_SCI8_TXI8
                                  fffc40b5         1   func ,g         * 
  _Excep_SCI8_TEI8
                                  fffc40b6         1   func ,g         * 
  _Excep_SCI9_ERI9
                                  fffc40b7         2   func ,g         * 
  _Excep_SCI9_RXI9
                                  fffc40b9         2   func ,g         * 
  _Excep_SCI9_TXI9
                                  fffc40bb         2   func ,g         * 
  _Excep_SCI9_TEI9
                                  fffc40bd         2   func ,g         * 
  _Excep_SCI12_ERI12
                                  fffc40bf         2   func ,g         * 
  _Excep_SCI12_RXI12
                                  fffc40c1         2   func ,g         * 
  _Excep_SCI12_TXI12
                                  fffc40c3         2   func ,g         * 
  _Excep_SCI12_TEI12
                                  fffc40c5         2   func ,g         * 
  _Excep_SCI12_SCIX0
                                  fffc40c7         2   func ,g         * 
  _Excep_SCI12_SCIX1
                                  fffc40c9         2   func ,g         * 
  _Excep_SCI12_SCIX2
                                  fffc40cb         2   func ,g         * 
  _Excep_SCI12_SCIX3
                                  fffc40cd         2   func ,g         * 
  _Excep_RIIC0_EEI0
                                  fffc40cf         2   func ,g         * 
  _Excep_RIIC0_RXI0
                                  fffc40d1         2   func ,g         * 
  _Excep_RIIC0_TXI0
                                  fffc40d3         2   func ,g         * 
  _Excep_RIIC0_TEI0
                                  fffc40d5         2   func ,g         * 

SECTION=L
FILE=DefaultBuild\RX220Mouse2.obj
                                  fffc40d8  fffc419b        c4

SECTION=$ADDR_C_FFFFFF80
FILE=DefaultBuild\vecttbl.obj
                                  ffffff80  ffffff83         4
  __MDEreg
                                  ffffff80         4   data ,g         * 

SECTION=$ADDR_C_FFFFFFA0
FILE=DefaultBuild\vecttbl.obj
                                  ffffffa0  ffffffaf        10
  _id_code
                                  ffffffa0        10   data ,g         * 

SECTION=FIXEDVECT
FILE=DefaultBuild\vecttbl.obj
                                  ffffffd0  ffffffff        30
  _Fixed_Vectors
                                  ffffffd0        30   data ,g         * 

*** Unfilled Areas ***

AREA                                START    END

*** Delete Symbols ***

SYMBOL                                SIZE    INFO
