Renesas Optimizing Linker (W3.07.00 )             22-Dec-2025 21:18:02

*** Options ***

-subcommand=DefaultBuild\RX220Mouse2.clnk
-library=DefaultBuild\RX220Mouse2.lib
-input=DefaultBuild\dbsct.obj
-input=DefaultBuild\intprg.obj
-input=DefaultBuild\resetprg.obj
-input=DefaultBuild\RX220Mouse2.obj
-input=DefaultBuild\sbrk.obj
-input=DefaultBuild\vecttbl.obj
-noprelink
-output=DefaultBuild\RX220Mouse2.abs
-list=DefaultBuild\RX220Mouse2.map
-show=symbol,total_size
-nooptimize
-start=B_1,R_1,B_2,R_2,B,R,SU,SI/04,PResetPRG/0FFFC0000,C_1,C_2,C,C$DSEC,C$BSEC,C$INIT,C$VTBL,C$VECT,D_1,D_2,D,P,PIntPRG,W_1,W_2,W,L/0FFFC0100,FIXEDVECT/0FFFFFFD0
-rom=D=R,D_1=R_1,D_2=R_2
-nologo
-end

*** Error information ***

*** Mapping List ***

SECTION                            START      END         SIZE   ALIGN
B_1
                                  00000004  0000021a       217   1
R_1
                                  0000021b  0000021b         1   1
B_2
                                  0000021c  00000661       446   2
R_2
                                  00000662  0000066b         a   2
B
                                  0000066c  00000a73       408   4
R
                                  00000a74  00000a7f         c   4
SU
                                  00000a80  00000b7f       100   4
SI
                                  00000b80  00000e7f       300   4
PResetPRG
                                  fffc0000  fffc002b        2c   4
C_1
                                  fffc0100  fffc0100         0   1
C_2
                                  fffc0100  fffc117b      107c   2
C
                                  fffc117c  fffc11fb        80   4
C$DSEC
                                  fffc11fc  fffc121f        24   4
C$BSEC
                                  fffc1220  fffc1237        18   4
C$INIT
                                  fffc1238  fffc1238         0   1
C$VTBL
                                  fffc1238  fffc1238         0   1
C$VECT
                                  fffc1238  fffc1637       400   4
D_1
                                  fffc1638  fffc1638         1   1
D_2
                                  fffc163a  fffc1643         a   2
D
                                  fffc1644  fffc164f         c   4
P
                                  fffc1650  fffc5000      39b1   4
PIntPRG
                                  fffc5001  fffc5113       113   1
W_1
                                  fffc5114  fffc511f         c   4
W_2
                                  fffc5120  fffc5120         0   2
W
                                  fffc5120  fffc5120         0   4
L
                                  fffc5120  fffc5269       14a   4
$ADDR_C_FFFFFF80
                                  ffffff80  ffffff83         4   1
$ADDR_C_FFFFFFA0
                                  ffffffa0  ffffffaf        10   1
FIXEDVECT
                                  ffffffd0  ffffffff        30   4

*** Total Section Size ***

RAMDATA SECTION:  00000e7c Byte(s)
ROMDATA SECTION:  000016e9 Byte(s)
PROGRAM SECTION:  00003af0 Byte(s)

*** Symbol List ***

SECTION=
FILE=                               START        END    SIZE
  SYMBOL                            ADDR        SIZE    INFO      COUNTS  OPT

SECTION=B_1
FILE=DefaultBuild\RX220Mouse2.obj
                                  00000004  0000021a       217
  _LCD_DATA
                                  00000004        10   data ,g         * 
  _gspeed_index
                                  00000014         1   data ,g         * 
  _head
                                  00000015         1   data ,g         * 
  _head_change
                                  00000016         1   data ,g         * 
  _pos_x
                                  00000017         1   data ,g         * 
  _pos_y
                                  00000018         1   data ,g         * 
  _map
                                  00000019       100   data ,g         * 
  _p_map
                                  00000119       100   data ,g         * 
  _goal_x
                                  00000219         1   data ,g         * 
  _goal_y
                                  0000021a         1   data ,g         * 

SECTION=R_1
FILE=DefaultBuild\RX220Mouse2.obj
                                  0000021b  0000021b         1
  _ccnt_playing
                                  0000021b         1   data ,l         * 

SECTION=B_2
FILE=DefaultBuild\RX220Mouse2.obj
                                  0000021c  00000661       446
  _LCD_FLAG
                                  0000021c         2   data ,g         * 
  _LCD_PT
                                  0000021e         2   data ,g         * 
  _SENSOR_PT
                                  00000220         2   data ,g         * 
  _Batt
                                  00000222         2   data ,g         * 
  _R_PRE
                                  00000224         2   data ,g         * 
  _L_PRE
                                  00000226         2   data ,g         * 
  _F_PRE
                                  00000228         2   data ,g         * 
  _R_SEN
                                  0000022a         2   data ,g         * 
  _L_SEN
                                  0000022c         2   data ,g         * 
  _F_SEN
                                  0000022e         2   data ,g         * 
  _R_SW
                                  00000230         2   data ,g         * 
  _L_SW
                                  00000232         2   data ,g         * 
  _F_SW
                                  00000234         2   data ,g         * 
  _R_REF
                                  00000236         2   data ,g         * 
  _L_REF
                                  00000238         2   data ,g         * 
  _F_REF
                                  0000023a         2   data ,g         * 
  _R_LIM
                                  0000023c         2   data ,g         * 
  _L_LIM
                                  0000023e         2   data ,g         * 
  _F_LIM
                                  00000240         2   data ,g         * 
  _timerL
                                  00000242         2   data ,g         * 
  _timerR
                                  00000244         2   data ,g         * 
  _ldir
                                  00000246         2   data ,g         * 
  _rdir
                                  00000248         2   data ,g         * 
  _speed
                                  0000024a         2   data ,g         * 
  _speed_now
                                  0000024c         2   data ,g         * 
  _MotorTimer
                                  0000024e         2   data ,g         * 
  _control_mode
                                  00000250         2   data ,g         * 
  _STEP
                                  00000252         2   data ,g         * 
  _GO_STEP
                                  00000254         2   data ,g         * 
  _TURN_STEP
                                  00000256         2   data ,g         * 
  _SLALOM_STEP
                                  00000258         2   data ,g         * 
  _BACK_STEP
                                  0000025a         2   data ,g         * 
  _HALF_STEP
                                  0000025c         2   data ,g         * 
  _GSPEEDvar
                                  0000025e         2   data ,g         * 
  _wall_sample_left
                                  00000260       200   data ,g         * 
  _wall_sample_right
                                  00000460       200   data ,g         * 
  _wall_sample_count
                                  00000660         2   data ,g         * 

SECTION=R_2
FILE=DefaultBuild\RX220Mouse2.obj
                                  00000662  0000066b         a
  _wait_timer
                                  00000662         2   data ,g         * 
  _ccnt_ms_left
                                  00000664         2   data ,l         * 
  _ccnt_step_index
                                  00000666         2   data ,l         * 
  _stepf_r
                                  00000668         2   data ,g         * 
  _stepf_l
                                  0000066a         2   data ,g         * 

SECTION=B
FILE=DefaultBuild\RX220Mouse2.obj
                                  0000066c  00000673         8
  _step_r
                                  0000066c         4   data ,g         * 
  _step_l
                                  00000670         4   data ,g         * 
FILE=DefaultBuild\sbrk.obj
                                  00000674  00000a73       400
  _heap_area
                                  00000674       400   data ,l         * 

SECTION=R
FILE=DefaultBuild\RX220Mouse2.obj
                                  00000a74  00000a7b         8
  _MODE
                                  00000a74         4   data ,g         * 
  _goal_choice_index
                                  00000a78         4   data ,g         * 
FILE=DefaultBuild\sbrk.obj
                                  00000a7c  00000a7f         4
  _brk
                                  00000a7c         4   data ,l         * 

SECTION=SU
FILE=DefaultBuild\resetprg.obj
                                  00000a80  00000b7f       100

SECTION=SI
FILE=DefaultBuild\resetprg.obj
                                  00000b80  00000e7f       300

SECTION=PResetPRG
FILE=DefaultBuild\resetprg.obj
                                  fffc0000  fffc002b        2c
  _PowerON_Reset_PC
                                  fffc0000        29   entry,g         * 

SECTION=C_2
FILE=DefaultBuild\RX220Mouse2.obj
                                  fffc0100  fffc117b      107c
  _AccTable
                                  fffc0100       fa0   data ,g         * 
  _GSSPEED
                                  fffc10a0        10   data ,l         * 
  _beep_data
                                  fffc10b0        4c   data ,l         * 
  _ccnt_melody
                                  fffc10fc        80   data ,l         * 

SECTION=C
FILE=DefaultBuild\dbsct.obj
                                  fffc117c  fffc11af        34
  __CTBL
                                  fffc117c        34   data ,g         * 
FILE=DefaultBuild\RX220Mouse2.obj
                                  fffc11b0  fffc11fb        4c
  _goal_choices
                                  fffc11b0        28   data ,l         * 
  _center_refs
                                  fffc11d8        24   data ,l         * 

SECTION=C$DSEC
FILE=DefaultBuild\dbsct.obj
                                  fffc11fc  fffc121f        24
  __DTBL
                                  fffc11fc        24   data ,g         * 

SECTION=C$BSEC
FILE=DefaultBuild\dbsct.obj
                                  fffc1220  fffc1237        18
  __BTBL
                                  fffc1220        18   data ,g         * 

SECTION=C$VECT
FILE=DefaultBuild\dbsct.obj
                                  fffc1238  fffc1637       400

SECTION=D_1
FILE=DefaultBuild\RX220Mouse2.obj
                                  fffc1638  fffc1638         1

SECTION=D_2
FILE=DefaultBuild\RX220Mouse2.obj
                                  fffc163a  fffc1643         a

SECTION=D
FILE=DefaultBuild\RX220Mouse2.obj
                                  fffc1644  fffc164b         8
FILE=DefaultBuild\sbrk.obj
                                  fffc164c  fffc164f         4

SECTION=P
FILE=DefaultBuild\RX220Mouse2.obj
                                  fffc1650  fffc4f7a      392b
  _LCD_init
                                  fffc1650        6d   func ,g         * 
  _LCD
                                  fffc16bd        82   func ,g         * 
  _LCD_clear
                                  fffc173f        23   func ,g         * 
  _LCD_print
                                  fffc1762        2d   func ,g         * 
  _LCD_dec_out
                                  fffc178f        eb   func ,g         * 
  _LCD_com4
                                  fffc187a        44   func ,g         * 
  _LCD_com8
                                  fffc18be        14   func ,g         * 
  _LCD_dat8
                                  fffc18d2        7d   func ,g         * 
  _LCD_wait
                                  fffc194f        18   func ,g         * 
  _buzzer_set_tone
                                  fffc1967        40   func ,l         * 
  _ccnt_playback_tick
                                  fffc19a7        80   func ,l         * 
  _set_goal_choice_index
                                  fffc1a27        4a   func ,l         * 
  _advance_goal_choice
                                  fffc1a71        12   func ,l         * 
  _main
                                  fffc1a83       161   func ,g         * 
  _IO_init
                                  fffc1be4       3fc   func ,g         * 
  _load_param
                                  fffc1fe0        95   func ,g         * 
  _reset_wall_samples
                                  fffc2075         a   func ,g         * 
  _log_wall_samples
                                  fffc207f        ab   func ,g         * 
  _update_wall_ref_from_log
                                  fffc212a        7c   func ,g         * 
  _timerc_200us
                                  fffc21a6       506   func ,g         * 
  _int_mot_r
                                  fffc26ac        22   func ,g         * 
  _int_mot_l
                                  fffc26ce        22   func ,g         * 
  _pause
                                  fffc26f0        1c   func ,g         * 
  _WaitKeyOff
                                  fffc270c        43   func ,g         * 
  _beep
                                  fffc274f        4a   func ,g         * 
  _ccnt
                                  fffc2799        3a   func ,g         * 
  _change_mode
                                  fffc27d3       14b   func ,g         * 
  _exec_mode
                                  fffc291e       101   func ,g         * 
  _modeB1
                                  fffc2a1f        9b   func ,g         * 
  _mode0
                                  fffc2aba        e6   func ,g         * 
  _mode1
                                  fffc2ba0        de   func ,g         * 
  _mode2
                                  fffc2c7e        7c   func ,g         * 
  _mode3
                                  fffc2cfa        7d   func ,g         * 
  _mode4
                                  fffc2d77        76   func ,g         * 
  _update_gspeed_index
                                  fffc2ded        67   func ,l         * 
  _select_gspeed
                                  fffc2e54        87   func ,l         * 
  _mode5
                                  fffc2edb        9a   func ,g         * 
  _mode6
                                  fffc2f75        79   func ,g         * 
  _mode7
                                  fffc2fee        60   func ,g         * 
  _mode8
                                  fffc304e        96   func ,g         * 
  _mode9
                                  fffc30e4        f8   func ,g         * 
  _render_center_ref_line
                                  fffc31dc        45   func ,l         * 
  _mode10
                                  fffc3221        99   func ,g         * 
  _mode11
                                  fffc32ba        f3   func ,g         * 
  _mode12
                                  fffc33ad        77   func ,g         * 
  _mode13
                                  fffc3424        b2   func ,g         * 
  _mouse_slalom_run
                                  fffc34d6       3c4   func ,g         * 
  _mouse_search
                                  fffc389a       3f5   func ,g         * 
  _com_go
                                  fffc3c8f        a9   func ,g         * 
  _com_stop
                                  fffc3d38        4f   func ,g         * 
  _exec_turn_step
                                  fffc3d87        e2   func ,l         * 
  _com_turn
                                  fffc3e69        11   func ,g         * 
  _com_slalom_turn
                                  fffc3e7a        11   func ,g         * 
  _com_back
                                  fffc3e8b        bd   func ,g         * 
  _com_go_half
                                  fffc3f48        97   func ,g         * 
  _kbat_r
                                  fffc3fdf        11   func ,g         * 
  _kbat_lf_turn
                                  fffc3ff0        99   func ,g         * 
  _goal_kbat_turn
                                  fffc4089       11d   func ,g         * 
  _start_back_wall_contact
                                  fffc41a6        14   func ,l         * 
  _countdown
                                  fffc41ba        6c   func ,g         * 
  _finish
                                  fffc4226        30   func ,g         * 
  _map_writeDF
                                  fffc4256        77   func ,g         * 
  _map_DFread
                                  fffc42cd        8a   func ,g         * 
  _sensor_ref_writeDF
                                  fffc4357        3a   func ,g         * 
  _sensor_ref_readDF
                                  fffc4391        45   func ,g         * 
  _fcu_reset
                                  fffc43d6        1f   func ,g         * 
  _fcu_tope
                                  fffc43f5        22   func ,g         * 
  _fcu_toread
                                  fffc4417        1e   func ,g         * 
  _error_check
                                  fffc4435        6e   func ,g         * 
  _clear_flash
                                  fffc44a3        32   func ,g         * 
  _wait_frdy
                                  fffc44d5        30   func ,g         * 
  _DFlash_init
                                  fffc4505        84   func ,g         * 
  _DFlash_bread
                                  fffc4589        44   func ,g         * 
  _DFlash_bprog
                                  fffc45cd        65   func ,g         * 
  _get_wall_data
                                  fffc4632        56   func ,g         * 
  _clear_map
                                  fffc4688        e6   func ,g         * 
  _make_map_data
                                  fffc476e       199   func ,g         * 
  _make_potential
                                  fffc4907       390   func ,g         * 
  _search_left_hand
                                  fffc4c97        5b   func ,g         * 
  _search_adachi
                                  fffc4cf2       289   func ,g         * 
FILE=DefaultBuild\sbrk.obj
                                  fffc4f7b  fffc4fb6        3c
  _sbrk
                                  fffc4f7b        3c   func ,g         * 
FILE=__initsct
                                  fffc4fb7  fffc5000        4a
  __INITSCT
                                  fffc4fb7         0   none ,g         * 
  loop1
                                  fffc4fc9         0   none ,l         * 
  next_loop1
                                  fffc4fd7         0   none ,l         * 
  loop3
                                  fffc4fe9         0   none ,l         * 
  next_loop3
                                  fffc4ffa         0   none ,l         * 

SECTION=PIntPRG
FILE=DefaultBuild\intprg.obj
                                  fffc5001  fffc5113       113
  _Excep_SuperVisorInst
                                  fffc5001         2   func ,g         * 
  _Excep_UndefinedInst
                                  fffc5003         2   func ,g         * 
  _NonMaskableInterrupt
                                  fffc5005         2   func ,g         * 
  _Dummy
                                  fffc5007         2   func ,g         * 
  _Excep_BRK
                                  fffc5009         4   func ,g         * 
  _Excep_BSC_BUSERR
                                  fffc500d         2   func ,g         * 
  _Excep_FCU_FIFERR
                                  fffc500f         2   func ,g         * 
  _Excep_FCU_FRDYI
                                  fffc5011         2   func ,g         * 
  _Excep_ICU_SWINT
                                  fffc5013         2   func ,g         * 
  _Excep_CMT0_CMI0
                                  fffc5015         e   func ,g         * 
  _Excep_CMT1_CMI1
                                  fffc5023         2   func ,g         * 
  _Excep_CMT2_CMI2
                                  fffc5025         2   func ,g         * 
  _Excep_CMT3_CMI3
                                  fffc5027         2   func ,g         * 
  _Excep_CAC_FERRF
                                  fffc5029         2   func ,g         * 
  _Excep_CAC_MENDF
                                  fffc502b         2   func ,g         * 
  _Excep_CAC_OVFF
                                  fffc502d         2   func ,g         * 
  _Excep_RSPI0_SPEI0
                                  fffc502f         2   func ,g         * 
  _Excep_RSPI0_SPRI0
                                  fffc5031         2   func ,g         * 
  _Excep_RSPI0_SPTI0
                                  fffc5033         2   func ,g         * 
  _Excep_RSPI0_SPII0
                                  fffc5035         2   func ,g         * 
  _Excep_DOC_DOPCF
                                  fffc5037         2   func ,g         * 
  _Excep_CMPB_CMPB0
                                  fffc5039         1   func ,g         * 
  _Excep_CMPB_CMPB1
                                  fffc503a         1   func ,g         * 
  _Excep_RTC_CUP
                                  fffc503b         2   func ,g         * 
  _Excep_ICU_IRQ0
                                  fffc503d         2   func ,g         * 
  _Excep_ICU_IRQ1
                                  fffc503f         2   func ,g         * 
  _Excep_ICU_IRQ2
                                  fffc5041         2   func ,g         * 
  _Excep_ICU_IRQ3
                                  fffc5043         2   func ,g         * 
  _Excep_ICU_IRQ4
                                  fffc5045         2   func ,g         * 
  _Excep_ICU_IRQ5
                                  fffc5047         2   func ,g         * 
  _Excep_ICU_IRQ6
                                  fffc5049         2   func ,g         * 
  _Excep_ICU_IRQ7
                                  fffc504b         2   func ,g         * 
  _Excep_LVD_LVD1
                                  fffc504d         2   func ,g         * 
  _Excep_LVD_LVD2
                                  fffc504f         2   func ,g         * 
  _Excep_CMPA_CMPA1
                                  fffc5051         1   func ,g         * 
  _Excep_CMPA_CMPA2
                                  fffc5052         1   func ,g         * 
  _Excep_RTC_ALM
                                  fffc5053         2   func ,g         * 
  _Excep_RTC_PRD
                                  fffc5055         2   func ,g         * 
  _Excep_S12AD_S12ADI0
                                  fffc5057         2   func ,g         * 
  _Excep_S12AD_GBADI
                                  fffc5059         2   func ,g         * 
  _Excep_ELC_ELSR18I
                                  fffc505b         2   func ,g         * 
  _Excep_ELC_ELSR19I
                                  fffc505d         1   func ,g         * 
  _Excep_MTU0_TGIA0
                                  fffc505e         2   func ,g         * 
  _Excep_MTU0_TGIB0
                                  fffc5060         2   func ,g         * 
  _Excep_MTU0_TGIC0
                                  fffc5062         2   func ,g         * 
  _Excep_MTU0_TGID0
                                  fffc5064         2   func ,g         * 
  _Excep_MTU0_TCIV0
                                  fffc5066         2   func ,g         * 
  _Excep_MTU0_TGIE0
                                  fffc5068         2   func ,g         * 
  _Excep_MTU0_TGIF0
                                  fffc506a         2   func ,g         * 
  _Excep_MTU1_TGIA1
                                  fffc506c         2   func ,g         * 
  _Excep_MTU1_TGIB1
                                  fffc506e         2   func ,g         * 
  _Excep_MTU1_TCIV1
                                  fffc5070         2   func ,g         * 
  _Excep_MTU1_TCIU1
                                  fffc5072         2   func ,g         * 
  _Excep_MTU2_TGIA2
                                  fffc5074         2   func ,g         * 
  _Excep_MTU2_TGIB2
                                  fffc5076         2   func ,g         * 
  _Excep_MTU2_TCIV2
                                  fffc5078         2   func ,g         * 
  _Excep_MTU2_TCIU2
                                  fffc507a         2   func ,g         * 
  _Excep_MTU3_TGIA3
                                  fffc507c         2   func ,g         * 
  _Excep_MTU3_TGIB3
                                  fffc507e         e   func ,g         * 
  _Excep_MTU3_TGIC3
                                  fffc508c         2   func ,g         * 
  _Excep_MTU3_TGID3
                                  fffc508e         2   func ,g         * 
  _Excep_MTU3_TCIV3
                                  fffc5090         2   func ,g         * 
  _Excep_MTU4_TGIA4
                                  fffc5092         2   func ,g         * 
  _Excep_MTU4_TGIB4
                                  fffc5094         e   func ,g         * 
  _Excep_MTU4_TGIC4
                                  fffc50a2         2   func ,g         * 
  _Excep_MTU4_TGID4
                                  fffc50a4         2   func ,g         * 
  _Excep_MTU4_TCIV4
                                  fffc50a6         2   func ,g         * 
  _Excep_MTU5_TGIU5
                                  fffc50a8         2   func ,g         * 
  _Excep_MTU5_TGIV5
                                  fffc50aa         2   func ,g         * 
  _Excep_MTU5_TGIW5
                                  fffc50ac         2   func ,g         * 
  _Excep_POE_OEI1
                                  fffc50ae         2   func ,g         * 
  _Excep_POE_OEI2
                                  fffc50b0         2   func ,g         * 
  _Excep_TMR0_CMIA0
                                  fffc50b2         2   func ,g         * 
  _Excep_TMR0_CMIB0
                                  fffc50b4         2   func ,g         * 
  _Excep_TMR0_OVI0
                                  fffc50b6         2   func ,g         * 
  _Excep_TMR1_CMIA1
                                  fffc50b8         2   func ,g         * 
  _Excep_TMR1_CMIB1
                                  fffc50ba         2   func ,g         * 
  _Excep_TMR1_OVI1
                                  fffc50bc         2   func ,g         * 
  _Excep_TMR2_CMIA2
                                  fffc50be         2   func ,g         * 
  _Excep_TMR2_CMIB2
                                  fffc50c0         2   func ,g         * 
  _Excep_TMR2_OVI2
                                  fffc50c2         2   func ,g         * 
  _Excep_TMR3_CMIA3
                                  fffc50c4         2   func ,g         * 
  _Excep_TMR3_CMIB3
                                  fffc50c6         2   func ,g         * 
  _Excep_TMR3_OVI3
                                  fffc50c8         2   func ,g         * 
  _Excep_DMAC_DMAC0I
                                  fffc50ca         2   func ,g         * 
  _Excep_DMAC_DMAC1I
                                  fffc50cc         2   func ,g         * 
  _Excep_DMAC_DMAC2I
                                  fffc50ce         2   func ,g         * 
  _Excep_DMAC_DMAC3I
                                  fffc50d0         2   func ,g         * 
  _Excep_SCI0_ERI0
                                  fffc50d2         1   func ,g         * 
  _Excep_SCI0_RXI0
                                  fffc50d3         1   func ,g         * 
  _Excep_SCI0_TXI0
                                  fffc50d4         1   func ,g         * 
  _Excep_SCI0_TEI0
                                  fffc50d5         1   func ,g         * 
  _Excep_SCI1_ERI1
                                  fffc50d6         2   func ,g         * 
  _Excep_SCI1_RXI1
                                  fffc50d8         2   func ,g         * 
  _Excep_SCI1_TXI1
                                  fffc50da         2   func ,g         * 
  _Excep_SCI1_TEI1
                                  fffc50dc         2   func ,g         * 
  _Excep_SCI5_ERI5
                                  fffc50de         2   func ,g         * 
  _Excep_SCI5_RXI5
                                  fffc50e0         2   func ,g         * 
  _Excep_SCI5_TXI5
                                  fffc50e2         2   func ,g         * 
  _Excep_SCI5_TEI5
                                  fffc50e4         2   func ,g         * 
  _Excep_SCI6_ERI6
                                  fffc50e6         2   func ,g         * 
  _Excep_SCI6_RXI6
                                  fffc50e8         2   func ,g         * 
  _Excep_SCI6_TXI6
                                  fffc50ea         2   func ,g         * 
  _Excep_SCI6_TEI6
                                  fffc50ec         2   func ,g         * 
  _Excep_SCI8_ERI8
                                  fffc50ee         1   func ,g         * 
  _Excep_SCI8_RXI8
                                  fffc50ef         1   func ,g         * 
  _Excep_SCI8_TXI8
                                  fffc50f0         1   func ,g         * 
  _Excep_SCI8_TEI8
                                  fffc50f1         1   func ,g         * 
  _Excep_SCI9_ERI9
                                  fffc50f2         2   func ,g         * 
  _Excep_SCI9_RXI9
                                  fffc50f4         2   func ,g         * 
  _Excep_SCI9_TXI9
                                  fffc50f6         2   func ,g         * 
  _Excep_SCI9_TEI9
                                  fffc50f8         2   func ,g         * 
  _Excep_SCI12_ERI12
                                  fffc50fa         2   func ,g         * 
  _Excep_SCI12_RXI12
                                  fffc50fc         2   func ,g         * 
  _Excep_SCI12_TXI12
                                  fffc50fe         2   func ,g         * 
  _Excep_SCI12_TEI12
                                  fffc5100         2   func ,g         * 
  _Excep_SCI12_SCIX0
                                  fffc5102         2   func ,g         * 
  _Excep_SCI12_SCIX1
                                  fffc5104         2   func ,g         * 
  _Excep_SCI12_SCIX2
                                  fffc5106         2   func ,g         * 
  _Excep_SCI12_SCIX3
                                  fffc5108         2   func ,g         * 
  _Excep_RIIC0_EEI0
                                  fffc510a         2   func ,g         * 
  _Excep_RIIC0_RXI0
                                  fffc510c         2   func ,g         * 
  _Excep_RIIC0_TXI0
                                  fffc510e         2   func ,g         * 
  _Excep_RIIC0_TEI0
                                  fffc5110         2   func ,g         * 

SECTION=W_1
FILE=DefaultBuild\RX220Mouse2.obj
                                  fffc5114  fffc511f         c

SECTION=L
FILE=DefaultBuild\RX220Mouse2.obj
                                  fffc5120  fffc5269       14a

SECTION=$ADDR_C_FFFFFF80
FILE=DefaultBuild\vecttbl.obj
                                  ffffff80  ffffff83         4
  __MDEreg
                                  ffffff80         4   data ,g         * 

SECTION=$ADDR_C_FFFFFFA0
FILE=DefaultBuild\vecttbl.obj
                                  ffffffa0  ffffffaf        10
  _id_code
                                  ffffffa0        10   data ,g         * 

SECTION=FIXEDVECT
FILE=DefaultBuild\vecttbl.obj
                                  ffffffd0  ffffffff        30
  _Fixed_Vectors
                                  ffffffd0        30   data ,g         * 

*** Unfilled Areas ***

AREA                                START    END

*** Delete Symbols ***

SYMBOL                                SIZE    INFO
