Renesas Optimizing Linker (W3.07.00 )             20-Dec-2025 13:17:49

*** Options ***

-subcommand=DefaultBuild\RX220Mouse2.clnk
-library=DefaultBuild\RX220Mouse2.lib
-input=DefaultBuild\dbsct.obj
-input=DefaultBuild\intprg.obj
-input=DefaultBuild\resetprg.obj
-input=DefaultBuild\RX220Mouse2.obj
-input=DefaultBuild\sbrk.obj
-input=DefaultBuild\vecttbl.obj
-noprelink
-output=DefaultBuild\RX220Mouse2.abs
-list=DefaultBuild\RX220Mouse2.map
-show=symbol,total_size
-nooptimize
-start=B_1,R_1,B_2,R_2,B,R,SU,SI/04,PResetPRG/0FFFC0000,C_1,C_2,C,C$DSEC,C$BSEC,C$INIT,C$VTBL,C$VECT,D_1,D_2,D,P,PIntPRG,W_1,W_2,W,L/0FFFC0100,FIXEDVECT/0FFFFFFD0
-rom=D=R,D_1=R_1,D_2=R_2
-nologo
-end

*** Error information ***

*** Mapping List ***

SECTION                            START      END         SIZE   ALIGN
B_1
                                  00000004  0000021a       217   1
R_1
                                  0000021b  0000021b         1   1
B_2
                                  0000021c  0000065b       440   2
R_2
                                  0000065c  00000665         a   2
B
                                  00000668  00000a6f       408   4
R
                                  00000a70  00000a7b         c   4
SU
                                  00000a7c  00000b7b       100   4
SI
                                  00000b7c  00000e7b       300   4
PResetPRG
                                  fffc0000  fffc002b        2c   4
C_1
                                  fffc0100  fffc0100         0   1
C_2
                                  fffc0100  fffc117b      107c   2
C
                                  fffc117c  fffc11d7        5c   4
C$DSEC
                                  fffc11d8  fffc11fb        24   4
C$BSEC
                                  fffc11fc  fffc1213        18   4
C$INIT
                                  fffc1214  fffc1214         0   1
C$VTBL
                                  fffc1214  fffc1214         0   1
C$VECT
                                  fffc1214  fffc1613       400   4
D_1
                                  fffc1614  fffc1614         1   1
D_2
                                  fffc1616  fffc161f         a   2
D
                                  fffc1620  fffc162b         c   4
P
                                  fffc162c  fffc44c8      2e9d   4
PIntPRG
                                  fffc44c9  fffc45db       113   1
W_1
                                  fffc45dc  fffc45dc         0   4
W_2
                                  fffc45dc  fffc45dc         0   1
W
                                  fffc45dc  fffc45dc         0   1
L
                                  fffc45dc  fffc46da        ff   4
$ADDR_C_FFFFFF80
                                  ffffff80  ffffff83         4   1
$ADDR_C_FFFFFFA0
                                  ffffffa0  ffffffaf        10   1
FIXEDVECT
                                  ffffffd0  ffffffff        30   4

*** Total Section Size ***

RAMDATA SECTION:  00000e76 Byte(s)
ROMDATA SECTION:  0000166e Byte(s)
PROGRAM SECTION:  00002fdc Byte(s)

*** Symbol List ***

SECTION=
FILE=                               START        END    SIZE
  SYMBOL                            ADDR        SIZE    INFO      COUNTS  OPT

SECTION=B_1
FILE=DefaultBuild\RX220Mouse2.obj
                                  00000004  0000021a       217
  _LCD_DATA
                                  00000004        10   data ,g         * 
  _gspeed_index
                                  00000014         1   data ,g         * 
  _head
                                  00000015         1   data ,g         * 
  _head_change
                                  00000016         1   data ,g         * 
  _pos_x
                                  00000017         1   data ,g         * 
  _pos_y
                                  00000018         1   data ,g         * 
  _map
                                  00000019       100   data ,g         * 
  _p_map
                                  00000119       100   data ,g         * 
  _goal_x
                                  00000219         1   data ,g         * 
  _goal_y
                                  0000021a         1   data ,g         * 

SECTION=R_1
FILE=DefaultBuild\RX220Mouse2.obj
                                  0000021b  0000021b         1
  _ccnt_playing
                                  0000021b         1   data ,l         * 

SECTION=B_2
FILE=DefaultBuild\RX220Mouse2.obj
                                  0000021c  0000065b       440
  _LCD_FLAG
                                  0000021c         2   data ,g         * 
  _LCD_PT
                                  0000021e         2   data ,g         * 
  _SENSOR_PT
                                  00000220         2   data ,g         * 
  _Batt
                                  00000222         2   data ,g         * 
  _R_PRE
                                  00000224         2   data ,g         * 
  _L_PRE
                                  00000226         2   data ,g         * 
  _F_PRE
                                  00000228         2   data ,g         * 
  _R_SEN
                                  0000022a         2   data ,g         * 
  _L_SEN
                                  0000022c         2   data ,g         * 
  _F_SEN
                                  0000022e         2   data ,g         * 
  _R_SW
                                  00000230         2   data ,g         * 
  _L_SW
                                  00000232         2   data ,g         * 
  _F_SW
                                  00000234         2   data ,g         * 
  _R_REF
                                  00000236         2   data ,g         * 
  _L_REF
                                  00000238         2   data ,g         * 
  _F_REF
                                  0000023a         2   data ,g         * 
  _R_LIM
                                  0000023c         2   data ,g         * 
  _L_LIM
                                  0000023e         2   data ,g         * 
  _F_LIM
                                  00000240         2   data ,g         * 
  _timerL
                                  00000242         2   data ,g         * 
  _timerR
                                  00000244         2   data ,g         * 
  _ldir
                                  00000246         2   data ,g         * 
  _rdir
                                  00000248         2   data ,g         * 
  _speed
                                  0000024a         2   data ,g         * 
  _speed_now
                                  0000024c         2   data ,g         * 
  _MotorTimer
                                  0000024e         2   data ,g         * 
  _control_mode
                                  00000250         2   data ,g         * 
  _STEP
                                  00000252         2   data ,g         * 
  _GO_STEP
                                  00000254         2   data ,g         * 
  _TURN_STEP
                                  00000256         2   data ,g         * 
  _GSPEEDvar
                                  00000258         2   data ,g         * 
  _wall_sample_left
                                  0000025a       200   data ,g         * 
  _wall_sample_right
                                  0000045a       200   data ,g         * 
  _wall_sample_count
                                  0000065a         2   data ,g         * 

SECTION=R_2
FILE=DefaultBuild\RX220Mouse2.obj
                                  0000065c  00000665         a
  _wait_timer
                                  0000065c         2   data ,g         * 
  _ccnt_ms_left
                                  0000065e         2   data ,l         * 
  _ccnt_step_index
                                  00000660         2   data ,l         * 
  _stepf_r
                                  00000662         2   data ,g         * 
  _stepf_l
                                  00000664         2   data ,g         * 

SECTION=B
FILE=DefaultBuild\RX220Mouse2.obj
                                  00000668  0000066f         8
  _step_r
                                  00000668         4   data ,g         * 
  _step_l
                                  0000066c         4   data ,g         * 
FILE=DefaultBuild\sbrk.obj
                                  00000670  00000a6f       400
  _heap_area
                                  00000670       400   data ,l         * 

SECTION=R
FILE=DefaultBuild\RX220Mouse2.obj
                                  00000a70  00000a77         8
  _MODE
                                  00000a70         4   data ,g         * 
  _goal_choice_index
                                  00000a74         4   data ,g         * 
FILE=DefaultBuild\sbrk.obj
                                  00000a78  00000a7b         4
  _brk
                                  00000a78         4   data ,l         * 

SECTION=SU
FILE=DefaultBuild\resetprg.obj
                                  00000a7c  00000b7b       100

SECTION=SI
FILE=DefaultBuild\resetprg.obj
                                  00000b7c  00000e7b       300

SECTION=PResetPRG
FILE=DefaultBuild\resetprg.obj
                                  fffc0000  fffc002b        2c
  _PowerON_Reset_PC
                                  fffc0000        29   entry,g         * 

SECTION=C_2
FILE=DefaultBuild\RX220Mouse2.obj
                                  fffc0100  fffc117b      107c
  _AccTable
                                  fffc0100       fa0   data ,g         * 
  _GSSPEED
                                  fffc10a0        10   data ,l         * 
  _beep_data
                                  fffc10b0        4c   data ,l         * 
  _ccnt_melody
                                  fffc10fc        80   data ,l         * 

SECTION=C
FILE=DefaultBuild\dbsct.obj
                                  fffc117c  fffc11af        34
  __CTBL
                                  fffc117c        34   data ,g         * 
FILE=DefaultBuild\RX220Mouse2.obj
                                  fffc11b0  fffc11d7        28
  _goal_choices
                                  fffc11b0        28   data ,l         * 

SECTION=C$DSEC
FILE=DefaultBuild\dbsct.obj
                                  fffc11d8  fffc11fb        24
  __DTBL
                                  fffc11d8        24   data ,g         * 

SECTION=C$BSEC
FILE=DefaultBuild\dbsct.obj
                                  fffc11fc  fffc1213        18
  __BTBL
                                  fffc11fc        18   data ,g         * 

SECTION=C$VECT
FILE=DefaultBuild\dbsct.obj
                                  fffc1214  fffc1613       400

SECTION=D_1
FILE=DefaultBuild\RX220Mouse2.obj
                                  fffc1614  fffc1614         1

SECTION=D_2
FILE=DefaultBuild\RX220Mouse2.obj
                                  fffc1616  fffc161f         a

SECTION=D
FILE=DefaultBuild\RX220Mouse2.obj
                                  fffc1620  fffc1627         8
FILE=DefaultBuild\sbrk.obj
                                  fffc1628  fffc162b         4

SECTION=P
FILE=DefaultBuild\RX220Mouse2.obj
                                  fffc162c  fffc4442      2e17
  _LCD_init
                                  fffc162c        6d   func ,g         * 
  _LCD
                                  fffc1699        82   func ,g         * 
  _LCD_clear
                                  fffc171b        23   func ,g         * 
  _LCD_print
                                  fffc173e        2d   func ,g         * 
  _LCD_dec_out
                                  fffc176b        eb   func ,g         * 
  _LCD_com4
                                  fffc1856        44   func ,g         * 
  _LCD_com8
                                  fffc189a        14   func ,g         * 
  _LCD_dat8
                                  fffc18ae        7d   func ,g         * 
  _LCD_wait
                                  fffc192b        18   func ,g         * 
  _buzzer_set_tone
                                  fffc1943        40   func ,l         * 
  _ccnt_playback_tick
                                  fffc1983        80   func ,l         * 
  _set_goal_choice_index
                                  fffc1a03        4a   func ,l         * 
  _advance_goal_choice
                                  fffc1a4d        12   func ,l         * 
  _main
                                  fffc1a5f       161   func ,g         * 
  _IO_init
                                  fffc1bc0       3fc   func ,g         * 
  _load_param
                                  fffc1fbc        73   func ,g         * 
  _reset_wall_samples
                                  fffc202f         a   func ,g         * 
  _log_wall_samples
                                  fffc2039        ab   func ,g         * 
  _update_wall_ref_from_log
                                  fffc20e4        7c   func ,g         * 
  _timerc_200us
                                  fffc2160       506   func ,g         * 
  _int_mot_r
                                  fffc2666        22   func ,g         * 
  _int_mot_l
                                  fffc2688        22   func ,g         * 
  _pause
                                  fffc26aa        1c   func ,g         * 
  _WaitKeyOff
                                  fffc26c6        43   func ,g         * 
  _beep
                                  fffc2709        4a   func ,g         * 
  _ccnt
                                  fffc2753        3a   func ,g         * 
  _change_mode
                                  fffc278d       103   func ,g         * 
  _exec_mode
                                  fffc2890        bd   func ,g         * 
  _modeB1
                                  fffc294d        9b   func ,g         * 
  _mode0
                                  fffc29e8        e6   func ,g         * 
  _mode1
                                  fffc2ace        de   func ,g         * 
  _mode2
                                  fffc2bac        7c   func ,g         * 
  _mode3
                                  fffc2c28        7d   func ,g         * 
  _mode4
                                  fffc2ca5        76   func ,g         * 
  _update_gspeed_index
                                  fffc2d1b        67   func ,l         * 
  _select_gspeed
                                  fffc2d82        87   func ,l         * 
  _mode5
                                  fffc2e09        9a   func ,g         * 
  _mode6
                                  fffc2ea3        79   func ,g         * 
  _mode7
                                  fffc2f1c        60   func ,g         * 
  _mode8
                                  fffc2f7c        96   func ,g         * 
  _mode9
                                  fffc3012       102   func ,g         * 
  _mouse_search
                                  fffc3114       3d4   func ,g         * 
  _com_go
                                  fffc34e8        a9   func ,g         * 
  _com_stop
                                  fffc3591        4f   func ,g         * 
  _com_turn
                                  fffc35e0        fd   func ,g         * 
  _countdown
                                  fffc36dd        6c   func ,g         * 
  _finish
                                  fffc3749        30   func ,g         * 
  _map_writeDF
                                  fffc3779        77   func ,g         * 
  _map_DFread
                                  fffc37f0        8a   func ,g         * 
  _sensor_ref_writeDF
                                  fffc387a        3a   func ,g         * 
  _sensor_ref_readDF
                                  fffc38b4        45   func ,g         * 
  _fcu_reset
                                  fffc38f9        1f   func ,g         * 
  _fcu_tope
                                  fffc3918        22   func ,g         * 
  _fcu_toread
                                  fffc393a        1e   func ,g         * 
  _error_check
                                  fffc3958        6e   func ,g         * 
  _clear_flash
                                  fffc39c6        32   func ,g         * 
  _wait_frdy
                                  fffc39f8        30   func ,g         * 
  _DFlash_init
                                  fffc3a28        84   func ,g         * 
  _DFlash_bread
                                  fffc3aac        44   func ,g         * 
  _DFlash_bprog
                                  fffc3af0        65   func ,g         * 
  _get_wall_data
                                  fffc3b55        56   func ,g         * 
  _clear_map
                                  fffc3bab        e6   func ,g         * 
  _make_map_data
                                  fffc3c91       199   func ,g         * 
  _make_potential
                                  fffc3e2a       390   func ,g         * 
  _search_adachi
                                  fffc41ba       289   func ,g         * 
FILE=DefaultBuild\sbrk.obj
                                  fffc4443  fffc447e        3c
  _sbrk
                                  fffc4443        3c   func ,g         * 
FILE=__initsct
                                  fffc447f  fffc44c8        4a
  __INITSCT
                                  fffc447f         0   none ,g         * 
  loop1
                                  fffc4491         0   none ,l         * 
  next_loop1
                                  fffc449f         0   none ,l         * 
  loop3
                                  fffc44b1         0   none ,l         * 
  next_loop3
                                  fffc44c2         0   none ,l         * 

SECTION=PIntPRG
FILE=DefaultBuild\intprg.obj
                                  fffc44c9  fffc45db       113
  _Excep_SuperVisorInst
                                  fffc44c9         2   func ,g         * 
  _Excep_UndefinedInst
                                  fffc44cb         2   func ,g         * 
  _NonMaskableInterrupt
                                  fffc44cd         2   func ,g         * 
  _Dummy
                                  fffc44cf         2   func ,g         * 
  _Excep_BRK
                                  fffc44d1         4   func ,g         * 
  _Excep_BSC_BUSERR
                                  fffc44d5         2   func ,g         * 
  _Excep_FCU_FIFERR
                                  fffc44d7         2   func ,g         * 
  _Excep_FCU_FRDYI
                                  fffc44d9         2   func ,g         * 
  _Excep_ICU_SWINT
                                  fffc44db         2   func ,g         * 
  _Excep_CMT0_CMI0
                                  fffc44dd         e   func ,g         * 
  _Excep_CMT1_CMI1
                                  fffc44eb         2   func ,g         * 
  _Excep_CMT2_CMI2
                                  fffc44ed         2   func ,g         * 
  _Excep_CMT3_CMI3
                                  fffc44ef         2   func ,g         * 
  _Excep_CAC_FERRF
                                  fffc44f1         2   func ,g         * 
  _Excep_CAC_MENDF
                                  fffc44f3         2   func ,g         * 
  _Excep_CAC_OVFF
                                  fffc44f5         2   func ,g         * 
  _Excep_RSPI0_SPEI0
                                  fffc44f7         2   func ,g         * 
  _Excep_RSPI0_SPRI0
                                  fffc44f9         2   func ,g         * 
  _Excep_RSPI0_SPTI0
                                  fffc44fb         2   func ,g         * 
  _Excep_RSPI0_SPII0
                                  fffc44fd         2   func ,g         * 
  _Excep_DOC_DOPCF
                                  fffc44ff         2   func ,g         * 
  _Excep_CMPB_CMPB0
                                  fffc4501         1   func ,g         * 
  _Excep_CMPB_CMPB1
                                  fffc4502         1   func ,g         * 
  _Excep_RTC_CUP
                                  fffc4503         2   func ,g         * 
  _Excep_ICU_IRQ0
                                  fffc4505         2   func ,g         * 
  _Excep_ICU_IRQ1
                                  fffc4507         2   func ,g         * 
  _Excep_ICU_IRQ2
                                  fffc4509         2   func ,g         * 
  _Excep_ICU_IRQ3
                                  fffc450b         2   func ,g         * 
  _Excep_ICU_IRQ4
                                  fffc450d         2   func ,g         * 
  _Excep_ICU_IRQ5
                                  fffc450f         2   func ,g         * 
  _Excep_ICU_IRQ6
                                  fffc4511         2   func ,g         * 
  _Excep_ICU_IRQ7
                                  fffc4513         2   func ,g         * 
  _Excep_LVD_LVD1
                                  fffc4515         2   func ,g         * 
  _Excep_LVD_LVD2
                                  fffc4517         2   func ,g         * 
  _Excep_CMPA_CMPA1
                                  fffc4519         1   func ,g         * 
  _Excep_CMPA_CMPA2
                                  fffc451a         1   func ,g         * 
  _Excep_RTC_ALM
                                  fffc451b         2   func ,g         * 
  _Excep_RTC_PRD
                                  fffc451d         2   func ,g         * 
  _Excep_S12AD_S12ADI0
                                  fffc451f         2   func ,g         * 
  _Excep_S12AD_GBADI
                                  fffc4521         2   func ,g         * 
  _Excep_ELC_ELSR18I
                                  fffc4523         2   func ,g         * 
  _Excep_ELC_ELSR19I
                                  fffc4525         1   func ,g         * 
  _Excep_MTU0_TGIA0
                                  fffc4526         2   func ,g         * 
  _Excep_MTU0_TGIB0
                                  fffc4528         2   func ,g         * 
  _Excep_MTU0_TGIC0
                                  fffc452a         2   func ,g         * 
  _Excep_MTU0_TGID0
                                  fffc452c         2   func ,g         * 
  _Excep_MTU0_TCIV0
                                  fffc452e         2   func ,g         * 
  _Excep_MTU0_TGIE0
                                  fffc4530         2   func ,g         * 
  _Excep_MTU0_TGIF0
                                  fffc4532         2   func ,g         * 
  _Excep_MTU1_TGIA1
                                  fffc4534         2   func ,g         * 
  _Excep_MTU1_TGIB1
                                  fffc4536         2   func ,g         * 
  _Excep_MTU1_TCIV1
                                  fffc4538         2   func ,g         * 
  _Excep_MTU1_TCIU1
                                  fffc453a         2   func ,g         * 
  _Excep_MTU2_TGIA2
                                  fffc453c         2   func ,g         * 
  _Excep_MTU2_TGIB2
                                  fffc453e         2   func ,g         * 
  _Excep_MTU2_TCIV2
                                  fffc4540         2   func ,g         * 
  _Excep_MTU2_TCIU2
                                  fffc4542         2   func ,g         * 
  _Excep_MTU3_TGIA3
                                  fffc4544         2   func ,g         * 
  _Excep_MTU3_TGIB3
                                  fffc4546         e   func ,g         * 
  _Excep_MTU3_TGIC3
                                  fffc4554         2   func ,g         * 
  _Excep_MTU3_TGID3
                                  fffc4556         2   func ,g         * 
  _Excep_MTU3_TCIV3
                                  fffc4558         2   func ,g         * 
  _Excep_MTU4_TGIA4
                                  fffc455a         2   func ,g         * 
  _Excep_MTU4_TGIB4
                                  fffc455c         e   func ,g         * 
  _Excep_MTU4_TGIC4
                                  fffc456a         2   func ,g         * 
  _Excep_MTU4_TGID4
                                  fffc456c         2   func ,g         * 
  _Excep_MTU4_TCIV4
                                  fffc456e         2   func ,g         * 
  _Excep_MTU5_TGIU5
                                  fffc4570         2   func ,g         * 
  _Excep_MTU5_TGIV5
                                  fffc4572         2   func ,g         * 
  _Excep_MTU5_TGIW5
                                  fffc4574         2   func ,g         * 
  _Excep_POE_OEI1
                                  fffc4576         2   func ,g         * 
  _Excep_POE_OEI2
                                  fffc4578         2   func ,g         * 
  _Excep_TMR0_CMIA0
                                  fffc457a         2   func ,g         * 
  _Excep_TMR0_CMIB0
                                  fffc457c         2   func ,g         * 
  _Excep_TMR0_OVI0
                                  fffc457e         2   func ,g         * 
  _Excep_TMR1_CMIA1
                                  fffc4580         2   func ,g         * 
  _Excep_TMR1_CMIB1
                                  fffc4582         2   func ,g         * 
  _Excep_TMR1_OVI1
                                  fffc4584         2   func ,g         * 
  _Excep_TMR2_CMIA2
                                  fffc4586         2   func ,g         * 
  _Excep_TMR2_CMIB2
                                  fffc4588         2   func ,g         * 
  _Excep_TMR2_OVI2
                                  fffc458a         2   func ,g         * 
  _Excep_TMR3_CMIA3
                                  fffc458c         2   func ,g         * 
  _Excep_TMR3_CMIB3
                                  fffc458e         2   func ,g         * 
  _Excep_TMR3_OVI3
                                  fffc4590         2   func ,g         * 
  _Excep_DMAC_DMAC0I
                                  fffc4592         2   func ,g         * 
  _Excep_DMAC_DMAC1I
                                  fffc4594         2   func ,g         * 
  _Excep_DMAC_DMAC2I
                                  fffc4596         2   func ,g         * 
  _Excep_DMAC_DMAC3I
                                  fffc4598         2   func ,g         * 
  _Excep_SCI0_ERI0
                                  fffc459a         1   func ,g         * 
  _Excep_SCI0_RXI0
                                  fffc459b         1   func ,g         * 
  _Excep_SCI0_TXI0
                                  fffc459c         1   func ,g         * 
  _Excep_SCI0_TEI0
                                  fffc459d         1   func ,g         * 
  _Excep_SCI1_ERI1
                                  fffc459e         2   func ,g         * 
  _Excep_SCI1_RXI1
                                  fffc45a0         2   func ,g         * 
  _Excep_SCI1_TXI1
                                  fffc45a2         2   func ,g         * 
  _Excep_SCI1_TEI1
                                  fffc45a4         2   func ,g         * 
  _Excep_SCI5_ERI5
                                  fffc45a6         2   func ,g         * 
  _Excep_SCI5_RXI5
                                  fffc45a8         2   func ,g         * 
  _Excep_SCI5_TXI5
                                  fffc45aa         2   func ,g         * 
  _Excep_SCI5_TEI5
                                  fffc45ac         2   func ,g         * 
  _Excep_SCI6_ERI6
                                  fffc45ae         2   func ,g         * 
  _Excep_SCI6_RXI6
                                  fffc45b0         2   func ,g         * 
  _Excep_SCI6_TXI6
                                  fffc45b2         2   func ,g         * 
  _Excep_SCI6_TEI6
                                  fffc45b4         2   func ,g         * 
  _Excep_SCI8_ERI8
                                  fffc45b6         1   func ,g         * 
  _Excep_SCI8_RXI8
                                  fffc45b7         1   func ,g         * 
  _Excep_SCI8_TXI8
                                  fffc45b8         1   func ,g         * 
  _Excep_SCI8_TEI8
                                  fffc45b9         1   func ,g         * 
  _Excep_SCI9_ERI9
                                  fffc45ba         2   func ,g         * 
  _Excep_SCI9_RXI9
                                  fffc45bc         2   func ,g         * 
  _Excep_SCI9_TXI9
                                  fffc45be         2   func ,g         * 
  _Excep_SCI9_TEI9
                                  fffc45c0         2   func ,g         * 
  _Excep_SCI12_ERI12
                                  fffc45c2         2   func ,g         * 
  _Excep_SCI12_RXI12
                                  fffc45c4         2   func ,g         * 
  _Excep_SCI12_TXI12
                                  fffc45c6         2   func ,g         * 
  _Excep_SCI12_TEI12
                                  fffc45c8         2   func ,g         * 
  _Excep_SCI12_SCIX0
                                  fffc45ca         2   func ,g         * 
  _Excep_SCI12_SCIX1
                                  fffc45cc         2   func ,g         * 
  _Excep_SCI12_SCIX2
                                  fffc45ce         2   func ,g         * 
  _Excep_SCI12_SCIX3
                                  fffc45d0         2   func ,g         * 
  _Excep_RIIC0_EEI0
                                  fffc45d2         2   func ,g         * 
  _Excep_RIIC0_RXI0
                                  fffc45d4         2   func ,g         * 
  _Excep_RIIC0_TXI0
                                  fffc45d6         2   func ,g         * 
  _Excep_RIIC0_TEI0
                                  fffc45d8         2   func ,g         * 

SECTION=L
FILE=DefaultBuild\RX220Mouse2.obj
                                  fffc45dc  fffc46da        ff

SECTION=$ADDR_C_FFFFFF80
FILE=DefaultBuild\vecttbl.obj
                                  ffffff80  ffffff83         4
  __MDEreg
                                  ffffff80         4   data ,g         * 

SECTION=$ADDR_C_FFFFFFA0
FILE=DefaultBuild\vecttbl.obj
                                  ffffffa0  ffffffaf        10
  _id_code
                                  ffffffa0        10   data ,g         * 

SECTION=FIXEDVECT
FILE=DefaultBuild\vecttbl.obj
                                  ffffffd0  ffffffff        30
  _Fixed_Vectors
                                  ffffffd0        30   data ,g         * 

*** Unfilled Areas ***

AREA                                START    END

*** Delete Symbols ***

SYMBOL                                SIZE    INFO
