Renesas Optimizing Linker (W3.07.00 )             20-Nov-2025 14:41:16

*** Options ***

-subcommand=DefaultBuild\RX220Mouse2.clnk
-library=DefaultBuild\RX220Mouse2.lib
-input=DefaultBuild\dbsct.obj
-input=DefaultBuild\intprg.obj
-input=DefaultBuild\resetprg.obj
-input=DefaultBuild\RX220Mouse2.obj
-input=DefaultBuild\sbrk.obj
-input=DefaultBuild\vecttbl.obj
-noprelink
-output=DefaultBuild\RX220Mouse2.abs
-list=DefaultBuild\RX220Mouse2.map
-show=symbol,total_size
-nooptimize
-start=B_1,R_1,B_2,R_2,B,R,SU,SI/04,PResetPRG/0FFFC0000,C_1,C_2,C,C$DSEC,C$BSEC,C$INIT,C$VTBL,C$VECT,D_1,D_2,D,P,PIntPRG,W_1,W_2,W,L/0FFFC0100,FIXEDVECT/0FFFFFFD0
-rom=D=R,D_1=R_1,D_2=R_2
-nologo
-end

*** Error information ***

*** Mapping List ***

SECTION                            START      END         SIZE   ALIGN
B_1
                                  00000004  00000218       215   1
R_1
                                  00000219  00000219         0   1
B_2
                                  0000021a  00000255        3c   2
R_2
                                  00000256  00000277        22   2
B
                                  00000278  0000067f       408   4
R
                                  00000680  00000687         8   4
SU
                                  00000688  00000787       100   4
SI
                                  00000788  00000a87       300   4
PResetPRG
                                  fffc0000  fffc002b        2c   4
C_1
                                  fffc0100  fffc0100         0   1
C_2
                                  fffc0100  fffc10a9       faa   2
C
                                  fffc10ac  fffc10df        34   4
C$DSEC
                                  fffc10e0  fffc1103        24   4
C$BSEC
                                  fffc1104  fffc111b        18   4
C$INIT
                                  fffc111c  fffc111c         0   1
C$VTBL
                                  fffc111c  fffc111c         0   1
C$VECT
                                  fffc111c  fffc151b       400   4
D_1
                                  fffc151c  fffc151c         0   1
D_2
                                  fffc151c  fffc153d        22   2
D
                                  fffc1540  fffc1547         8   4
P
                                  fffc1548  fffc38df      2398   4
PIntPRG
                                  fffc38e0  fffc39f3       114   1
W_1
                                  fffc39f4  fffc39f4         0   4
W_2
                                  fffc39f4  fffc39f4         0   1
W
                                  fffc39f4  fffc39f4         0   1
L
                                  fffc39f4  fffc3aa5        b2   4
$ADDR_C_FFFFFF80
                                  ffffff80  ffffff83         4   1
$ADDR_C_FFFFFFA0
                                  ffffffa0  ffffffaf        10   1
FIXEDVECT
                                  ffffffd0  ffffffff        30   4

*** Total Section Size ***

RAMDATA SECTION:  00000a83 Byte(s)
ROMDATA SECTION:  0000153a Byte(s)
PROGRAM SECTION:  000024d8 Byte(s)

*** Symbol List ***

SECTION=
FILE=                               START        END    SIZE
  SYMBOL                            ADDR        SIZE    INFO      COUNTS  OPT

SECTION=B_1
FILE=DefaultBuild\RX220Mouse2.obj
                                  00000004  00000218       215
  _LCD_DATA
                                  00000004        10   data ,g         * 
  _gspeed_index
                                  00000014         1   data ,g         * 
  _head
                                  00000015         1   data ,g         * 
  _head_change
                                  00000016         1   data ,g         * 
  _pos_x
                                  00000017         1   data ,g         * 
  _pos_y
                                  00000018         1   data ,g         * 
  _map
                                  00000019       100   data ,g         * 
  _p_map
                                  00000119       100   data ,g         * 

SECTION=B_2
FILE=DefaultBuild\RX220Mouse2.obj
                                  0000021a  00000255        3c
  _LCD_FLAG
                                  0000021a         2   data ,g         * 
  _LCD_PT
                                  0000021c         2   data ,g         * 
  _SENSOR_PT
                                  0000021e         2   data ,g         * 
  _Batt
                                  00000220         2   data ,g         * 
  _R_PRE
                                  00000222         2   data ,g         * 
  _L_PRE
                                  00000224         2   data ,g         * 
  _F_PRE
                                  00000226         2   data ,g         * 
  _R_SEN
                                  00000228         2   data ,g         * 
  _L_SEN
                                  0000022a         2   data ,g         * 
  _F_SEN
                                  0000022c         2   data ,g         * 
  _R_SW
                                  0000022e         2   data ,g         * 
  _L_SW
                                  00000230         2   data ,g         * 
  _F_SW
                                  00000232         2   data ,g         * 
  _R_REF
                                  00000234         2   data ,g         * 
  _L_REF
                                  00000236         2   data ,g         * 
  _R_LIM
                                  00000238         2   data ,g         * 
  _L_LIM
                                  0000023a         2   data ,g         * 
  _F_LIM
                                  0000023c         2   data ,g         * 
  _timerL
                                  0000023e         2   data ,g         * 
  _timerR
                                  00000240         2   data ,g         * 
  _ldir
                                  00000242         2   data ,g         * 
  _rdir
                                  00000244         2   data ,g         * 
  _speed
                                  00000246         2   data ,g         * 
  _speed_now
                                  00000248         2   data ,g         * 
  _MotorTimer
                                  0000024a         2   data ,g         * 
  _control_mode
                                  0000024c         2   data ,g         * 
  _STEP
                                  0000024e         2   data ,g         * 
  _GO_STEP
                                  00000250         2   data ,g         * 
  _TURN_STEP
                                  00000252         2   data ,g         * 
  _GSPEEDvar
                                  00000254         2   data ,g         * 

SECTION=R_2
FILE=DefaultBuild\RX220Mouse2.obj
                                  00000256  00000277        22
  _wait_timer
                                  00000256         2   data ,g         * 
  _beep_data
                                  00000258        1c   data ,g         * 
  _stepf_r
                                  00000274         2   data ,g         * 
  _stepf_l
                                  00000276         2   data ,g         * 

SECTION=B
FILE=DefaultBuild\RX220Mouse2.obj
                                  00000278  0000027f         8
  _step_r
                                  00000278         4   data ,g         * 
  _step_l
                                  0000027c         4   data ,g         * 
FILE=DefaultBuild\sbrk.obj
                                  00000280  0000067f       400
  _heap_area
                                  00000280       400   data ,l         * 

SECTION=R
FILE=DefaultBuild\RX220Mouse2.obj
                                  00000680  00000683         4
  _MODE
                                  00000680         4   data ,g         * 
FILE=DefaultBuild\sbrk.obj
                                  00000684  00000687         4
  _brk
                                  00000684         4   data ,l         * 

SECTION=SU
FILE=DefaultBuild\resetprg.obj
                                  00000688  00000787       100

SECTION=SI
FILE=DefaultBuild\resetprg.obj
                                  00000788  00000a87       300

SECTION=PResetPRG
FILE=DefaultBuild\resetprg.obj
                                  fffc0000  fffc002b        2c
  _PowerON_Reset_PC
                                  fffc0000        29   entry,g         * 

SECTION=C_2
FILE=DefaultBuild\RX220Mouse2.obj
                                  fffc0100  fffc10a9       faa
  _AccTable
                                  fffc0100       fa0   data ,g         * 
  _GSSPEED
                                  fffc10a0         a   data ,l         * 

SECTION=C
FILE=DefaultBuild\dbsct.obj
                                  fffc10ac  fffc10df        34
  __CTBL
                                  fffc10ac        34   data ,g         * 

SECTION=C$DSEC
FILE=DefaultBuild\dbsct.obj
                                  fffc10e0  fffc1103        24
  __DTBL
                                  fffc10e0        24   data ,g         * 

SECTION=C$BSEC
FILE=DefaultBuild\dbsct.obj
                                  fffc1104  fffc111b        18
  __BTBL
                                  fffc1104        18   data ,g         * 

SECTION=C$VECT
FILE=DefaultBuild\dbsct.obj
                                  fffc111c  fffc151b       400

SECTION=D_2
FILE=DefaultBuild\RX220Mouse2.obj
                                  fffc151c  fffc153d        22

SECTION=D
FILE=DefaultBuild\RX220Mouse2.obj
                                  fffc1540  fffc1543         4
FILE=DefaultBuild\sbrk.obj
                                  fffc1544  fffc1547         4

SECTION=P
FILE=DefaultBuild\RX220Mouse2.obj
                                  fffc1548  fffc3859      2312
  _LCD_init
                                  fffc1548        6d   func ,g         * 
  _LCD
                                  fffc15b5        82   func ,g         * 
  _LCD_clear
                                  fffc1637        23   func ,g         * 
  _LCD_print
                                  fffc165a        2d   func ,g         * 
  _LCD_dec_out
                                  fffc1687        eb   func ,g         * 
  _LCD_com4
                                  fffc1772        44   func ,g         * 
  _LCD_com8
                                  fffc17b6        14   func ,g         * 
  _LCD_dat8
                                  fffc17ca        7d   func ,g         * 
  _LCD_wait
                                  fffc1847        18   func ,g         * 
  _main
                                  fffc185f       154   func ,g         * 
  _IO_init
                                  fffc19b3       3f9   func ,g         * 
  _load_param
                                  fffc1dac        66   func ,g         * 
  _timerc_200us
                                  fffc1e12       503   func ,g         * 
  _int_mot_r
                                  fffc2315        22   func ,g         * 
  _int_mot_l
                                  fffc2337        22   func ,g         * 
  _pause
                                  fffc2359        1c   func ,g         * 
  _WaitKeyOff
                                  fffc2375        43   func ,g         * 
  _beep
                                  fffc23b8        2d   func ,g         * 
  _change_mode
                                  fffc23e5        cc   func ,g         * 
  _exec_mode
                                  fffc24b1        89   func ,g         * 
  _mode0
                                  fffc253a        e3   func ,g         * 
  _mode1
                                  fffc261d        de   func ,g         * 
  _mode2
                                  fffc26fb        7c   func ,g         * 
  _mode3
                                  fffc2777        7d   func ,g         * 
  _mode4
                                  fffc27f4        76   func ,g         * 
  _update_gspeed_index
                                  fffc286a        67   func ,l         * 
  _select_gspeed
                                  fffc28d1        87   func ,l         * 
  _mode5
                                  fffc2958        74   func ,g         * 
  _mode6
                                  fffc29cc        63   func ,g         * 
  _mode7
                                  fffc2a2f        54   func ,g         * 
  _mouse_search
                                  fffc2a83       2d5   func ,g         * 
  _com_go
                                  fffc2d58        ae   func ,g         * 
  _com_stop
                                  fffc2e06        4f   func ,g         * 
  _com_turn
                                  fffc2e55        fd   func ,g         * 
  _countdown
                                  fffc2f52        6b   func ,g         * 
  _finish
                                  fffc2fbd        2a   func ,g         * 
  _get_wall_data
                                  fffc2fe7        56   func ,g         * 
  _clear_map
                                  fffc303d        e6   func ,g         * 
  _make_map_data
                                  fffc3123       199   func ,g         * 
  _make_potential
                                  fffc32bc       390   func ,g         * 
  _search_adachi
                                  fffc364c       20e   func ,g         * 
FILE=DefaultBuild\sbrk.obj
                                  fffc385a  fffc3895        3c
  _sbrk
                                  fffc385a        3c   func ,g         * 
FILE=__initsct
                                  fffc3896  fffc38df        4a
  __INITSCT
                                  fffc3896         0   none ,g         * 
  loop1
                                  fffc38a8         0   none ,l         * 
  next_loop1
                                  fffc38b6         0   none ,l         * 
  loop3
                                  fffc38c8         0   none ,l         * 
  next_loop3
                                  fffc38d9         0   none ,l         * 

SECTION=PIntPRG
FILE=DefaultBuild\intprg.obj
                                  fffc38e0  fffc39f3       114
  _Excep_SuperVisorInst
                                  fffc38e0         2   func ,g         * 
  _Excep_UndefinedInst
                                  fffc38e2         2   func ,g         * 
  _NonMaskableInterrupt
                                  fffc38e4         2   func ,g         * 
  _Dummy
                                  fffc38e6         2   func ,g         * 
  _Excep_BRK
                                  fffc38e8         4   func ,g         * 
  _Excep_BSC_BUSERR
                                  fffc38ec         2   func ,g         * 
  _Excep_FCU_FIFERR
                                  fffc38ee         2   func ,g         * 
  _Excep_FCU_FRDYI
                                  fffc38f0         2   func ,g         * 
  _Excep_ICU_SWINT
                                  fffc38f2         2   func ,g         * 
  _Excep_CMT0_CMI0
                                  fffc38f4         e   func ,g         * 
  _Excep_CMT1_CMI1
                                  fffc3902         2   func ,g         * 
  _Excep_CMT2_CMI2
                                  fffc3904         2   func ,g         * 
  _Excep_CMT3_CMI3
                                  fffc3906         2   func ,g         * 
  _Excep_CAC_FERRF
                                  fffc3908         2   func ,g         * 
  _Excep_CAC_MENDF
                                  fffc390a         2   func ,g         * 
  _Excep_CAC_OVFF
                                  fffc390c         2   func ,g         * 
  _Excep_RSPI0_SPEI0
                                  fffc390e         2   func ,g         * 
  _Excep_RSPI0_SPRI0
                                  fffc3910         2   func ,g         * 
  _Excep_RSPI0_SPTI0
                                  fffc3912         2   func ,g         * 
  _Excep_RSPI0_SPII0
                                  fffc3914         2   func ,g         * 
  _Excep_DOC_DOPCF
                                  fffc3916         2   func ,g         * 
  _Excep_CMPB_CMPB0
                                  fffc3918         1   func ,g         * 
  _Excep_CMPB_CMPB1
                                  fffc3919         1   func ,g         * 
  _Excep_RTC_CUP
                                  fffc391a         2   func ,g         * 
  _Excep_ICU_IRQ0
                                  fffc391c         2   func ,g         * 
  _Excep_ICU_IRQ1
                                  fffc391e         2   func ,g         * 
  _Excep_ICU_IRQ2
                                  fffc3920         2   func ,g         * 
  _Excep_ICU_IRQ3
                                  fffc3922         2   func ,g         * 
  _Excep_ICU_IRQ4
                                  fffc3924         2   func ,g         * 
  _Excep_ICU_IRQ5
                                  fffc3926         2   func ,g         * 
  _Excep_ICU_IRQ6
                                  fffc3928         2   func ,g         * 
  _Excep_ICU_IRQ7
                                  fffc392a         2   func ,g         * 
  _Excep_LVD_LVD1
                                  fffc392c         2   func ,g         * 
  _Excep_LVD_LVD2
                                  fffc392e         2   func ,g         * 
  _Excep_CMPA_CMPA1
                                  fffc3930         1   func ,g         * 
  _Excep_CMPA_CMPA2
                                  fffc3931         1   func ,g         * 
  _Excep_RTC_ALM
                                  fffc3932         2   func ,g         * 
  _Excep_RTC_PRD
                                  fffc3934         2   func ,g         * 
  _Excep_S12AD_S12ADI0
                                  fffc3936         2   func ,g         * 
  _Excep_S12AD_GBADI
                                  fffc3938         2   func ,g         * 
  _Excep_ELC_ELSR18I
                                  fffc393a         2   func ,g         * 
  _Excep_ELC_ELSR19I
                                  fffc393c         1   func ,g         * 
  _Excep_MTU0_TGIA0
                                  fffc393d         2   func ,g         * 
  _Excep_MTU0_TGIB0
                                  fffc393f         2   func ,g         * 
  _Excep_MTU0_TGIC0
                                  fffc3941         2   func ,g         * 
  _Excep_MTU0_TGID0
                                  fffc3943         2   func ,g         * 
  _Excep_MTU0_TCIV0
                                  fffc3945         2   func ,g         * 
  _Excep_MTU0_TGIE0
                                  fffc3947         2   func ,g         * 
  _Excep_MTU0_TGIF0
                                  fffc3949         2   func ,g         * 
  _Excep_MTU1_TGIA1
                                  fffc394b         2   func ,g         * 
  _Excep_MTU1_TGIB1
                                  fffc394d         2   func ,g         * 
  _Excep_MTU1_TCIV1
                                  fffc394f         2   func ,g         * 
  _Excep_MTU1_TCIU1
                                  fffc3951         2   func ,g         * 
  _Excep_MTU2_TGIA2
                                  fffc3953         2   func ,g         * 
  _Excep_MTU2_TGIB2
                                  fffc3955         2   func ,g         * 
  _Excep_MTU2_TCIV2
                                  fffc3957         2   func ,g         * 
  _Excep_MTU2_TCIU2
                                  fffc3959         2   func ,g         * 
  _Excep_MTU3_TGIA3
                                  fffc395b         2   func ,g         * 
  _Excep_MTU3_TGIB3
                                  fffc395d         e   func ,g         * 
  _Excep_MTU3_TGIC3
                                  fffc396b         2   func ,g         * 
  _Excep_MTU3_TGID3
                                  fffc396d         2   func ,g         * 
  _Excep_MTU3_TCIV3
                                  fffc396f         2   func ,g         * 
  _Excep_MTU4_TGIA4
                                  fffc3971         2   func ,g         * 
  _Excep_MTU4_TGIB4
                                  fffc3973         e   func ,g         * 
  _Excep_MTU4_TGIC4
                                  fffc3981         2   func ,g         * 
  _Excep_MTU4_TGID4
                                  fffc3983         2   func ,g         * 
  _Excep_MTU4_TCIV4
                                  fffc3985         2   func ,g         * 
  _Excep_MTU5_TGIU5
                                  fffc3987         2   func ,g         * 
  _Excep_MTU5_TGIV5
                                  fffc3989         2   func ,g         * 
  _Excep_MTU5_TGIW5
                                  fffc398b         2   func ,g         * 
  _Excep_POE_OEI1
                                  fffc398d         2   func ,g         * 
  _Excep_POE_OEI2
                                  fffc398f         2   func ,g         * 
  _Excep_TMR0_CMIA0
                                  fffc3991         2   func ,g         * 
  _Excep_TMR0_CMIB0
                                  fffc3993         2   func ,g         * 
  _Excep_TMR0_OVI0
                                  fffc3995         2   func ,g         * 
  _Excep_TMR1_CMIA1
                                  fffc3997         2   func ,g         * 
  _Excep_TMR1_CMIB1
                                  fffc3999         2   func ,g         * 
  _Excep_TMR1_OVI1
                                  fffc399b         2   func ,g         * 
  _Excep_TMR2_CMIA2
                                  fffc399d         2   func ,g         * 
  _Excep_TMR2_CMIB2
                                  fffc399f         2   func ,g         * 
  _Excep_TMR2_OVI2
                                  fffc39a1         2   func ,g         * 
  _Excep_TMR3_CMIA3
                                  fffc39a3         2   func ,g         * 
  _Excep_TMR3_CMIB3
                                  fffc39a5         2   func ,g         * 
  _Excep_TMR3_OVI3
                                  fffc39a7         2   func ,g         * 
  _Excep_DMAC_DMAC0I
                                  fffc39a9         2   func ,g         * 
  _Excep_DMAC_DMAC1I
                                  fffc39ab         2   func ,g         * 
  _Excep_DMAC_DMAC2I
                                  fffc39ad         2   func ,g         * 
  _Excep_DMAC_DMAC3I
                                  fffc39af         2   func ,g         * 
  _Excep_SCI0_ERI0
                                  fffc39b1         1   func ,g         * 
  _Excep_SCI0_RXI0
                                  fffc39b2         1   func ,g         * 
  _Excep_SCI0_TXI0
                                  fffc39b3         1   func ,g         * 
  _Excep_SCI0_TEI0
                                  fffc39b4         1   func ,g         * 
  _Excep_SCI1_ERI1
                                  fffc39b5         2   func ,g         * 
  _Excep_SCI1_RXI1
                                  fffc39b7         2   func ,g         * 
  _Excep_SCI1_TXI1
                                  fffc39b9         2   func ,g         * 
  _Excep_SCI1_TEI1
                                  fffc39bb         2   func ,g         * 
  _Excep_SCI5_ERI5
                                  fffc39bd         2   func ,g         * 
  _Excep_SCI5_RXI5
                                  fffc39bf         2   func ,g         * 
  _Excep_SCI5_TXI5
                                  fffc39c1         2   func ,g         * 
  _Excep_SCI5_TEI5
                                  fffc39c3         2   func ,g         * 
  _Excep_SCI6_ERI6
                                  fffc39c5         2   func ,g         * 
  _Excep_SCI6_RXI6
                                  fffc39c7         2   func ,g         * 
  _Excep_SCI6_TXI6
                                  fffc39c9         2   func ,g         * 
  _Excep_SCI6_TEI6
                                  fffc39cb         2   func ,g         * 
  _Excep_SCI8_ERI8
                                  fffc39cd         1   func ,g         * 
  _Excep_SCI8_RXI8
                                  fffc39ce         1   func ,g         * 
  _Excep_SCI8_TXI8
                                  fffc39cf         1   func ,g         * 
  _Excep_SCI8_TEI8
                                  fffc39d0         1   func ,g         * 
  _Excep_SCI9_ERI9
                                  fffc39d1         2   func ,g         * 
  _Excep_SCI9_RXI9
                                  fffc39d3         2   func ,g         * 
  _Excep_SCI9_TXI9
                                  fffc39d5         2   func ,g         * 
  _Excep_SCI9_TEI9
                                  fffc39d7         2   func ,g         * 
  _Excep_SCI12_ERI12
                                  fffc39d9         2   func ,g         * 
  _Excep_SCI12_RXI12
                                  fffc39db         2   func ,g         * 
  _Excep_SCI12_TXI12
                                  fffc39dd         2   func ,g         * 
  _Excep_SCI12_TEI12
                                  fffc39df         2   func ,g         * 
  _Excep_SCI12_SCIX0
                                  fffc39e1         2   func ,g         * 
  _Excep_SCI12_SCIX1
                                  fffc39e3         2   func ,g         * 
  _Excep_SCI12_SCIX2
                                  fffc39e5         2   func ,g         * 
  _Excep_SCI12_SCIX3
                                  fffc39e7         2   func ,g         * 
  _Excep_RIIC0_EEI0
                                  fffc39e9         2   func ,g         * 
  _Excep_RIIC0_RXI0
                                  fffc39eb         2   func ,g         * 
  _Excep_RIIC0_TXI0
                                  fffc39ed         2   func ,g         * 
  _Excep_RIIC0_TEI0
                                  fffc39ef         2   func ,g         * 

SECTION=L
FILE=DefaultBuild\RX220Mouse2.obj
                                  fffc39f4  fffc3aa5        b2

SECTION=$ADDR_C_FFFFFF80
FILE=DefaultBuild\vecttbl.obj
                                  ffffff80  ffffff83         4
  __MDEreg
                                  ffffff80         4   data ,g         * 

SECTION=$ADDR_C_FFFFFFA0
FILE=DefaultBuild\vecttbl.obj
                                  ffffffa0  ffffffaf        10
  _id_code
                                  ffffffa0        10   data ,g         * 

SECTION=FIXEDVECT
FILE=DefaultBuild\vecttbl.obj
                                  ffffffd0  ffffffff        30
  _Fixed_Vectors
                                  ffffffd0        30   data ,g         * 

*** Unfilled Areas ***

AREA                                START    END

*** Delete Symbols ***

SYMBOL                                SIZE    INFO
