Renesas Optimizing Linker (W3.07.00 )             13-Dec-2025 17:02:48

*** Options ***

-subcommand=DefaultBuild\RX220Mouse2.clnk
-library=DefaultBuild\RX220Mouse2.lib
-input=DefaultBuild\dbsct.obj
-input=DefaultBuild\intprg.obj
-input=DefaultBuild\resetprg.obj
-input=DefaultBuild\RX220Mouse2.obj
-input=DefaultBuild\sbrk.obj
-input=DefaultBuild\vecttbl.obj
-noprelink
-output=DefaultBuild\RX220Mouse2.abs
-list=DefaultBuild\RX220Mouse2.map
-show=symbol,total_size
-nooptimize
-start=B_1,R_1,B_2,R_2,B,R,SU,SI/04,PResetPRG/0FFFC0000,C_1,C_2,C,C$DSEC,C$BSEC,C$INIT,C$VTBL,C$VECT,D_1,D_2,D,P,PIntPRG,W_1,W_2,W,L/0FFFC0100,FIXEDVECT/0FFFFFFD0
-rom=D=R,D_1=R_1,D_2=R_2
-nologo
-end

*** Error information ***

*** Mapping List ***

SECTION                            START      END         SIZE   ALIGN
B_1
                                  00000004  00000218       215   1
R_1
                                  00000219  00000219         1   1
B_2
                                  0000021a  00000659       440   2
R_2
                                  0000065a  00000663         a   2
B
                                  00000664  00000a6b       408   4
R
                                  00000a6c  00000a73         8   4
SU
                                  00000a74  00000b73       100   4
SI
                                  00000b74  00000e73       300   4
PResetPRG
                                  fffc0000  fffc002b        2c   4
C_1
                                  fffc0100  fffc0100         0   1
C_2
                                  fffc0100  fffc117b      107c   2
C
                                  fffc117c  fffc11af        34   4
C$DSEC
                                  fffc11b0  fffc11d3        24   4
C$BSEC
                                  fffc11d4  fffc11eb        18   4
C$INIT
                                  fffc11ec  fffc11ec         0   1
C$VTBL
                                  fffc11ec  fffc11ec         0   1
C$VECT
                                  fffc11ec  fffc15eb       400   4
D_1
                                  fffc15ec  fffc15ec         1   1
D_2
                                  fffc15ee  fffc15f7         a   2
D
                                  fffc15f8  fffc15ff         8   4
P
                                  fffc1600  fffc40ce      2acf   4
PIntPRG
                                  fffc40cf  fffc41df       111   1
W_1
                                  fffc41e0  fffc41e0         0   4
W_2
                                  fffc41e0  fffc41e0         0   1
W
                                  fffc41e0  fffc41e0         0   1
L
                                  fffc41e0  fffc42a3        c4   4
$ADDR_C_FFFFFF80
                                  ffffff80  ffffff83         4   1
$ADDR_C_FFFFFFA0
                                  ffffffa0  ffffffaf        10   1
FIXEDVECT
                                  ffffffd0  ffffffff        30   4

*** Total Section Size ***

RAMDATA SECTION:  00000e70 Byte(s)
ROMDATA SECTION:  00001607 Byte(s)
PROGRAM SECTION:  00002c0c Byte(s)

*** Symbol List ***

SECTION=
FILE=                               START        END    SIZE
  SYMBOL                            ADDR        SIZE    INFO      COUNTS  OPT

SECTION=B_1
FILE=DefaultBuild\RX220Mouse2.obj
                                  00000004  00000218       215
  _LCD_DATA
                                  00000004        10   data ,g         * 
  _gspeed_index
                                  00000014         1   data ,g         * 
  _head
                                  00000015         1   data ,g         * 
  _head_change
                                  00000016         1   data ,g         * 
  _pos_x
                                  00000017         1   data ,g         * 
  _pos_y
                                  00000018         1   data ,g         * 
  _map
                                  00000019       100   data ,g         * 
  _p_map
                                  00000119       100   data ,g         * 

SECTION=R_1
FILE=DefaultBuild\RX220Mouse2.obj
                                  00000219  00000219         1
  _ccnt_playing
                                  00000219         1   data ,l         * 

SECTION=B_2
FILE=DefaultBuild\RX220Mouse2.obj
                                  0000021a  00000659       440
  _LCD_FLAG
                                  0000021a         2   data ,g         * 
  _LCD_PT
                                  0000021c         2   data ,g         * 
  _SENSOR_PT
                                  0000021e         2   data ,g         * 
  _Batt
                                  00000220         2   data ,g         * 
  _R_PRE
                                  00000222         2   data ,g         * 
  _L_PRE
                                  00000224         2   data ,g         * 
  _F_PRE
                                  00000226         2   data ,g         * 
  _R_SEN
                                  00000228         2   data ,g         * 
  _L_SEN
                                  0000022a         2   data ,g         * 
  _F_SEN
                                  0000022c         2   data ,g         * 
  _R_SW
                                  0000022e         2   data ,g         * 
  _L_SW
                                  00000230         2   data ,g         * 
  _F_SW
                                  00000232         2   data ,g         * 
  _R_REF
                                  00000234         2   data ,g         * 
  _L_REF
                                  00000236         2   data ,g         * 
  _F_REF
                                  00000238         2   data ,g         * 
  _R_LIM
                                  0000023a         2   data ,g         * 
  _L_LIM
                                  0000023c         2   data ,g         * 
  _F_LIM
                                  0000023e         2   data ,g         * 
  _timerL
                                  00000240         2   data ,g         * 
  _timerR
                                  00000242         2   data ,g         * 
  _ldir
                                  00000244         2   data ,g         * 
  _rdir
                                  00000246         2   data ,g         * 
  _speed
                                  00000248         2   data ,g         * 
  _speed_now
                                  0000024a         2   data ,g         * 
  _MotorTimer
                                  0000024c         2   data ,g         * 
  _control_mode
                                  0000024e         2   data ,g         * 
  _STEP
                                  00000250         2   data ,g         * 
  _GO_STEP
                                  00000252         2   data ,g         * 
  _TURN_STEP
                                  00000254         2   data ,g         * 
  _GSPEEDvar
                                  00000256         2   data ,g         * 
  _wall_sample_left
                                  00000258       200   data ,g         * 
  _wall_sample_right
                                  00000458       200   data ,g         * 
  _wall_sample_count
                                  00000658         2   data ,g         * 

SECTION=R_2
FILE=DefaultBuild\RX220Mouse2.obj
                                  0000065a  00000663         a
  _wait_timer
                                  0000065a         2   data ,g         * 
  _ccnt_ms_left
                                  0000065c         2   data ,l         * 
  _ccnt_step_index
                                  0000065e         2   data ,l         * 
  _stepf_r
                                  00000660         2   data ,g         * 
  _stepf_l
                                  00000662         2   data ,g         * 

SECTION=B
FILE=DefaultBuild\RX220Mouse2.obj
                                  00000664  0000066b         8
  _step_r
                                  00000664         4   data ,g         * 
  _step_l
                                  00000668         4   data ,g         * 
FILE=DefaultBuild\sbrk.obj
                                  0000066c  00000a6b       400
  _heap_area
                                  0000066c       400   data ,l         * 

SECTION=R
FILE=DefaultBuild\RX220Mouse2.obj
                                  00000a6c  00000a6f         4
  _MODE
                                  00000a6c         4   data ,g         * 
FILE=DefaultBuild\sbrk.obj
                                  00000a70  00000a73         4
  _brk
                                  00000a70         4   data ,l         * 

SECTION=SU
FILE=DefaultBuild\resetprg.obj
                                  00000a74  00000b73       100

SECTION=SI
FILE=DefaultBuild\resetprg.obj
                                  00000b74  00000e73       300

SECTION=PResetPRG
FILE=DefaultBuild\resetprg.obj
                                  fffc0000  fffc002b        2c
  _PowerON_Reset_PC
                                  fffc0000        29   entry,g         * 

SECTION=C_2
FILE=DefaultBuild\RX220Mouse2.obj
                                  fffc0100  fffc117b      107c
  _AccTable
                                  fffc0100       fa0   data ,g         * 
  _GSSPEED
                                  fffc10a0        10   data ,l         * 
  _beep_data
                                  fffc10b0        4c   data ,l         * 
  _ccnt_melody
                                  fffc10fc        80   data ,l         * 

SECTION=C
FILE=DefaultBuild\dbsct.obj
                                  fffc117c  fffc11af        34
  __CTBL
                                  fffc117c        34   data ,g         * 

SECTION=C$DSEC
FILE=DefaultBuild\dbsct.obj
                                  fffc11b0  fffc11d3        24
  __DTBL
                                  fffc11b0        24   data ,g         * 

SECTION=C$BSEC
FILE=DefaultBuild\dbsct.obj
                                  fffc11d4  fffc11eb        18
  __BTBL
                                  fffc11d4        18   data ,g         * 

SECTION=C$VECT
FILE=DefaultBuild\dbsct.obj
                                  fffc11ec  fffc15eb       400

SECTION=D_1
FILE=DefaultBuild\RX220Mouse2.obj
                                  fffc15ec  fffc15ec         1

SECTION=D_2
FILE=DefaultBuild\RX220Mouse2.obj
                                  fffc15ee  fffc15f7         a

SECTION=D
FILE=DefaultBuild\RX220Mouse2.obj
                                  fffc15f8  fffc15fb         4
FILE=DefaultBuild\sbrk.obj
                                  fffc15fc  fffc15ff         4

SECTION=P
FILE=DefaultBuild\RX220Mouse2.obj
                                  fffc1600  fffc4048      2a49
  _LCD_init
                                  fffc1600        6d   func ,g         * 
  _LCD
                                  fffc166d        82   func ,g         * 
  _LCD_clear
                                  fffc16ef        23   func ,g         * 
  _LCD_print
                                  fffc1712        2d   func ,g         * 
  _LCD_dec_out
                                  fffc173f        eb   func ,g         * 
  _LCD_com4
                                  fffc182a        44   func ,g         * 
  _LCD_com8
                                  fffc186e        14   func ,g         * 
  _LCD_dat8
                                  fffc1882        7d   func ,g         * 
  _LCD_wait
                                  fffc18ff        18   func ,g         * 
  _buzzer_set_tone
                                  fffc1917        40   func ,l         * 
  _ccnt_playback_tick
                                  fffc1957        80   func ,l         * 
  _main
                                  fffc19d7       156   func ,g         * 
  _IO_init
                                  fffc1b2d       3fc   func ,g         * 
  _load_param
                                  fffc1f29        70   func ,g         * 
  _reset_wall_samples
                                  fffc1f99         a   func ,g         * 
  _log_wall_samples
                                  fffc1fa3        ab   func ,g         * 
  _update_wall_ref_from_log
                                  fffc204e        79   func ,g         * 
  _timerc_200us
                                  fffc20c7       506   func ,g         * 
  _int_mot_r
                                  fffc25cd        22   func ,g         * 
  _int_mot_l
                                  fffc25ef        22   func ,g         * 
  _pause
                                  fffc2611        1c   func ,g         * 
  _WaitKeyOff
                                  fffc262d        43   func ,g         * 
  _beep
                                  fffc2670        4a   func ,g         * 
  _ccnt
                                  fffc26ba        3a   func ,g         * 
  _change_mode
                                  fffc26f4        df   func ,g         * 
  _exec_mode
                                  fffc27d3        9b   func ,g         * 
  _modeB1
                                  fffc286e        3a   func ,g         * 
  _mode0
                                  fffc28a8        e3   func ,g         * 
  _mode1
                                  fffc298b        de   func ,g         * 
  _mode2
                                  fffc2a69        7c   func ,g         * 
  _mode3
                                  fffc2ae5        7d   func ,g         * 
  _mode4
                                  fffc2b62        76   func ,g         * 
  _update_gspeed_index
                                  fffc2bd8        67   func ,l         * 
  _select_gspeed
                                  fffc2c3f        87   func ,l         * 
  _mode5
                                  fffc2cc6        88   func ,g         * 
  _mode6
                                  fffc2d4e        6d   func ,g         * 
  _mode7
                                  fffc2dbb        54   func ,g         * 
  _mouse_search
                                  fffc2e0f       3d4   func ,g         * 
  _com_go
                                  fffc31e3        ae   func ,g         * 
  _com_stop
                                  fffc3291        4f   func ,g         * 
  _com_turn
                                  fffc32e0        fd   func ,g         * 
  _countdown
                                  fffc33dd        6c   func ,g         * 
  _finish
                                  fffc3449        30   func ,g         * 
  _map_writeDF
                                  fffc3479        77   func ,g         * 
  _map_DFread
                                  fffc34f0        8a   func ,g         * 
  _fcu_reset
                                  fffc357a        1f   func ,g         * 
  _fcu_tope
                                  fffc3599        22   func ,g         * 
  _fcu_toread
                                  fffc35bb        1e   func ,g         * 
  _error_check
                                  fffc35d9        6e   func ,g         * 
  _clear_flash
                                  fffc3647        32   func ,g         * 
  _wait_frdy
                                  fffc3679        30   func ,g         * 
  _DFlash_init
                                  fffc36a9        84   func ,g         * 
  _DFlash_bread
                                  fffc372d        44   func ,g         * 
  _DFlash_bprog
                                  fffc3771        65   func ,g         * 
  _get_wall_data
                                  fffc37d6        56   func ,g         * 
  _clear_map
                                  fffc382c        e6   func ,g         * 
  _make_map_data
                                  fffc3912       199   func ,g         * 
  _make_potential
                                  fffc3aab       390   func ,g         * 
  _search_adachi
                                  fffc3e3b       20e   func ,g         * 
FILE=DefaultBuild\sbrk.obj
                                  fffc4049  fffc4084        3c
  _sbrk
                                  fffc4049        3c   func ,g         * 
FILE=__initsct
                                  fffc4085  fffc40ce        4a
  __INITSCT
                                  fffc4085         0   none ,g         * 
  loop1
                                  fffc4097         0   none ,l         * 
  next_loop1
                                  fffc40a5         0   none ,l         * 
  loop3
                                  fffc40b7         0   none ,l         * 
  next_loop3
                                  fffc40c8         0   none ,l         * 

SECTION=PIntPRG
FILE=DefaultBuild\intprg.obj
                                  fffc40cf  fffc41df       111
  _Excep_SuperVisorInst
                                  fffc40cf         2   func ,g         * 
  _Excep_UndefinedInst
                                  fffc40d1         2   func ,g         * 
  _NonMaskableInterrupt
                                  fffc40d3         2   func ,g         * 
  _Dummy
                                  fffc40d5         2   func ,g         * 
  _Excep_BRK
                                  fffc40d7         4   func ,g         * 
  _Excep_BSC_BUSERR
                                  fffc40db         2   func ,g         * 
  _Excep_FCU_FIFERR
                                  fffc40dd         2   func ,g         * 
  _Excep_FCU_FRDYI
                                  fffc40df         2   func ,g         * 
  _Excep_ICU_SWINT
                                  fffc40e1         2   func ,g         * 
  _Excep_CMT0_CMI0
                                  fffc40e3         e   func ,g         * 
  _Excep_CMT1_CMI1
                                  fffc40f1         2   func ,g         * 
  _Excep_CMT2_CMI2
                                  fffc40f3         2   func ,g         * 
  _Excep_CMT3_CMI3
                                  fffc40f5         2   func ,g         * 
  _Excep_CAC_FERRF
                                  fffc40f7         2   func ,g         * 
  _Excep_CAC_MENDF
                                  fffc40f9         2   func ,g         * 
  _Excep_CAC_OVFF
                                  fffc40fb         2   func ,g         * 
  _Excep_RSPI0_SPEI0
                                  fffc40fd         2   func ,g         * 
  _Excep_RSPI0_SPRI0
                                  fffc40ff         2   func ,g         * 
  _Excep_RSPI0_SPTI0
                                  fffc4101         2   func ,g         * 
  _Excep_RSPI0_SPII0
                                  fffc4103         2   func ,g         * 
  _Excep_DOC_DOPCF
                                  fffc4105         2   func ,g         * 
  _Excep_CMPB_CMPB0
                                  fffc4107         1   func ,g         * 
  _Excep_CMPB_CMPB1
                                  fffc4108         1   func ,g         * 
  _Excep_RTC_CUP
                                  fffc4109         2   func ,g         * 
  _Excep_ICU_IRQ0
                                  fffc410b         2   func ,g         * 
  _Excep_ICU_IRQ1
                                  fffc410d         2   func ,g         * 
  _Excep_ICU_IRQ2
                                  fffc410f         2   func ,g         * 
  _Excep_ICU_IRQ3
                                  fffc4111         2   func ,g         * 
  _Excep_ICU_IRQ4
                                  fffc4113         2   func ,g         * 
  _Excep_ICU_IRQ5
                                  fffc4115         2   func ,g         * 
  _Excep_ICU_IRQ6
                                  fffc4117         2   func ,g         * 
  _Excep_ICU_IRQ7
                                  fffc4119         2   func ,g         * 
  _Excep_LVD_LVD1
                                  fffc411b         2   func ,g         * 
  _Excep_LVD_LVD2
                                  fffc411d         2   func ,g         * 
  _Excep_CMPA_CMPA1
                                  fffc411f         1   func ,g         * 
  _Excep_CMPA_CMPA2
                                  fffc4120         1   func ,g         * 
  _Excep_RTC_ALM
                                  fffc4121         2   func ,g         * 
  _Excep_RTC_PRD
                                  fffc4123         2   func ,g         * 
  _Excep_S12AD_S12ADI0
                                  fffc4125         2   func ,g         * 
  _Excep_S12AD_GBADI
                                  fffc4127         2   func ,g         * 
  _Excep_ELC_ELSR18I
                                  fffc4129         2   func ,g         * 
  _Excep_ELC_ELSR19I
                                  fffc412b         1   func ,g         * 
  _Excep_MTU0_TGIA0
                                  fffc412c         2   func ,g         * 
  _Excep_MTU0_TGIB0
                                  fffc412e         2   func ,g         * 
  _Excep_MTU0_TGIC0
                                  fffc4130         2   func ,g         * 
  _Excep_MTU0_TGID0
                                  fffc4132         2   func ,g         * 
  _Excep_MTU0_TCIV0
                                  fffc4134         2   func ,g         * 
  _Excep_MTU0_TGIE0
                                  fffc4136         2   func ,g         * 
  _Excep_MTU0_TGIF0
                                  fffc4138         2   func ,g         * 
  _Excep_MTU1_TGIA1
                                  fffc413a         2   func ,g         * 
  _Excep_MTU1_TGIB1
                                  fffc413c         2   func ,g         * 
  _Excep_MTU1_TCIV1
                                  fffc413e         2   func ,g         * 
  _Excep_MTU1_TCIU1
                                  fffc4140         2   func ,g         * 
  _Excep_MTU2_TGIA2
                                  fffc4142         2   func ,g         * 
  _Excep_MTU2_TGIB2
                                  fffc4144         2   func ,g         * 
  _Excep_MTU2_TCIV2
                                  fffc4146         2   func ,g         * 
  _Excep_MTU2_TCIU2
                                  fffc4148         2   func ,g         * 
  _Excep_MTU3_TGIA3
                                  fffc414a         2   func ,g         * 
  _Excep_MTU3_TGIB3
                                  fffc414c         e   func ,g         * 
  _Excep_MTU3_TGIC3
                                  fffc415a         2   func ,g         * 
  _Excep_MTU3_TGID3
                                  fffc415c         2   func ,g         * 
  _Excep_MTU3_TCIV3
                                  fffc415e         2   func ,g         * 
  _Excep_MTU4_TGIA4
                                  fffc4160         2   func ,g         * 
  _Excep_MTU4_TGIB4
                                  fffc4162         e   func ,g         * 
  _Excep_MTU4_TGIC4
                                  fffc4170         2   func ,g         * 
  _Excep_MTU4_TGID4
                                  fffc4172         2   func ,g         * 
  _Excep_MTU4_TCIV4
                                  fffc4174         2   func ,g         * 
  _Excep_MTU5_TGIU5
                                  fffc4176         2   func ,g         * 
  _Excep_MTU5_TGIV5
                                  fffc4178         2   func ,g         * 
  _Excep_MTU5_TGIW5
                                  fffc417a         2   func ,g         * 
  _Excep_POE_OEI1
                                  fffc417c         2   func ,g         * 
  _Excep_POE_OEI2
                                  fffc417e         2   func ,g         * 
  _Excep_TMR0_CMIA0
                                  fffc4180         2   func ,g         * 
  _Excep_TMR0_CMIB0
                                  fffc4182         2   func ,g         * 
  _Excep_TMR0_OVI0
                                  fffc4184         2   func ,g         * 
  _Excep_TMR1_CMIA1
                                  fffc4186         2   func ,g         * 
  _Excep_TMR1_CMIB1
                                  fffc4188         2   func ,g         * 
  _Excep_TMR1_OVI1
                                  fffc418a         2   func ,g         * 
  _Excep_TMR2_CMIA2
                                  fffc418c         2   func ,g         * 
  _Excep_TMR2_CMIB2
                                  fffc418e         2   func ,g         * 
  _Excep_TMR2_OVI2
                                  fffc4190         2   func ,g         * 
  _Excep_TMR3_CMIA3
                                  fffc4192         2   func ,g         * 
  _Excep_TMR3_CMIB3
                                  fffc4194         2   func ,g         * 
  _Excep_TMR3_OVI3
                                  fffc4196         2   func ,g         * 
  _Excep_DMAC_DMAC0I
                                  fffc4198         2   func ,g         * 
  _Excep_DMAC_DMAC1I
                                  fffc419a         2   func ,g         * 
  _Excep_DMAC_DMAC2I
                                  fffc419c         2   func ,g         * 
  _Excep_DMAC_DMAC3I
                                  fffc419e         2   func ,g         * 
  _Excep_SCI0_ERI0
                                  fffc41a0         1   func ,g         * 
  _Excep_SCI0_RXI0
                                  fffc41a1         1   func ,g         * 
  _Excep_SCI0_TXI0
                                  fffc41a2         1   func ,g         * 
  _Excep_SCI0_TEI0
                                  fffc41a3         1   func ,g         * 
  _Excep_SCI1_ERI1
                                  fffc41a4         2   func ,g         * 
  _Excep_SCI1_RXI1
                                  fffc41a6         2   func ,g         * 
  _Excep_SCI1_TXI1
                                  fffc41a8         2   func ,g         * 
  _Excep_SCI1_TEI1
                                  fffc41aa         2   func ,g         * 
  _Excep_SCI5_ERI5
                                  fffc41ac         2   func ,g         * 
  _Excep_SCI5_RXI5
                                  fffc41ae         2   func ,g         * 
  _Excep_SCI5_TXI5
                                  fffc41b0         2   func ,g         * 
  _Excep_SCI5_TEI5
                                  fffc41b2         2   func ,g         * 
  _Excep_SCI6_ERI6
                                  fffc41b4         2   func ,g         * 
  _Excep_SCI6_RXI6
                                  fffc41b6         2   func ,g         * 
  _Excep_SCI6_TXI6
                                  fffc41b8         2   func ,g         * 
  _Excep_SCI6_TEI6
                                  fffc41ba         2   func ,g         * 
  _Excep_SCI8_ERI8
                                  fffc41bc         1   func ,g         * 
  _Excep_SCI8_RXI8
                                  fffc41bd         1   func ,g         * 
  _Excep_SCI8_TXI8
                                  fffc41be         1   func ,g         * 
  _Excep_SCI8_TEI8
                                  fffc41bf         1   func ,g         * 
  _Excep_SCI9_ERI9
                                  fffc41c0         2   func ,g         * 
  _Excep_SCI9_RXI9
                                  fffc41c2         2   func ,g         * 
  _Excep_SCI9_TXI9
                                  fffc41c4         2   func ,g         * 
  _Excep_SCI9_TEI9
                                  fffc41c6         2   func ,g         * 
  _Excep_SCI12_ERI12
                                  fffc41c8         2   func ,g         * 
  _Excep_SCI12_RXI12
                                  fffc41ca         2   func ,g         * 
  _Excep_SCI12_TXI12
                                  fffc41cc         2   func ,g         * 
  _Excep_SCI12_TEI12
                                  fffc41ce         2   func ,g         * 
  _Excep_SCI12_SCIX0
                                  fffc41d0         2   func ,g         * 
  _Excep_SCI12_SCIX1
                                  fffc41d2         2   func ,g         * 
  _Excep_SCI12_SCIX2
                                  fffc41d4         2   func ,g         * 
  _Excep_SCI12_SCIX3
                                  fffc41d6         2   func ,g         * 
  _Excep_RIIC0_EEI0
                                  fffc41d8         2   func ,g         * 
  _Excep_RIIC0_RXI0
                                  fffc41da         2   func ,g         * 
  _Excep_RIIC0_TXI0
                                  fffc41dc         2   func ,g         * 
  _Excep_RIIC0_TEI0
                                  fffc41de         2   func ,g         * 

SECTION=L
FILE=DefaultBuild\RX220Mouse2.obj
                                  fffc41e0  fffc42a3        c4

SECTION=$ADDR_C_FFFFFF80
FILE=DefaultBuild\vecttbl.obj
                                  ffffff80  ffffff83         4
  __MDEreg
                                  ffffff80         4   data ,g         * 

SECTION=$ADDR_C_FFFFFFA0
FILE=DefaultBuild\vecttbl.obj
                                  ffffffa0  ffffffaf        10
  _id_code
                                  ffffffa0        10   data ,g         * 

SECTION=FIXEDVECT
FILE=DefaultBuild\vecttbl.obj
                                  ffffffd0  ffffffff        30
  _Fixed_Vectors
                                  ffffffd0        30   data ,g         * 

*** Unfilled Areas ***

AREA                                START    END

*** Delete Symbols ***

SYMBOL                                SIZE    INFO
