Renesas Optimizing Linker (W3.07.00 )             20-Dec-2025 15:03:42

*** Options ***

-subcommand=DefaultBuild\RX220Mouse2.clnk
-library=DefaultBuild\RX220Mouse2.lib
-input=DefaultBuild\dbsct.obj
-input=DefaultBuild\intprg.obj
-input=DefaultBuild\resetprg.obj
-input=DefaultBuild\RX220Mouse2.obj
-input=DefaultBuild\sbrk.obj
-input=DefaultBuild\vecttbl.obj
-noprelink
-output=DefaultBuild\RX220Mouse2.abs
-list=DefaultBuild\RX220Mouse2.map
-show=symbol,total_size
-nooptimize
-start=B_1,R_1,B_2,R_2,B,R,SU,SI/04,PResetPRG/0FFFC0000,C_1,C_2,C,C$DSEC,C$BSEC,C$INIT,C$VTBL,C$VECT,D_1,D_2,D,P,PIntPRG,W_1,W_2,W,L/0FFFC0100,FIXEDVECT/0FFFFFFD0
-rom=D=R,D_1=R_1,D_2=R_2
-nologo
-end

*** Error information ***

*** Mapping List ***

SECTION                            START      END         SIZE   ALIGN
B_1
                                  00000004  0000021a       217   1
R_1
                                  0000021b  0000021b         1   1
B_2
                                  0000021c  0000065f       444   2
R_2
                                  00000660  00000669         a   2
B
                                  0000066c  00000a73       408   4
R
                                  00000a74  00000a7f         c   4
SU
                                  00000a80  00000b7f       100   4
SI
                                  00000b80  00000e7f       300   4
PResetPRG
                                  fffc0000  fffc002b        2c   4
C_1
                                  fffc0100  fffc0100         0   1
C_2
                                  fffc0100  fffc117b      107c   2
C
                                  fffc117c  fffc11d7        5c   4
C$DSEC
                                  fffc11d8  fffc11fb        24   4
C$BSEC
                                  fffc11fc  fffc1213        18   4
C$INIT
                                  fffc1214  fffc1214         0   1
C$VTBL
                                  fffc1214  fffc1214         0   1
C$VECT
                                  fffc1214  fffc1613       400   4
D_1
                                  fffc1614  fffc1614         1   1
D_2
                                  fffc1616  fffc161f         a   2
D
                                  fffc1620  fffc162b         c   4
P
                                  fffc162c  fffc484b      3220   4
PIntPRG
                                  fffc484c  fffc495f       114   1
W_1
                                  fffc4960  fffc496b         c   4
W_2
                                  fffc496c  fffc496c         0   2
W
                                  fffc496c  fffc496c         0   4
L
                                  fffc496c  fffc4a72       107   4
$ADDR_C_FFFFFF80
                                  ffffff80  ffffff83         4   1
$ADDR_C_FFFFFFA0
                                  ffffffa0  ffffffaf        10   1
FIXEDVECT
                                  ffffffd0  ffffffff        30   4

*** Total Section Size ***

RAMDATA SECTION:  00000e7a Byte(s)
ROMDATA SECTION:  00001682 Byte(s)
PROGRAM SECTION:  00003360 Byte(s)

*** Symbol List ***

SECTION=
FILE=                               START        END    SIZE
  SYMBOL                            ADDR        SIZE    INFO      COUNTS  OPT

SECTION=B_1
FILE=DefaultBuild\RX220Mouse2.obj
                                  00000004  0000021a       217
  _LCD_DATA
                                  00000004        10   data ,g         * 
  _gspeed_index
                                  00000014         1   data ,g         * 
  _head
                                  00000015         1   data ,g         * 
  _head_change
                                  00000016         1   data ,g         * 
  _pos_x
                                  00000017         1   data ,g         * 
  _pos_y
                                  00000018         1   data ,g         * 
  _map
                                  00000019       100   data ,g         * 
  _p_map
                                  00000119       100   data ,g         * 
  _goal_x
                                  00000219         1   data ,g         * 
  _goal_y
                                  0000021a         1   data ,g         * 

SECTION=R_1
FILE=DefaultBuild\RX220Mouse2.obj
                                  0000021b  0000021b         1
  _ccnt_playing
                                  0000021b         1   data ,l         * 

SECTION=B_2
FILE=DefaultBuild\RX220Mouse2.obj
                                  0000021c  0000065f       444
  _LCD_FLAG
                                  0000021c         2   data ,g         * 
  _LCD_PT
                                  0000021e         2   data ,g         * 
  _SENSOR_PT
                                  00000220         2   data ,g         * 
  _Batt
                                  00000222         2   data ,g         * 
  _R_PRE
                                  00000224         2   data ,g         * 
  _L_PRE
                                  00000226         2   data ,g         * 
  _F_PRE
                                  00000228         2   data ,g         * 
  _R_SEN
                                  0000022a         2   data ,g         * 
  _L_SEN
                                  0000022c         2   data ,g         * 
  _F_SEN
                                  0000022e         2   data ,g         * 
  _R_SW
                                  00000230         2   data ,g         * 
  _L_SW
                                  00000232         2   data ,g         * 
  _F_SW
                                  00000234         2   data ,g         * 
  _R_REF
                                  00000236         2   data ,g         * 
  _L_REF
                                  00000238         2   data ,g         * 
  _F_REF
                                  0000023a         2   data ,g         * 
  _R_LIM
                                  0000023c         2   data ,g         * 
  _L_LIM
                                  0000023e         2   data ,g         * 
  _F_LIM
                                  00000240         2   data ,g         * 
  _timerL
                                  00000242         2   data ,g         * 
  _timerR
                                  00000244         2   data ,g         * 
  _ldir
                                  00000246         2   data ,g         * 
  _rdir
                                  00000248         2   data ,g         * 
  _speed
                                  0000024a         2   data ,g         * 
  _speed_now
                                  0000024c         2   data ,g         * 
  _MotorTimer
                                  0000024e         2   data ,g         * 
  _control_mode
                                  00000250         2   data ,g         * 
  _STEP
                                  00000252         2   data ,g         * 
  _GO_STEP
                                  00000254         2   data ,g         * 
  _TURN_STEP
                                  00000256         2   data ,g         * 
  _BACK_STEP
                                  00000258         2   data ,g         * 
  _HALF_STEP
                                  0000025a         2   data ,g         * 
  _GSPEEDvar
                                  0000025c         2   data ,g         * 
  _wall_sample_left
                                  0000025e       200   data ,g         * 
  _wall_sample_right
                                  0000045e       200   data ,g         * 
  _wall_sample_count
                                  0000065e         2   data ,g         * 

SECTION=R_2
FILE=DefaultBuild\RX220Mouse2.obj
                                  00000660  00000669         a
  _wait_timer
                                  00000660         2   data ,g         * 
  _ccnt_ms_left
                                  00000662         2   data ,l         * 
  _ccnt_step_index
                                  00000664         2   data ,l         * 
  _stepf_r
                                  00000666         2   data ,g         * 
  _stepf_l
                                  00000668         2   data ,g         * 

SECTION=B
FILE=DefaultBuild\RX220Mouse2.obj
                                  0000066c  00000673         8
  _step_r
                                  0000066c         4   data ,g         * 
  _step_l
                                  00000670         4   data ,g         * 
FILE=DefaultBuild\sbrk.obj
                                  00000674  00000a73       400
  _heap_area
                                  00000674       400   data ,l         * 

SECTION=R
FILE=DefaultBuild\RX220Mouse2.obj
                                  00000a74  00000a7b         8
  _MODE
                                  00000a74         4   data ,g         * 
  _goal_choice_index
                                  00000a78         4   data ,g         * 
FILE=DefaultBuild\sbrk.obj
                                  00000a7c  00000a7f         4
  _brk
                                  00000a7c         4   data ,l         * 

SECTION=SU
FILE=DefaultBuild\resetprg.obj
                                  00000a80  00000b7f       100

SECTION=SI
FILE=DefaultBuild\resetprg.obj
                                  00000b80  00000e7f       300

SECTION=PResetPRG
FILE=DefaultBuild\resetprg.obj
                                  fffc0000  fffc002b        2c
  _PowerON_Reset_PC
                                  fffc0000        29   entry,g         * 

SECTION=C_2
FILE=DefaultBuild\RX220Mouse2.obj
                                  fffc0100  fffc117b      107c
  _AccTable
                                  fffc0100       fa0   data ,g         * 
  _GSSPEED
                                  fffc10a0        10   data ,l         * 
  _beep_data
                                  fffc10b0        4c   data ,l         * 
  _ccnt_melody
                                  fffc10fc        80   data ,l         * 

SECTION=C
FILE=DefaultBuild\dbsct.obj
                                  fffc117c  fffc11af        34
  __CTBL
                                  fffc117c        34   data ,g         * 
FILE=DefaultBuild\RX220Mouse2.obj
                                  fffc11b0  fffc11d7        28
  _goal_choices
                                  fffc11b0        28   data ,l         * 

SECTION=C$DSEC
FILE=DefaultBuild\dbsct.obj
                                  fffc11d8  fffc11fb        24
  __DTBL
                                  fffc11d8        24   data ,g         * 

SECTION=C$BSEC
FILE=DefaultBuild\dbsct.obj
                                  fffc11fc  fffc1213        18
  __BTBL
                                  fffc11fc        18   data ,g         * 

SECTION=C$VECT
FILE=DefaultBuild\dbsct.obj
                                  fffc1214  fffc1613       400

SECTION=D_1
FILE=DefaultBuild\RX220Mouse2.obj
                                  fffc1614  fffc1614         1

SECTION=D_2
FILE=DefaultBuild\RX220Mouse2.obj
                                  fffc1616  fffc161f         a

SECTION=D
FILE=DefaultBuild\RX220Mouse2.obj
                                  fffc1620  fffc1627         8
FILE=DefaultBuild\sbrk.obj
                                  fffc1628  fffc162b         4

SECTION=P
FILE=DefaultBuild\RX220Mouse2.obj
                                  fffc162c  fffc47c5      319a
  _LCD_init
                                  fffc162c        6d   func ,g         * 
  _LCD
                                  fffc1699        82   func ,g         * 
  _LCD_clear
                                  fffc171b        23   func ,g         * 
  _LCD_print
                                  fffc173e        2d   func ,g         * 
  _LCD_dec_out
                                  fffc176b        eb   func ,g         * 
  _LCD_com4
                                  fffc1856        44   func ,g         * 
  _LCD_com8
                                  fffc189a        14   func ,g         * 
  _LCD_dat8
                                  fffc18ae        7d   func ,g         * 
  _LCD_wait
                                  fffc192b        18   func ,g         * 
  _buzzer_set_tone
                                  fffc1943        40   func ,l         * 
  _ccnt_playback_tick
                                  fffc1983        80   func ,l         * 
  _set_goal_choice_index
                                  fffc1a03        4a   func ,l         * 
  _advance_goal_choice
                                  fffc1a4d        12   func ,l         * 
  _main
                                  fffc1a5f       161   func ,g         * 
  _IO_init
                                  fffc1bc0       3fc   func ,g         * 
  _load_param
                                  fffc1fbc        87   func ,g         * 
  _reset_wall_samples
                                  fffc2043         a   func ,g         * 
  _log_wall_samples
                                  fffc204d        ab   func ,g         * 
  _update_wall_ref_from_log
                                  fffc20f8        7c   func ,g         * 
  _timerc_200us
                                  fffc2174       506   func ,g         * 
  _int_mot_r
                                  fffc267a        22   func ,g         * 
  _int_mot_l
                                  fffc269c        22   func ,g         * 
  _pause
                                  fffc26be        1c   func ,g         * 
  _WaitKeyOff
                                  fffc26da        43   func ,g         * 
  _beep
                                  fffc271d        4a   func ,g         * 
  _ccnt
                                  fffc2767        3a   func ,g         * 
  _change_mode
                                  fffc27a1       103   func ,g         * 
  _exec_mode
                                  fffc28a4        bd   func ,g         * 
  _modeB1
                                  fffc2961        9b   func ,g         * 
  _mode0
                                  fffc29fc        e6   func ,g         * 
  _mode1
                                  fffc2ae2        de   func ,g         * 
  _mode2
                                  fffc2bc0        7c   func ,g         * 
  _mode3
                                  fffc2c3c        7d   func ,g         * 
  _mode4
                                  fffc2cb9        76   func ,g         * 
  _update_gspeed_index
                                  fffc2d2f        67   func ,l         * 
  _select_gspeed
                                  fffc2d96        87   func ,l         * 
  _mode5
                                  fffc2e1d        9a   func ,g         * 
  _mode6
                                  fffc2eb7        79   func ,g         * 
  _mode7
                                  fffc2f30        60   func ,g         * 
  _mode8
                                  fffc2f90        96   func ,g         * 
  _mode9
                                  fffc3026       102   func ,g         * 
  _mouse_search
                                  fffc3128       3cd   func ,g         * 
  _com_go
                                  fffc34f5        a9   func ,g         * 
  _com_stop
                                  fffc359e        4f   func ,g         * 
  _com_turn
                                  fffc35ed        fd   func ,g         * 
  _com_back
                                  fffc36ea        bd   func ,g         * 
  _com_go_half
                                  fffc37a7        97   func ,g         * 
  _kbat_r
                                  fffc383e        11   func ,g         * 
  _kbat_lf_turn
                                  fffc384f        99   func ,g         * 
  _goal_kbat_turn
                                  fffc38e8       11d   func ,g         * 
  _countdown
                                  fffc3a05        6c   func ,g         * 
  _finish
                                  fffc3a71        30   func ,g         * 
  _map_writeDF
                                  fffc3aa1        77   func ,g         * 
  _map_DFread
                                  fffc3b18        8a   func ,g         * 
  _sensor_ref_writeDF
                                  fffc3ba2        3a   func ,g         * 
  _sensor_ref_readDF
                                  fffc3bdc        45   func ,g         * 
  _fcu_reset
                                  fffc3c21        1f   func ,g         * 
  _fcu_tope
                                  fffc3c40        22   func ,g         * 
  _fcu_toread
                                  fffc3c62        1e   func ,g         * 
  _error_check
                                  fffc3c80        6e   func ,g         * 
  _clear_flash
                                  fffc3cee        32   func ,g         * 
  _wait_frdy
                                  fffc3d20        30   func ,g         * 
  _DFlash_init
                                  fffc3d50        84   func ,g         * 
  _DFlash_bread
                                  fffc3dd4        44   func ,g         * 
  _DFlash_bprog
                                  fffc3e18        65   func ,g         * 
  _get_wall_data
                                  fffc3e7d        56   func ,g         * 
  _clear_map
                                  fffc3ed3        e6   func ,g         * 
  _make_map_data
                                  fffc3fb9       199   func ,g         * 
  _make_potential
                                  fffc4152       390   func ,g         * 
  _search_left_hand
                                  fffc44e2        5b   func ,g         * 
  _search_adachi
                                  fffc453d       289   func ,g         * 
FILE=DefaultBuild\sbrk.obj
                                  fffc47c6  fffc4801        3c
  _sbrk
                                  fffc47c6        3c   func ,g         * 
FILE=__initsct
                                  fffc4802  fffc484b        4a
  __INITSCT
                                  fffc4802         0   none ,g         * 
  loop1
                                  fffc4814         0   none ,l         * 
  next_loop1
                                  fffc4822         0   none ,l         * 
  loop3
                                  fffc4834         0   none ,l         * 
  next_loop3
                                  fffc4845         0   none ,l         * 

SECTION=PIntPRG
FILE=DefaultBuild\intprg.obj
                                  fffc484c  fffc495f       114
  _Excep_SuperVisorInst
                                  fffc484c         2   func ,g         * 
  _Excep_UndefinedInst
                                  fffc484e         2   func ,g         * 
  _NonMaskableInterrupt
                                  fffc4850         2   func ,g         * 
  _Dummy
                                  fffc4852         2   func ,g         * 
  _Excep_BRK
                                  fffc4854         4   func ,g         * 
  _Excep_BSC_BUSERR
                                  fffc4858         2   func ,g         * 
  _Excep_FCU_FIFERR
                                  fffc485a         2   func ,g         * 
  _Excep_FCU_FRDYI
                                  fffc485c         2   func ,g         * 
  _Excep_ICU_SWINT
                                  fffc485e         2   func ,g         * 
  _Excep_CMT0_CMI0
                                  fffc4860         e   func ,g         * 
  _Excep_CMT1_CMI1
                                  fffc486e         2   func ,g         * 
  _Excep_CMT2_CMI2
                                  fffc4870         2   func ,g         * 
  _Excep_CMT3_CMI3
                                  fffc4872         2   func ,g         * 
  _Excep_CAC_FERRF
                                  fffc4874         2   func ,g         * 
  _Excep_CAC_MENDF
                                  fffc4876         2   func ,g         * 
  _Excep_CAC_OVFF
                                  fffc4878         2   func ,g         * 
  _Excep_RSPI0_SPEI0
                                  fffc487a         2   func ,g         * 
  _Excep_RSPI0_SPRI0
                                  fffc487c         2   func ,g         * 
  _Excep_RSPI0_SPTI0
                                  fffc487e         2   func ,g         * 
  _Excep_RSPI0_SPII0
                                  fffc4880         2   func ,g         * 
  _Excep_DOC_DOPCF
                                  fffc4882         2   func ,g         * 
  _Excep_CMPB_CMPB0
                                  fffc4884         1   func ,g         * 
  _Excep_CMPB_CMPB1
                                  fffc4885         1   func ,g         * 
  _Excep_RTC_CUP
                                  fffc4886         2   func ,g         * 
  _Excep_ICU_IRQ0
                                  fffc4888         2   func ,g         * 
  _Excep_ICU_IRQ1
                                  fffc488a         2   func ,g         * 
  _Excep_ICU_IRQ2
                                  fffc488c         2   func ,g         * 
  _Excep_ICU_IRQ3
                                  fffc488e         2   func ,g         * 
  _Excep_ICU_IRQ4
                                  fffc4890         2   func ,g         * 
  _Excep_ICU_IRQ5
                                  fffc4892         2   func ,g         * 
  _Excep_ICU_IRQ6
                                  fffc4894         2   func ,g         * 
  _Excep_ICU_IRQ7
                                  fffc4896         2   func ,g         * 
  _Excep_LVD_LVD1
                                  fffc4898         2   func ,g         * 
  _Excep_LVD_LVD2
                                  fffc489a         2   func ,g         * 
  _Excep_CMPA_CMPA1
                                  fffc489c         1   func ,g         * 
  _Excep_CMPA_CMPA2
                                  fffc489d         1   func ,g         * 
  _Excep_RTC_ALM
                                  fffc489e         2   func ,g         * 
  _Excep_RTC_PRD
                                  fffc48a0         2   func ,g         * 
  _Excep_S12AD_S12ADI0
                                  fffc48a2         2   func ,g         * 
  _Excep_S12AD_GBADI
                                  fffc48a4         2   func ,g         * 
  _Excep_ELC_ELSR18I
                                  fffc48a6         2   func ,g         * 
  _Excep_ELC_ELSR19I
                                  fffc48a8         1   func ,g         * 
  _Excep_MTU0_TGIA0
                                  fffc48a9         2   func ,g         * 
  _Excep_MTU0_TGIB0
                                  fffc48ab         2   func ,g         * 
  _Excep_MTU0_TGIC0
                                  fffc48ad         2   func ,g         * 
  _Excep_MTU0_TGID0
                                  fffc48af         2   func ,g         * 
  _Excep_MTU0_TCIV0
                                  fffc48b1         2   func ,g         * 
  _Excep_MTU0_TGIE0
                                  fffc48b3         2   func ,g         * 
  _Excep_MTU0_TGIF0
                                  fffc48b5         2   func ,g         * 
  _Excep_MTU1_TGIA1
                                  fffc48b7         2   func ,g         * 
  _Excep_MTU1_TGIB1
                                  fffc48b9         2   func ,g         * 
  _Excep_MTU1_TCIV1
                                  fffc48bb         2   func ,g         * 
  _Excep_MTU1_TCIU1
                                  fffc48bd         2   func ,g         * 
  _Excep_MTU2_TGIA2
                                  fffc48bf         2   func ,g         * 
  _Excep_MTU2_TGIB2
                                  fffc48c1         2   func ,g         * 
  _Excep_MTU2_TCIV2
                                  fffc48c3         2   func ,g         * 
  _Excep_MTU2_TCIU2
                                  fffc48c5         2   func ,g         * 
  _Excep_MTU3_TGIA3
                                  fffc48c7         2   func ,g         * 
  _Excep_MTU3_TGIB3
                                  fffc48c9         e   func ,g         * 
  _Excep_MTU3_TGIC3
                                  fffc48d7         2   func ,g         * 
  _Excep_MTU3_TGID3
                                  fffc48d9         2   func ,g         * 
  _Excep_MTU3_TCIV3
                                  fffc48db         2   func ,g         * 
  _Excep_MTU4_TGIA4
                                  fffc48dd         2   func ,g         * 
  _Excep_MTU4_TGIB4
                                  fffc48df         e   func ,g         * 
  _Excep_MTU4_TGIC4
                                  fffc48ed         2   func ,g         * 
  _Excep_MTU4_TGID4
                                  fffc48ef         2   func ,g         * 
  _Excep_MTU4_TCIV4
                                  fffc48f1         2   func ,g         * 
  _Excep_MTU5_TGIU5
                                  fffc48f3         2   func ,g         * 
  _Excep_MTU5_TGIV5
                                  fffc48f5         2   func ,g         * 
  _Excep_MTU5_TGIW5
                                  fffc48f7         2   func ,g         * 
  _Excep_POE_OEI1
                                  fffc48f9         2   func ,g         * 
  _Excep_POE_OEI2
                                  fffc48fb         2   func ,g         * 
  _Excep_TMR0_CMIA0
                                  fffc48fd         2   func ,g         * 
  _Excep_TMR0_CMIB0
                                  fffc48ff         2   func ,g         * 
  _Excep_TMR0_OVI0
                                  fffc4901         2   func ,g         * 
  _Excep_TMR1_CMIA1
                                  fffc4903         2   func ,g         * 
  _Excep_TMR1_CMIB1
                                  fffc4905         2   func ,g         * 
  _Excep_TMR1_OVI1
                                  fffc4907         2   func ,g         * 
  _Excep_TMR2_CMIA2
                                  fffc4909         2   func ,g         * 
  _Excep_TMR2_CMIB2
                                  fffc490b         2   func ,g         * 
  _Excep_TMR2_OVI2
                                  fffc490d         2   func ,g         * 
  _Excep_TMR3_CMIA3
                                  fffc490f         2   func ,g         * 
  _Excep_TMR3_CMIB3
                                  fffc4911         2   func ,g         * 
  _Excep_TMR3_OVI3
                                  fffc4913         2   func ,g         * 
  _Excep_DMAC_DMAC0I
                                  fffc4915         2   func ,g         * 
  _Excep_DMAC_DMAC1I
                                  fffc4917         2   func ,g         * 
  _Excep_DMAC_DMAC2I
                                  fffc4919         2   func ,g         * 
  _Excep_DMAC_DMAC3I
                                  fffc491b         2   func ,g         * 
  _Excep_SCI0_ERI0
                                  fffc491d         1   func ,g         * 
  _Excep_SCI0_RXI0
                                  fffc491e         1   func ,g         * 
  _Excep_SCI0_TXI0
                                  fffc491f         1   func ,g         * 
  _Excep_SCI0_TEI0
                                  fffc4920         1   func ,g         * 
  _Excep_SCI1_ERI1
                                  fffc4921         2   func ,g         * 
  _Excep_SCI1_RXI1
                                  fffc4923         2   func ,g         * 
  _Excep_SCI1_TXI1
                                  fffc4925         2   func ,g         * 
  _Excep_SCI1_TEI1
                                  fffc4927         2   func ,g         * 
  _Excep_SCI5_ERI5
                                  fffc4929         2   func ,g         * 
  _Excep_SCI5_RXI5
                                  fffc492b         2   func ,g         * 
  _Excep_SCI5_TXI5
                                  fffc492d         2   func ,g         * 
  _Excep_SCI5_TEI5
                                  fffc492f         2   func ,g         * 
  _Excep_SCI6_ERI6
                                  fffc4931         2   func ,g         * 
  _Excep_SCI6_RXI6
                                  fffc4933         2   func ,g         * 
  _Excep_SCI6_TXI6
                                  fffc4935         2   func ,g         * 
  _Excep_SCI6_TEI6
                                  fffc4937         2   func ,g         * 
  _Excep_SCI8_ERI8
                                  fffc4939         1   func ,g         * 
  _Excep_SCI8_RXI8
                                  fffc493a         1   func ,g         * 
  _Excep_SCI8_TXI8
                                  fffc493b         1   func ,g         * 
  _Excep_SCI8_TEI8
                                  fffc493c         1   func ,g         * 
  _Excep_SCI9_ERI9
                                  fffc493d         2   func ,g         * 
  _Excep_SCI9_RXI9
                                  fffc493f         2   func ,g         * 
  _Excep_SCI9_TXI9
                                  fffc4941         2   func ,g         * 
  _Excep_SCI9_TEI9
                                  fffc4943         2   func ,g         * 
  _Excep_SCI12_ERI12
                                  fffc4945         2   func ,g         * 
  _Excep_SCI12_RXI12
                                  fffc4947         2   func ,g         * 
  _Excep_SCI12_TXI12
                                  fffc4949         2   func ,g         * 
  _Excep_SCI12_TEI12
                                  fffc494b         2   func ,g         * 
  _Excep_SCI12_SCIX0
                                  fffc494d         2   func ,g         * 
  _Excep_SCI12_SCIX1
                                  fffc494f         2   func ,g         * 
  _Excep_SCI12_SCIX2
                                  fffc4951         2   func ,g         * 
  _Excep_SCI12_SCIX3
                                  fffc4953         2   func ,g         * 
  _Excep_RIIC0_EEI0
                                  fffc4955         2   func ,g         * 
  _Excep_RIIC0_RXI0
                                  fffc4957         2   func ,g         * 
  _Excep_RIIC0_TXI0
                                  fffc4959         2   func ,g         * 
  _Excep_RIIC0_TEI0
                                  fffc495b         2   func ,g         * 

SECTION=W_1
FILE=DefaultBuild\RX220Mouse2.obj
                                  fffc4960  fffc496b         c

SECTION=L
FILE=DefaultBuild\RX220Mouse2.obj
                                  fffc496c  fffc4a72       107

SECTION=$ADDR_C_FFFFFF80
FILE=DefaultBuild\vecttbl.obj
                                  ffffff80  ffffff83         4
  __MDEreg
                                  ffffff80         4   data ,g         * 

SECTION=$ADDR_C_FFFFFFA0
FILE=DefaultBuild\vecttbl.obj
                                  ffffffa0  ffffffaf        10
  _id_code
                                  ffffffa0        10   data ,g         * 

SECTION=FIXEDVECT
FILE=DefaultBuild\vecttbl.obj
                                  ffffffd0  ffffffff        30
  _Fixed_Vectors
                                  ffffffd0        30   data ,g         * 

*** Unfilled Areas ***

AREA                                START    END

*** Delete Symbols ***

SYMBOL                                SIZE    INFO
