Renesas Optimizing Linker (W3.07.00 )             07-Jan-2026 19:12:04

*** Options ***

-subcommand=DefaultBuild\RX220Mouse2.clnk
-library=DefaultBuild\RX220Mouse2.lib
-input=DefaultBuild\dbsct.obj
-input=DefaultBuild\intprg.obj
-input=DefaultBuild\resetprg.obj
-input=DefaultBuild\RX220Mouse2.obj
-input=DefaultBuild\sbrk.obj
-input=DefaultBuild\vecttbl.obj
-noprelink
-output=DefaultBuild\RX220Mouse2.abs
-list=DefaultBuild\RX220Mouse2.map
-show=symbol,total_size
-nooptimize
-start=B_1,R_1,B_2,R_2,B,R,SU,SI/04,PResetPRG/0FFFC0000,C_1,C_2,C,C$DSEC,C$BSEC,C$INIT,C$VTBL,C$VECT,D_1,D_2,D,P,PIntPRG,W_1,W_2,W,L/0FFFC0100,FIXEDVECT/0FFFFFFD0
-rom=D=R,D_1=R_1,D_2=R_2
-nologo
-end

*** Error information ***

*** Mapping List ***

SECTION                            START      END         SIZE   ALIGN
B_1
                                  00000004  0000021a       217   1
R_1
                                  0000021b  0000021b         1   1
B_2
                                  0000021c  00000695       47a   2
R_2
                                  00000696  0000069f         a   2
B
                                  000006a0  00000aa7       408   4
R
                                  00000aa8  00000ab3         c   4
SU
                                  00000ab4  00000bb3       100   4
SI
                                  00000bb4  00000eb3       300   4
PResetPRG
                                  fffc0000  fffc002b        2c   4
C_1
                                  fffc0100  fffc0100         0   1
C_2
                                  fffc0100  fffc117b      107c   2
C
                                  fffc117c  fffc11fb        80   4
C$DSEC
                                  fffc11fc  fffc121f        24   4
C$BSEC
                                  fffc1220  fffc1237        18   4
C$INIT
                                  fffc1238  fffc1238         0   1
C$VTBL
                                  fffc1238  fffc1238         0   1
C$VECT
                                  fffc1238  fffc1637       400   4
D_1
                                  fffc1638  fffc1638         1   1
D_2
                                  fffc163a  fffc1643         a   2
D
                                  fffc1644  fffc164f         c   4
P
                                  fffc1650  fffc5554      3f05   4
PIntPRG
                                  fffc5555  fffc5667       113   1
W_1
                                  fffc5668  fffc5673         c   4
W_2
                                  fffc5674  fffc5674         0   2
W
                                  fffc5674  fffc5674         0   4
L
                                  fffc5674  fffc57ce       15b   4
$ADDR_C_FFFFFF80
                                  ffffff80  ffffff83         4   1
$ADDR_C_FFFFFFA0
                                  ffffffa0  ffffffaf        10   1
FIXEDVECT
                                  ffffffd0  ffffffff        30   4

*** Total Section Size ***

RAMDATA SECTION:  00000eb0 Byte(s)
ROMDATA SECTION:  000016fa Byte(s)
PROGRAM SECTION:  00004044 Byte(s)

*** Symbol List ***

SECTION=
FILE=                               START        END    SIZE
  SYMBOL                            ADDR        SIZE    INFO      COUNTS  OPT

SECTION=B_1
FILE=DefaultBuild\RX220Mouse2.obj
                                  00000004  0000021a       217
  _LCD_DATA
                                  00000004        10   data ,g         * 
  _gspeed_index
                                  00000014         1   data ,g         * 
  _head
                                  00000015         1   data ,g         * 
  _head_change
                                  00000016         1   data ,g         * 
  _pos_x
                                  00000017         1   data ,g         * 
  _pos_y
                                  00000018         1   data ,g         * 
  _map
                                  00000019       100   data ,g         * 
  _p_map
                                  00000119       100   data ,g         * 
  _goal_x
                                  00000219         1   data ,g         * 
  _goal_y
                                  0000021a         1   data ,g         * 

SECTION=R_1
FILE=DefaultBuild\RX220Mouse2.obj
                                  0000021b  0000021b         1
  _ccnt_playing
                                  0000021b         1   data ,l         * 

SECTION=B_2
FILE=DefaultBuild\RX220Mouse2.obj
                                  0000021c  00000695       47a
  _LCD_FLAG
                                  0000021c         2   data ,g         * 
  _LCD_PT
                                  0000021e         2   data ,g         * 
  _SENSOR_PT
                                  00000220         2   data ,g         * 
  _Batt
                                  00000222         2   data ,g         * 
  _R_PRE
                                  00000224         2   data ,g         * 
  _L_PRE
                                  00000226         2   data ,g         * 
  _F_PRE
                                  00000228         2   data ,g         * 
  _R_SEN
                                  0000022a         2   data ,g         * 
  _L_SEN
                                  0000022c         2   data ,g         * 
  _F_SEN
                                  0000022e         2   data ,g         * 
  _R_SW
                                  00000230         2   data ,g         * 
  _L_SW
                                  00000232         2   data ,g         * 
  _F_SW
                                  00000234         2   data ,g         * 
  _R_REF
                                  00000236         2   data ,g         * 
  _L_REF
                                  00000238         2   data ,g         * 
  _F_REF
                                  0000023a         2   data ,g         * 
  _R_LIM
                                  0000023c         2   data ,g         * 
  _L_LIM
                                  0000023e         2   data ,g         * 
  _F_LIM
                                  00000240         2   data ,g         * 
  _timerL
                                  00000242         2   data ,g         * 
  _timerR
                                  00000244         2   data ,g         * 
  _ldir
                                  00000246         2   data ,g         * 
  _rdir
                                  00000248         2   data ,g         * 
  _speed
                                  0000024a         2   data ,g         * 
  _speed_now
                                  0000024c         2   data ,g         * 
  _MotorTimer
                                  0000024e         2   data ,g         * 
  _control_mode
                                  00000250         2   data ,g         * 
  _STEP
                                  00000252         2   data ,g         * 
  _GO_STEP
                                  00000254         2   data ,g         * 
  _TURN_STEP
                                  00000256         2   data ,g         * 
  _SLALOM_STEP_IN
                                  00000258         2   data ,g         * 
  _SLALOM_STEP_OUT
                                  0000025a         2   data ,g         * 
  _SLALOM_INNER_SPEED
                                  0000025c         2   data ,g         * 
  _BACK_STEP
                                  0000025e         2   data ,g         * 
  _HALF_STEP
                                  00000260         2   data ,g         * 
  _GSPEEDvar
                                  00000262         2   data ,g         * 
  _slalom_step_in_table
                                  00000264        10   data ,l         * 
  _slalom_step_out_table
                                  00000274        10   data ,l         * 
  _slalom_inner_speed_table
                                  00000284        10   data ,l         * 
  _wall_sample_left
                                  00000294       200   data ,g         * 
  _wall_sample_right
                                  00000494       200   data ,g         * 
  _wall_sample_count
                                  00000694         2   data ,g         * 

SECTION=R_2
FILE=DefaultBuild\RX220Mouse2.obj
                                  00000696  0000069f         a
  _wait_timer
                                  00000696         2   data ,g         * 
  _ccnt_ms_left
                                  00000698         2   data ,l         * 
  _ccnt_step_index
                                  0000069a         2   data ,l         * 
  _stepf_r
                                  0000069c         2   data ,g         * 
  _stepf_l
                                  0000069e         2   data ,g         * 

SECTION=B
FILE=DefaultBuild\RX220Mouse2.obj
                                  000006a0  000006a7         8
  _step_r
                                  000006a0         4   data ,g         * 
  _step_l
                                  000006a4         4   data ,g         * 
FILE=DefaultBuild\sbrk.obj
                                  000006a8  00000aa7       400
  _heap_area
                                  000006a8       400   data ,l         * 

SECTION=R
FILE=DefaultBuild\RX220Mouse2.obj
                                  00000aa8  00000aaf         8
  _MODE
                                  00000aa8         4   data ,g         * 
  _goal_choice_index
                                  00000aac         4   data ,g         * 
FILE=DefaultBuild\sbrk.obj
                                  00000ab0  00000ab3         4
  _brk
                                  00000ab0         4   data ,l         * 

SECTION=SU
FILE=DefaultBuild\resetprg.obj
                                  00000ab4  00000bb3       100

SECTION=SI
FILE=DefaultBuild\resetprg.obj
                                  00000bb4  00000eb3       300

SECTION=PResetPRG
FILE=DefaultBuild\resetprg.obj
                                  fffc0000  fffc002b        2c
  _PowerON_Reset_PC
                                  fffc0000        29   entry,g         * 

SECTION=C_2
FILE=DefaultBuild\RX220Mouse2.obj
                                  fffc0100  fffc117b      107c
  _AccTable
                                  fffc0100       fa0   data ,g         * 
  _GSSPEED
                                  fffc10a0        10   data ,l         * 
  _beep_data
                                  fffc10b0        4c   data ,l         * 
  _ccnt_melody
                                  fffc10fc        80   data ,l         * 

SECTION=C
FILE=DefaultBuild\dbsct.obj
                                  fffc117c  fffc11af        34
  __CTBL
                                  fffc117c        34   data ,g         * 
FILE=DefaultBuild\RX220Mouse2.obj
                                  fffc11b0  fffc11fb        4c
  _goal_choices
                                  fffc11b0        28   data ,l         * 
  _center_refs
                                  fffc11d8        24   data ,l         * 

SECTION=C$DSEC
FILE=DefaultBuild\dbsct.obj
                                  fffc11fc  fffc121f        24
  __DTBL
                                  fffc11fc        24   data ,g         * 

SECTION=C$BSEC
FILE=DefaultBuild\dbsct.obj
                                  fffc1220  fffc1237        18
  __BTBL
                                  fffc1220        18   data ,g         * 

SECTION=C$VECT
FILE=DefaultBuild\dbsct.obj
                                  fffc1238  fffc1637       400

SECTION=D_1
FILE=DefaultBuild\RX220Mouse2.obj
                                  fffc1638  fffc1638         1

SECTION=D_2
FILE=DefaultBuild\RX220Mouse2.obj
                                  fffc163a  fffc1643         a

SECTION=D
FILE=DefaultBuild\RX220Mouse2.obj
                                  fffc1644  fffc164b         8
FILE=DefaultBuild\sbrk.obj
                                  fffc164c  fffc164f         4

SECTION=P
FILE=DefaultBuild\RX220Mouse2.obj
                                  fffc1650  fffc54ce      3e7f
  _LCD_init
                                  fffc1650        6d   func ,g         * 
  _LCD
                                  fffc16bd        82   func ,g         * 
  _LCD_clear
                                  fffc173f        23   func ,g         * 
  _LCD_print
                                  fffc1762        2d   func ,g         * 
  _LCD_dec_out
                                  fffc178f        eb   func ,g         * 
  _LCD_com4
                                  fffc187a        44   func ,g         * 
  _LCD_com8
                                  fffc18be        14   func ,g         * 
  _LCD_dat8
                                  fffc18d2        7d   func ,g         * 
  _LCD_wait
                                  fffc194f        18   func ,g         * 
  _buzzer_set_tone
                                  fffc1967        40   func ,l         * 
  _ccnt_playback_tick
                                  fffc19a7        80   func ,l         * 
  _set_goal_choice_index
                                  fffc1a27        4a   func ,l         * 
  _advance_goal_choice
                                  fffc1a71        12   func ,l         * 
  _main
                                  fffc1a83       161   func ,g         * 
  _IO_init
                                  fffc1be4       3fc   func ,g         * 
  _load_param
                                  fffc1fe0       1c2   func ,g         * 
  _reset_wall_samples
                                  fffc21a2         a   func ,g         * 
  _log_wall_samples
                                  fffc21ac        ab   func ,g         * 
  _update_wall_ref_from_log
                                  fffc2257        7c   func ,g         * 
  _timerc_200us
                                  fffc22d3       53a   func ,g         * 
  _int_mot_r
                                  fffc280d        22   func ,g         * 
  _int_mot_l
                                  fffc282f        22   func ,g         * 
  _pause
                                  fffc2851        1c   func ,g         * 
  _WaitKeyOff
                                  fffc286d        43   func ,g         * 
  _beep
                                  fffc28b0        4a   func ,g         * 
  _ccnt
                                  fffc28fa        3a   func ,g         * 
  _change_mode
                                  fffc2934       14b   func ,g         * 
  _exec_mode
                                  fffc2a7f       101   func ,g         * 
  _modeB1
                                  fffc2b80        9b   func ,g         * 
  _mode0
                                  fffc2c1b        e6   func ,g         * 
  _mode1
                                  fffc2d01        de   func ,g         * 
  _mode2
                                  fffc2ddf        7c   func ,g         * 
  _mode3
                                  fffc2e5b        7d   func ,g         * 
  _mode4
                                  fffc2ed8        76   func ,g         * 
  _set_slalom_steps_for_speed
                                  fffc2f4e        58   func ,l         * 
  _store_slalom_steps_for_speed
                                  fffc2fa6        58   func ,l         * 
  _gspeed_index_for_value
                                  fffc2ffe        31   func ,l         * 
  _update_gspeed_index
                                  fffc302f        72   func ,l         * 
  _select_gspeed
                                  fffc30a1        87   func ,l         * 
  _mode5
                                  fffc3128        9a   func ,g         * 
  _mode6
                                  fffc31c2        79   func ,g         * 
  _mode7
                                  fffc323b        60   func ,g         * 
  _mode8
                                  fffc329b        96   func ,g         * 
  _mode9
                                  fffc3331        f8   func ,g         * 
  _render_center_ref_line
                                  fffc3429        45   func ,l         * 
  _mode10
                                  fffc346e        99   func ,g         * 
  _mode11
                                  fffc3507        f3   func ,g         * 
  _mode12
                                  fffc35fa       193   func ,g         * 
  _mode13
                                  fffc378d        84   func ,g         * 
  _mouse_search
                                  fffc3811       3f5   func ,g         * 
  _slalom_search
                                  fffc3c06       331   func ,g         * 
  _com_go
                                  fffc3f37        a9   func ,g         * 
  _com_stop
                                  fffc3fe0        4f   func ,g         * 
  _com_turn
                                  fffc402f        fd   func ,g         * 
  _com_slalom_turn
                                  fffc412c       13d   func ,g         * 
  _com_back
                                  fffc4269        bd   func ,g         * 
  _com_go_half
                                  fffc4326        97   func ,g         * 
  _kbat_r
                                  fffc43bd        11   func ,g         * 
  _kbat_lf_turn
                                  fffc43ce        99   func ,g         * 
  _goal_kbat_turn
                                  fffc4467       11d   func ,g         * 
  _start_back_wall_contact
                                  fffc4584        14   func ,l         * 
  _countdown
                                  fffc4598        6c   func ,g         * 
  _finish
                                  fffc4604        30   func ,g         * 
  _map_writeDF
                                  fffc4634        77   func ,g         * 
  _map_DFread
                                  fffc46ab        8a   func ,g         * 
  _sensor_ref_writeDF
                                  fffc4735        3a   func ,g         * 
  _sensor_ref_readDF
                                  fffc476f        45   func ,g         * 
  _slalom_step_writeDF
                                  fffc47b4        84   func ,g         * 
  _slalom_step_readDF
                                  fffc4838        f2   func ,g         * 
  _fcu_reset
                                  fffc492a        1f   func ,g         * 
  _fcu_tope
                                  fffc4949        22   func ,g         * 
  _fcu_toread
                                  fffc496b        1e   func ,g         * 
  _error_check
                                  fffc4989        6e   func ,g         * 
  _clear_flash
                                  fffc49f7        32   func ,g         * 
  _wait_frdy
                                  fffc4a29        30   func ,g         * 
  _DFlash_init
                                  fffc4a59        84   func ,g         * 
  _DFlash_bread
                                  fffc4add        44   func ,g         * 
  _DFlash_bprog
                                  fffc4b21        65   func ,g         * 
  _get_wall_data
                                  fffc4b86        56   func ,g         * 
  _clear_map
                                  fffc4bdc        e6   func ,g         * 
  _make_map_data
                                  fffc4cc2       199   func ,g         * 
  _make_potential
                                  fffc4e5b       390   func ,g         * 
  _search_left_hand
                                  fffc51eb        5b   func ,g         * 
  _search_adachi
                                  fffc5246       289   func ,g         * 
FILE=DefaultBuild\sbrk.obj
                                  fffc54cf  fffc550a        3c
  _sbrk
                                  fffc54cf        3c   func ,g         * 
FILE=__initsct
                                  fffc550b  fffc5554        4a
  __INITSCT
                                  fffc550b         0   none ,g         * 
  loop1
                                  fffc551d         0   none ,l         * 
  next_loop1
                                  fffc552b         0   none ,l         * 
  loop3
                                  fffc553d         0   none ,l         * 
  next_loop3
                                  fffc554e         0   none ,l         * 

SECTION=PIntPRG
FILE=DefaultBuild\intprg.obj
                                  fffc5555  fffc5667       113
  _Excep_SuperVisorInst
                                  fffc5555         2   func ,g         * 
  _Excep_UndefinedInst
                                  fffc5557         2   func ,g         * 
  _NonMaskableInterrupt
                                  fffc5559         2   func ,g         * 
  _Dummy
                                  fffc555b         2   func ,g         * 
  _Excep_BRK
                                  fffc555d         4   func ,g         * 
  _Excep_BSC_BUSERR
                                  fffc5561         2   func ,g         * 
  _Excep_FCU_FIFERR
                                  fffc5563         2   func ,g         * 
  _Excep_FCU_FRDYI
                                  fffc5565         2   func ,g         * 
  _Excep_ICU_SWINT
                                  fffc5567         2   func ,g         * 
  _Excep_CMT0_CMI0
                                  fffc5569         e   func ,g         * 
  _Excep_CMT1_CMI1
                                  fffc5577         2   func ,g         * 
  _Excep_CMT2_CMI2
                                  fffc5579         2   func ,g         * 
  _Excep_CMT3_CMI3
                                  fffc557b         2   func ,g         * 
  _Excep_CAC_FERRF
                                  fffc557d         2   func ,g         * 
  _Excep_CAC_MENDF
                                  fffc557f         2   func ,g         * 
  _Excep_CAC_OVFF
                                  fffc5581         2   func ,g         * 
  _Excep_RSPI0_SPEI0
                                  fffc5583         2   func ,g         * 
  _Excep_RSPI0_SPRI0
                                  fffc5585         2   func ,g         * 
  _Excep_RSPI0_SPTI0
                                  fffc5587         2   func ,g         * 
  _Excep_RSPI0_SPII0
                                  fffc5589         2   func ,g         * 
  _Excep_DOC_DOPCF
                                  fffc558b         2   func ,g         * 
  _Excep_CMPB_CMPB0
                                  fffc558d         1   func ,g         * 
  _Excep_CMPB_CMPB1
                                  fffc558e         1   func ,g         * 
  _Excep_RTC_CUP
                                  fffc558f         2   func ,g         * 
  _Excep_ICU_IRQ0
                                  fffc5591         2   func ,g         * 
  _Excep_ICU_IRQ1
                                  fffc5593         2   func ,g         * 
  _Excep_ICU_IRQ2
                                  fffc5595         2   func ,g         * 
  _Excep_ICU_IRQ3
                                  fffc5597         2   func ,g         * 
  _Excep_ICU_IRQ4
                                  fffc5599         2   func ,g         * 
  _Excep_ICU_IRQ5
                                  fffc559b         2   func ,g         * 
  _Excep_ICU_IRQ6
                                  fffc559d         2   func ,g         * 
  _Excep_ICU_IRQ7
                                  fffc559f         2   func ,g         * 
  _Excep_LVD_LVD1
                                  fffc55a1         2   func ,g         * 
  _Excep_LVD_LVD2
                                  fffc55a3         2   func ,g         * 
  _Excep_CMPA_CMPA1
                                  fffc55a5         1   func ,g         * 
  _Excep_CMPA_CMPA2
                                  fffc55a6         1   func ,g         * 
  _Excep_RTC_ALM
                                  fffc55a7         2   func ,g         * 
  _Excep_RTC_PRD
                                  fffc55a9         2   func ,g         * 
  _Excep_S12AD_S12ADI0
                                  fffc55ab         2   func ,g         * 
  _Excep_S12AD_GBADI
                                  fffc55ad         2   func ,g         * 
  _Excep_ELC_ELSR18I
                                  fffc55af         2   func ,g         * 
  _Excep_ELC_ELSR19I
                                  fffc55b1         1   func ,g         * 
  _Excep_MTU0_TGIA0
                                  fffc55b2         2   func ,g         * 
  _Excep_MTU0_TGIB0
                                  fffc55b4         2   func ,g         * 
  _Excep_MTU0_TGIC0
                                  fffc55b6         2   func ,g         * 
  _Excep_MTU0_TGID0
                                  fffc55b8         2   func ,g         * 
  _Excep_MTU0_TCIV0
                                  fffc55ba         2   func ,g         * 
  _Excep_MTU0_TGIE0
                                  fffc55bc         2   func ,g         * 
  _Excep_MTU0_TGIF0
                                  fffc55be         2   func ,g         * 
  _Excep_MTU1_TGIA1
                                  fffc55c0         2   func ,g         * 
  _Excep_MTU1_TGIB1
                                  fffc55c2         2   func ,g         * 
  _Excep_MTU1_TCIV1
                                  fffc55c4         2   func ,g         * 
  _Excep_MTU1_TCIU1
                                  fffc55c6         2   func ,g         * 
  _Excep_MTU2_TGIA2
                                  fffc55c8         2   func ,g         * 
  _Excep_MTU2_TGIB2
                                  fffc55ca         2   func ,g         * 
  _Excep_MTU2_TCIV2
                                  fffc55cc         2   func ,g         * 
  _Excep_MTU2_TCIU2
                                  fffc55ce         2   func ,g         * 
  _Excep_MTU3_TGIA3
                                  fffc55d0         2   func ,g         * 
  _Excep_MTU3_TGIB3
                                  fffc55d2         e   func ,g         * 
  _Excep_MTU3_TGIC3
                                  fffc55e0         2   func ,g         * 
  _Excep_MTU3_TGID3
                                  fffc55e2         2   func ,g         * 
  _Excep_MTU3_TCIV3
                                  fffc55e4         2   func ,g         * 
  _Excep_MTU4_TGIA4
                                  fffc55e6         2   func ,g         * 
  _Excep_MTU4_TGIB4
                                  fffc55e8         e   func ,g         * 
  _Excep_MTU4_TGIC4
                                  fffc55f6         2   func ,g         * 
  _Excep_MTU4_TGID4
                                  fffc55f8         2   func ,g         * 
  _Excep_MTU4_TCIV4
                                  fffc55fa         2   func ,g         * 
  _Excep_MTU5_TGIU5
                                  fffc55fc         2   func ,g         * 
  _Excep_MTU5_TGIV5
                                  fffc55fe         2   func ,g         * 
  _Excep_MTU5_TGIW5
                                  fffc5600         2   func ,g         * 
  _Excep_POE_OEI1
                                  fffc5602         2   func ,g         * 
  _Excep_POE_OEI2
                                  fffc5604         2   func ,g         * 
  _Excep_TMR0_CMIA0
                                  fffc5606         2   func ,g         * 
  _Excep_TMR0_CMIB0
                                  fffc5608         2   func ,g         * 
  _Excep_TMR0_OVI0
                                  fffc560a         2   func ,g         * 
  _Excep_TMR1_CMIA1
                                  fffc560c         2   func ,g         * 
  _Excep_TMR1_CMIB1
                                  fffc560e         2   func ,g         * 
  _Excep_TMR1_OVI1
                                  fffc5610         2   func ,g         * 
  _Excep_TMR2_CMIA2
                                  fffc5612         2   func ,g         * 
  _Excep_TMR2_CMIB2
                                  fffc5614         2   func ,g         * 
  _Excep_TMR2_OVI2
                                  fffc5616         2   func ,g         * 
  _Excep_TMR3_CMIA3
                                  fffc5618         2   func ,g         * 
  _Excep_TMR3_CMIB3
                                  fffc561a         2   func ,g         * 
  _Excep_TMR3_OVI3
                                  fffc561c         2   func ,g         * 
  _Excep_DMAC_DMAC0I
                                  fffc561e         2   func ,g         * 
  _Excep_DMAC_DMAC1I
                                  fffc5620         2   func ,g         * 
  _Excep_DMAC_DMAC2I
                                  fffc5622         2   func ,g         * 
  _Excep_DMAC_DMAC3I
                                  fffc5624         2   func ,g         * 
  _Excep_SCI0_ERI0
                                  fffc5626         1   func ,g         * 
  _Excep_SCI0_RXI0
                                  fffc5627         1   func ,g         * 
  _Excep_SCI0_TXI0
                                  fffc5628         1   func ,g         * 
  _Excep_SCI0_TEI0
                                  fffc5629         1   func ,g         * 
  _Excep_SCI1_ERI1
                                  fffc562a         2   func ,g         * 
  _Excep_SCI1_RXI1
                                  fffc562c         2   func ,g         * 
  _Excep_SCI1_TXI1
                                  fffc562e         2   func ,g         * 
  _Excep_SCI1_TEI1
                                  fffc5630         2   func ,g         * 
  _Excep_SCI5_ERI5
                                  fffc5632         2   func ,g         * 
  _Excep_SCI5_RXI5
                                  fffc5634         2   func ,g         * 
  _Excep_SCI5_TXI5
                                  fffc5636         2   func ,g         * 
  _Excep_SCI5_TEI5
                                  fffc5638         2   func ,g         * 
  _Excep_SCI6_ERI6
                                  fffc563a         2   func ,g         * 
  _Excep_SCI6_RXI6
                                  fffc563c         2   func ,g         * 
  _Excep_SCI6_TXI6
                                  fffc563e         2   func ,g         * 
  _Excep_SCI6_TEI6
                                  fffc5640         2   func ,g         * 
  _Excep_SCI8_ERI8
                                  fffc5642         1   func ,g         * 
  _Excep_SCI8_RXI8
                                  fffc5643         1   func ,g         * 
  _Excep_SCI8_TXI8
                                  fffc5644         1   func ,g         * 
  _Excep_SCI8_TEI8
                                  fffc5645         1   func ,g         * 
  _Excep_SCI9_ERI9
                                  fffc5646         2   func ,g         * 
  _Excep_SCI9_RXI9
                                  fffc5648         2   func ,g         * 
  _Excep_SCI9_TXI9
                                  fffc564a         2   func ,g         * 
  _Excep_SCI9_TEI9
                                  fffc564c         2   func ,g         * 
  _Excep_SCI12_ERI12
                                  fffc564e         2   func ,g         * 
  _Excep_SCI12_RXI12
                                  fffc5650         2   func ,g         * 
  _Excep_SCI12_TXI12
                                  fffc5652         2   func ,g         * 
  _Excep_SCI12_TEI12
                                  fffc5654         2   func ,g         * 
  _Excep_SCI12_SCIX0
                                  fffc5656         2   func ,g         * 
  _Excep_SCI12_SCIX1
                                  fffc5658         2   func ,g         * 
  _Excep_SCI12_SCIX2
                                  fffc565a         2   func ,g         * 
  _Excep_SCI12_SCIX3
                                  fffc565c         2   func ,g         * 
  _Excep_RIIC0_EEI0
                                  fffc565e         2   func ,g         * 
  _Excep_RIIC0_RXI0
                                  fffc5660         2   func ,g         * 
  _Excep_RIIC0_TXI0
                                  fffc5662         2   func ,g         * 
  _Excep_RIIC0_TEI0
                                  fffc5664         2   func ,g         * 

SECTION=W_1
FILE=DefaultBuild\RX220Mouse2.obj
                                  fffc5668  fffc5673         c

SECTION=L
FILE=DefaultBuild\RX220Mouse2.obj
                                  fffc5674  fffc57ce       15b

SECTION=$ADDR_C_FFFFFF80
FILE=DefaultBuild\vecttbl.obj
                                  ffffff80  ffffff83         4
  __MDEreg
                                  ffffff80         4   data ,g         * 

SECTION=$ADDR_C_FFFFFFA0
FILE=DefaultBuild\vecttbl.obj
                                  ffffffa0  ffffffaf        10
  _id_code
                                  ffffffa0        10   data ,g         * 

SECTION=FIXEDVECT
FILE=DefaultBuild\vecttbl.obj
                                  ffffffd0  ffffffff        30
  _Fixed_Vectors
                                  ffffffd0        30   data ,g         * 

*** Unfilled Areas ***

AREA                                START    END

*** Delete Symbols ***

SYMBOL                                SIZE    INFO
