Renesas Optimizing Linker (W3.07.00 )             18-Dec-2025 17:32:43

*** Options ***

-subcommand=DefaultBuild\RX220Mouse2.clnk
-library=DefaultBuild\RX220Mouse2.lib
-input=DefaultBuild\dbsct.obj
-input=DefaultBuild\intprg.obj
-input=DefaultBuild\resetprg.obj
-input=DefaultBuild\RX220Mouse2.obj
-input=DefaultBuild\sbrk.obj
-input=DefaultBuild\vecttbl.obj
-noprelink
-output=DefaultBuild\RX220Mouse2.abs
-list=DefaultBuild\RX220Mouse2.map
-show=symbol,total_size
-nooptimize
-start=B_1,R_1,B_2,R_2,B,R,SU,SI/04,PResetPRG/0FFFC0000,C_1,C_2,C,C$DSEC,C$BSEC,C$INIT,C$VTBL,C$VECT,D_1,D_2,D,P,PIntPRG,W_1,W_2,W,L/0FFFC0100,FIXEDVECT/0FFFFFFD0
-rom=D=R,D_1=R_1,D_2=R_2
-nologo
-end

*** Error information ***

*** Mapping List ***

SECTION                            START      END         SIZE   ALIGN
B_1
                                  00000004  0000021a       217   1
R_1
                                  0000021b  0000021b         1   1
B_2
                                  0000021c  0000065b       440   2
R_2
                                  0000065c  00000665         a   2
B
                                  00000668  00000a6f       408   4
R
                                  00000a70  00000a7b         c   4
SU
                                  00000a7c  00000b7b       100   4
SI
                                  00000b7c  00000e7b       300   4
PResetPRG
                                  fffc0000  fffc002b        2c   4
C_1
                                  fffc0100  fffc0100         0   1
C_2
                                  fffc0100  fffc117b      107c   2
C
                                  fffc117c  fffc11d7        5c   4
C$DSEC
                                  fffc11d8  fffc11fb        24   4
C$BSEC
                                  fffc11fc  fffc1213        18   4
C$INIT
                                  fffc1214  fffc1214         0   1
C$VTBL
                                  fffc1214  fffc1214         0   1
C$VECT
                                  fffc1214  fffc1613       400   4
D_1
                                  fffc1614  fffc1614         1   1
D_2
                                  fffc1616  fffc161f         a   2
D
                                  fffc1620  fffc162b         c   4
P
                                  fffc162c  fffc43bd      2d92   4
PIntPRG
                                  fffc43be  fffc44cf       112   1
W_1
                                  fffc44d0  fffc44d0         0   4
W_2
                                  fffc44d0  fffc44d0         0   1
W
                                  fffc44d0  fffc44d0         0   1
L
                                  fffc44d0  fffc45c4        f5   4
$ADDR_C_FFFFFF80
                                  ffffff80  ffffff83         4   1
$ADDR_C_FFFFFFA0
                                  ffffffa0  ffffffaf        10   1
FIXEDVECT
                                  ffffffd0  ffffffff        30   4

*** Total Section Size ***

RAMDATA SECTION:  00000e76 Byte(s)
ROMDATA SECTION:  00001664 Byte(s)
PROGRAM SECTION:  00002ed0 Byte(s)

*** Symbol List ***

SECTION=
FILE=                               START        END    SIZE
  SYMBOL                            ADDR        SIZE    INFO      COUNTS  OPT

SECTION=B_1
FILE=DefaultBuild\RX220Mouse2.obj
                                  00000004  0000021a       217
  _LCD_DATA
                                  00000004        10   data ,g         * 
  _gspeed_index
                                  00000014         1   data ,g         * 
  _head
                                  00000015         1   data ,g         * 
  _head_change
                                  00000016         1   data ,g         * 
  _pos_x
                                  00000017         1   data ,g         * 
  _pos_y
                                  00000018         1   data ,g         * 
  _map
                                  00000019       100   data ,g         * 
  _p_map
                                  00000119       100   data ,g         * 
  _goal_x
                                  00000219         1   data ,g         * 
  _goal_y
                                  0000021a         1   data ,g         * 

SECTION=R_1
FILE=DefaultBuild\RX220Mouse2.obj
                                  0000021b  0000021b         1
  _ccnt_playing
                                  0000021b         1   data ,l         * 

SECTION=B_2
FILE=DefaultBuild\RX220Mouse2.obj
                                  0000021c  0000065b       440
  _LCD_FLAG
                                  0000021c         2   data ,g         * 
  _LCD_PT
                                  0000021e         2   data ,g         * 
  _SENSOR_PT
                                  00000220         2   data ,g         * 
  _Batt
                                  00000222         2   data ,g         * 
  _R_PRE
                                  00000224         2   data ,g         * 
  _L_PRE
                                  00000226         2   data ,g         * 
  _F_PRE
                                  00000228         2   data ,g         * 
  _R_SEN
                                  0000022a         2   data ,g         * 
  _L_SEN
                                  0000022c         2   data ,g         * 
  _F_SEN
                                  0000022e         2   data ,g         * 
  _R_SW
                                  00000230         2   data ,g         * 
  _L_SW
                                  00000232         2   data ,g         * 
  _F_SW
                                  00000234         2   data ,g         * 
  _R_REF
                                  00000236         2   data ,g         * 
  _L_REF
                                  00000238         2   data ,g         * 
  _F_REF
                                  0000023a         2   data ,g         * 
  _R_LIM
                                  0000023c         2   data ,g         * 
  _L_LIM
                                  0000023e         2   data ,g         * 
  _F_LIM
                                  00000240         2   data ,g         * 
  _timerL
                                  00000242         2   data ,g         * 
  _timerR
                                  00000244         2   data ,g         * 
  _ldir
                                  00000246         2   data ,g         * 
  _rdir
                                  00000248         2   data ,g         * 
  _speed
                                  0000024a         2   data ,g         * 
  _speed_now
                                  0000024c         2   data ,g         * 
  _MotorTimer
                                  0000024e         2   data ,g         * 
  _control_mode
                                  00000250         2   data ,g         * 
  _STEP
                                  00000252         2   data ,g         * 
  _GO_STEP
                                  00000254         2   data ,g         * 
  _TURN_STEP
                                  00000256         2   data ,g         * 
  _GSPEEDvar
                                  00000258         2   data ,g         * 
  _wall_sample_left
                                  0000025a       200   data ,g         * 
  _wall_sample_right
                                  0000045a       200   data ,g         * 
  _wall_sample_count
                                  0000065a         2   data ,g         * 

SECTION=R_2
FILE=DefaultBuild\RX220Mouse2.obj
                                  0000065c  00000665         a
  _wait_timer
                                  0000065c         2   data ,g         * 
  _ccnt_ms_left
                                  0000065e         2   data ,l         * 
  _ccnt_step_index
                                  00000660         2   data ,l         * 
  _stepf_r
                                  00000662         2   data ,g         * 
  _stepf_l
                                  00000664         2   data ,g         * 

SECTION=B
FILE=DefaultBuild\RX220Mouse2.obj
                                  00000668  0000066f         8
  _step_r
                                  00000668         4   data ,g         * 
  _step_l
                                  0000066c         4   data ,g         * 
FILE=DefaultBuild\sbrk.obj
                                  00000670  00000a6f       400
  _heap_area
                                  00000670       400   data ,l         * 

SECTION=R
FILE=DefaultBuild\RX220Mouse2.obj
                                  00000a70  00000a77         8
  _MODE
                                  00000a70         4   data ,g         * 
  _goal_choice_index
                                  00000a74         4   data ,g         * 
FILE=DefaultBuild\sbrk.obj
                                  00000a78  00000a7b         4
  _brk
                                  00000a78         4   data ,l         * 

SECTION=SU
FILE=DefaultBuild\resetprg.obj
                                  00000a7c  00000b7b       100

SECTION=SI
FILE=DefaultBuild\resetprg.obj
                                  00000b7c  00000e7b       300

SECTION=PResetPRG
FILE=DefaultBuild\resetprg.obj
                                  fffc0000  fffc002b        2c
  _PowerON_Reset_PC
                                  fffc0000        29   entry,g         * 

SECTION=C_2
FILE=DefaultBuild\RX220Mouse2.obj
                                  fffc0100  fffc117b      107c
  _AccTable
                                  fffc0100       fa0   data ,g         * 
  _GSSPEED
                                  fffc10a0        10   data ,l         * 
  _beep_data
                                  fffc10b0        4c   data ,l         * 
  _ccnt_melody
                                  fffc10fc        80   data ,l         * 

SECTION=C
FILE=DefaultBuild\dbsct.obj
                                  fffc117c  fffc11af        34
  __CTBL
                                  fffc117c        34   data ,g         * 
FILE=DefaultBuild\RX220Mouse2.obj
                                  fffc11b0  fffc11d7        28
  _goal_choices
                                  fffc11b0        28   data ,l         * 

SECTION=C$DSEC
FILE=DefaultBuild\dbsct.obj
                                  fffc11d8  fffc11fb        24
  __DTBL
                                  fffc11d8        24   data ,g         * 

SECTION=C$BSEC
FILE=DefaultBuild\dbsct.obj
                                  fffc11fc  fffc1213        18
  __BTBL
                                  fffc11fc        18   data ,g         * 

SECTION=C$VECT
FILE=DefaultBuild\dbsct.obj
                                  fffc1214  fffc1613       400

SECTION=D_1
FILE=DefaultBuild\RX220Mouse2.obj
                                  fffc1614  fffc1614         1

SECTION=D_2
FILE=DefaultBuild\RX220Mouse2.obj
                                  fffc1616  fffc161f         a

SECTION=D
FILE=DefaultBuild\RX220Mouse2.obj
                                  fffc1620  fffc1627         8
FILE=DefaultBuild\sbrk.obj
                                  fffc1628  fffc162b         4

SECTION=P
FILE=DefaultBuild\RX220Mouse2.obj
                                  fffc162c  fffc4337      2d0c
  _LCD_init
                                  fffc162c        6d   func ,g         * 
  _LCD
                                  fffc1699        82   func ,g         * 
  _LCD_clear
                                  fffc171b        23   func ,g         * 
  _LCD_print
                                  fffc173e        2d   func ,g         * 
  _LCD_dec_out
                                  fffc176b        eb   func ,g         * 
  _LCD_com4
                                  fffc1856        44   func ,g         * 
  _LCD_com8
                                  fffc189a        14   func ,g         * 
  _LCD_dat8
                                  fffc18ae        7d   func ,g         * 
  _LCD_wait
                                  fffc192b        18   func ,g         * 
  _buzzer_set_tone
                                  fffc1943        40   func ,l         * 
  _ccnt_playback_tick
                                  fffc1983        80   func ,l         * 
  _set_goal_choice_index
                                  fffc1a03        4a   func ,l         * 
  _advance_goal_choice
                                  fffc1a4d        12   func ,l         * 
  _main
                                  fffc1a5f       161   func ,g         * 
  _IO_init
                                  fffc1bc0       3fc   func ,g         * 
  _load_param
                                  fffc1fbc        70   func ,g         * 
  _reset_wall_samples
                                  fffc202c         a   func ,g         * 
  _log_wall_samples
                                  fffc2036        ab   func ,g         * 
  _update_wall_ref_from_log
                                  fffc20e1        79   func ,g         * 
  _timerc_200us
                                  fffc215a       506   func ,g         * 
  _int_mot_r
                                  fffc2660        22   func ,g         * 
  _int_mot_l
                                  fffc2682        22   func ,g         * 
  _pause
                                  fffc26a4        1c   func ,g         * 
  _WaitKeyOff
                                  fffc26c0        43   func ,g         * 
  _beep
                                  fffc2703        4a   func ,g         * 
  _ccnt
                                  fffc274d        3a   func ,g         * 
  _change_mode
                                  fffc2787       103   func ,g         * 
  _exec_mode
                                  fffc288a        bd   func ,g         * 
  _modeB1
                                  fffc2947        3a   func ,g         * 
  _mode0
                                  fffc2981        e3   func ,g         * 
  _mode1
                                  fffc2a64        de   func ,g         * 
  _mode2
                                  fffc2b42        7c   func ,g         * 
  _mode3
                                  fffc2bbe        7d   func ,g         * 
  _mode4
                                  fffc2c3b        76   func ,g         * 
  _update_gspeed_index
                                  fffc2cb1        67   func ,l         * 
  _select_gspeed
                                  fffc2d18        87   func ,l         * 
  _mode5
                                  fffc2d9f        94   func ,g         * 
  _mode6
                                  fffc2e33        79   func ,g         * 
  _mode7
                                  fffc2eac        60   func ,g         * 
  _mode8
                                  fffc2f0c        96   func ,g         * 
  _mode9
                                  fffc2fa2        fc   func ,g         * 
  _mouse_search
                                  fffc309e       3d4   func ,g         * 
  _com_go
                                  fffc3472        a9   func ,g         * 
  _com_stop
                                  fffc351b        4f   func ,g         * 
  _com_turn
                                  fffc356a        fd   func ,g         * 
  _countdown
                                  fffc3667        6c   func ,g         * 
  _finish
                                  fffc36d3        30   func ,g         * 
  _map_writeDF
                                  fffc3703        77   func ,g         * 
  _map_DFread
                                  fffc377a        8a   func ,g         * 
  _fcu_reset
                                  fffc3804        1f   func ,g         * 
  _fcu_tope
                                  fffc3823        22   func ,g         * 
  _fcu_toread
                                  fffc3845        1e   func ,g         * 
  _error_check
                                  fffc3863        6e   func ,g         * 
  _clear_flash
                                  fffc38d1        32   func ,g         * 
  _wait_frdy
                                  fffc3903        30   func ,g         * 
  _DFlash_init
                                  fffc3933        84   func ,g         * 
  _DFlash_bread
                                  fffc39b7        44   func ,g         * 
  _DFlash_bprog
                                  fffc39fb        65   func ,g         * 
  _get_wall_data
                                  fffc3a60        56   func ,g         * 
  _clear_map
                                  fffc3ab6        e6   func ,g         * 
  _make_map_data
                                  fffc3b9c       199   func ,g         * 
  _make_potential
                                  fffc3d35       390   func ,g         * 
  _search_adachi
                                  fffc40c5       273   func ,g         * 
FILE=DefaultBuild\sbrk.obj
                                  fffc4338  fffc4373        3c
  _sbrk
                                  fffc4338        3c   func ,g         * 
FILE=__initsct
                                  fffc4374  fffc43bd        4a
  __INITSCT
                                  fffc4374         0   none ,g         * 
  loop1
                                  fffc4386         0   none ,l         * 
  next_loop1
                                  fffc4394         0   none ,l         * 
  loop3
                                  fffc43a6         0   none ,l         * 
  next_loop3
                                  fffc43b7         0   none ,l         * 

SECTION=PIntPRG
FILE=DefaultBuild\intprg.obj
                                  fffc43be  fffc44cf       112
  _Excep_SuperVisorInst
                                  fffc43be         2   func ,g         * 
  _Excep_UndefinedInst
                                  fffc43c0         2   func ,g         * 
  _NonMaskableInterrupt
                                  fffc43c2         2   func ,g         * 
  _Dummy
                                  fffc43c4         2   func ,g         * 
  _Excep_BRK
                                  fffc43c6         4   func ,g         * 
  _Excep_BSC_BUSERR
                                  fffc43ca         2   func ,g         * 
  _Excep_FCU_FIFERR
                                  fffc43cc         2   func ,g         * 
  _Excep_FCU_FRDYI
                                  fffc43ce         2   func ,g         * 
  _Excep_ICU_SWINT
                                  fffc43d0         2   func ,g         * 
  _Excep_CMT0_CMI0
                                  fffc43d2         e   func ,g         * 
  _Excep_CMT1_CMI1
                                  fffc43e0         2   func ,g         * 
  _Excep_CMT2_CMI2
                                  fffc43e2         2   func ,g         * 
  _Excep_CMT3_CMI3
                                  fffc43e4         2   func ,g         * 
  _Excep_CAC_FERRF
                                  fffc43e6         2   func ,g         * 
  _Excep_CAC_MENDF
                                  fffc43e8         2   func ,g         * 
  _Excep_CAC_OVFF
                                  fffc43ea         2   func ,g         * 
  _Excep_RSPI0_SPEI0
                                  fffc43ec         2   func ,g         * 
  _Excep_RSPI0_SPRI0
                                  fffc43ee         2   func ,g         * 
  _Excep_RSPI0_SPTI0
                                  fffc43f0         2   func ,g         * 
  _Excep_RSPI0_SPII0
                                  fffc43f2         2   func ,g         * 
  _Excep_DOC_DOPCF
                                  fffc43f4         2   func ,g         * 
  _Excep_CMPB_CMPB0
                                  fffc43f6         1   func ,g         * 
  _Excep_CMPB_CMPB1
                                  fffc43f7         1   func ,g         * 
  _Excep_RTC_CUP
                                  fffc43f8         2   func ,g         * 
  _Excep_ICU_IRQ0
                                  fffc43fa         2   func ,g         * 
  _Excep_ICU_IRQ1
                                  fffc43fc         2   func ,g         * 
  _Excep_ICU_IRQ2
                                  fffc43fe         2   func ,g         * 
  _Excep_ICU_IRQ3
                                  fffc4400         2   func ,g         * 
  _Excep_ICU_IRQ4
                                  fffc4402         2   func ,g         * 
  _Excep_ICU_IRQ5
                                  fffc4404         2   func ,g         * 
  _Excep_ICU_IRQ6
                                  fffc4406         2   func ,g         * 
  _Excep_ICU_IRQ7
                                  fffc4408         2   func ,g         * 
  _Excep_LVD_LVD1
                                  fffc440a         2   func ,g         * 
  _Excep_LVD_LVD2
                                  fffc440c         2   func ,g         * 
  _Excep_CMPA_CMPA1
                                  fffc440e         1   func ,g         * 
  _Excep_CMPA_CMPA2
                                  fffc440f         1   func ,g         * 
  _Excep_RTC_ALM
                                  fffc4410         2   func ,g         * 
  _Excep_RTC_PRD
                                  fffc4412         2   func ,g         * 
  _Excep_S12AD_S12ADI0
                                  fffc4414         2   func ,g         * 
  _Excep_S12AD_GBADI
                                  fffc4416         2   func ,g         * 
  _Excep_ELC_ELSR18I
                                  fffc4418         2   func ,g         * 
  _Excep_ELC_ELSR19I
                                  fffc441a         1   func ,g         * 
  _Excep_MTU0_TGIA0
                                  fffc441b         2   func ,g         * 
  _Excep_MTU0_TGIB0
                                  fffc441d         2   func ,g         * 
  _Excep_MTU0_TGIC0
                                  fffc441f         2   func ,g         * 
  _Excep_MTU0_TGID0
                                  fffc4421         2   func ,g         * 
  _Excep_MTU0_TCIV0
                                  fffc4423         2   func ,g         * 
  _Excep_MTU0_TGIE0
                                  fffc4425         2   func ,g         * 
  _Excep_MTU0_TGIF0
                                  fffc4427         2   func ,g         * 
  _Excep_MTU1_TGIA1
                                  fffc4429         2   func ,g         * 
  _Excep_MTU1_TGIB1
                                  fffc442b         2   func ,g         * 
  _Excep_MTU1_TCIV1
                                  fffc442d         2   func ,g         * 
  _Excep_MTU1_TCIU1
                                  fffc442f         2   func ,g         * 
  _Excep_MTU2_TGIA2
                                  fffc4431         2   func ,g         * 
  _Excep_MTU2_TGIB2
                                  fffc4433         2   func ,g         * 
  _Excep_MTU2_TCIV2
                                  fffc4435         2   func ,g         * 
  _Excep_MTU2_TCIU2
                                  fffc4437         2   func ,g         * 
  _Excep_MTU3_TGIA3
                                  fffc4439         2   func ,g         * 
  _Excep_MTU3_TGIB3
                                  fffc443b         e   func ,g         * 
  _Excep_MTU3_TGIC3
                                  fffc4449         2   func ,g         * 
  _Excep_MTU3_TGID3
                                  fffc444b         2   func ,g         * 
  _Excep_MTU3_TCIV3
                                  fffc444d         2   func ,g         * 
  _Excep_MTU4_TGIA4
                                  fffc444f         2   func ,g         * 
  _Excep_MTU4_TGIB4
                                  fffc4451         e   func ,g         * 
  _Excep_MTU4_TGIC4
                                  fffc445f         2   func ,g         * 
  _Excep_MTU4_TGID4
                                  fffc4461         2   func ,g         * 
  _Excep_MTU4_TCIV4
                                  fffc4463         2   func ,g         * 
  _Excep_MTU5_TGIU5
                                  fffc4465         2   func ,g         * 
  _Excep_MTU5_TGIV5
                                  fffc4467         2   func ,g         * 
  _Excep_MTU5_TGIW5
                                  fffc4469         2   func ,g         * 
  _Excep_POE_OEI1
                                  fffc446b         2   func ,g         * 
  _Excep_POE_OEI2
                                  fffc446d         2   func ,g         * 
  _Excep_TMR0_CMIA0
                                  fffc446f         2   func ,g         * 
  _Excep_TMR0_CMIB0
                                  fffc4471         2   func ,g         * 
  _Excep_TMR0_OVI0
                                  fffc4473         2   func ,g         * 
  _Excep_TMR1_CMIA1
                                  fffc4475         2   func ,g         * 
  _Excep_TMR1_CMIB1
                                  fffc4477         2   func ,g         * 
  _Excep_TMR1_OVI1
                                  fffc4479         2   func ,g         * 
  _Excep_TMR2_CMIA2
                                  fffc447b         2   func ,g         * 
  _Excep_TMR2_CMIB2
                                  fffc447d         2   func ,g         * 
  _Excep_TMR2_OVI2
                                  fffc447f         2   func ,g         * 
  _Excep_TMR3_CMIA3
                                  fffc4481         2   func ,g         * 
  _Excep_TMR3_CMIB3
                                  fffc4483         2   func ,g         * 
  _Excep_TMR3_OVI3
                                  fffc4485         2   func ,g         * 
  _Excep_DMAC_DMAC0I
                                  fffc4487         2   func ,g         * 
  _Excep_DMAC_DMAC1I
                                  fffc4489         2   func ,g         * 
  _Excep_DMAC_DMAC2I
                                  fffc448b         2   func ,g         * 
  _Excep_DMAC_DMAC3I
                                  fffc448d         2   func ,g         * 
  _Excep_SCI0_ERI0
                                  fffc448f         1   func ,g         * 
  _Excep_SCI0_RXI0
                                  fffc4490         1   func ,g         * 
  _Excep_SCI0_TXI0
                                  fffc4491         1   func ,g         * 
  _Excep_SCI0_TEI0
                                  fffc4492         1   func ,g         * 
  _Excep_SCI1_ERI1
                                  fffc4493         2   func ,g         * 
  _Excep_SCI1_RXI1
                                  fffc4495         2   func ,g         * 
  _Excep_SCI1_TXI1
                                  fffc4497         2   func ,g         * 
  _Excep_SCI1_TEI1
                                  fffc4499         2   func ,g         * 
  _Excep_SCI5_ERI5
                                  fffc449b         2   func ,g         * 
  _Excep_SCI5_RXI5
                                  fffc449d         2   func ,g         * 
  _Excep_SCI5_TXI5
                                  fffc449f         2   func ,g         * 
  _Excep_SCI5_TEI5
                                  fffc44a1         2   func ,g         * 
  _Excep_SCI6_ERI6
                                  fffc44a3         2   func ,g         * 
  _Excep_SCI6_RXI6
                                  fffc44a5         2   func ,g         * 
  _Excep_SCI6_TXI6
                                  fffc44a7         2   func ,g         * 
  _Excep_SCI6_TEI6
                                  fffc44a9         2   func ,g         * 
  _Excep_SCI8_ERI8
                                  fffc44ab         1   func ,g         * 
  _Excep_SCI8_RXI8
                                  fffc44ac         1   func ,g         * 
  _Excep_SCI8_TXI8
                                  fffc44ad         1   func ,g         * 
  _Excep_SCI8_TEI8
                                  fffc44ae         1   func ,g         * 
  _Excep_SCI9_ERI9
                                  fffc44af         2   func ,g         * 
  _Excep_SCI9_RXI9
                                  fffc44b1         2   func ,g         * 
  _Excep_SCI9_TXI9
                                  fffc44b3         2   func ,g         * 
  _Excep_SCI9_TEI9
                                  fffc44b5         2   func ,g         * 
  _Excep_SCI12_ERI12
                                  fffc44b7         2   func ,g         * 
  _Excep_SCI12_RXI12
                                  fffc44b9         2   func ,g         * 
  _Excep_SCI12_TXI12
                                  fffc44bb         2   func ,g         * 
  _Excep_SCI12_TEI12
                                  fffc44bd         2   func ,g         * 
  _Excep_SCI12_SCIX0
                                  fffc44bf         2   func ,g         * 
  _Excep_SCI12_SCIX1
                                  fffc44c1         2   func ,g         * 
  _Excep_SCI12_SCIX2
                                  fffc44c3         2   func ,g         * 
  _Excep_SCI12_SCIX3
                                  fffc44c5         2   func ,g         * 
  _Excep_RIIC0_EEI0
                                  fffc44c7         2   func ,g         * 
  _Excep_RIIC0_RXI0
                                  fffc44c9         2   func ,g         * 
  _Excep_RIIC0_TXI0
                                  fffc44cb         2   func ,g         * 
  _Excep_RIIC0_TEI0
                                  fffc44cd         2   func ,g         * 

SECTION=L
FILE=DefaultBuild\RX220Mouse2.obj
                                  fffc44d0  fffc45c4        f5

SECTION=$ADDR_C_FFFFFF80
FILE=DefaultBuild\vecttbl.obj
                                  ffffff80  ffffff83         4
  __MDEreg
                                  ffffff80         4   data ,g         * 

SECTION=$ADDR_C_FFFFFFA0
FILE=DefaultBuild\vecttbl.obj
                                  ffffffa0  ffffffaf        10
  _id_code
                                  ffffffa0        10   data ,g         * 

SECTION=FIXEDVECT
FILE=DefaultBuild\vecttbl.obj
                                  ffffffd0  ffffffff        30
  _Fixed_Vectors
                                  ffffffd0        30   data ,g         * 

*** Unfilled Areas ***

AREA                                START    END

*** Delete Symbols ***

SYMBOL                                SIZE    INFO
