Renesas Optimizing Linker (W3.07.00 )             11-Jan-2026 01:29:16

*** Options ***

-subcommand=DefaultBuild\RX220Mouse2.clnk
-library=DefaultBuild\RX220Mouse2.lib
-input=DefaultBuild\dbsct.obj
-input=DefaultBuild\intprg.obj
-input=DefaultBuild\resetprg.obj
-input=DefaultBuild\RX220Mouse2.obj
-input=DefaultBuild\sbrk.obj
-input=DefaultBuild\vecttbl.obj
-noprelink
-output=DefaultBuild\RX220Mouse2.abs
-list=DefaultBuild\RX220Mouse2.map
-show=symbol,total_size
-nooptimize
-start=B_1,R_1,B_2,R_2,B,R,SU,SI/04,PResetPRG/0FFFC0000,C_1,C_2,C,C$DSEC,C$BSEC,C$INIT,C$VTBL,C$VECT,D_1,D_2,D,P,PIntPRG,W_1,W_2,W,L/0FFFC0100,FIXEDVECT/0FFFFFFD0
-rom=D=R,D_1=R_1,D_2=R_2
-nologo
-end

*** Error information ***

*** Mapping List ***

SECTION                            START      END         SIZE   ALIGN
B_1
                                  00000004  000002b5       2b2   1
R_1
                                  000002b6  000002b6         1   1
B_2
                                  000002b8  0000076b       4b4   2
R_2
                                  0000076c  00000775         a   2
B
                                  00000778  00000ba3       42c   4
R
                                  00000ba4  00000bb3        10   4
SU
                                  00000bb4  00000cb3       100   4
SI
                                  00000cb4  00000fb3       300   4
PResetPRG
                                  fffc0000  fffc002b        2c   4
C_1
                                  fffc0100  fffc0100         0   1
C_2
                                  fffc0100  fffc117b      107c   2
C
                                  fffc117c  fffc11fb        80   4
C$DSEC
                                  fffc11fc  fffc121f        24   4
C$BSEC
                                  fffc1220  fffc1237        18   4
C$INIT
                                  fffc1238  fffc1238         0   1
C$VTBL
                                  fffc1238  fffc1238         0   1
C$VECT
                                  fffc1238  fffc1637       400   4
D_1
                                  fffc1638  fffc1638         1   1
D_2
                                  fffc163a  fffc1643         a   2
D
                                  fffc1644  fffc1653        10   4
P
                                  fffc1654  fffc65bc      4f69   4
PIntPRG
                                  fffc65bd  fffc66ff       143   1
W_1
                                  fffc6700  fffc670b         c   4
W_2
                                  fffc670c  fffc670c         0   2
W
                                  fffc670c  fffc670c         0   4
L
                                  fffc670c  fffc689e       193   4
$ADDR_C_FFFFFF80
                                  ffffff80  ffffff83         4   1
$ADDR_C_FFFFFFA0
                                  ffffffa0  ffffffaf        10   1
FIXEDVECT
                                  ffffffd0  ffffffff        30   4

*** Total Section Size ***

RAMDATA SECTION:  00000fad Byte(s)
ROMDATA SECTION:  00001736 Byte(s)
PROGRAM SECTION:  000050d8 Byte(s)

*** Symbol List ***

SECTION=
FILE=                               START        END    SIZE
  SYMBOL                            ADDR        SIZE    INFO      COUNTS  OPT

SECTION=B_1
FILE=DefaultBuild\RX220Mouse2.obj
                                  00000004  000002b5       2b2
  _LCD_DATA
                                  00000004        10   data ,g         * 
  _send_data
                                  00000014        32   data ,g         * 
  _receve_data
                                  00000046        32   data ,g         * 
  _receve_data_out
                                  00000078        32   data ,g         * 
  _mpu_init_state
                                  000000aa         1   data ,l         * 
  _mpu_req_pending
                                  000000ab         1   data ,l         * 
  _mpu_sample_ready
                                  000000ac         1   data ,l         * 
  _mpu_gyro_hist_index
                                  000000ad         1   data ,l         * 
  _mpu_gyro_hist_count
                                  000000ae         1   data ,l         * 
  _gspeed_index
                                  000000af         1   data ,g         * 
  _head
                                  000000b0         1   data ,g         * 
  _head_change
                                  000000b1         1   data ,g         * 
  _pos_x
                                  000000b2         1   data ,g         * 
  _pos_y
                                  000000b3         1   data ,g         * 
  _map
                                  000000b4       100   data ,g         * 
  _p_map
                                  000001b4       100   data ,g         * 
  _goal_x
                                  000002b4         1   data ,g         * 
  _goal_y
                                  000002b5         1   data ,g         * 

SECTION=R_1
FILE=DefaultBuild\RX220Mouse2.obj
                                  000002b6  000002b6         1
  _ccnt_playing
                                  000002b6         1   data ,l         * 

SECTION=B_2
FILE=DefaultBuild\RX220Mouse2.obj
                                  000002b8  0000076b       4b4
  _LCD_FLAG
                                  000002b8         2   data ,g         * 
  _LCD_PT
                                  000002ba         2   data ,g         * 
  _SENSOR_PT
                                  000002bc         2   data ,g         * 
  _Batt
                                  000002be         2   data ,g         * 
  _mpu_acx
                                  000002c0         2   data ,l         * 
  _mpu_acy
                                  000002c2         2   data ,l         * 
  _mpu_acz
                                  000002c4         2   data ,l         * 
  _mpu_tmp
                                  000002c6         2   data ,l         * 
  _mpu_gyx
                                  000002c8         2   data ,l         * 
  _mpu_gyy
                                  000002ca         2   data ,l         * 
  _mpu_gyz
                                  000002cc         2   data ,l         * 
  _mpu_gyx_raw
                                  000002ce         2   data ,l         * 
  _mpu_gyy_raw
                                  000002d0         2   data ,l         * 
  _mpu_gyz_raw
                                  000002d2         2   data ,l         * 
  _mpu_gyx_offset
                                  000002d4         2   data ,l         * 
  _mpu_gyy_offset
                                  000002d6         2   data ,l         * 
  _mpu_gyz_offset
                                  000002d8         2   data ,l         * 
  _mpu_gyx_hist
                                  000002da         a   data ,l         * 
  _mpu_gyy_hist
                                  000002e4         a   data ,l         * 
  _mpu_gyz_hist
                                  000002ee         a   data ,l         * 
  _R_PRE
                                  000002f8         2   data ,g         * 
  _L_PRE
                                  000002fa         2   data ,g         * 
  _F_PRE
                                  000002fc         2   data ,g         * 
  _R_SEN
                                  000002fe         2   data ,g         * 
  _L_SEN
                                  00000300         2   data ,g         * 
  _F_SEN
                                  00000302         2   data ,g         * 
  _R_SW
                                  00000304         2   data ,g         * 
  _L_SW
                                  00000306         2   data ,g         * 
  _F_SW
                                  00000308         2   data ,g         * 
  _R_REF
                                  0000030a         2   data ,g         * 
  _L_REF
                                  0000030c         2   data ,g         * 
  _F_REF
                                  0000030e         2   data ,g         * 
  _R_LIM
                                  00000310         2   data ,g         * 
  _L_LIM
                                  00000312         2   data ,g         * 
  _F_LIM
                                  00000314         2   data ,g         * 
  _F_LIM2
                                  00000316         2   data ,g         * 
  _timerL
                                  00000318         2   data ,g         * 
  _timerR
                                  0000031a         2   data ,g         * 
  _ldir
                                  0000031c         2   data ,g         * 
  _rdir
                                  0000031e         2   data ,g         * 
  _speed
                                  00000320         2   data ,g         * 
  _speed_now
                                  00000322         2   data ,g         * 
  _MotorTimer
                                  00000324         2   data ,g         * 
  _control_mode
                                  00000326         2   data ,g         * 
  _STEP
                                  00000328         2   data ,g         * 
  _GO_STEP
                                  0000032a         2   data ,g         * 
  _TURN_STEP
                                  0000032c         2   data ,g         * 
  _SLALOM_STEP_FORWARD
                                  0000032e         2   data ,g         * 
  _SLALOM_STEP_OUT
                                  00000330         2   data ,g         * 
  _SLALOM_INNER_SPEED
                                  00000332         2   data ,g         * 
  _BACK_STEP
                                  00000334         2   data ,g         * 
  _HALF_STEP
                                  00000336         2   data ,g         * 
  _GSPEEDvar
                                  00000338         2   data ,g         * 
  _slalom_step_forward_table
                                  0000033a        10   data ,l         * 
  _slalom_step_out_table
                                  0000034a        10   data ,l         * 
  _slalom_inner_speed_table
                                  0000035a        10   data ,l         * 
  _wall_sample_left
                                  0000036a       200   data ,g         * 
  _wall_sample_right
                                  0000056a       200   data ,g         * 
  _wall_sample_count
                                  0000076a         2   data ,g         * 

SECTION=R_2
FILE=DefaultBuild\RX220Mouse2.obj
                                  0000076c  00000775         a
  _wait_timer
                                  0000076c         2   data ,g         * 
  _ccnt_ms_left
                                  0000076e         2   data ,l         * 
  _ccnt_step_index
                                  00000770         2   data ,l         * 
  _stepf_r
                                  00000772         2   data ,g         * 
  _stepf_l
                                  00000774         2   data ,g         * 

SECTION=B
FILE=DefaultBuild\RX220Mouse2.obj
                                  00000778  000007a3        2c
  _send_data_num
                                  00000778         4   data ,g         * 
  _receve_num
                                  0000077c         4   data ,g         * 
  _stop_disen_flag
                                  00000780         4   data ,g         * 
  _receve_flag
                                  00000784         4   data ,g         * 
  _receve_fin_flag
                                  00000788         4   data ,g         * 
  _mpu_gyx_sum
                                  0000078c         4   data ,l         * 
  _mpu_gyy_sum
                                  00000790         4   data ,l         * 
  _mpu_gyz_sum
                                  00000794         4   data ,l         * 
  _step_r
                                  00000798         4   data ,g         * 
  _step_l
                                  0000079c         4   data ,g         * 
  _num$1
                                  000007a0         4   data ,l         * 
FILE=DefaultBuild\sbrk.obj
                                  000007a4  00000ba3       400
  _heap_area
                                  000007a4       400   data ,l         * 

SECTION=R
FILE=DefaultBuild\RX220Mouse2.obj
                                  00000ba4  00000baf         c
  _MODE
                                  00000ba4         4   data ,g         * 
  _goal_choice_index
                                  00000ba8         4   data ,g         * 
  _n$2
                                  00000bac         4   data ,l         * 
FILE=DefaultBuild\sbrk.obj
                                  00000bb0  00000bb3         4
  _brk
                                  00000bb0         4   data ,l         * 

SECTION=SU
FILE=DefaultBuild\resetprg.obj
                                  00000bb4  00000cb3       100

SECTION=SI
FILE=DefaultBuild\resetprg.obj
                                  00000cb4  00000fb3       300

SECTION=PResetPRG
FILE=DefaultBuild\resetprg.obj
                                  fffc0000  fffc002b        2c
  _PowerON_Reset_PC
                                  fffc0000        29   entry,g         * 

SECTION=C_2
FILE=DefaultBuild\RX220Mouse2.obj
                                  fffc0100  fffc117b      107c
  _AccTable
                                  fffc0100       fa0   data ,g         * 
  _GSSPEED
                                  fffc10a0        10   data ,l         * 
  _beep_data
                                  fffc10b0        4c   data ,l         * 
  _ccnt_melody
                                  fffc10fc        80   data ,l         * 

SECTION=C
FILE=DefaultBuild\dbsct.obj
                                  fffc117c  fffc11af        34
  __CTBL
                                  fffc117c        34   data ,g         * 
FILE=DefaultBuild\RX220Mouse2.obj
                                  fffc11b0  fffc11fb        4c
  _goal_choices
                                  fffc11b0        28   data ,l         * 
  _center_refs
                                  fffc11d8        24   data ,l         * 

SECTION=C$DSEC
FILE=DefaultBuild\dbsct.obj
                                  fffc11fc  fffc121f        24
  __DTBL
                                  fffc11fc        24   data ,g         * 

SECTION=C$BSEC
FILE=DefaultBuild\dbsct.obj
                                  fffc1220  fffc1237        18
  __BTBL
                                  fffc1220        18   data ,g         * 

SECTION=C$VECT
FILE=DefaultBuild\dbsct.obj
                                  fffc1238  fffc1637       400

SECTION=D_1
FILE=DefaultBuild\RX220Mouse2.obj
                                  fffc1638  fffc1638         1

SECTION=D_2
FILE=DefaultBuild\RX220Mouse2.obj
                                  fffc163a  fffc1643         a

SECTION=D
FILE=DefaultBuild\RX220Mouse2.obj
                                  fffc1644  fffc164f         c
FILE=DefaultBuild\sbrk.obj
                                  fffc1650  fffc1653         4

SECTION=P
FILE=DefaultBuild\RX220Mouse2.obj
                                  fffc1654  fffc6536      4ee3
  _LCD_init
                                  fffc1654        6d   func ,g         * 
  _LCD
                                  fffc16c1        82   func ,g         * 
  _LCD_clear
                                  fffc1743        23   func ,g         * 
  _LCD_print
                                  fffc1766        2d   func ,g         * 
  _LCD_dec_out
                                  fffc1793        eb   func ,g         * 
  _LCD_com4
                                  fffc187e        44   func ,g         * 
  _LCD_com8
                                  fffc18c2        14   func ,g         * 
  _LCD_dat8
                                  fffc18d6        7d   func ,g         * 
  _LCD_wait
                                  fffc1953        18   func ,g         * 
  _init_riic0
                                  fffc196b       18a   func ,g         * 
  _int_iic0_eei
                                  fffc1af5        67   func ,g         * 
  _int_iic0_rxi
                                  fffc1b5c       139   func ,g         * 
  _int_iic0_txi
                                  fffc1c95        76   func ,g         * 
  _int_iic0_tei
                                  fffc1d0b       111   func ,g         * 
  _iic0_send
                                  fffc1e1c        f3   func ,g         * 
  _iic0_gets
                                  fffc1f0f        15   func ,g         * 
  _iic0_reqest_send
                                  fffc1f24       199   func ,g         * 
  _iic0_set_addr
                                  fffc20bd        59   func ,g         * 
  _iic0_receve
                                  fffc2116        6b   func ,g         * 
  _buzzer_set_tone
                                  fffc2181        40   func ,l         * 
  _ccnt_playback_tick
                                  fffc21c1        80   func ,l         * 
  _set_goal_choice_index
                                  fffc2241        4a   func ,l         * 
  _advance_goal_choice
                                  fffc228b        12   func ,l         * 
  _main
                                  fffc229d       186   func ,g         * 
  _IO_init
                                  fffc2423       3fc   func ,g         * 
  _load_param
                                  fffc281f       1f2   func ,g         * 
  _reset_wall_samples
                                  fffc2a11         a   func ,g         * 
  _log_wall_samples
                                  fffc2a1b        ab   func ,g         * 
  _update_wall_ref_from_log
                                  fffc2ac6        7c   func ,g         * 
  _timerc_200us
                                  fffc2b42       53a   func ,g         * 
  _int_mot_r
                                  fffc307c        22   func ,g         * 
  _int_mot_l
                                  fffc309e        22   func ,g         * 
  _pause
                                  fffc30c0        1c   func ,g         * 
  _WaitKeyOff
                                  fffc30dc        43   func ,g         * 
  _beep
                                  fffc311f        4a   func ,g         * 
  _ccnt
                                  fffc3169        3a   func ,g         * 
  _change_mode
                                  fffc31a3       16f   func ,g         * 
  _exec_mode
                                  fffc3312       123   func ,g         * 
  _modeB1
                                  fffc3435        9b   func ,g         * 
  _mode0
                                  fffc34d0        e6   func ,g         * 
  _mode1
                                  fffc35b6        de   func ,g         * 
  _mode2
                                  fffc3694        7f   func ,g         * 
  _mode3
                                  fffc3713        7d   func ,g         * 
  _mode4
                                  fffc3790        76   func ,g         * 
  _set_slalom_steps_for_speed
                                  fffc3806        58   func ,l         * 
  _store_slalom_steps_for_speed
                                  fffc385e        58   func ,l         * 
  _gspeed_index_for_value
                                  fffc38b6        31   func ,l         * 
  _update_gspeed_index
                                  fffc38e7        72   func ,l         * 
  _select_gspeed
                                  fffc3959        87   func ,l         * 
  _mode5
                                  fffc39e0        9a   func ,g         * 
  _mode6
                                  fffc3a7a        79   func ,g         * 
  _mode7
                                  fffc3af3        60   func ,g         * 
  _mode8
                                  fffc3b53        99   func ,g         * 
  _mode9
                                  fffc3bec        f8   func ,g         * 
  _render_center_ref_line
                                  fffc3ce4        45   func ,l         * 
  _mode10
                                  fffc3d29        99   func ,g         * 
  _mode11
                                  fffc3dc2        f3   func ,g         * 
  _mode12
                                  fffc3eb5       1a5   func ,g         * 
  _mode13
                                  fffc405a        84   func ,g         * 
  _mode14
                                  fffc40de        62   func ,g         * 
  _mode15
                                  fffc4140       137   func ,g         * 
  _lcd_signed_out
                                  fffc4277        73   func ,l         * 
  _mpu6050_init
                                  fffc42ea        15   func ,l         * 
  _mpu6050_poll
                                  fffc42ff       2b9   func ,l         * 
  _mouse_search
                                  fffc45b8       4cf   func ,g         * 
  _slalom_search
                                  fffc4a87       3c8   func ,g         * 
  _com_go
                                  fffc4e4f        a9   func ,g         * 
  _com_stop
                                  fffc4ef8        4f   func ,g         * 
  _com_turn
                                  fffc4f47        fd   func ,g         * 
  _com_slalom_turn
                                  fffc5044       1c9   func ,g         * 
  _com_back
                                  fffc520d        bd   func ,g         * 
  _com_go_half
                                  fffc52ca        97   func ,g         * 
  _kbat_r
                                  fffc5361        11   func ,g         * 
  _kbat_lf_turn
                                  fffc5372        99   func ,g         * 
  _goal_kbat_turn
                                  fffc540b       11d   func ,g         * 
  _start_back_wall_contact
                                  fffc5528         c   func ,l         * 
  _countdown
                                  fffc5534        6c   func ,g         * 
  _finish
                                  fffc55a0        30   func ,g         * 
  _map_writeDF
                                  fffc55d0        77   func ,g         * 
  _map_DFread
                                  fffc5647        8a   func ,g         * 
  _sensor_ref_writeDF
                                  fffc56d1        3a   func ,g         * 
  _sensor_ref_readDF
                                  fffc570b        45   func ,g         * 
  _slalom_step_writeDF
                                  fffc5750        84   func ,g         * 
  _slalom_step_readDF
                                  fffc57d4        f2   func ,g         * 
  _goal_choice_writeDF
                                  fffc58c6        3d   func ,g         * 
  _goal_choice_readDF
                                  fffc5903        35   func ,g         * 
  _go_step_writeDF
                                  fffc5938        28   func ,g         * 
  _go_step_readDF
                                  fffc5960        32   func ,g         * 
  _fcu_reset
                                  fffc5992        1f   func ,g         * 
  _fcu_tope
                                  fffc59b1        22   func ,g         * 
  _fcu_toread
                                  fffc59d3        1e   func ,g         * 
  _error_check
                                  fffc59f1        6e   func ,g         * 
  _clear_flash
                                  fffc5a5f        32   func ,g         * 
  _wait_frdy
                                  fffc5a91        30   func ,g         * 
  _DFlash_init
                                  fffc5ac1        84   func ,g         * 
  _DFlash_bread
                                  fffc5b45        44   func ,g         * 
  _DFlash_bprog
                                  fffc5b89        65   func ,g         * 
  _get_wall_data
                                  fffc5bee        56   func ,g         * 
  _clear_map
                                  fffc5c44        e6   func ,g         * 
  _make_map_data
                                  fffc5d2a       199   func ,g         * 
  _make_potential
                                  fffc5ec3       390   func ,g         * 
  _search_left_hand
                                  fffc6253        5b   func ,g         * 
  _search_adachi
                                  fffc62ae       289   func ,g         * 
FILE=DefaultBuild\sbrk.obj
                                  fffc6537  fffc6572        3c
  _sbrk
                                  fffc6537        3c   func ,g         * 
FILE=__initsct
                                  fffc6573  fffc65bc        4a
  __INITSCT
                                  fffc6573         0   none ,g         * 
  loop1
                                  fffc6585         0   none ,l         * 
  next_loop1
                                  fffc6593         0   none ,l         * 
  loop3
                                  fffc65a5         0   none ,l         * 
  next_loop3
                                  fffc65b6         0   none ,l         * 

SECTION=PIntPRG
FILE=DefaultBuild\intprg.obj
                                  fffc65bd  fffc66ff       143
  _Excep_SuperVisorInst
                                  fffc65bd         2   func ,g         * 
  _Excep_UndefinedInst
                                  fffc65bf         2   func ,g         * 
  _NonMaskableInterrupt
                                  fffc65c1         2   func ,g         * 
  _Dummy
                                  fffc65c3         2   func ,g         * 
  _Excep_BRK
                                  fffc65c5         4   func ,g         * 
  _Excep_BSC_BUSERR
                                  fffc65c9         2   func ,g         * 
  _Excep_FCU_FIFERR
                                  fffc65cb         2   func ,g         * 
  _Excep_FCU_FRDYI
                                  fffc65cd         2   func ,g         * 
  _Excep_ICU_SWINT
                                  fffc65cf         2   func ,g         * 
  _Excep_CMT0_CMI0
                                  fffc65d1         e   func ,g         * 
  _Excep_CMT1_CMI1
                                  fffc65df         2   func ,g         * 
  _Excep_CMT2_CMI2
                                  fffc65e1         2   func ,g         * 
  _Excep_CMT3_CMI3
                                  fffc65e3         2   func ,g         * 
  _Excep_CAC_FERRF
                                  fffc65e5         2   func ,g         * 
  _Excep_CAC_MENDF
                                  fffc65e7         2   func ,g         * 
  _Excep_CAC_OVFF
                                  fffc65e9         2   func ,g         * 
  _Excep_RSPI0_SPEI0
                                  fffc65eb         2   func ,g         * 
  _Excep_RSPI0_SPRI0
                                  fffc65ed         2   func ,g         * 
  _Excep_RSPI0_SPTI0
                                  fffc65ef         2   func ,g         * 
  _Excep_RSPI0_SPII0
                                  fffc65f1         2   func ,g         * 
  _Excep_DOC_DOPCF
                                  fffc65f3         2   func ,g         * 
  _Excep_CMPB_CMPB0
                                  fffc65f5         1   func ,g         * 
  _Excep_CMPB_CMPB1
                                  fffc65f6         1   func ,g         * 
  _Excep_RTC_CUP
                                  fffc65f7         2   func ,g         * 
  _Excep_ICU_IRQ0
                                  fffc65f9         2   func ,g         * 
  _Excep_ICU_IRQ1
                                  fffc65fb         2   func ,g         * 
  _Excep_ICU_IRQ2
                                  fffc65fd         2   func ,g         * 
  _Excep_ICU_IRQ3
                                  fffc65ff         2   func ,g         * 
  _Excep_ICU_IRQ4
                                  fffc6601         2   func ,g         * 
  _Excep_ICU_IRQ5
                                  fffc6603         2   func ,g         * 
  _Excep_ICU_IRQ6
                                  fffc6605         2   func ,g         * 
  _Excep_ICU_IRQ7
                                  fffc6607         2   func ,g         * 
  _Excep_LVD_LVD1
                                  fffc6609         2   func ,g         * 
  _Excep_LVD_LVD2
                                  fffc660b         2   func ,g         * 
  _Excep_CMPA_CMPA1
                                  fffc660d         1   func ,g         * 
  _Excep_CMPA_CMPA2
                                  fffc660e         1   func ,g         * 
  _Excep_RTC_ALM
                                  fffc660f         2   func ,g         * 
  _Excep_RTC_PRD
                                  fffc6611         2   func ,g         * 
  _Excep_S12AD_S12ADI0
                                  fffc6613         2   func ,g         * 
  _Excep_S12AD_GBADI
                                  fffc6615         2   func ,g         * 
  _Excep_ELC_ELSR18I
                                  fffc6617         2   func ,g         * 
  _Excep_ELC_ELSR19I
                                  fffc6619         1   func ,g         * 
  _Excep_MTU0_TGIA0
                                  fffc661a         2   func ,g         * 
  _Excep_MTU0_TGIB0
                                  fffc661c         2   func ,g         * 
  _Excep_MTU0_TGIC0
                                  fffc661e         2   func ,g         * 
  _Excep_MTU0_TGID0
                                  fffc6620         2   func ,g         * 
  _Excep_MTU0_TCIV0
                                  fffc6622         2   func ,g         * 
  _Excep_MTU0_TGIE0
                                  fffc6624         2   func ,g         * 
  _Excep_MTU0_TGIF0
                                  fffc6626         2   func ,g         * 
  _Excep_MTU1_TGIA1
                                  fffc6628         2   func ,g         * 
  _Excep_MTU1_TGIB1
                                  fffc662a         2   func ,g         * 
  _Excep_MTU1_TCIV1
                                  fffc662c         2   func ,g         * 
  _Excep_MTU1_TCIU1
                                  fffc662e         2   func ,g         * 
  _Excep_MTU2_TGIA2
                                  fffc6630         2   func ,g         * 
  _Excep_MTU2_TGIB2
                                  fffc6632         2   func ,g         * 
  _Excep_MTU2_TCIV2
                                  fffc6634         2   func ,g         * 
  _Excep_MTU2_TCIU2
                                  fffc6636         2   func ,g         * 
  _Excep_MTU3_TGIA3
                                  fffc6638         2   func ,g         * 
  _Excep_MTU3_TGIB3
                                  fffc663a         e   func ,g         * 
  _Excep_MTU3_TGIC3
                                  fffc6648         2   func ,g         * 
  _Excep_MTU3_TGID3
                                  fffc664a         2   func ,g         * 
  _Excep_MTU3_TCIV3
                                  fffc664c         2   func ,g         * 
  _Excep_MTU4_TGIA4
                                  fffc664e         2   func ,g         * 
  _Excep_MTU4_TGIB4
                                  fffc6650         e   func ,g         * 
  _Excep_MTU4_TGIC4
                                  fffc665e         2   func ,g         * 
  _Excep_MTU4_TGID4
                                  fffc6660         2   func ,g         * 
  _Excep_MTU4_TCIV4
                                  fffc6662         2   func ,g         * 
  _Excep_MTU5_TGIU5
                                  fffc6664         2   func ,g         * 
  _Excep_MTU5_TGIV5
                                  fffc6666         2   func ,g         * 
  _Excep_MTU5_TGIW5
                                  fffc6668         2   func ,g         * 
  _Excep_POE_OEI1
                                  fffc666a         2   func ,g         * 
  _Excep_POE_OEI2
                                  fffc666c         2   func ,g         * 
  _Excep_TMR0_CMIA0
                                  fffc666e         2   func ,g         * 
  _Excep_TMR0_CMIB0
                                  fffc6670         2   func ,g         * 
  _Excep_TMR0_OVI0
                                  fffc6672         2   func ,g         * 
  _Excep_TMR1_CMIA1
                                  fffc6674         2   func ,g         * 
  _Excep_TMR1_CMIB1
                                  fffc6676         2   func ,g         * 
  _Excep_TMR1_OVI1
                                  fffc6678         2   func ,g         * 
  _Excep_TMR2_CMIA2
                                  fffc667a         2   func ,g         * 
  _Excep_TMR2_CMIB2
                                  fffc667c         2   func ,g         * 
  _Excep_TMR2_OVI2
                                  fffc667e         2   func ,g         * 
  _Excep_TMR3_CMIA3
                                  fffc6680         2   func ,g         * 
  _Excep_TMR3_CMIB3
                                  fffc6682         2   func ,g         * 
  _Excep_TMR3_OVI3
                                  fffc6684         2   func ,g         * 
  _Excep_DMAC_DMAC0I
                                  fffc6686         2   func ,g         * 
  _Excep_DMAC_DMAC1I
                                  fffc6688         2   func ,g         * 
  _Excep_DMAC_DMAC2I
                                  fffc668a         2   func ,g         * 
  _Excep_DMAC_DMAC3I
                                  fffc668c         2   func ,g         * 
  _Excep_SCI0_ERI0
                                  fffc668e         1   func ,g         * 
  _Excep_SCI0_RXI0
                                  fffc668f         1   func ,g         * 
  _Excep_SCI0_TXI0
                                  fffc6690         1   func ,g         * 
  _Excep_SCI0_TEI0
                                  fffc6691         1   func ,g         * 
  _Excep_SCI1_ERI1
                                  fffc6692         2   func ,g         * 
  _Excep_SCI1_RXI1
                                  fffc6694         2   func ,g         * 
  _Excep_SCI1_TXI1
                                  fffc6696         2   func ,g         * 
  _Excep_SCI1_TEI1
                                  fffc6698         2   func ,g         * 
  _Excep_SCI5_ERI5
                                  fffc669a         2   func ,g         * 
  _Excep_SCI5_RXI5
                                  fffc669c         2   func ,g         * 
  _Excep_SCI5_TXI5
                                  fffc669e         2   func ,g         * 
  _Excep_SCI5_TEI5
                                  fffc66a0         2   func ,g         * 
  _Excep_SCI6_ERI6
                                  fffc66a2         2   func ,g         * 
  _Excep_SCI6_RXI6
                                  fffc66a4         2   func ,g         * 
  _Excep_SCI6_TXI6
                                  fffc66a6         2   func ,g         * 
  _Excep_SCI6_TEI6
                                  fffc66a8         2   func ,g         * 
  _Excep_SCI8_ERI8
                                  fffc66aa         1   func ,g         * 
  _Excep_SCI8_RXI8
                                  fffc66ab         1   func ,g         * 
  _Excep_SCI8_TXI8
                                  fffc66ac         1   func ,g         * 
  _Excep_SCI8_TEI8
                                  fffc66ad         1   func ,g         * 
  _Excep_SCI9_ERI9
                                  fffc66ae         2   func ,g         * 
  _Excep_SCI9_RXI9
                                  fffc66b0         2   func ,g         * 
  _Excep_SCI9_TXI9
                                  fffc66b2         2   func ,g         * 
  _Excep_SCI9_TEI9
                                  fffc66b4         2   func ,g         * 
  _Excep_SCI12_ERI12
                                  fffc66b6         2   func ,g         * 
  _Excep_SCI12_RXI12
                                  fffc66b8         2   func ,g         * 
  _Excep_SCI12_TXI12
                                  fffc66ba         2   func ,g         * 
  _Excep_SCI12_TEI12
                                  fffc66bc         2   func ,g         * 
  _Excep_SCI12_SCIX0
                                  fffc66be         2   func ,g         * 
  _Excep_SCI12_SCIX1
                                  fffc66c0         2   func ,g         * 
  _Excep_SCI12_SCIX2
                                  fffc66c2         2   func ,g         * 
  _Excep_SCI12_SCIX3
                                  fffc66c4         2   func ,g         * 
  _Excep_RIIC0_EEI0
                                  fffc66c6         e   func ,g         * 
  _Excep_RIIC0_RXI0
                                  fffc66d4         e   func ,g         * 
  _Excep_RIIC0_TXI0
                                  fffc66e2         e   func ,g         * 
  _Excep_RIIC0_TEI0
                                  fffc66f0         e   func ,g         * 

SECTION=W_1
FILE=DefaultBuild\RX220Mouse2.obj
                                  fffc6700  fffc670b         c

SECTION=L
FILE=DefaultBuild\RX220Mouse2.obj
                                  fffc670c  fffc689e       193

SECTION=$ADDR_C_FFFFFF80
FILE=DefaultBuild\vecttbl.obj
                                  ffffff80  ffffff83         4
  __MDEreg
                                  ffffff80         4   data ,g         * 

SECTION=$ADDR_C_FFFFFFA0
FILE=DefaultBuild\vecttbl.obj
                                  ffffffa0  ffffffaf        10
  _id_code
                                  ffffffa0        10   data ,g         * 

SECTION=FIXEDVECT
FILE=DefaultBuild\vecttbl.obj
                                  ffffffd0  ffffffff        30
  _Fixed_Vectors
                                  ffffffd0        30   data ,g         * 

*** Unfilled Areas ***

AREA                                START    END

*** Delete Symbols ***

SYMBOL                                SIZE    INFO
