Renesas Optimizing Linker (W3.07.00 )             10-Jan-2026 14:30:51

*** Options ***

-subcommand=DefaultBuild\RX220Mouse2.clnk
-library=DefaultBuild\RX220Mouse2.lib
-input=DefaultBuild\dbsct.obj
-input=DefaultBuild\intprg.obj
-input=DefaultBuild\resetprg.obj
-input=DefaultBuild\RX220Mouse2.obj
-input=DefaultBuild\sbrk.obj
-input=DefaultBuild\vecttbl.obj
-noprelink
-output=DefaultBuild\RX220Mouse2.abs
-list=DefaultBuild\RX220Mouse2.map
-show=symbol,total_size
-nooptimize
-start=B_1,R_1,B_2,R_2,B,R,SU,SI/04,PResetPRG/0FFFC0000,C_1,C_2,C,C$DSEC,C$BSEC,C$INIT,C$VTBL,C$VECT,D_1,D_2,D,P,PIntPRG,W_1,W_2,W,L/0FFFC0100,FIXEDVECT/0FFFFFFD0
-rom=D=R,D_1=R_1,D_2=R_2
-nologo
-end

*** Error information ***

*** Mapping List ***

SECTION                            START      END         SIZE   ALIGN
B_1
                                  00000004  0000021a       217   1
R_1
                                  0000021b  0000021b         1   1
B_2
                                  0000021c  00000697       47c   2
R_2
                                  00000698  000006a1         a   2
B
                                  000006a4  00000aab       408   4
R
                                  00000aac  00000ab7         c   4
SU
                                  00000ab8  00000bb7       100   4
SI
                                  00000bb8  00000eb7       300   4
PResetPRG
                                  fffc0000  fffc002b        2c   4
C_1
                                  fffc0100  fffc0100         0   1
C_2
                                  fffc0100  fffc117b      107c   2
C
                                  fffc117c  fffc11fb        80   4
C$DSEC
                                  fffc11fc  fffc121f        24   4
C$BSEC
                                  fffc1220  fffc1237        18   4
C$INIT
                                  fffc1238  fffc1238         0   1
C$VTBL
                                  fffc1238  fffc1238         0   1
C$VECT
                                  fffc1238  fffc1637       400   4
D_1
                                  fffc1638  fffc1638         1   1
D_2
                                  fffc163a  fffc1643         a   2
D
                                  fffc1644  fffc164f         c   4
P
                                  fffc1650  fffc5835      41e6   4
PIntPRG
                                  fffc5836  fffc5947       112   1
W_1
                                  fffc5948  fffc5953         c   4
W_2
                                  fffc5954  fffc5954         0   2
W
                                  fffc5954  fffc5954         0   4
L
                                  fffc5954  fffc5aae       15b   4
$ADDR_C_FFFFFF80
                                  ffffff80  ffffff83         4   1
$ADDR_C_FFFFFFA0
                                  ffffffa0  ffffffaf        10   1
FIXEDVECT
                                  ffffffd0  ffffffff        30   4

*** Total Section Size ***

RAMDATA SECTION:  00000eb2 Byte(s)
ROMDATA SECTION:  000016fa Byte(s)
PROGRAM SECTION:  00004324 Byte(s)

*** Symbol List ***

SECTION=
FILE=                               START        END    SIZE
  SYMBOL                            ADDR        SIZE    INFO      COUNTS  OPT

SECTION=B_1
FILE=DefaultBuild\RX220Mouse2.obj
                                  00000004  0000021a       217
  _LCD_DATA
                                  00000004        10   data ,g         * 
  _gspeed_index
                                  00000014         1   data ,g         * 
  _head
                                  00000015         1   data ,g         * 
  _head_change
                                  00000016         1   data ,g         * 
  _pos_x
                                  00000017         1   data ,g         * 
  _pos_y
                                  00000018         1   data ,g         * 
  _map
                                  00000019       100   data ,g         * 
  _p_map
                                  00000119       100   data ,g         * 
  _goal_x
                                  00000219         1   data ,g         * 
  _goal_y
                                  0000021a         1   data ,g         * 

SECTION=R_1
FILE=DefaultBuild\RX220Mouse2.obj
                                  0000021b  0000021b         1
  _ccnt_playing
                                  0000021b         1   data ,l         * 

SECTION=B_2
FILE=DefaultBuild\RX220Mouse2.obj
                                  0000021c  00000697       47c
  _LCD_FLAG
                                  0000021c         2   data ,g         * 
  _LCD_PT
                                  0000021e         2   data ,g         * 
  _SENSOR_PT
                                  00000220         2   data ,g         * 
  _Batt
                                  00000222         2   data ,g         * 
  _R_PRE
                                  00000224         2   data ,g         * 
  _L_PRE
                                  00000226         2   data ,g         * 
  _F_PRE
                                  00000228         2   data ,g         * 
  _R_SEN
                                  0000022a         2   data ,g         * 
  _L_SEN
                                  0000022c         2   data ,g         * 
  _F_SEN
                                  0000022e         2   data ,g         * 
  _R_SW
                                  00000230         2   data ,g         * 
  _L_SW
                                  00000232         2   data ,g         * 
  _F_SW
                                  00000234         2   data ,g         * 
  _R_REF
                                  00000236         2   data ,g         * 
  _L_REF
                                  00000238         2   data ,g         * 
  _F_REF
                                  0000023a         2   data ,g         * 
  _R_LIM
                                  0000023c         2   data ,g         * 
  _L_LIM
                                  0000023e         2   data ,g         * 
  _F_LIM
                                  00000240         2   data ,g         * 
  _F_LIM2
                                  00000242         2   data ,g         * 
  _timerL
                                  00000244         2   data ,g         * 
  _timerR
                                  00000246         2   data ,g         * 
  _ldir
                                  00000248         2   data ,g         * 
  _rdir
                                  0000024a         2   data ,g         * 
  _speed
                                  0000024c         2   data ,g         * 
  _speed_now
                                  0000024e         2   data ,g         * 
  _MotorTimer
                                  00000250         2   data ,g         * 
  _control_mode
                                  00000252         2   data ,g         * 
  _STEP
                                  00000254         2   data ,g         * 
  _GO_STEP
                                  00000256         2   data ,g         * 
  _TURN_STEP
                                  00000258         2   data ,g         * 
  _SLALOM_STEP_FORWARD
                                  0000025a         2   data ,g         * 
  _SLALOM_STEP_OUT
                                  0000025c         2   data ,g         * 
  _SLALOM_INNER_SPEED
                                  0000025e         2   data ,g         * 
  _BACK_STEP
                                  00000260         2   data ,g         * 
  _HALF_STEP
                                  00000262         2   data ,g         * 
  _GSPEEDvar
                                  00000264         2   data ,g         * 
  _slalom_step_forward_table
                                  00000266        10   data ,l         * 
  _slalom_step_out_table
                                  00000276        10   data ,l         * 
  _slalom_inner_speed_table
                                  00000286        10   data ,l         * 
  _wall_sample_left
                                  00000296       200   data ,g         * 
  _wall_sample_right
                                  00000496       200   data ,g         * 
  _wall_sample_count
                                  00000696         2   data ,g         * 

SECTION=R_2
FILE=DefaultBuild\RX220Mouse2.obj
                                  00000698  000006a1         a
  _wait_timer
                                  00000698         2   data ,g         * 
  _ccnt_ms_left
                                  0000069a         2   data ,l         * 
  _ccnt_step_index
                                  0000069c         2   data ,l         * 
  _stepf_r
                                  0000069e         2   data ,g         * 
  _stepf_l
                                  000006a0         2   data ,g         * 

SECTION=B
FILE=DefaultBuild\RX220Mouse2.obj
                                  000006a4  000006ab         8
  _step_r
                                  000006a4         4   data ,g         * 
  _step_l
                                  000006a8         4   data ,g         * 
FILE=DefaultBuild\sbrk.obj
                                  000006ac  00000aab       400
  _heap_area
                                  000006ac       400   data ,l         * 

SECTION=R
FILE=DefaultBuild\RX220Mouse2.obj
                                  00000aac  00000ab3         8
  _MODE
                                  00000aac         4   data ,g         * 
  _goal_choice_index
                                  00000ab0         4   data ,g         * 
FILE=DefaultBuild\sbrk.obj
                                  00000ab4  00000ab7         4
  _brk
                                  00000ab4         4   data ,l         * 

SECTION=SU
FILE=DefaultBuild\resetprg.obj
                                  00000ab8  00000bb7       100

SECTION=SI
FILE=DefaultBuild\resetprg.obj
                                  00000bb8  00000eb7       300

SECTION=PResetPRG
FILE=DefaultBuild\resetprg.obj
                                  fffc0000  fffc002b        2c
  _PowerON_Reset_PC
                                  fffc0000        29   entry,g         * 

SECTION=C_2
FILE=DefaultBuild\RX220Mouse2.obj
                                  fffc0100  fffc117b      107c
  _AccTable
                                  fffc0100       fa0   data ,g         * 
  _GSSPEED
                                  fffc10a0        10   data ,l         * 
  _beep_data
                                  fffc10b0        4c   data ,l         * 
  _ccnt_melody
                                  fffc10fc        80   data ,l         * 

SECTION=C
FILE=DefaultBuild\dbsct.obj
                                  fffc117c  fffc11af        34
  __CTBL
                                  fffc117c        34   data ,g         * 
FILE=DefaultBuild\RX220Mouse2.obj
                                  fffc11b0  fffc11fb        4c
  _goal_choices
                                  fffc11b0        28   data ,l         * 
  _center_refs
                                  fffc11d8        24   data ,l         * 

SECTION=C$DSEC
FILE=DefaultBuild\dbsct.obj
                                  fffc11fc  fffc121f        24
  __DTBL
                                  fffc11fc        24   data ,g         * 

SECTION=C$BSEC
FILE=DefaultBuild\dbsct.obj
                                  fffc1220  fffc1237        18
  __BTBL
                                  fffc1220        18   data ,g         * 

SECTION=C$VECT
FILE=DefaultBuild\dbsct.obj
                                  fffc1238  fffc1637       400

SECTION=D_1
FILE=DefaultBuild\RX220Mouse2.obj
                                  fffc1638  fffc1638         1

SECTION=D_2
FILE=DefaultBuild\RX220Mouse2.obj
                                  fffc163a  fffc1643         a

SECTION=D
FILE=DefaultBuild\RX220Mouse2.obj
                                  fffc1644  fffc164b         8
FILE=DefaultBuild\sbrk.obj
                                  fffc164c  fffc164f         4

SECTION=P
FILE=DefaultBuild\RX220Mouse2.obj
                                  fffc1650  fffc57af      4160
  _LCD_init
                                  fffc1650        6d   func ,g         * 
  _LCD
                                  fffc16bd        82   func ,g         * 
  _LCD_clear
                                  fffc173f        23   func ,g         * 
  _LCD_print
                                  fffc1762        2d   func ,g         * 
  _LCD_dec_out
                                  fffc178f        eb   func ,g         * 
  _LCD_com4
                                  fffc187a        44   func ,g         * 
  _LCD_com8
                                  fffc18be        14   func ,g         * 
  _LCD_dat8
                                  fffc18d2        7d   func ,g         * 
  _LCD_wait
                                  fffc194f        18   func ,g         * 
  _buzzer_set_tone
                                  fffc1967        40   func ,l         * 
  _ccnt_playback_tick
                                  fffc19a7        80   func ,l         * 
  _set_goal_choice_index
                                  fffc1a27        4a   func ,l         * 
  _advance_goal_choice
                                  fffc1a71        12   func ,l         * 
  _main
                                  fffc1a83       161   func ,g         * 
  _IO_init
                                  fffc1be4       3fc   func ,g         * 
  _load_param
                                  fffc1fe0       1f2   func ,g         * 
  _reset_wall_samples
                                  fffc21d2         a   func ,g         * 
  _log_wall_samples
                                  fffc21dc        ab   func ,g         * 
  _update_wall_ref_from_log
                                  fffc2287        7c   func ,g         * 
  _timerc_200us
                                  fffc2303       53a   func ,g         * 
  _int_mot_r
                                  fffc283d        22   func ,g         * 
  _int_mot_l
                                  fffc285f        22   func ,g         * 
  _pause
                                  fffc2881        1c   func ,g         * 
  _WaitKeyOff
                                  fffc289d        43   func ,g         * 
  _beep
                                  fffc28e0        4a   func ,g         * 
  _ccnt
                                  fffc292a        3a   func ,g         * 
  _change_mode
                                  fffc2964       14b   func ,g         * 
  _exec_mode
                                  fffc2aaf       101   func ,g         * 
  _modeB1
                                  fffc2bb0        9b   func ,g         * 
  _mode0
                                  fffc2c4b        e6   func ,g         * 
  _mode1
                                  fffc2d31        de   func ,g         * 
  _mode2
                                  fffc2e0f        7f   func ,g         * 
  _mode3
                                  fffc2e8e        7d   func ,g         * 
  _mode4
                                  fffc2f0b        76   func ,g         * 
  _set_slalom_steps_for_speed
                                  fffc2f81        58   func ,l         * 
  _store_slalom_steps_for_speed
                                  fffc2fd9        58   func ,l         * 
  _gspeed_index_for_value
                                  fffc3031        31   func ,l         * 
  _update_gspeed_index
                                  fffc3062        72   func ,l         * 
  _select_gspeed
                                  fffc30d4        87   func ,l         * 
  _mode5
                                  fffc315b        9a   func ,g         * 
  _mode6
                                  fffc31f5        79   func ,g         * 
  _mode7
                                  fffc326e        60   func ,g         * 
  _mode8
                                  fffc32ce        99   func ,g         * 
  _mode9
                                  fffc3367        f8   func ,g         * 
  _render_center_ref_line
                                  fffc345f        45   func ,l         * 
  _mode10
                                  fffc34a4        99   func ,g         * 
  _mode11
                                  fffc353d        f3   func ,g         * 
  _mode12
                                  fffc3630       1a5   func ,g         * 
  _mode13
                                  fffc37d5        84   func ,g         * 
  _mouse_search
                                  fffc3859       4a6   func ,g         * 
  _slalom_search
                                  fffc3cff       3c9   func ,g         * 
  _com_go
                                  fffc40c8        a9   func ,g         * 
  _com_stop
                                  fffc4171        4f   func ,g         * 
  _com_turn
                                  fffc41c0        fd   func ,g         * 
  _com_slalom_turn
                                  fffc42bd       1c9   func ,g         * 
  _com_back
                                  fffc4486        bd   func ,g         * 
  _com_go_half
                                  fffc4543        97   func ,g         * 
  _kbat_r
                                  fffc45da        11   func ,g         * 
  _kbat_lf_turn
                                  fffc45eb        99   func ,g         * 
  _goal_kbat_turn
                                  fffc4684       11d   func ,g         * 
  _start_back_wall_contact
                                  fffc47a1         c   func ,l         * 
  _countdown
                                  fffc47ad        6c   func ,g         * 
  _finish
                                  fffc4819        30   func ,g         * 
  _map_writeDF
                                  fffc4849        77   func ,g         * 
  _map_DFread
                                  fffc48c0        8a   func ,g         * 
  _sensor_ref_writeDF
                                  fffc494a        3a   func ,g         * 
  _sensor_ref_readDF
                                  fffc4984        45   func ,g         * 
  _slalom_step_writeDF
                                  fffc49c9        84   func ,g         * 
  _slalom_step_readDF
                                  fffc4a4d        f2   func ,g         * 
  _goal_choice_writeDF
                                  fffc4b3f        3d   func ,g         * 
  _goal_choice_readDF
                                  fffc4b7c        35   func ,g         * 
  _go_step_writeDF
                                  fffc4bb1        28   func ,g         * 
  _go_step_readDF
                                  fffc4bd9        32   func ,g         * 
  _fcu_reset
                                  fffc4c0b        1f   func ,g         * 
  _fcu_tope
                                  fffc4c2a        22   func ,g         * 
  _fcu_toread
                                  fffc4c4c        1e   func ,g         * 
  _error_check
                                  fffc4c6a        6e   func ,g         * 
  _clear_flash
                                  fffc4cd8        32   func ,g         * 
  _wait_frdy
                                  fffc4d0a        30   func ,g         * 
  _DFlash_init
                                  fffc4d3a        84   func ,g         * 
  _DFlash_bread
                                  fffc4dbe        44   func ,g         * 
  _DFlash_bprog
                                  fffc4e02        65   func ,g         * 
  _get_wall_data
                                  fffc4e67        56   func ,g         * 
  _clear_map
                                  fffc4ebd        e6   func ,g         * 
  _make_map_data
                                  fffc4fa3       199   func ,g         * 
  _make_potential
                                  fffc513c       390   func ,g         * 
  _search_left_hand
                                  fffc54cc        5b   func ,g         * 
  _search_adachi
                                  fffc5527       289   func ,g         * 
FILE=DefaultBuild\sbrk.obj
                                  fffc57b0  fffc57eb        3c
  _sbrk
                                  fffc57b0        3c   func ,g         * 
FILE=__initsct
                                  fffc57ec  fffc5835        4a
  __INITSCT
                                  fffc57ec         0   none ,g         * 
  loop1
                                  fffc57fe         0   none ,l         * 
  next_loop1
                                  fffc580c         0   none ,l         * 
  loop3
                                  fffc581e         0   none ,l         * 
  next_loop3
                                  fffc582f         0   none ,l         * 

SECTION=PIntPRG
FILE=DefaultBuild\intprg.obj
                                  fffc5836  fffc5947       112
  _Excep_SuperVisorInst
                                  fffc5836         2   func ,g         * 
  _Excep_UndefinedInst
                                  fffc5838         2   func ,g         * 
  _NonMaskableInterrupt
                                  fffc583a         2   func ,g         * 
  _Dummy
                                  fffc583c         2   func ,g         * 
  _Excep_BRK
                                  fffc583e         4   func ,g         * 
  _Excep_BSC_BUSERR
                                  fffc5842         2   func ,g         * 
  _Excep_FCU_FIFERR
                                  fffc5844         2   func ,g         * 
  _Excep_FCU_FRDYI
                                  fffc5846         2   func ,g         * 
  _Excep_ICU_SWINT
                                  fffc5848         2   func ,g         * 
  _Excep_CMT0_CMI0
                                  fffc584a         e   func ,g         * 
  _Excep_CMT1_CMI1
                                  fffc5858         2   func ,g         * 
  _Excep_CMT2_CMI2
                                  fffc585a         2   func ,g         * 
  _Excep_CMT3_CMI3
                                  fffc585c         2   func ,g         * 
  _Excep_CAC_FERRF
                                  fffc585e         2   func ,g         * 
  _Excep_CAC_MENDF
                                  fffc5860         2   func ,g         * 
  _Excep_CAC_OVFF
                                  fffc5862         2   func ,g         * 
  _Excep_RSPI0_SPEI0
                                  fffc5864         2   func ,g         * 
  _Excep_RSPI0_SPRI0
                                  fffc5866         2   func ,g         * 
  _Excep_RSPI0_SPTI0
                                  fffc5868         2   func ,g         * 
  _Excep_RSPI0_SPII0
                                  fffc586a         2   func ,g         * 
  _Excep_DOC_DOPCF
                                  fffc586c         2   func ,g         * 
  _Excep_CMPB_CMPB0
                                  fffc586e         1   func ,g         * 
  _Excep_CMPB_CMPB1
                                  fffc586f         1   func ,g         * 
  _Excep_RTC_CUP
                                  fffc5870         2   func ,g         * 
  _Excep_ICU_IRQ0
                                  fffc5872         2   func ,g         * 
  _Excep_ICU_IRQ1
                                  fffc5874         2   func ,g         * 
  _Excep_ICU_IRQ2
                                  fffc5876         2   func ,g         * 
  _Excep_ICU_IRQ3
                                  fffc5878         2   func ,g         * 
  _Excep_ICU_IRQ4
                                  fffc587a         2   func ,g         * 
  _Excep_ICU_IRQ5
                                  fffc587c         2   func ,g         * 
  _Excep_ICU_IRQ6
                                  fffc587e         2   func ,g         * 
  _Excep_ICU_IRQ7
                                  fffc5880         2   func ,g         * 
  _Excep_LVD_LVD1
                                  fffc5882         2   func ,g         * 
  _Excep_LVD_LVD2
                                  fffc5884         2   func ,g         * 
  _Excep_CMPA_CMPA1
                                  fffc5886         1   func ,g         * 
  _Excep_CMPA_CMPA2
                                  fffc5887         1   func ,g         * 
  _Excep_RTC_ALM
                                  fffc5888         2   func ,g         * 
  _Excep_RTC_PRD
                                  fffc588a         2   func ,g         * 
  _Excep_S12AD_S12ADI0
                                  fffc588c         2   func ,g         * 
  _Excep_S12AD_GBADI
                                  fffc588e         2   func ,g         * 
  _Excep_ELC_ELSR18I
                                  fffc5890         2   func ,g         * 
  _Excep_ELC_ELSR19I
                                  fffc5892         1   func ,g         * 
  _Excep_MTU0_TGIA0
                                  fffc5893         2   func ,g         * 
  _Excep_MTU0_TGIB0
                                  fffc5895         2   func ,g         * 
  _Excep_MTU0_TGIC0
                                  fffc5897         2   func ,g         * 
  _Excep_MTU0_TGID0
                                  fffc5899         2   func ,g         * 
  _Excep_MTU0_TCIV0
                                  fffc589b         2   func ,g         * 
  _Excep_MTU0_TGIE0
                                  fffc589d         2   func ,g         * 
  _Excep_MTU0_TGIF0
                                  fffc589f         2   func ,g         * 
  _Excep_MTU1_TGIA1
                                  fffc58a1         2   func ,g         * 
  _Excep_MTU1_TGIB1
                                  fffc58a3         2   func ,g         * 
  _Excep_MTU1_TCIV1
                                  fffc58a5         2   func ,g         * 
  _Excep_MTU1_TCIU1
                                  fffc58a7         2   func ,g         * 
  _Excep_MTU2_TGIA2
                                  fffc58a9         2   func ,g         * 
  _Excep_MTU2_TGIB2
                                  fffc58ab         2   func ,g         * 
  _Excep_MTU2_TCIV2
                                  fffc58ad         2   func ,g         * 
  _Excep_MTU2_TCIU2
                                  fffc58af         2   func ,g         * 
  _Excep_MTU3_TGIA3
                                  fffc58b1         2   func ,g         * 
  _Excep_MTU3_TGIB3
                                  fffc58b3         e   func ,g         * 
  _Excep_MTU3_TGIC3
                                  fffc58c1         2   func ,g         * 
  _Excep_MTU3_TGID3
                                  fffc58c3         2   func ,g         * 
  _Excep_MTU3_TCIV3
                                  fffc58c5         2   func ,g         * 
  _Excep_MTU4_TGIA4
                                  fffc58c7         2   func ,g         * 
  _Excep_MTU4_TGIB4
                                  fffc58c9         e   func ,g         * 
  _Excep_MTU4_TGIC4
                                  fffc58d7         2   func ,g         * 
  _Excep_MTU4_TGID4
                                  fffc58d9         2   func ,g         * 
  _Excep_MTU4_TCIV4
                                  fffc58db         2   func ,g         * 
  _Excep_MTU5_TGIU5
                                  fffc58dd         2   func ,g         * 
  _Excep_MTU5_TGIV5
                                  fffc58df         2   func ,g         * 
  _Excep_MTU5_TGIW5
                                  fffc58e1         2   func ,g         * 
  _Excep_POE_OEI1
                                  fffc58e3         2   func ,g         * 
  _Excep_POE_OEI2
                                  fffc58e5         2   func ,g         * 
  _Excep_TMR0_CMIA0
                                  fffc58e7         2   func ,g         * 
  _Excep_TMR0_CMIB0
                                  fffc58e9         2   func ,g         * 
  _Excep_TMR0_OVI0
                                  fffc58eb         2   func ,g         * 
  _Excep_TMR1_CMIA1
                                  fffc58ed         2   func ,g         * 
  _Excep_TMR1_CMIB1
                                  fffc58ef         2   func ,g         * 
  _Excep_TMR1_OVI1
                                  fffc58f1         2   func ,g         * 
  _Excep_TMR2_CMIA2
                                  fffc58f3         2   func ,g         * 
  _Excep_TMR2_CMIB2
                                  fffc58f5         2   func ,g         * 
  _Excep_TMR2_OVI2
                                  fffc58f7         2   func ,g         * 
  _Excep_TMR3_CMIA3
                                  fffc58f9         2   func ,g         * 
  _Excep_TMR3_CMIB3
                                  fffc58fb         2   func ,g         * 
  _Excep_TMR3_OVI3
                                  fffc58fd         2   func ,g         * 
  _Excep_DMAC_DMAC0I
                                  fffc58ff         2   func ,g         * 
  _Excep_DMAC_DMAC1I
                                  fffc5901         2   func ,g         * 
  _Excep_DMAC_DMAC2I
                                  fffc5903         2   func ,g         * 
  _Excep_DMAC_DMAC3I
                                  fffc5905         2   func ,g         * 
  _Excep_SCI0_ERI0
                                  fffc5907         1   func ,g         * 
  _Excep_SCI0_RXI0
                                  fffc5908         1   func ,g         * 
  _Excep_SCI0_TXI0
                                  fffc5909         1   func ,g         * 
  _Excep_SCI0_TEI0
                                  fffc590a         1   func ,g         * 
  _Excep_SCI1_ERI1
                                  fffc590b         2   func ,g         * 
  _Excep_SCI1_RXI1
                                  fffc590d         2   func ,g         * 
  _Excep_SCI1_TXI1
                                  fffc590f         2   func ,g         * 
  _Excep_SCI1_TEI1
                                  fffc5911         2   func ,g         * 
  _Excep_SCI5_ERI5
                                  fffc5913         2   func ,g         * 
  _Excep_SCI5_RXI5
                                  fffc5915         2   func ,g         * 
  _Excep_SCI5_TXI5
                                  fffc5917         2   func ,g         * 
  _Excep_SCI5_TEI5
                                  fffc5919         2   func ,g         * 
  _Excep_SCI6_ERI6
                                  fffc591b         2   func ,g         * 
  _Excep_SCI6_RXI6
                                  fffc591d         2   func ,g         * 
  _Excep_SCI6_TXI6
                                  fffc591f         2   func ,g         * 
  _Excep_SCI6_TEI6
                                  fffc5921         2   func ,g         * 
  _Excep_SCI8_ERI8
                                  fffc5923         1   func ,g         * 
  _Excep_SCI8_RXI8
                                  fffc5924         1   func ,g         * 
  _Excep_SCI8_TXI8
                                  fffc5925         1   func ,g         * 
  _Excep_SCI8_TEI8
                                  fffc5926         1   func ,g         * 
  _Excep_SCI9_ERI9
                                  fffc5927         2   func ,g         * 
  _Excep_SCI9_RXI9
                                  fffc5929         2   func ,g         * 
  _Excep_SCI9_TXI9
                                  fffc592b         2   func ,g         * 
  _Excep_SCI9_TEI9
                                  fffc592d         2   func ,g         * 
  _Excep_SCI12_ERI12
                                  fffc592f         2   func ,g         * 
  _Excep_SCI12_RXI12
                                  fffc5931         2   func ,g         * 
  _Excep_SCI12_TXI12
                                  fffc5933         2   func ,g         * 
  _Excep_SCI12_TEI12
                                  fffc5935         2   func ,g         * 
  _Excep_SCI12_SCIX0
                                  fffc5937         2   func ,g         * 
  _Excep_SCI12_SCIX1
                                  fffc5939         2   func ,g         * 
  _Excep_SCI12_SCIX2
                                  fffc593b         2   func ,g         * 
  _Excep_SCI12_SCIX3
                                  fffc593d         2   func ,g         * 
  _Excep_RIIC0_EEI0
                                  fffc593f         2   func ,g         * 
  _Excep_RIIC0_RXI0
                                  fffc5941         2   func ,g         * 
  _Excep_RIIC0_TXI0
                                  fffc5943         2   func ,g         * 
  _Excep_RIIC0_TEI0
                                  fffc5945         2   func ,g         * 

SECTION=W_1
FILE=DefaultBuild\RX220Mouse2.obj
                                  fffc5948  fffc5953         c

SECTION=L
FILE=DefaultBuild\RX220Mouse2.obj
                                  fffc5954  fffc5aae       15b

SECTION=$ADDR_C_FFFFFF80
FILE=DefaultBuild\vecttbl.obj
                                  ffffff80  ffffff83         4
  __MDEreg
                                  ffffff80         4   data ,g         * 

SECTION=$ADDR_C_FFFFFFA0
FILE=DefaultBuild\vecttbl.obj
                                  ffffffa0  ffffffaf        10
  _id_code
                                  ffffffa0        10   data ,g         * 

SECTION=FIXEDVECT
FILE=DefaultBuild\vecttbl.obj
                                  ffffffd0  ffffffff        30
  _Fixed_Vectors
                                  ffffffd0        30   data ,g         * 

*** Unfilled Areas ***

AREA                                START    END

*** Delete Symbols ***

SYMBOL                                SIZE    INFO
