Renesas Optimizing Linker (W3.07.00 )             01-Dec-2025 20:35:01

*** Options ***

-subcommand=DefaultBuild\RX220Mouse2.clnk
-library=DefaultBuild\RX220Mouse2.lib
-input=DefaultBuild\dbsct.obj
-input=DefaultBuild\intprg.obj
-input=DefaultBuild\resetprg.obj
-input=DefaultBuild\RX220Mouse2.obj
-input=DefaultBuild\sbrk.obj
-input=DefaultBuild\vecttbl.obj
-noprelink
-output=DefaultBuild\RX220Mouse2.abs
-list=DefaultBuild\RX220Mouse2.map
-show=symbol,total_size
-nooptimize
-start=B_1,R_1,B_2,R_2,B,R,SU,SI/04,PResetPRG/0FFFC0000,C_1,C_2,C,C$DSEC,C$BSEC,C$INIT,C$VTBL,C$VECT,D_1,D_2,D,P,PIntPRG,W_1,W_2,W,L/0FFFC0100,FIXEDVECT/0FFFFFFD0
-rom=D=R,D_1=R_1,D_2=R_2
-nologo
-end

*** Error information ***

*** Mapping List ***

SECTION                            START      END         SIZE   ALIGN
B_1
                                  00000004  00000218       215   1
R_1
                                  00000219  00000219         1   1
B_2
                                  0000021a  00000657       43e   2
R_2
                                  00000658  00000661         a   2
B
                                  00000664  00000a6b       408   4
R
                                  00000a6c  00000a73         8   4
SU
                                  00000a74  00000b73       100   4
SI
                                  00000b74  00000e73       300   4
PResetPRG
                                  fffc0000  fffc002b        2c   4
C_1
                                  fffc0100  fffc0100         0   1
C_2
                                  fffc0100  fffc117b      107c   2
C
                                  fffc117c  fffc11af        34   4
C$DSEC
                                  fffc11b0  fffc11d3        24   4
C$BSEC
                                  fffc11d4  fffc11eb        18   4
C$INIT
                                  fffc11ec  fffc11ec         0   1
C$VTBL
                                  fffc11ec  fffc11ec         0   1
C$VECT
                                  fffc11ec  fffc15eb       400   4
D_1
                                  fffc15ec  fffc15ec         1   1
D_2
                                  fffc15ee  fffc15f7         a   2
D
                                  fffc15f8  fffc15ff         8   4
P
                                  fffc1600  fffc3fc8      29c9   4
PIntPRG
                                  fffc3fc9  fffc40db       113   1
W_1
                                  fffc40dc  fffc40dc         0   4
W_2
                                  fffc40dc  fffc40dc         0   1
W
                                  fffc40dc  fffc40dc         0   1
L
                                  fffc40dc  fffc419f        c4   4
$ADDR_C_FFFFFF80
                                  ffffff80  ffffff83         4   1
$ADDR_C_FFFFFFA0
                                  ffffffa0  ffffffaf        10   1
FIXEDVECT
                                  ffffffd0  ffffffff        30   4

*** Total Section Size ***

RAMDATA SECTION:  00000e6e Byte(s)
ROMDATA SECTION:  00001607 Byte(s)
PROGRAM SECTION:  00002b08 Byte(s)

*** Symbol List ***

SECTION=
FILE=                               START        END    SIZE
  SYMBOL                            ADDR        SIZE    INFO      COUNTS  OPT

SECTION=B_1
FILE=DefaultBuild\RX220Mouse2.obj
                                  00000004  00000218       215
  _LCD_DATA
                                  00000004        10   data ,g         * 
  _gspeed_index
                                  00000014         1   data ,g         * 
  _head
                                  00000015         1   data ,g         * 
  _head_change
                                  00000016         1   data ,g         * 
  _pos_x
                                  00000017         1   data ,g         * 
  _pos_y
                                  00000018         1   data ,g         * 
  _map
                                  00000019       100   data ,g         * 
  _p_map
                                  00000119       100   data ,g         * 

SECTION=R_1
FILE=DefaultBuild\RX220Mouse2.obj
                                  00000219  00000219         1
  _ccnt_playing
                                  00000219         1   data ,l         * 

SECTION=B_2
FILE=DefaultBuild\RX220Mouse2.obj
                                  0000021a  00000657       43e
  _LCD_FLAG
                                  0000021a         2   data ,g         * 
  _LCD_PT
                                  0000021c         2   data ,g         * 
  _SENSOR_PT
                                  0000021e         2   data ,g         * 
  _Batt
                                  00000220         2   data ,g         * 
  _R_PRE
                                  00000222         2   data ,g         * 
  _L_PRE
                                  00000224         2   data ,g         * 
  _F_PRE
                                  00000226         2   data ,g         * 
  _R_SEN
                                  00000228         2   data ,g         * 
  _L_SEN
                                  0000022a         2   data ,g         * 
  _F_SEN
                                  0000022c         2   data ,g         * 
  _R_SW
                                  0000022e         2   data ,g         * 
  _L_SW
                                  00000230         2   data ,g         * 
  _F_SW
                                  00000232         2   data ,g         * 
  _R_REF
                                  00000234         2   data ,g         * 
  _L_REF
                                  00000236         2   data ,g         * 
  _R_LIM
                                  00000238         2   data ,g         * 
  _L_LIM
                                  0000023a         2   data ,g         * 
  _F_LIM
                                  0000023c         2   data ,g         * 
  _timerL
                                  0000023e         2   data ,g         * 
  _timerR
                                  00000240         2   data ,g         * 
  _ldir
                                  00000242         2   data ,g         * 
  _rdir
                                  00000244         2   data ,g         * 
  _speed
                                  00000246         2   data ,g         * 
  _speed_now
                                  00000248         2   data ,g         * 
  _MotorTimer
                                  0000024a         2   data ,g         * 
  _control_mode
                                  0000024c         2   data ,g         * 
  _STEP
                                  0000024e         2   data ,g         * 
  _GO_STEP
                                  00000250         2   data ,g         * 
  _TURN_STEP
                                  00000252         2   data ,g         * 
  _GSPEEDvar
                                  00000254         2   data ,g         * 
  _wall_sample_left
                                  00000256       200   data ,g         * 
  _wall_sample_right
                                  00000456       200   data ,g         * 
  _wall_sample_count
                                  00000656         2   data ,g         * 

SECTION=R_2
FILE=DefaultBuild\RX220Mouse2.obj
                                  00000658  00000661         a
  _wait_timer
                                  00000658         2   data ,g         * 
  _ccnt_ms_left
                                  0000065a         2   data ,l         * 
  _ccnt_step_index
                                  0000065c         2   data ,l         * 
  _stepf_r
                                  0000065e         2   data ,g         * 
  _stepf_l
                                  00000660         2   data ,g         * 

SECTION=B
FILE=DefaultBuild\RX220Mouse2.obj
                                  00000664  0000066b         8
  _step_r
                                  00000664         4   data ,g         * 
  _step_l
                                  00000668         4   data ,g         * 
FILE=DefaultBuild\sbrk.obj
                                  0000066c  00000a6b       400
  _heap_area
                                  0000066c       400   data ,l         * 

SECTION=R
FILE=DefaultBuild\RX220Mouse2.obj
                                  00000a6c  00000a6f         4
  _MODE
                                  00000a6c         4   data ,g         * 
FILE=DefaultBuild\sbrk.obj
                                  00000a70  00000a73         4
  _brk
                                  00000a70         4   data ,l         * 

SECTION=SU
FILE=DefaultBuild\resetprg.obj
                                  00000a74  00000b73       100

SECTION=SI
FILE=DefaultBuild\resetprg.obj
                                  00000b74  00000e73       300

SECTION=PResetPRG
FILE=DefaultBuild\resetprg.obj
                                  fffc0000  fffc002b        2c
  _PowerON_Reset_PC
                                  fffc0000        29   entry,g         * 

SECTION=C_2
FILE=DefaultBuild\RX220Mouse2.obj
                                  fffc0100  fffc117b      107c
  _AccTable
                                  fffc0100       fa0   data ,g         * 
  _GSSPEED
                                  fffc10a0        10   data ,l         * 
  _beep_data
                                  fffc10b0        4c   data ,l         * 
  _ccnt_melody
                                  fffc10fc        80   data ,l         * 

SECTION=C
FILE=DefaultBuild\dbsct.obj
                                  fffc117c  fffc11af        34
  __CTBL
                                  fffc117c        34   data ,g         * 

SECTION=C$DSEC
FILE=DefaultBuild\dbsct.obj
                                  fffc11b0  fffc11d3        24
  __DTBL
                                  fffc11b0        24   data ,g         * 

SECTION=C$BSEC
FILE=DefaultBuild\dbsct.obj
                                  fffc11d4  fffc11eb        18
  __BTBL
                                  fffc11d4        18   data ,g         * 

SECTION=C$VECT
FILE=DefaultBuild\dbsct.obj
                                  fffc11ec  fffc15eb       400

SECTION=D_1
FILE=DefaultBuild\RX220Mouse2.obj
                                  fffc15ec  fffc15ec         1

SECTION=D_2
FILE=DefaultBuild\RX220Mouse2.obj
                                  fffc15ee  fffc15f7         a

SECTION=D
FILE=DefaultBuild\RX220Mouse2.obj
                                  fffc15f8  fffc15fb         4
FILE=DefaultBuild\sbrk.obj
                                  fffc15fc  fffc15ff         4

SECTION=P
FILE=DefaultBuild\RX220Mouse2.obj
                                  fffc1600  fffc3f42      2943
  _LCD_init
                                  fffc1600        6d   func ,g         * 
  _LCD
                                  fffc166d        82   func ,g         * 
  _LCD_clear
                                  fffc16ef        23   func ,g         * 
  _LCD_print
                                  fffc1712        2d   func ,g         * 
  _LCD_dec_out
                                  fffc173f        eb   func ,g         * 
  _LCD_com4
                                  fffc182a        44   func ,g         * 
  _LCD_com8
                                  fffc186e        14   func ,g         * 
  _LCD_dat8
                                  fffc1882        7d   func ,g         * 
  _LCD_wait
                                  fffc18ff        18   func ,g         * 
  _buzzer_set_tone
                                  fffc1917        40   func ,l         * 
  _ccnt_playback_tick
                                  fffc1957        80   func ,l         * 
  _main
                                  fffc19d7       156   func ,g         * 
  _IO_init
                                  fffc1b2d       3fc   func ,g         * 
  _load_param
                                  fffc1f29        66   func ,g         * 
  _reset_wall_samples
                                  fffc1f8f         a   func ,g         * 
  _log_wall_samples
                                  fffc1f99        ab   func ,g         * 
  _update_wall_ref_from_log
                                  fffc2044        79   func ,g         * 
  _timerc_200us
                                  fffc20bd       506   func ,g         * 
  _int_mot_r
                                  fffc25c3        22   func ,g         * 
  _int_mot_l
                                  fffc25e5        22   func ,g         * 
  _pause
                                  fffc2607        1c   func ,g         * 
  _WaitKeyOff
                                  fffc2623        43   func ,g         * 
  _beep
                                  fffc2666        4a   func ,g         * 
  _ccnt
                                  fffc26b0        3a   func ,g         * 
  _change_mode
                                  fffc26ea        df   func ,g         * 
  _exec_mode
                                  fffc27c9        9b   func ,g         * 
  _modeB1
                                  fffc2864        3a   func ,g         * 
  _mode0
                                  fffc289e        e3   func ,g         * 
  _mode1
                                  fffc2981        de   func ,g         * 
  _mode2
                                  fffc2a5f        7c   func ,g         * 
  _mode3
                                  fffc2adb        7d   func ,g         * 
  _mode4
                                  fffc2b58        76   func ,g         * 
  _update_gspeed_index
                                  fffc2bce        67   func ,l         * 
  _select_gspeed
                                  fffc2c35        87   func ,l         * 
  _mode5
                                  fffc2cbc        88   func ,g         * 
  _mode6
                                  fffc2d44        6d   func ,g         * 
  _mode7
                                  fffc2db1        54   func ,g         * 
  _mouse_search
                                  fffc2e05       2d8   func ,g         * 
  _com_go
                                  fffc30dd        ae   func ,g         * 
  _com_stop
                                  fffc318b        4f   func ,g         * 
  _com_turn
                                  fffc31da        fd   func ,g         * 
  _countdown
                                  fffc32d7        6c   func ,g         * 
  _finish
                                  fffc3343        30   func ,g         * 
  _map_writeDF
                                  fffc3373        77   func ,g         * 
  _map_DFread
                                  fffc33ea        8a   func ,g         * 
  _fcu_reset
                                  fffc3474        1f   func ,g         * 
  _fcu_tope
                                  fffc3493        22   func ,g         * 
  _fcu_toread
                                  fffc34b5        1e   func ,g         * 
  _error_check
                                  fffc34d3        6e   func ,g         * 
  _clear_flash
                                  fffc3541        32   func ,g         * 
  _wait_frdy
                                  fffc3573        30   func ,g         * 
  _DFlash_init
                                  fffc35a3        84   func ,g         * 
  _DFlash_bread
                                  fffc3627        44   func ,g         * 
  _DFlash_bprog
                                  fffc366b        65   func ,g         * 
  _get_wall_data
                                  fffc36d0        56   func ,g         * 
  _clear_map
                                  fffc3726        e6   func ,g         * 
  _make_map_data
                                  fffc380c       199   func ,g         * 
  _make_potential
                                  fffc39a5       390   func ,g         * 
  _search_adachi
                                  fffc3d35       20e   func ,g         * 
FILE=DefaultBuild\sbrk.obj
                                  fffc3f43  fffc3f7e        3c
  _sbrk
                                  fffc3f43        3c   func ,g         * 
FILE=__initsct
                                  fffc3f7f  fffc3fc8        4a
  __INITSCT
                                  fffc3f7f         0   none ,g         * 
  loop1
                                  fffc3f91         0   none ,l         * 
  next_loop1
                                  fffc3f9f         0   none ,l         * 
  loop3
                                  fffc3fb1         0   none ,l         * 
  next_loop3
                                  fffc3fc2         0   none ,l         * 

SECTION=PIntPRG
FILE=DefaultBuild\intprg.obj
                                  fffc3fc9  fffc40db       113
  _Excep_SuperVisorInst
                                  fffc3fc9         2   func ,g         * 
  _Excep_UndefinedInst
                                  fffc3fcb         2   func ,g         * 
  _NonMaskableInterrupt
                                  fffc3fcd         2   func ,g         * 
  _Dummy
                                  fffc3fcf         2   func ,g         * 
  _Excep_BRK
                                  fffc3fd1         4   func ,g         * 
  _Excep_BSC_BUSERR
                                  fffc3fd5         2   func ,g         * 
  _Excep_FCU_FIFERR
                                  fffc3fd7         2   func ,g         * 
  _Excep_FCU_FRDYI
                                  fffc3fd9         2   func ,g         * 
  _Excep_ICU_SWINT
                                  fffc3fdb         2   func ,g         * 
  _Excep_CMT0_CMI0
                                  fffc3fdd         e   func ,g         * 
  _Excep_CMT1_CMI1
                                  fffc3feb         2   func ,g         * 
  _Excep_CMT2_CMI2
                                  fffc3fed         2   func ,g         * 
  _Excep_CMT3_CMI3
                                  fffc3fef         2   func ,g         * 
  _Excep_CAC_FERRF
                                  fffc3ff1         2   func ,g         * 
  _Excep_CAC_MENDF
                                  fffc3ff3         2   func ,g         * 
  _Excep_CAC_OVFF
                                  fffc3ff5         2   func ,g         * 
  _Excep_RSPI0_SPEI0
                                  fffc3ff7         2   func ,g         * 
  _Excep_RSPI0_SPRI0
                                  fffc3ff9         2   func ,g         * 
  _Excep_RSPI0_SPTI0
                                  fffc3ffb         2   func ,g         * 
  _Excep_RSPI0_SPII0
                                  fffc3ffd         2   func ,g         * 
  _Excep_DOC_DOPCF
                                  fffc3fff         2   func ,g         * 
  _Excep_CMPB_CMPB0
                                  fffc4001         1   func ,g         * 
  _Excep_CMPB_CMPB1
                                  fffc4002         1   func ,g         * 
  _Excep_RTC_CUP
                                  fffc4003         2   func ,g         * 
  _Excep_ICU_IRQ0
                                  fffc4005         2   func ,g         * 
  _Excep_ICU_IRQ1
                                  fffc4007         2   func ,g         * 
  _Excep_ICU_IRQ2
                                  fffc4009         2   func ,g         * 
  _Excep_ICU_IRQ3
                                  fffc400b         2   func ,g         * 
  _Excep_ICU_IRQ4
                                  fffc400d         2   func ,g         * 
  _Excep_ICU_IRQ5
                                  fffc400f         2   func ,g         * 
  _Excep_ICU_IRQ6
                                  fffc4011         2   func ,g         * 
  _Excep_ICU_IRQ7
                                  fffc4013         2   func ,g         * 
  _Excep_LVD_LVD1
                                  fffc4015         2   func ,g         * 
  _Excep_LVD_LVD2
                                  fffc4017         2   func ,g         * 
  _Excep_CMPA_CMPA1
                                  fffc4019         1   func ,g         * 
  _Excep_CMPA_CMPA2
                                  fffc401a         1   func ,g         * 
  _Excep_RTC_ALM
                                  fffc401b         2   func ,g         * 
  _Excep_RTC_PRD
                                  fffc401d         2   func ,g         * 
  _Excep_S12AD_S12ADI0
                                  fffc401f         2   func ,g         * 
  _Excep_S12AD_GBADI
                                  fffc4021         2   func ,g         * 
  _Excep_ELC_ELSR18I
                                  fffc4023         2   func ,g         * 
  _Excep_ELC_ELSR19I
                                  fffc4025         1   func ,g         * 
  _Excep_MTU0_TGIA0
                                  fffc4026         2   func ,g         * 
  _Excep_MTU0_TGIB0
                                  fffc4028         2   func ,g         * 
  _Excep_MTU0_TGIC0
                                  fffc402a         2   func ,g         * 
  _Excep_MTU0_TGID0
                                  fffc402c         2   func ,g         * 
  _Excep_MTU0_TCIV0
                                  fffc402e         2   func ,g         * 
  _Excep_MTU0_TGIE0
                                  fffc4030         2   func ,g         * 
  _Excep_MTU0_TGIF0
                                  fffc4032         2   func ,g         * 
  _Excep_MTU1_TGIA1
                                  fffc4034         2   func ,g         * 
  _Excep_MTU1_TGIB1
                                  fffc4036         2   func ,g         * 
  _Excep_MTU1_TCIV1
                                  fffc4038         2   func ,g         * 
  _Excep_MTU1_TCIU1
                                  fffc403a         2   func ,g         * 
  _Excep_MTU2_TGIA2
                                  fffc403c         2   func ,g         * 
  _Excep_MTU2_TGIB2
                                  fffc403e         2   func ,g         * 
  _Excep_MTU2_TCIV2
                                  fffc4040         2   func ,g         * 
  _Excep_MTU2_TCIU2
                                  fffc4042         2   func ,g         * 
  _Excep_MTU3_TGIA3
                                  fffc4044         2   func ,g         * 
  _Excep_MTU3_TGIB3
                                  fffc4046         e   func ,g         * 
  _Excep_MTU3_TGIC3
                                  fffc4054         2   func ,g         * 
  _Excep_MTU3_TGID3
                                  fffc4056         2   func ,g         * 
  _Excep_MTU3_TCIV3
                                  fffc4058         2   func ,g         * 
  _Excep_MTU4_TGIA4
                                  fffc405a         2   func ,g         * 
  _Excep_MTU4_TGIB4
                                  fffc405c         e   func ,g         * 
  _Excep_MTU4_TGIC4
                                  fffc406a         2   func ,g         * 
  _Excep_MTU4_TGID4
                                  fffc406c         2   func ,g         * 
  _Excep_MTU4_TCIV4
                                  fffc406e         2   func ,g         * 
  _Excep_MTU5_TGIU5
                                  fffc4070         2   func ,g         * 
  _Excep_MTU5_TGIV5
                                  fffc4072         2   func ,g         * 
  _Excep_MTU5_TGIW5
                                  fffc4074         2   func ,g         * 
  _Excep_POE_OEI1
                                  fffc4076         2   func ,g         * 
  _Excep_POE_OEI2
                                  fffc4078         2   func ,g         * 
  _Excep_TMR0_CMIA0
                                  fffc407a         2   func ,g         * 
  _Excep_TMR0_CMIB0
                                  fffc407c         2   func ,g         * 
  _Excep_TMR0_OVI0
                                  fffc407e         2   func ,g         * 
  _Excep_TMR1_CMIA1
                                  fffc4080         2   func ,g         * 
  _Excep_TMR1_CMIB1
                                  fffc4082         2   func ,g         * 
  _Excep_TMR1_OVI1
                                  fffc4084         2   func ,g         * 
  _Excep_TMR2_CMIA2
                                  fffc4086         2   func ,g         * 
  _Excep_TMR2_CMIB2
                                  fffc4088         2   func ,g         * 
  _Excep_TMR2_OVI2
                                  fffc408a         2   func ,g         * 
  _Excep_TMR3_CMIA3
                                  fffc408c         2   func ,g         * 
  _Excep_TMR3_CMIB3
                                  fffc408e         2   func ,g         * 
  _Excep_TMR3_OVI3
                                  fffc4090         2   func ,g         * 
  _Excep_DMAC_DMAC0I
                                  fffc4092         2   func ,g         * 
  _Excep_DMAC_DMAC1I
                                  fffc4094         2   func ,g         * 
  _Excep_DMAC_DMAC2I
                                  fffc4096         2   func ,g         * 
  _Excep_DMAC_DMAC3I
                                  fffc4098         2   func ,g         * 
  _Excep_SCI0_ERI0
                                  fffc409a         1   func ,g         * 
  _Excep_SCI0_RXI0
                                  fffc409b         1   func ,g         * 
  _Excep_SCI0_TXI0
                                  fffc409c         1   func ,g         * 
  _Excep_SCI0_TEI0
                                  fffc409d         1   func ,g         * 
  _Excep_SCI1_ERI1
                                  fffc409e         2   func ,g         * 
  _Excep_SCI1_RXI1
                                  fffc40a0         2   func ,g         * 
  _Excep_SCI1_TXI1
                                  fffc40a2         2   func ,g         * 
  _Excep_SCI1_TEI1
                                  fffc40a4         2   func ,g         * 
  _Excep_SCI5_ERI5
                                  fffc40a6         2   func ,g         * 
  _Excep_SCI5_RXI5
                                  fffc40a8         2   func ,g         * 
  _Excep_SCI5_TXI5
                                  fffc40aa         2   func ,g         * 
  _Excep_SCI5_TEI5
                                  fffc40ac         2   func ,g         * 
  _Excep_SCI6_ERI6
                                  fffc40ae         2   func ,g         * 
  _Excep_SCI6_RXI6
                                  fffc40b0         2   func ,g         * 
  _Excep_SCI6_TXI6
                                  fffc40b2         2   func ,g         * 
  _Excep_SCI6_TEI6
                                  fffc40b4         2   func ,g         * 
  _Excep_SCI8_ERI8
                                  fffc40b6         1   func ,g         * 
  _Excep_SCI8_RXI8
                                  fffc40b7         1   func ,g         * 
  _Excep_SCI8_TXI8
                                  fffc40b8         1   func ,g         * 
  _Excep_SCI8_TEI8
                                  fffc40b9         1   func ,g         * 
  _Excep_SCI9_ERI9
                                  fffc40ba         2   func ,g         * 
  _Excep_SCI9_RXI9
                                  fffc40bc         2   func ,g         * 
  _Excep_SCI9_TXI9
                                  fffc40be         2   func ,g         * 
  _Excep_SCI9_TEI9
                                  fffc40c0         2   func ,g         * 
  _Excep_SCI12_ERI12
                                  fffc40c2         2   func ,g         * 
  _Excep_SCI12_RXI12
                                  fffc40c4         2   func ,g         * 
  _Excep_SCI12_TXI12
                                  fffc40c6         2   func ,g         * 
  _Excep_SCI12_TEI12
                                  fffc40c8         2   func ,g         * 
  _Excep_SCI12_SCIX0
                                  fffc40ca         2   func ,g         * 
  _Excep_SCI12_SCIX1
                                  fffc40cc         2   func ,g         * 
  _Excep_SCI12_SCIX2
                                  fffc40ce         2   func ,g         * 
  _Excep_SCI12_SCIX3
                                  fffc40d0         2   func ,g         * 
  _Excep_RIIC0_EEI0
                                  fffc40d2         2   func ,g         * 
  _Excep_RIIC0_RXI0
                                  fffc40d4         2   func ,g         * 
  _Excep_RIIC0_TXI0
                                  fffc40d6         2   func ,g         * 
  _Excep_RIIC0_TEI0
                                  fffc40d8         2   func ,g         * 

SECTION=L
FILE=DefaultBuild\RX220Mouse2.obj
                                  fffc40dc  fffc419f        c4

SECTION=$ADDR_C_FFFFFF80
FILE=DefaultBuild\vecttbl.obj
                                  ffffff80  ffffff83         4
  __MDEreg
                                  ffffff80         4   data ,g         * 

SECTION=$ADDR_C_FFFFFFA0
FILE=DefaultBuild\vecttbl.obj
                                  ffffffa0  ffffffaf        10
  _id_code
                                  ffffffa0        10   data ,g         * 

SECTION=FIXEDVECT
FILE=DefaultBuild\vecttbl.obj
                                  ffffffd0  ffffffff        30
  _Fixed_Vectors
                                  ffffffd0        30   data ,g         * 

*** Unfilled Areas ***

AREA                                START    END

*** Delete Symbols ***

SYMBOL                                SIZE    INFO
