Renesas Optimizing Linker (W3.07.00 )             22-Dec-2025 19:14:25

*** Options ***

-subcommand=DefaultBuild\RX220Mouse2.clnk
-library=DefaultBuild\RX220Mouse2.lib
-input=DefaultBuild\dbsct.obj
-input=DefaultBuild\intprg.obj
-input=DefaultBuild\resetprg.obj
-input=DefaultBuild\RX220Mouse2.obj
-input=DefaultBuild\sbrk.obj
-input=DefaultBuild\vecttbl.obj
-noprelink
-output=DefaultBuild\RX220Mouse2.abs
-list=DefaultBuild\RX220Mouse2.map
-show=symbol,total_size
-nooptimize
-start=B_1,R_1,B_2,R_2,B,R,SU,SI/04,PResetPRG/0FFFC0000,C_1,C_2,C,C$DSEC,C$BSEC,C$INIT,C$VTBL,C$VECT,D_1,D_2,D,P,PIntPRG,W_1,W_2,W,L/0FFFC0100,FIXEDVECT/0FFFFFFD0
-rom=D=R,D_1=R_1,D_2=R_2
-nologo
-end

*** Error information ***

*** Mapping List ***

SECTION                            START      END         SIZE   ALIGN
B_1
                                  00000004  0000021a       217   1
R_1
                                  0000021b  0000021b         1   1
B_2
                                  0000021c  0000065f       444   2
R_2
                                  00000660  00000669         a   2
B
                                  0000066c  00000a73       408   4
R
                                  00000a74  00000a7f         c   4
SU
                                  00000a80  00000b7f       100   4
SI
                                  00000b80  00000e7f       300   4
PResetPRG
                                  fffc0000  fffc002b        2c   4
C_1
                                  fffc0100  fffc0100         0   1
C_2
                                  fffc0100  fffc117b      107c   2
C
                                  fffc117c  fffc11fb        80   4
C$DSEC
                                  fffc11fc  fffc121f        24   4
C$BSEC
                                  fffc1220  fffc1237        18   4
C$INIT
                                  fffc1238  fffc1238         0   1
C$VTBL
                                  fffc1238  fffc1238         0   1
C$VECT
                                  fffc1238  fffc1637       400   4
D_1
                                  fffc1638  fffc1638         1   1
D_2
                                  fffc163a  fffc1643         a   2
D
                                  fffc1644  fffc164f         c   4
P
                                  fffc1650  fffc4ab8      3469   4
PIntPRG
                                  fffc4ab9  fffc4bcb       113   1
W_1
                                  fffc4bcc  fffc4bd7         c   4
W_2
                                  fffc4bd8  fffc4bd8         0   2
W
                                  fffc4bd8  fffc4bd8         0   4
L
                                  fffc4bd8  fffc4d0c       135   4
$ADDR_C_FFFFFF80
                                  ffffff80  ffffff83         4   1
$ADDR_C_FFFFFFA0
                                  ffffffa0  ffffffaf        10   1
FIXEDVECT
                                  ffffffd0  ffffffff        30   4

*** Total Section Size ***

RAMDATA SECTION:  00000e7a Byte(s)
ROMDATA SECTION:  000016d4 Byte(s)
PROGRAM SECTION:  000035a8 Byte(s)

*** Symbol List ***

SECTION=
FILE=                               START        END    SIZE
  SYMBOL                            ADDR        SIZE    INFO      COUNTS  OPT

SECTION=B_1
FILE=DefaultBuild\RX220Mouse2.obj
                                  00000004  0000021a       217
  _LCD_DATA
                                  00000004        10   data ,g         * 
  _gspeed_index
                                  00000014         1   data ,g         * 
  _head
                                  00000015         1   data ,g         * 
  _head_change
                                  00000016         1   data ,g         * 
  _pos_x
                                  00000017         1   data ,g         * 
  _pos_y
                                  00000018         1   data ,g         * 
  _map
                                  00000019       100   data ,g         * 
  _p_map
                                  00000119       100   data ,g         * 
  _goal_x
                                  00000219         1   data ,g         * 
  _goal_y
                                  0000021a         1   data ,g         * 

SECTION=R_1
FILE=DefaultBuild\RX220Mouse2.obj
                                  0000021b  0000021b         1
  _ccnt_playing
                                  0000021b         1   data ,l         * 

SECTION=B_2
FILE=DefaultBuild\RX220Mouse2.obj
                                  0000021c  0000065f       444
  _LCD_FLAG
                                  0000021c         2   data ,g         * 
  _LCD_PT
                                  0000021e         2   data ,g         * 
  _SENSOR_PT
                                  00000220         2   data ,g         * 
  _Batt
                                  00000222         2   data ,g         * 
  _R_PRE
                                  00000224         2   data ,g         * 
  _L_PRE
                                  00000226         2   data ,g         * 
  _F_PRE
                                  00000228         2   data ,g         * 
  _R_SEN
                                  0000022a         2   data ,g         * 
  _L_SEN
                                  0000022c         2   data ,g         * 
  _F_SEN
                                  0000022e         2   data ,g         * 
  _R_SW
                                  00000230         2   data ,g         * 
  _L_SW
                                  00000232         2   data ,g         * 
  _F_SW
                                  00000234         2   data ,g         * 
  _R_REF
                                  00000236         2   data ,g         * 
  _L_REF
                                  00000238         2   data ,g         * 
  _F_REF
                                  0000023a         2   data ,g         * 
  _R_LIM
                                  0000023c         2   data ,g         * 
  _L_LIM
                                  0000023e         2   data ,g         * 
  _F_LIM
                                  00000240         2   data ,g         * 
  _timerL
                                  00000242         2   data ,g         * 
  _timerR
                                  00000244         2   data ,g         * 
  _ldir
                                  00000246         2   data ,g         * 
  _rdir
                                  00000248         2   data ,g         * 
  _speed
                                  0000024a         2   data ,g         * 
  _speed_now
                                  0000024c         2   data ,g         * 
  _MotorTimer
                                  0000024e         2   data ,g         * 
  _control_mode
                                  00000250         2   data ,g         * 
  _STEP
                                  00000252         2   data ,g         * 
  _GO_STEP
                                  00000254         2   data ,g         * 
  _TURN_STEP
                                  00000256         2   data ,g         * 
  _BACK_STEP
                                  00000258         2   data ,g         * 
  _HALF_STEP
                                  0000025a         2   data ,g         * 
  _GSPEEDvar
                                  0000025c         2   data ,g         * 
  _wall_sample_left
                                  0000025e       200   data ,g         * 
  _wall_sample_right
                                  0000045e       200   data ,g         * 
  _wall_sample_count
                                  0000065e         2   data ,g         * 

SECTION=R_2
FILE=DefaultBuild\RX220Mouse2.obj
                                  00000660  00000669         a
  _wait_timer
                                  00000660         2   data ,g         * 
  _ccnt_ms_left
                                  00000662         2   data ,l         * 
  _ccnt_step_index
                                  00000664         2   data ,l         * 
  _stepf_r
                                  00000666         2   data ,g         * 
  _stepf_l
                                  00000668         2   data ,g         * 

SECTION=B
FILE=DefaultBuild\RX220Mouse2.obj
                                  0000066c  00000673         8
  _step_r
                                  0000066c         4   data ,g         * 
  _step_l
                                  00000670         4   data ,g         * 
FILE=DefaultBuild\sbrk.obj
                                  00000674  00000a73       400
  _heap_area
                                  00000674       400   data ,l         * 

SECTION=R
FILE=DefaultBuild\RX220Mouse2.obj
                                  00000a74  00000a7b         8
  _MODE
                                  00000a74         4   data ,g         * 
  _goal_choice_index
                                  00000a78         4   data ,g         * 
FILE=DefaultBuild\sbrk.obj
                                  00000a7c  00000a7f         4
  _brk
                                  00000a7c         4   data ,l         * 

SECTION=SU
FILE=DefaultBuild\resetprg.obj
                                  00000a80  00000b7f       100

SECTION=SI
FILE=DefaultBuild\resetprg.obj
                                  00000b80  00000e7f       300

SECTION=PResetPRG
FILE=DefaultBuild\resetprg.obj
                                  fffc0000  fffc002b        2c
  _PowerON_Reset_PC
                                  fffc0000        29   entry,g         * 

SECTION=C_2
FILE=DefaultBuild\RX220Mouse2.obj
                                  fffc0100  fffc117b      107c
  _AccTable
                                  fffc0100       fa0   data ,g         * 
  _GSSPEED
                                  fffc10a0        10   data ,l         * 
  _beep_data
                                  fffc10b0        4c   data ,l         * 
  _ccnt_melody
                                  fffc10fc        80   data ,l         * 

SECTION=C
FILE=DefaultBuild\dbsct.obj
                                  fffc117c  fffc11af        34
  __CTBL
                                  fffc117c        34   data ,g         * 
FILE=DefaultBuild\RX220Mouse2.obj
                                  fffc11b0  fffc11fb        4c
  _goal_choices
                                  fffc11b0        28   data ,l         * 
  _center_refs
                                  fffc11d8        24   data ,l         * 

SECTION=C$DSEC
FILE=DefaultBuild\dbsct.obj
                                  fffc11fc  fffc121f        24
  __DTBL
                                  fffc11fc        24   data ,g         * 

SECTION=C$BSEC
FILE=DefaultBuild\dbsct.obj
                                  fffc1220  fffc1237        18
  __BTBL
                                  fffc1220        18   data ,g         * 

SECTION=C$VECT
FILE=DefaultBuild\dbsct.obj
                                  fffc1238  fffc1637       400

SECTION=D_1
FILE=DefaultBuild\RX220Mouse2.obj
                                  fffc1638  fffc1638         1

SECTION=D_2
FILE=DefaultBuild\RX220Mouse2.obj
                                  fffc163a  fffc1643         a

SECTION=D
FILE=DefaultBuild\RX220Mouse2.obj
                                  fffc1644  fffc164b         8
FILE=DefaultBuild\sbrk.obj
                                  fffc164c  fffc164f         4

SECTION=P
FILE=DefaultBuild\RX220Mouse2.obj
                                  fffc1650  fffc4a32      33e3
  _LCD_init
                                  fffc1650        6d   func ,g         * 
  _LCD
                                  fffc16bd        82   func ,g         * 
  _LCD_clear
                                  fffc173f        23   func ,g         * 
  _LCD_print
                                  fffc1762        2d   func ,g         * 
  _LCD_dec_out
                                  fffc178f        eb   func ,g         * 
  _LCD_com4
                                  fffc187a        44   func ,g         * 
  _LCD_com8
                                  fffc18be        14   func ,g         * 
  _LCD_dat8
                                  fffc18d2        7d   func ,g         * 
  _LCD_wait
                                  fffc194f        18   func ,g         * 
  _buzzer_set_tone
                                  fffc1967        40   func ,l         * 
  _ccnt_playback_tick
                                  fffc19a7        80   func ,l         * 
  _set_goal_choice_index
                                  fffc1a27        4a   func ,l         * 
  _advance_goal_choice
                                  fffc1a71        12   func ,l         * 
  _main
                                  fffc1a83       161   func ,g         * 
  _IO_init
                                  fffc1be4       3fc   func ,g         * 
  _load_param
                                  fffc1fe0        87   func ,g         * 
  _reset_wall_samples
                                  fffc2067         a   func ,g         * 
  _log_wall_samples
                                  fffc2071        ab   func ,g         * 
  _update_wall_ref_from_log
                                  fffc211c        7c   func ,g         * 
  _timerc_200us
                                  fffc2198       506   func ,g         * 
  _int_mot_r
                                  fffc269e        22   func ,g         * 
  _int_mot_l
                                  fffc26c0        22   func ,g         * 
  _pause
                                  fffc26e2        1c   func ,g         * 
  _WaitKeyOff
                                  fffc26fe        43   func ,g         * 
  _beep
                                  fffc2741        4a   func ,g         * 
  _ccnt
                                  fffc278b        3a   func ,g         * 
  _change_mode
                                  fffc27c5       127   func ,g         * 
  _exec_mode
                                  fffc28ec        df   func ,g         * 
  _modeB1
                                  fffc29cb        9b   func ,g         * 
  _mode0
                                  fffc2a66        e6   func ,g         * 
  _mode1
                                  fffc2b4c        de   func ,g         * 
  _mode2
                                  fffc2c2a        7c   func ,g         * 
  _mode3
                                  fffc2ca6        7d   func ,g         * 
  _mode4
                                  fffc2d23        76   func ,g         * 
  _update_gspeed_index
                                  fffc2d99        67   func ,l         * 
  _select_gspeed
                                  fffc2e00        87   func ,l         * 
  _mode5
                                  fffc2e87        9a   func ,g         * 
  _mode6
                                  fffc2f21        79   func ,g         * 
  _mode7
                                  fffc2f9a        60   func ,g         * 
  _mode8
                                  fffc2ffa        96   func ,g         * 
  _mode9
                                  fffc3090        f8   func ,g         * 
  _render_center_ref_line
                                  fffc3188        45   func ,l         * 
  _mode10
                                  fffc31cd        99   func ,g         * 
  _mode11
                                  fffc3266        f3   func ,g         * 
  _mouse_search
                                  fffc3359       3f5   func ,g         * 
  _com_go
                                  fffc374e        a9   func ,g         * 
  _com_stop
                                  fffc37f7        4f   func ,g         * 
  _com_turn
                                  fffc3846        fd   func ,g         * 
  _com_back
                                  fffc3943        bd   func ,g         * 
  _com_go_half
                                  fffc3a00        97   func ,g         * 
  _kbat_r
                                  fffc3a97        11   func ,g         * 
  _kbat_lf_turn
                                  fffc3aa8        99   func ,g         * 
  _goal_kbat_turn
                                  fffc3b41       11d   func ,g         * 
  _start_back_wall_contact
                                  fffc3c5e        14   func ,l         * 
  _countdown
                                  fffc3c72        6c   func ,g         * 
  _finish
                                  fffc3cde        30   func ,g         * 
  _map_writeDF
                                  fffc3d0e        77   func ,g         * 
  _map_DFread
                                  fffc3d85        8a   func ,g         * 
  _sensor_ref_writeDF
                                  fffc3e0f        3a   func ,g         * 
  _sensor_ref_readDF
                                  fffc3e49        45   func ,g         * 
  _fcu_reset
                                  fffc3e8e        1f   func ,g         * 
  _fcu_tope
                                  fffc3ead        22   func ,g         * 
  _fcu_toread
                                  fffc3ecf        1e   func ,g         * 
  _error_check
                                  fffc3eed        6e   func ,g         * 
  _clear_flash
                                  fffc3f5b        32   func ,g         * 
  _wait_frdy
                                  fffc3f8d        30   func ,g         * 
  _DFlash_init
                                  fffc3fbd        84   func ,g         * 
  _DFlash_bread
                                  fffc4041        44   func ,g         * 
  _DFlash_bprog
                                  fffc4085        65   func ,g         * 
  _get_wall_data
                                  fffc40ea        56   func ,g         * 
  _clear_map
                                  fffc4140        e6   func ,g         * 
  _make_map_data
                                  fffc4226       199   func ,g         * 
  _make_potential
                                  fffc43bf       390   func ,g         * 
  _search_left_hand
                                  fffc474f        5b   func ,g         * 
  _search_adachi
                                  fffc47aa       289   func ,g         * 
FILE=DefaultBuild\sbrk.obj
                                  fffc4a33  fffc4a6e        3c
  _sbrk
                                  fffc4a33        3c   func ,g         * 
FILE=__initsct
                                  fffc4a6f  fffc4ab8        4a
  __INITSCT
                                  fffc4a6f         0   none ,g         * 
  loop1
                                  fffc4a81         0   none ,l         * 
  next_loop1
                                  fffc4a8f         0   none ,l         * 
  loop3
                                  fffc4aa1         0   none ,l         * 
  next_loop3
                                  fffc4ab2         0   none ,l         * 

SECTION=PIntPRG
FILE=DefaultBuild\intprg.obj
                                  fffc4ab9  fffc4bcb       113
  _Excep_SuperVisorInst
                                  fffc4ab9         2   func ,g         * 
  _Excep_UndefinedInst
                                  fffc4abb         2   func ,g         * 
  _NonMaskableInterrupt
                                  fffc4abd         2   func ,g         * 
  _Dummy
                                  fffc4abf         2   func ,g         * 
  _Excep_BRK
                                  fffc4ac1         4   func ,g         * 
  _Excep_BSC_BUSERR
                                  fffc4ac5         2   func ,g         * 
  _Excep_FCU_FIFERR
                                  fffc4ac7         2   func ,g         * 
  _Excep_FCU_FRDYI
                                  fffc4ac9         2   func ,g         * 
  _Excep_ICU_SWINT
                                  fffc4acb         2   func ,g         * 
  _Excep_CMT0_CMI0
                                  fffc4acd         e   func ,g         * 
  _Excep_CMT1_CMI1
                                  fffc4adb         2   func ,g         * 
  _Excep_CMT2_CMI2
                                  fffc4add         2   func ,g         * 
  _Excep_CMT3_CMI3
                                  fffc4adf         2   func ,g         * 
  _Excep_CAC_FERRF
                                  fffc4ae1         2   func ,g         * 
  _Excep_CAC_MENDF
                                  fffc4ae3         2   func ,g         * 
  _Excep_CAC_OVFF
                                  fffc4ae5         2   func ,g         * 
  _Excep_RSPI0_SPEI0
                                  fffc4ae7         2   func ,g         * 
  _Excep_RSPI0_SPRI0
                                  fffc4ae9         2   func ,g         * 
  _Excep_RSPI0_SPTI0
                                  fffc4aeb         2   func ,g         * 
  _Excep_RSPI0_SPII0
                                  fffc4aed         2   func ,g         * 
  _Excep_DOC_DOPCF
                                  fffc4aef         2   func ,g         * 
  _Excep_CMPB_CMPB0
                                  fffc4af1         1   func ,g         * 
  _Excep_CMPB_CMPB1
                                  fffc4af2         1   func ,g         * 
  _Excep_RTC_CUP
                                  fffc4af3         2   func ,g         * 
  _Excep_ICU_IRQ0
                                  fffc4af5         2   func ,g         * 
  _Excep_ICU_IRQ1
                                  fffc4af7         2   func ,g         * 
  _Excep_ICU_IRQ2
                                  fffc4af9         2   func ,g         * 
  _Excep_ICU_IRQ3
                                  fffc4afb         2   func ,g         * 
  _Excep_ICU_IRQ4
                                  fffc4afd         2   func ,g         * 
  _Excep_ICU_IRQ5
                                  fffc4aff         2   func ,g         * 
  _Excep_ICU_IRQ6
                                  fffc4b01         2   func ,g         * 
  _Excep_ICU_IRQ7
                                  fffc4b03         2   func ,g         * 
  _Excep_LVD_LVD1
                                  fffc4b05         2   func ,g         * 
  _Excep_LVD_LVD2
                                  fffc4b07         2   func ,g         * 
  _Excep_CMPA_CMPA1
                                  fffc4b09         1   func ,g         * 
  _Excep_CMPA_CMPA2
                                  fffc4b0a         1   func ,g         * 
  _Excep_RTC_ALM
                                  fffc4b0b         2   func ,g         * 
  _Excep_RTC_PRD
                                  fffc4b0d         2   func ,g         * 
  _Excep_S12AD_S12ADI0
                                  fffc4b0f         2   func ,g         * 
  _Excep_S12AD_GBADI
                                  fffc4b11         2   func ,g         * 
  _Excep_ELC_ELSR18I
                                  fffc4b13         2   func ,g         * 
  _Excep_ELC_ELSR19I
                                  fffc4b15         1   func ,g         * 
  _Excep_MTU0_TGIA0
                                  fffc4b16         2   func ,g         * 
  _Excep_MTU0_TGIB0
                                  fffc4b18         2   func ,g         * 
  _Excep_MTU0_TGIC0
                                  fffc4b1a         2   func ,g         * 
  _Excep_MTU0_TGID0
                                  fffc4b1c         2   func ,g         * 
  _Excep_MTU0_TCIV0
                                  fffc4b1e         2   func ,g         * 
  _Excep_MTU0_TGIE0
                                  fffc4b20         2   func ,g         * 
  _Excep_MTU0_TGIF0
                                  fffc4b22         2   func ,g         * 
  _Excep_MTU1_TGIA1
                                  fffc4b24         2   func ,g         * 
  _Excep_MTU1_TGIB1
                                  fffc4b26         2   func ,g         * 
  _Excep_MTU1_TCIV1
                                  fffc4b28         2   func ,g         * 
  _Excep_MTU1_TCIU1
                                  fffc4b2a         2   func ,g         * 
  _Excep_MTU2_TGIA2
                                  fffc4b2c         2   func ,g         * 
  _Excep_MTU2_TGIB2
                                  fffc4b2e         2   func ,g         * 
  _Excep_MTU2_TCIV2
                                  fffc4b30         2   func ,g         * 
  _Excep_MTU2_TCIU2
                                  fffc4b32         2   func ,g         * 
  _Excep_MTU3_TGIA3
                                  fffc4b34         2   func ,g         * 
  _Excep_MTU3_TGIB3
                                  fffc4b36         e   func ,g         * 
  _Excep_MTU3_TGIC3
                                  fffc4b44         2   func ,g         * 
  _Excep_MTU3_TGID3
                                  fffc4b46         2   func ,g         * 
  _Excep_MTU3_TCIV3
                                  fffc4b48         2   func ,g         * 
  _Excep_MTU4_TGIA4
                                  fffc4b4a         2   func ,g         * 
  _Excep_MTU4_TGIB4
                                  fffc4b4c         e   func ,g         * 
  _Excep_MTU4_TGIC4
                                  fffc4b5a         2   func ,g         * 
  _Excep_MTU4_TGID4
                                  fffc4b5c         2   func ,g         * 
  _Excep_MTU4_TCIV4
                                  fffc4b5e         2   func ,g         * 
  _Excep_MTU5_TGIU5
                                  fffc4b60         2   func ,g         * 
  _Excep_MTU5_TGIV5
                                  fffc4b62         2   func ,g         * 
  _Excep_MTU5_TGIW5
                                  fffc4b64         2   func ,g         * 
  _Excep_POE_OEI1
                                  fffc4b66         2   func ,g         * 
  _Excep_POE_OEI2
                                  fffc4b68         2   func ,g         * 
  _Excep_TMR0_CMIA0
                                  fffc4b6a         2   func ,g         * 
  _Excep_TMR0_CMIB0
                                  fffc4b6c         2   func ,g         * 
  _Excep_TMR0_OVI0
                                  fffc4b6e         2   func ,g         * 
  _Excep_TMR1_CMIA1
                                  fffc4b70         2   func ,g         * 
  _Excep_TMR1_CMIB1
                                  fffc4b72         2   func ,g         * 
  _Excep_TMR1_OVI1
                                  fffc4b74         2   func ,g         * 
  _Excep_TMR2_CMIA2
                                  fffc4b76         2   func ,g         * 
  _Excep_TMR2_CMIB2
                                  fffc4b78         2   func ,g         * 
  _Excep_TMR2_OVI2
                                  fffc4b7a         2   func ,g         * 
  _Excep_TMR3_CMIA3
                                  fffc4b7c         2   func ,g         * 
  _Excep_TMR3_CMIB3
                                  fffc4b7e         2   func ,g         * 
  _Excep_TMR3_OVI3
                                  fffc4b80         2   func ,g         * 
  _Excep_DMAC_DMAC0I
                                  fffc4b82         2   func ,g         * 
  _Excep_DMAC_DMAC1I
                                  fffc4b84         2   func ,g         * 
  _Excep_DMAC_DMAC2I
                                  fffc4b86         2   func ,g         * 
  _Excep_DMAC_DMAC3I
                                  fffc4b88         2   func ,g         * 
  _Excep_SCI0_ERI0
                                  fffc4b8a         1   func ,g         * 
  _Excep_SCI0_RXI0
                                  fffc4b8b         1   func ,g         * 
  _Excep_SCI0_TXI0
                                  fffc4b8c         1   func ,g         * 
  _Excep_SCI0_TEI0
                                  fffc4b8d         1   func ,g         * 
  _Excep_SCI1_ERI1
                                  fffc4b8e         2   func ,g         * 
  _Excep_SCI1_RXI1
                                  fffc4b90         2   func ,g         * 
  _Excep_SCI1_TXI1
                                  fffc4b92         2   func ,g         * 
  _Excep_SCI1_TEI1
                                  fffc4b94         2   func ,g         * 
  _Excep_SCI5_ERI5
                                  fffc4b96         2   func ,g         * 
  _Excep_SCI5_RXI5
                                  fffc4b98         2   func ,g         * 
  _Excep_SCI5_TXI5
                                  fffc4b9a         2   func ,g         * 
  _Excep_SCI5_TEI5
                                  fffc4b9c         2   func ,g         * 
  _Excep_SCI6_ERI6
                                  fffc4b9e         2   func ,g         * 
  _Excep_SCI6_RXI6
                                  fffc4ba0         2   func ,g         * 
  _Excep_SCI6_TXI6
                                  fffc4ba2         2   func ,g         * 
  _Excep_SCI6_TEI6
                                  fffc4ba4         2   func ,g         * 
  _Excep_SCI8_ERI8
                                  fffc4ba6         1   func ,g         * 
  _Excep_SCI8_RXI8
                                  fffc4ba7         1   func ,g         * 
  _Excep_SCI8_TXI8
                                  fffc4ba8         1   func ,g         * 
  _Excep_SCI8_TEI8
                                  fffc4ba9         1   func ,g         * 
  _Excep_SCI9_ERI9
                                  fffc4baa         2   func ,g         * 
  _Excep_SCI9_RXI9
                                  fffc4bac         2   func ,g         * 
  _Excep_SCI9_TXI9
                                  fffc4bae         2   func ,g         * 
  _Excep_SCI9_TEI9
                                  fffc4bb0         2   func ,g         * 
  _Excep_SCI12_ERI12
                                  fffc4bb2         2   func ,g         * 
  _Excep_SCI12_RXI12
                                  fffc4bb4         2   func ,g         * 
  _Excep_SCI12_TXI12
                                  fffc4bb6         2   func ,g         * 
  _Excep_SCI12_TEI12
                                  fffc4bb8         2   func ,g         * 
  _Excep_SCI12_SCIX0
                                  fffc4bba         2   func ,g         * 
  _Excep_SCI12_SCIX1
                                  fffc4bbc         2   func ,g         * 
  _Excep_SCI12_SCIX2
                                  fffc4bbe         2   func ,g         * 
  _Excep_SCI12_SCIX3
                                  fffc4bc0         2   func ,g         * 
  _Excep_RIIC0_EEI0
                                  fffc4bc2         2   func ,g         * 
  _Excep_RIIC0_RXI0
                                  fffc4bc4         2   func ,g         * 
  _Excep_RIIC0_TXI0
                                  fffc4bc6         2   func ,g         * 
  _Excep_RIIC0_TEI0
                                  fffc4bc8         2   func ,g         * 

SECTION=W_1
FILE=DefaultBuild\RX220Mouse2.obj
                                  fffc4bcc  fffc4bd7         c

SECTION=L
FILE=DefaultBuild\RX220Mouse2.obj
                                  fffc4bd8  fffc4d0c       135

SECTION=$ADDR_C_FFFFFF80
FILE=DefaultBuild\vecttbl.obj
                                  ffffff80  ffffff83         4
  __MDEreg
                                  ffffff80         4   data ,g         * 

SECTION=$ADDR_C_FFFFFFA0
FILE=DefaultBuild\vecttbl.obj
                                  ffffffa0  ffffffaf        10
  _id_code
                                  ffffffa0        10   data ,g         * 

SECTION=FIXEDVECT
FILE=DefaultBuild\vecttbl.obj
                                  ffffffd0  ffffffff        30
  _Fixed_Vectors
                                  ffffffd0        30   data ,g         * 

*** Unfilled Areas ***

AREA                                START    END

*** Delete Symbols ***

SYMBOL                                SIZE    INFO
